[ +205 ms] Artifact Instance of 'MaterialFonts' is not required, skipping update.
[   +1 ms] Artifact Instance of 'GradleWrapper' is not required, skipping update.
[        ] Artifact Instance of 'AndroidGenSnapshotArtifacts' is not required, skipping update.
[        ] Artifact Instance of 'AndroidInternalBuildArtifacts' is not required, skipping update.
[        ] Artifact Instance of 'IOSEngineArtifacts' is not required, skipping update.
[        ] Artifact Instance of 'FlutterWebSdk' is not required, skipping update.
[   +1 ms] Artifact Instance of 'LegacyCanvasKitRemover' is not required, skipping update.
[        ] Artifact Instance of 'FlutterSdk' is not required, skipping update.
[        ] Artifact Instance of 'WindowsEngineArtifacts' is not required, skipping update.
[        ] Artifact Instance of 'MacOSEngineArtifacts' is not required, skipping update.
[        ] Artifact Instance of 'LinuxEngineArtifacts' is not required, skipping update.
[        ] Artifact Instance of 'LinuxFuchsiaSDKArtifacts' is not required, skipping update.
[        ] Artifact Instance of 'MacOSFuchsiaSDKArtifacts' is not required, skipping update.
[        ] Artifact Instance of 'FlutterRunnerSDKArtifacts' is not required, skipping update.
[        ] Artifact Instance of 'FlutterRunnerDebugSymbols' is not required, skipping update.
[        ] Artifact Instance of 'IosUsbArtifacts' is not required, skipping update.
[        ] Artifact Instance of 'IosUsbArtifacts' is not required, skipping update.
[        ] Artifact Instance of 'IosUsbArtifacts' is not required, skipping update.
[        ] Artifact Instance of 'IosUsbArtifacts' is not required, skipping update.
[        ] Artifact Instance of 'IosUsbArtifacts' is not required, skipping update.
[        ] Artifact Instance of 'IosUsbArtifacts' is not required, skipping update.
[        ] Artifact Instance of 'FontSubsetArtifacts' is not required, skipping update.
[        ] Artifact Instance of 'PubDependencies' is not required, skipping update.
[   +1 ms] executing: [C:\Users\DENNISMUTUKU\Downloads\flutter_windows_3.38.4-stable\flutter/] git -c log.showSignature=false log HEAD -n 1 --pretty=format:%ad --date=iso
[ +109 ms] Exit code 0 from: git -c log.showSignature=false log HEAD -n 1 --pretty=format:%ad --date=iso
[        ] 2025-12-03 14:56:10 -0800
[  +52 ms] Artifact Instance of 'AndroidGenSnapshotArtifacts' is not required, skipping update.
[        ] Artifact Instance of 'AndroidInternalBuildArtifacts' is not required, skipping update.
[        ] Artifact Instance of 'IOSEngineArtifacts' is not required, skipping update.
[        ] Artifact Instance of 'FlutterWebSdk' is not required, skipping update.
[        ] Artifact Instance of 'FlutterEngineStamp' is not required, skipping update.
[        ] Artifact Instance of 'LegacyCanvasKitRemover' is not required, skipping update.
[   +5 ms] Artifact Instance of 'WindowsEngineArtifacts' is not required, skipping update.
[        ] Artifact Instance of 'MacOSEngineArtifacts' is not required, skipping update.
[        ] Artifact Instance of 'LinuxEngineArtifacts' is not required, skipping update.
[        ] Artifact Instance of 'LinuxFuchsiaSDKArtifacts' is not required, skipping update.
[        ] Artifact Instance of 'MacOSFuchsiaSDKArtifacts' is not required, skipping update.
[        ] Artifact Instance of 'FlutterRunnerSDKArtifacts' is not required, skipping update.
[        ] Artifact Instance of 'FlutterRunnerDebugSymbols' is not required, skipping update.
[ +131 ms] executing: C:\Users\DENNISMUTUKU\AppData\Local\Android\sdk\platform-tools\adb.exe devices -l
[ +130 ms] List of devices attached
           R58T60KXS7J            device product:a13ub model:SM_A135M device:a13 transport_id:26
[  +10 ms] C:\Users\DENNISMUTUKU\AppData\Local\Android\sdk\platform-tools\adb.exe -s R58T60KXS7J shell getprop
[ +220 ms] Artifact Instance of 'AndroidInternalBuildArtifacts' is not required, skipping update.
[        ] Artifact Instance of 'IOSEngineArtifacts' is not required, skipping update.
[        ] Artifact Instance of 'FlutterWebSdk' is not required, skipping update.
[        ] Artifact Instance of 'FlutterEngineStamp' is not required, skipping update.
[        ] Artifact Instance of 'LegacyCanvasKitRemover' is not required, skipping update.
[   +1 ms] Artifact Instance of 'WindowsEngineArtifacts' is not required, skipping update.
[        ] Artifact Instance of 'MacOSEngineArtifacts' is not required, skipping update.
[        ] Artifact Instance of 'LinuxEngineArtifacts' is not required, skipping update.
[        ] Artifact Instance of 'LinuxFuchsiaSDKArtifacts' is not required, skipping update.
[        ] Artifact Instance of 'MacOSFuchsiaSDKArtifacts' is not required, skipping update.
[        ] Artifact Instance of 'FlutterRunnerSDKArtifacts' is not required, skipping update.
[        ] Artifact Instance of 'FlutterRunnerDebugSymbols' is not required, skipping update.
[ +113 ms] executing: [C:\xampp\htdocs\pace.com\wispapp/] C:\Users\DENNISMUTUKU\Downloads\flutter_windows_3.38.4-stable\flutter\bin\cache\dart-sdk\bin\dart pub --suppress-analytics --directory . get --example
Resolving dependencies...
Downloading packages...
  characters 1.4.0 (1.4.1 available)
  matcher 0.12.17 (0.12.19 available)
  material_color_utilities 0.11.1 (0.13.0 available)
  meta 1.17.0 (1.18.1 available)
  test_api 0.7.7 (0.7.10 available)
Got dependencies!
5 packages have newer versions incompatible with dependency constraints.
Try `flutter pub outdated` for more information.
[ +864 ms] Found plugin shared_preferences at C:\Users\DENNISMUTUKU\AppData\Local\Pub\Cache\hosted\pub.dev\shared_preferences-2.5.4\
[   +5 ms] Found plugin shared_preferences_windows at C:\Users\DENNISMUTUKU\AppData\Local\Pub\Cache\hosted\pub.dev\shared_preferences_windows-2.4.1\
[   +9 ms] Found plugin path_provider_windows at C:\Users\DENNISMUTUKU\AppData\Local\Pub\Cache\hosted\pub.dev\path_provider_windows-2.3.0\
[   +9 ms] Found plugin shared_preferences_web at C:\Users\DENNISMUTUKU\AppData\Local\Pub\Cache\hosted\pub.dev\shared_preferences_web-2.4.3\
[   +6 ms] Found plugin shared_preferences_linux at C:\Users\DENNISMUTUKU\AppData\Local\Pub\Cache\hosted\pub.dev\shared_preferences_linux-2.4.1\
[   +3 ms] Found plugin path_provider_linux at C:\Users\DENNISMUTUKU\AppData\Local\Pub\Cache\hosted\pub.dev\path_provider_linux-2.2.1\
[   +5 ms] Found plugin shared_preferences_foundation at C:\Users\DENNISMUTUKU\AppData\Local\Pub\Cache\hosted\pub.dev\shared_preferences_foundation-2.5.6\
[   +3 ms] Found plugin shared_preferences_android at C:\Users\DENNISMUTUKU\AppData\Local\Pub\Cache\hosted\pub.dev\shared_preferences_android-2.4.21\
[  +15 ms] Found plugin path_provider at C:\Users\DENNISMUTUKU\AppData\Local\Pub\Cache\hosted\pub.dev\path_provider-2.1.5\
[   +5 ms] Found plugin path_provider_foundation at C:\Users\DENNISMUTUKU\AppData\Local\Pub\Cache\hosted\pub.dev\path_provider_foundation-2.6.0\
[  +24 ms] Found plugin path_provider_android at C:\Users\DENNISMUTUKU\AppData\Local\Pub\Cache\hosted\pub.dev\path_provider_android-2.2.22\
[ +157 ms] Found plugin shared_preferences at C:\Users\DENNISMUTUKU\AppData\Local\Pub\Cache\hosted\pub.dev\shared_preferences-2.5.4\
[   +1 ms] Found plugin shared_preferences_windows at C:\Users\DENNISMUTUKU\AppData\Local\Pub\Cache\hosted\pub.dev\shared_preferences_windows-2.4.1\
[   +5 ms] Found plugin path_provider_windows at C:\Users\DENNISMUTUKU\AppData\Local\Pub\Cache\hosted\pub.dev\path_provider_windows-2.3.0\
[   +8 ms] Found plugin shared_preferences_web at C:\Users\DENNISMUTUKU\AppData\Local\Pub\Cache\hosted\pub.dev\shared_preferences_web-2.4.3\
[   +4 ms] Found plugin shared_preferences_linux at C:\Users\DENNISMUTUKU\AppData\Local\Pub\Cache\hosted\pub.dev\shared_preferences_linux-2.4.1\
[   +2 ms] Found plugin path_provider_linux at C:\Users\DENNISMUTUKU\AppData\Local\Pub\Cache\hosted\pub.dev\path_provider_linux-2.2.1\
[   +4 ms] Found plugin shared_preferences_foundation at C:\Users\DENNISMUTUKU\AppData\Local\Pub\Cache\hosted\pub.dev\shared_preferences_foundation-2.5.6\
[   +2 ms] Found plugin shared_preferences_android at C:\Users\DENNISMUTUKU\AppData\Local\Pub\Cache\hosted\pub.dev\shared_preferences_android-2.4.21\
[  +12 ms] Found plugin path_provider at C:\Users\DENNISMUTUKU\AppData\Local\Pub\Cache\hosted\pub.dev\path_provider-2.1.5\
[   +3 ms] Found plugin path_provider_foundation at C:\Users\DENNISMUTUKU\AppData\Local\Pub\Cache\hosted\pub.dev\path_provider_foundation-2.6.0\
[  +17 ms] Found plugin path_provider_android at C:\Users\DENNISMUTUKU\AppData\Local\Pub\Cache\hosted\pub.dev\path_provider_android-2.2.22\
[  +65 ms] Found plugin shared_preferences at C:\Users\DENNISMUTUKU\AppData\Local\Pub\Cache\hosted\pub.dev\shared_preferences-2.5.4\
[   +2 ms] Found plugin shared_preferences_windows at C:\Users\DENNISMUTUKU\AppData\Local\Pub\Cache\hosted\pub.dev\shared_preferences_windows-2.4.1\
[   +6 ms] Found plugin path_provider_windows at C:\Users\DENNISMUTUKU\AppData\Local\Pub\Cache\hosted\pub.dev\path_provider_windows-2.3.0\
[   +8 ms] Found plugin shared_preferences_web at C:\Users\DENNISMUTUKU\AppData\Local\Pub\Cache\hosted\pub.dev\shared_preferences_web-2.4.3\
[   +5 ms] Found plugin shared_preferences_linux at C:\Users\DENNISMUTUKU\AppData\Local\Pub\Cache\hosted\pub.dev\shared_preferences_linux-2.4.1\
[   +2 ms] Found plugin path_provider_linux at C:\Users\DENNISMUTUKU\AppData\Local\Pub\Cache\hosted\pub.dev\path_provider_linux-2.2.1\
[   +4 ms] Found plugin shared_preferences_foundation at C:\Users\DENNISMUTUKU\AppData\Local\Pub\Cache\hosted\pub.dev\shared_preferences_foundation-2.5.6\
[   +2 ms] Found plugin shared_preferences_android at C:\Users\DENNISMUTUKU\AppData\Local\Pub\Cache\hosted\pub.dev\shared_preferences_android-2.4.21\
[  +12 ms] Found plugin path_provider at C:\Users\DENNISMUTUKU\AppData\Local\Pub\Cache\hosted\pub.dev\path_provider-2.1.5\
[   +2 ms] Found plugin path_provider_foundation at C:\Users\DENNISMUTUKU\AppData\Local\Pub\Cache\hosted\pub.dev\path_provider_foundation-2.6.0\
[  +19 ms] Found plugin path_provider_android at C:\Users\DENNISMUTUKU\AppData\Local\Pub\Cache\hosted\pub.dev\path_provider_android-2.2.22\
[   +9 ms] Generating C:\xampp\htdocs\pace.com\wispapp\android\app\src\main\java\io\flutter\plugins\GeneratedPluginRegistrant.java
[   +3 ms] Skipping generating GeneratedPluginRegistrant.java because it is up-to-date.
[   +7 ms] Skipping generating generated_plugin_registrant.h because it is up-to-date.
[   +2 ms] Skipping generating generated_plugin_registrant.cc because it is up-to-date.
[   +3 ms] Skipping generating generated_plugins.cmake because it is up-to-date.
[   +3 ms] Skipping generating generated_plugin_registrant.h because it is up-to-date.
[   +2 ms] Skipping generating generated_plugin_registrant.cc because it is up-to-date.
[   +3 ms] Skipping generating generated_plugins.cmake because it is up-to-date.
[   +4 ms] Skipping generating GeneratedPluginRegistrant.h because it is up-to-date.
[   +2 ms] Skipping generating GeneratedPluginRegistrant.m because it is up-to-date.
[   +3 ms] Skipping generating GeneratedPluginRegistrant.swift because it is up-to-date.
[ +114 ms] ro.hardware = exynos850
[        ] ro.build.characteristics = phone
[ +131 ms] Initializing file store
[  +11 ms] Skipping target: gen_localizations
[   +4 ms] gen_dart_plugin_registrant: Starting due to {InvalidatedReasonKind.inputChanged: The following inputs have updated contents: C:\xampp\htdocs\pace.com\wispapp\.dart_tool\package_config.json}
[  +92 ms] Found plugin shared_preferences at C:\Users\DENNISMUTUKU\AppData\Local\Pub\Cache\hosted\pub.dev\shared_preferences-2.5.4\
[   +2 ms] Found plugin shared_preferences_windows at C:\Users\DENNISMUTUKU\AppData\Local\Pub\Cache\hosted\pub.dev\shared_preferences_windows-2.4.1\
[   +6 ms] Found plugin path_provider_windows at C:\Users\DENNISMUTUKU\AppData\Local\Pub\Cache\hosted\pub.dev\path_provider_windows-2.3.0\
[   +8 ms] Found plugin shared_preferences_web at C:\Users\DENNISMUTUKU\AppData\Local\Pub\Cache\hosted\pub.dev\shared_preferences_web-2.4.3\
[   +3 ms] Found plugin shared_preferences_linux at C:\Users\DENNISMUTUKU\AppData\Local\Pub\Cache\hosted\pub.dev\shared_preferences_linux-2.4.1\
[   +2 ms] Found plugin path_provider_linux at C:\Users\DENNISMUTUKU\AppData\Local\Pub\Cache\hosted\pub.dev\path_provider_linux-2.2.1\
[   +3 ms] Found plugin shared_preferences_foundation at C:\Users\DENNISMUTUKU\AppData\Local\Pub\Cache\hosted\pub.dev\shared_preferences_foundation-2.5.6\
[   +1 ms] Found plugin shared_preferences_android at C:\Users\DENNISMUTUKU\AppData\Local\Pub\Cache\hosted\pub.dev\shared_preferences_android-2.4.21\
[   +8 ms] Found plugin path_provider at C:\Users\DENNISMUTUKU\AppData\Local\Pub\Cache\hosted\pub.dev\path_provider-2.1.5\
[   +2 ms] Found plugin path_provider_foundation at C:\Users\DENNISMUTUKU\AppData\Local\Pub\Cache\hosted\pub.dev\path_provider_foundation-2.6.0\
[  +14 ms] Found plugin path_provider_android at C:\Users\DENNISMUTUKU\AppData\Local\Pub\Cache\hosted\pub.dev\path_provider_android-2.2.22\
[  +18 ms] gen_dart_plugin_registrant: Complete
[   +4 ms] _composite: Starting due to {}
[        ] _composite: Complete
[   +4 ms] complete
[   +9 ms] Launching lib\main.dart on SM A135M in debug mode...
[  +10 ms] C:\Users\DENNISMUTUKU\Downloads\flutter_windows_3.38.4-stable\flutter\bin\cache\dart-sdk\bin\dartaotruntime.exe C:\Users\DENNISMUTUKU\Downloads\flutter_windows_3.38.4-stable\flutter\bin\cache\dart-sdk\bin\snapshots\frontend_server_aot.dart.snapshot --sdk-root C:\Users\DENNISMUTUKU\Downloads\flutter_windows_3.38.4-stable\flutter\bin\cache\artifacts\engine\common\flutter_patched_sdk/ --incremental --target=flutter --experimental-emit-debug-metadata -DFLUTTER_VERSION=3.38.4 -DFLUTTER_CHANNEL=stable -DFLUTTER_GIT_URL=https://github.com/flutter/flutter.git -DFLUTTER_FRAMEWORK_REVISION=66dd93f9a2 -DFLUTTER_ENGINE_REVISION=a5cb96369e -DFLUTTER_DART_VERSION=3.10.3 --output-dill C:\Users\DENNIS~1\AppData\Local\Temp\flutter_tools.ccd4dfc\flutter_tool.1ffaeac\app.dill --packages C:\xampp\htdocs\pace.com\wispapp\.dart_tool\package_config.json -Ddart.vm.profile=false -Ddart.vm.product=false --enable-asserts --track-widget-creation --filesystem-scheme org-dartlang-root --initialize-from-dill build\07dde02958c6c3f720ba69942e639b42.cache.dill.track.dill --source file:///C:/xampp/htdocs/pace.com/wispapp/.dart_tool/flutter_build/dart_plugin_registrant.dart --source package:flutter/src/dart_plugin_registrant.dart -Dflutter.dart_plugin_registrant=file:///C:/xampp/htdocs/pace.com/wispapp/.dart_tool/flutter_build/dart_plugin_registrant.dart --verbosity=error --enable-experiment=alternative-invalidation-strategy
[  +33 ms] executing: C:\Users\DENNISMUTUKU\AppData\Local\Android\sdk\platform-tools\adb.exe -s R58T60KXS7J shell -x logcat -v time -t 1
[  +29 ms] <- compile package:pacewisp/main.dart
[ +861 ms] --------- beginning of main
           03-06 18:55:07.156 I/bauth_FPBAuthService(  862): FPBAuthService, 11444
[  +15 ms] executing: C:\Users\DENNISMUTUKU\AppData\Local\Android\sdk\platform-tools\adb.exe version
[ +118 ms] Android Debug Bridge version 1.0.41
           Version 36.0.2-14143358
           Installed as C:\Users\DENNISMUTUKU\AppData\Local\Android\sdk\platform-tools\adb.exe
           Running on Windows 10.0.26100
[   +2 ms] executing: C:\Users\DENNISMUTUKU\AppData\Local\Android\sdk\platform-tools\adb.exe start-server
[  +86 ms] Building APK
[  +16 ms] executing: C:\Program Files\Android\Android Studio\jbr\bin\java -version
[ +366 ms] Exit code 0 from: C:\Program Files\Android\Android Studio\jbr\bin\java -version
[        ] openjdk version "21.0.7" 2025-04-15
           OpenJDK Runtime Environment (build 21.0.7+-13880790-b1038.58)
           OpenJDK 64-Bit Server VM (build 21.0.7+-13880790-b1038.58, mixed mode)
[  +13 ms] Top-level Gradle build file not found, skipping migration of task "clean".
[   +3 ms] executing: C:\Program Files\Android\Android Studio\jbr\bin\java --version
[ +288 ms] Exit code 0 from: C:\Program Files\Android\Android Studio\jbr\bin\java --version
[        ] openjdk 21.0.7 2025-04-15
           OpenJDK Runtime Environment (build 21.0.7+-13880790-b1038.58)
           OpenJDK 64-Bit Server VM (build 21.0.7+-13880790-b1038.58, mixed mode)
[   +4 ms] Version of Java is different than impacted version, no migration attempted.
[  +26 ms] CMake project not found, skipping support Android 15 16k page size migration.
[   +8 ms] Using gradle from C:\xampp\htdocs\pace.com\wispapp\android\gradlew.bat.
[  +22 ms] LocalFile: 'C:\xampp\htdocs\pace.com\wispapp\android\build.gradle.kts' doesn't provide an AGP version. Checking settings.
[   +2 ms] LocalFile: 'C:\xampp\htdocs\pace.com\wispapp\android\settings.gradle.kts' provides AGP version: 8.11.1
[  +66 ms] Running Gradle task 'assembleDebug'...
[   +1 ms] executing: [C:\xampp\htdocs\pace.com\wispapp\android/] C:\xampp\htdocs\pace.com\wispapp\android\gradlew.bat --full-stacktrace --info -Pverbose=true -Ptarget-platform=android-arm -Ptarget=C:\xampp\htdocs\pace.com\wispapp\lib\main.dart -Pbase-application-name=android.app.Application -Pdart-defines=RkxVVFRFUl9WRVJTSU9OPTMuMzguNA==,RkxVVFRFUl9DSEFOTkVMPXN0YWJsZQ==,RkxVVFRFUl9HSVRfVVJMPWh0dHBzOi8vZ2l0aHViLmNvbS9mbHV0dGVyL2ZsdXR0ZXIuZ2l0,RkxVVFRFUl9GUkFNRVdPUktfUkVWSVNJT049NjZkZDkzZjlhMg==,RkxVVFRFUl9FTkdJTkVfUkVWSVNJT049YTVjYjk2MzY5ZQ==,RkxVVFRFUl9EQVJUX1ZFUlNJT049My4xMC4z -Pdart-obfuscation=false -Ptrack-widget-creation=true -Ptree-shake-icons=false -Pfilesystem-scheme=org-dartlang-root assembleDebug
[+2172 ms] Initialized native services in: C:\Users\DENNISMUTUKU\.gradle\native
[        ] Initialized jansi services in: C:\Users\DENNISMUTUKU\.gradle\native
[+1226 ms] The client will now receive all logging from the daemon (pid: 1720). The daemon log file: C:\Users\DENNISMUTUKU\.gradle\daemon\8.14\daemon-1720.out.log
[   +7 ms] Starting 2nd build in daemon [uptime: 4 mins 35.186 secs, performance: 100%, GC rate: 0.00/s, heap usage: 0% of 8 GiB, non-heap usage: 3% of 4 GiB]
[        ] Using 4 worker leases.
[   +3 ms] Invalidating in-memory cache of C:\xampp\htdocs\pace.com\wispapp\android\.gradle\8.14\fileHashes\fileHashes.bin
[        ] Invalidating in-memory cache of C:\xampp\htdocs\pace.com\wispapp\android\.gradle\buildOutputCleanup\outputFiles.bin
[        ] Invalidating in-memory cache of C:\xampp\htdocs\pace.com\wispapp\android\.gradle\8.14\fileHashes\resourceHashesCache.bin
[        ] Now considering [C:\xampp\htdocs\pace.com\wispapp\android, C:\Users\DENNISMUTUKU\Downloads\flutter_windows_3.38.4-stable\flutter\packages\flutter_tools\gradle] as hierarchies to watch
[   +1 ms] Watching the file system is configured to be enabled if available
[        ] File system watching is active
[        ] Starting Build
[  +66 ms] Invalidating in-memory cache of C:\xampp\htdocs\pace.com\wispapp\android\.gradle\8.14\checksums\md5-checksums.bin
[   +8 ms] Invalidating in-memory cache of C:\xampp\htdocs\pace.com\wispapp\android\.gradle\8.14\checksums\sha1-checksums.bin
[        ] Invalidating in-memory cache of C:\xampp\htdocs\pace.com\wispapp\android\.gradle\8.14\checksums\sha256-checksums.bin
[        ] Invalidating in-memory cache of C:\xampp\htdocs\pace.com\wispapp\android\.gradle\8.14\checksums\sha512-checksums.bin
[        ] Now considering [C:\Users\DENNISMUTUKU\Downloads\flutter_windows_3.38.4-stable\flutter\packages\flutter_tools\gradle, C:\xampp\htdocs\pace.com\wispapp\android] as hierarchies to watch
[ +568 ms] > Configure project :gradle
[   +1 ms] Evaluating project ':gradle' using build file 'C:\Users\DENNISMUTUKU\Downloads\flutter_windows_3.38.4-stable\flutter\packages\flutter_tools\gradle\build.gradle.kts'.
[        ] Resolved plugin [id: 'org.gradle.java-gradle-plugin']
[        ] Resolved plugin [id: 'org.gradle.groovy']
[        ] Resolved plugin [id: 'org.gradle.kotlin.kotlin-dsl', version: '5.2.0']
[  +19 ms] Resolved plugin [id: 'org.jetbrains.kotlin.jvm', version: '1.9.20']
[        ] Invalidating in-memory cache of C:\Users\DENNISMUTUKU\.gradle\caches\journal-1\file-access.bin
[   +1 ms] Invalidating in-memory cache of C:\Users\DENNISMUTUKU\.gradle\caches\8.14\fileHashes\fileHashes.bin
[        ] Invalidating in-memory cache of C:\Users\DENNISMUTUKU\.gradle\caches\8.14\fileHashes\resourceHashesCache.bin
[        ] Using Kotlin Gradle Plugin gradle85 variant
[   +3 ms] kotlin scripting plugin: created the scripting discovery configuration: kotlinScriptDef
[   +4 ms] kotlin scripting plugin: created the scripting discovery configuration: testKotlinScriptDef
[   +3 ms] file or directory 'C:\Users\DENNISMUTUKU\Downloads\flutter_windows_3.38.4-stable\flutter\packages\flutter_tools\gradle\src\main\java', not found
[        ] Resolved plugin [id: 'dev.flutter.flutter-plugin-loader', version: '1.0.0']
[        ] Resolved plugin [id: 'com.android.application', version: '8.11.1', apply: false]
[  +61 ms] Resolved plugin [id: 'org.jetbrains.kotlin.android', version: '2.2.20', apply: false]
[   +1 ms] Resolve mutations for :gradle:checkKotlinGradlePluginConfigurationErrors (Thread[#129,included builds,5,main]) started.
[   +1 ms] :gradle:checkKotlinGradlePluginConfigurationErrors (Thread[#129,included builds,5,main]) started.
[        ] > Task :gradle:checkKotlinGradlePluginConfigurationErrors SKIPPED
[        ] Skipping task ':gradle:checkKotlinGradlePluginConfigurationErrors' as task onlyIf 'errorDiagnostics are present' is false.
[        ] Resolve mutations for :gradle:compileKotlin (Thread[#129,included builds,5,main]) started.
[        ] :gradle:compileKotlin (Thread[#130,Execution worker,5,main]) started.
[ +194 ms] > Task :gradle:compileKotlin UP-TO-DATE
[        ] Caching disabled for task ':gradle:compileKotlin' because:
[        ]   Build cache is disabled
[   +6 ms] Skipping task ':gradle:compileKotlin' as it is up-to-date.
[        ] Resolve mutations for :gradle:compileJava (Thread[#130,Execution worker,5,main]) started.
[        ] :gradle:compileJava (Thread[#130,Execution worker,5,main]) started.
[        ] > Task :gradle:compileJava NO-SOURCE
[        ] Skipping task ':gradle:compileJava' as it has no source files and no previous output files.
[   +1 ms] Resolve mutations for :gradle:compileGroovy (Thread[#130,Execution worker,5,main]) started.
[        ] :gradle:compileGroovy (Thread[#130,Execution worker,5,main]) started.
[        ] > Task :gradle:compileGroovy NO-SOURCE
[        ] Skipping task ':gradle:compileGroovy' as it has no source files and no previous output files.
[        ] Resolve mutations for :gradle:pluginDescriptors (Thread[#129,included builds,5,main]) started.
[        ] :gradle:pluginDescriptors (Thread[#129,included builds,5,main]) started.
[  +15 ms] > Task :gradle:pluginDescriptors UP-TO-DATE
[   +1 ms] Caching disabled for task ':gradle:pluginDescriptors' because:
[   +1 ms]   Build cache is disabled
[  +23 ms]   Not worth caching
[  +21 ms] Skipping task ':gradle:pluginDescriptors' as it is up-to-date.
[ +145 ms] Resolve mutations for :gradle:processResources (Thread[#129,included builds,5,main]) started.
[   +8 ms] :gradle:processResources (Thread[#129,included builds,5,main]) started.
[        ] > Task :gradle:processResources UP-TO-DATE
[        ] Caching disabled for task ':gradle:processResources' because:
[        ]   Build cache is disabled
[   +4 ms]   Not worth caching
[        ] Skipping task ':gradle:processResources' as it is up-to-date.
[        ] Resolve mutations for :gradle:classes (Thread[#129,included builds,5,main]) started.
[        ] :gradle:classes (Thread[#129,included builds,5,main]) started.
[        ] > Task :gradle:classes UP-TO-DATE
[        ] Skipping task ':gradle:classes' as it has no actions.
[  +61 ms] Resolve mutations for :gradle:jar (Thread[#129,included builds,5,main]) started.
[        ] :gradle:jar (Thread[#129,included builds,5,main]) started.
[        ] > Task :gradle:jar UP-TO-DATE
[        ] Caching disabled for task ':gradle:jar' because:
[        ]   Build cache is disabled
[        ]   Not worth caching
[        ] Skipping task ':gradle:jar' as it is up-to-date.
[ +401 ms] Settings evaluated using settings file 'C:\xampp\htdocs\pace.com\wispapp\android\settings.gradle.kts'.
[        ] Projects loaded. Root project using build file 'C:\xampp\htdocs\pace.com\wispapp\android\build.gradle.kts'.
[        ] Included projects: [root project 'android', project ':app', project ':path_provider_android', project ':shared_preferences_android']
[+1000 ms] > Configure project :app
[        ] Evaluating project ':app' using build file 'C:\xampp\htdocs\pace.com\wispapp\android\app\build.gradle.kts'.
[        ] Resolved plugin [id: 'com.android.application']
[  +20 ms] Resolved plugin [id: 'kotlin-android']
[   +1 ms] Resolved plugin [id: 'dev.flutter.flutter-gradle-plugin']
[   +1 ms] Using default execution profile
[   +3 ms] Build 525df29d-5396-4373-b11c-742347f93edb is started
[   +1 ms] Using Kotlin Gradle Plugin gradle813 variant
[   +3 ms] C/C++: android.ndkVersion from module build.gradle is [28.2.13676358]
[   +3 ms] C/C++: android.ndkPath from module build.gradle is not set
[   +1 ms] C/C++: ndk.dir in local.properties is not set
[   +1 ms] C/C++: Not considering ANDROID_NDK_HOME because support was removed after deprecation period.
[   +1 ms] C/C++: sdkFolder is C:\Users\DENNISMUTUKU\AppData\Local\Android\sdk
[   +4 ms] C/C++: android.ndkVersion from module build.gradle is [28.2.13676358]
[   +1 ms] C/C++: android.ndkPath from module build.gradle is not set
[   +1 ms] C/C++: ndk.dir in local.properties is not set
[   +1 ms] C/C++: Not considering ANDROID_NDK_HOME because support was removed after deprecation period.
[   +2 ms] C/C++: sdkFolder is C:\Users\DENNISMUTUKU\AppData\Local\Android\sdk
[  +13 ms] C/C++: android.ndkVersion from module build.gradle is [28.2.13676358]
[        ] C/C++: android.ndkPath from module build.gradle is not set
[        ] C/C++: ndk.dir in local.properties is not set
[        ] C/C++: Not considering ANDROID_NDK_HOME because support was removed after deprecation period.
[        ] C/C++: sdkFolder is C:\Users\DENNISMUTUKU\AppData\Local\Android\sdk
[        ] C/C++: android.ndkVersion from module build.gradle is [28.2.13676358]
[        ] C/C++: android.ndkPath from module build.gradle is not set
[        ] C/C++: ndk.dir in local.properties is not set
[        ] C/C++: Not considering ANDROID_NDK_HOME because support was removed after deprecation period.
[        ] C/C++: sdkFolder is C:\Users\DENNISMUTUKU\AppData\Local\Android\sdk
[        ] C/C++: android.ndkVersion from module build.gradle is [28.2.13676358]
[        ] C/C++: android.ndkPath from module build.gradle is not set
[  +13 ms] C/C++: ndk.dir in local.properties is not set
[        ] C/C++: Not considering ANDROID_NDK_HOME because support was removed after deprecation period.
[        ] C/C++: sdkFolder is C:\Users\DENNISMUTUKU\AppData\Local\Android\sdk
[        ] C/C++: android.ndkVersion from module build.gradle is [28.2.13676358]
[        ] C/C++: android.ndkPath from module build.gradle is not set
[        ] C/C++: ndk.dir in local.properties is not set
[        ] C/C++: Not considering ANDROID_NDK_HOME because support was removed after deprecation period.
[   +1 ms] C/C++: sdkFolder is C:\Users\DENNISMUTUKU\AppData\Local\Android\sdk
[        ] C/C++: android.ndkVersion from module build.gradle is [28.2.13676358]
[  +65 ms] C/C++: android.ndkPath from module build.gradle is not set
[        ] C/C++: ndk.dir in local.properties is not set
[        ] C/C++: Not considering ANDROID_NDK_HOME because support was removed after deprecation period.
[        ] C/C++: sdkFolder is C:\Users\DENNISMUTUKU\AppData\Local\Android\sdk
[        ] C/C++: android.ndkVersion from module build.gradle is [28.2.13676358]
[        ] C/C++: android.ndkPath from module build.gradle is not set
[        ] C/C++: ndk.dir in local.properties is not set
[        ] C/C++: Not considering ANDROID_NDK_HOME because support was removed after deprecation period.
[        ] C/C++: sdkFolder is C:\Users\DENNISMUTUKU\AppData\Local\Android\sdk
[        ] C/C++: android.ndkVersion from module build.gradle is [28.2.13676358]
[        ] C/C++: android.ndkPath from module build.gradle is not set
[        ] C/C++: ndk.dir in local.properties is not set
[        ] C/C++: Not considering ANDROID_NDK_HOME because support was removed after deprecation period.
[        ] C/C++: sdkFolder is C:\Users\DENNISMUTUKU\AppData\Local\Android\sdk
[        ] C/C++: android.ndkVersion from module build.gradle is [28.2.13676358]
[        ] C/C++: android.ndkPath from module build.gradle is not set
[        ] C/C++: ndk.dir in local.properties is not set
[        ] C/C++: Not considering ANDROID_NDK_HOME because support was removed after deprecation period.
[        ] C/C++: sdkFolder is C:\Users\DENNISMUTUKU\AppData\Local\Android\sdk
[        ] C/C++: android.ndkVersion from module build.gradle is [28.2.13676358]
[        ] C/C++: android.ndkPath from module build.gradle is not set
[        ] C/C++: ndk.dir in local.properties is not set
[        ] C/C++: Not considering ANDROID_NDK_HOME because support was removed after deprecation period.
[        ] C/C++: sdkFolder is C:\Users\DENNISMUTUKU\AppData\Local\Android\sdk
[        ] C/C++: android.ndkVersion from module build.gradle is [28.2.13676358]
[        ] C/C++: android.ndkPath from module build.gradle is not set
[        ] C/C++: ndk.dir in local.properties is not set
[        ] C/C++: Not considering ANDROID_NDK_HOME because support was removed after deprecation period.
[        ] C/C++: sdkFolder is C:\Users\DENNISMUTUKU\AppData\Local\Android\sdk
[        ] C/C++: android.ndkVersion from module build.gradle is [28.2.13676358]
[        ] C/C++: android.ndkPath from module build.gradle is not set
[        ] C/C++: ndk.dir in local.properties is not set
[        ] C/C++: Not considering ANDROID_NDK_HOME because support was removed after deprecation period.
[        ] C/C++: sdkFolder is C:\Users\DENNISMUTUKU\AppData\Local\Android\sdk
[        ] C/C++: android.ndkVersion from module build.gradle is [28.2.13676358]
[        ] C/C++: android.ndkPath from module build.gradle is not set
[        ] C/C++: ndk.dir in local.properties is not set
[        ] C/C++: Not considering ANDROID_NDK_HOME because support was removed after deprecation period.
[        ] C/C++: sdkFolder is C:\Users\DENNISMUTUKU\AppData\Local\Android\sdk
[   +5 ms] C/C++: android.ndkVersion from module build.gradle is [28.2.13676358]
[        ] C/C++: android.ndkPath from module build.gradle is not set
[        ] C/C++: ndk.dir in local.properties is not set
[        ] C/C++: Not considering ANDROID_NDK_HOME because support was removed after deprecation period.
[        ] C/C++: sdkFolder is C:\Users\DENNISMUTUKU\AppData\Local\Android\sdk
[        ] C/C++: android.ndkVersion from module build.gradle is [28.2.13676358]
[        ] C/C++: android.ndkPath from module build.gradle is not set
[        ] C/C++: ndk.dir in local.properties is not set
[        ] C/C++: Not considering ANDROID_NDK_HOME because support was removed after deprecation period.
[        ] C/C++: sdkFolder is C:\Users\DENNISMUTUKU\AppData\Local\Android\sdk
[        ] C/C++: android.ndkVersion from module build.gradle is [28.2.13676358]
[        ] C/C++: android.ndkPath from module build.gradle is not set
[        ] C/C++: ndk.dir in local.properties is not set
[        ] C/C++: Not considering ANDROID_NDK_HOME because support was removed after deprecation period.
[        ] C/C++: sdkFolder is C:\Users\DENNISMUTUKU\AppData\Local\Android\sdk
[        ] C/C++: android.ndkVersion from module build.gradle is [28.2.13676358]
[        ] C/C++: android.ndkPath from module build.gradle is not set
[        ] C/C++: ndk.dir in local.properties is not set
[        ] C/C++: Not considering ANDROID_NDK_HOME because support was removed after deprecation period.
[        ] C/C++: sdkFolder is C:\Users\DENNISMUTUKU\AppData\Local\Android\sdk
[   +1 ms] C/C++: android.ndkVersion from module build.gradle is [28.2.13676358]
[        ] C/C++: android.ndkPath from module build.gradle is not set
[        ] C/C++: ndk.dir in local.properties is not set
[        ] C/C++: Not considering ANDROID_NDK_HOME because support was removed after deprecation period.
[        ] C/C++: sdkFolder is C:\Users\DENNISMUTUKU\AppData\Local\Android\sdk
[        ] > Configure project :
[        ] Evaluating root project 'android' using build file 'C:\xampp\htdocs\pace.com\wispapp\android\build.gradle.kts'.
[ +532 ms] > Configure project :path_provider_android
[   +1 ms] Evaluating project ':path_provider_android' using build file 'C:\Users\DENNISMUTUKU\AppData\Local\Pub\Cache\hosted\pub.dev\path_provider_android-2.2.22\android\build.gradle'.
[   +1 ms] Using default execution profile
[ +307 ms] > Configure project :shared_preferences_android
[        ] Evaluating project ':shared_preferences_android' using build file 'C:\Users\DENNISMUTUKU\AppData\Local\Pub\Cache\hosted\pub.dev\shared_preferences_android-2.4.21\android\build.gradle'.
[        ] Using default execution profile
[        ] Using Kotlin Gradle Plugin gradle813 variant
[        ] All projects evaluated.
[  +94 ms] Task name matched 'assembleDebug'
[        ] Selected primary task 'assembleDebug' from project :
[  +23 ms] Adding -Xuse-inline-scopes-numbers Kotlin compiler flag for task :app:compileDebugKotlin
[ +394 ms] Tasks to be executed: [task ':app:DebugMinSdkCheck', task ':app:preBuild', task ':app:preDebugBuild', task ':app:mergeDebugNativeDebugMetadata', task ':app:checkKotlinGradlePluginConfigurationErrors', task ':app:compileFlutterBuildDebug', task ':app:packJniLibsflutterBuildDebug', task ':path_provider_android:preBuild', task ':path_provider_android:preDebugBuild', task ':path_provider_android:writeDebugAarMetadata', task ':shared_preferences_android:preBuild', task ':shared_preferences_android:preDebugBuild', task ':shared_preferences_android:writeDebugAarMetadata', task ':app:checkDebugAarMetadata', task ':app:cleanMergeDebugAssets', task ':app:mergeDebugShaders', task ':app:compileDebugShaders', task ':app:generateDebugAssets', task ':path_provider_android:mergeDebugShaders', task ':path_provider_android:compileDebugShaders', task ':path_provider_android:generateDebugAssets', task ':path_provider_android:mergeDebugAssets', task ':shared_preferences_android:mergeDebugShaders', task ':shared_preferences_android:compileDebugShaders', task ':shared_preferences_android:generateDebugAssets', task ':shared_preferences_android:mergeDebugAssets', task ':app:mergeDebugAssets', task ':app:copyFlutterAssetsDebug', task ':app:generateDebugResValues', task ':path_provider_android:generateDebugResValues', task ':path_provider_android:generateDebugResources', task ':path_provider_android:packageDebugResources', task ':shared_preferences_android:generateDebugResValues', task ':shared_preferences_android:generateDebugResources', task ':shared_preferences_android:packageDebugResources', task ':app:mapDebugSourceSetPaths', task ':app:generateDebugResources', task ':app:mergeDebugResources', task ':app:packageDebugResources', task ':app:parseDebugLocalResources', task ':app:createDebugCompatibleScreenManifests', task ':app:extractDeepLinksDebug', task ':path_provider_android:extractDeepLinksDebug', task ':path_provider_android:processDebugManifest', task ':shared_preferences_android:extractDeepLinksDebug', task ':shared_preferences_android:processDebugManifest', task ':app:processDebugMainManifest', task ':app:outputDebugAppLinkSettings', task ':app:processDebugManifest', task ':app:processDebugManifestForPackage', task ':path_provider_android:compileDebugLibraryResources', task ':path_provider_android:parseDebugLocalResources', task ':path_provider_android:generateDebugRFile', task ':shared_preferences_android:compileDebugLibraryResources', task ':shared_preferences_android:parseDebugLocalResources', task ':shared_preferences_android:generateDebugRFile', task ':app:processDebugResources', task ':path_provider_android:javaPreCompileDebug', task ':path_provider_android:compileDebugJavaWithJavac', task ':path_provider_android:bundleLibCompileToJarDebug', task ':shared_preferences_android:checkKotlinGradlePluginConfigurationErrors', task ':shared_preferences_android:compileDebugKotlin', task ':shared_preferences_android:javaPreCompileDebug', task ':shared_preferences_android:compileDebugJavaWithJavac', task ':shared_preferences_android:bundleLibCompileToJarDebug', task ':app:compileDebugKotlin', task ':app:javaPreCompileDebug', task ':app:compileDebugJavaWithJavac', task ':app:compressDebugAssets', task ':path_provider_android:bundleLibRuntimeToJarDebug', task ':shared_preferences_android:bundleLibRuntimeToJarDebug', task ':app:desugarDebugFileDependencies', task ':app:dexBuilderDebug', task ':app:mergeDebugGlobalSynthetics', task ':app:processDebugJavaRes', task ':path_provider_android:processDebugJavaRes', task ':shared_preferences_android:processDebugJavaRes', task ':app:mergeDebugJavaResource', task ':app:checkDebugDuplicateClasses', task ':app:mergeExtDexDebug', task ':path_provider_android:bundleLibRuntimeToDirDebug', task ':shared_preferences_android:bundleLibRuntimeToDirDebug', task ':app:mergeLibDexDebug', task ':app:mergeProjectDexDebug', task ':app:configureCMakeDebug[arm64-v8a]', task ':app:buildCMakeDebug[arm64-v8a]', task ':app:configureCMakeDebug[armeabi-v7a]', task ':app:buildCMakeDebug[armeabi-v7a]', task ':app:configureCMakeDebug[x86_64]', task ':app:buildCMakeDebug[x86_64]', task ':app:mergeDebugJniLibFolders', task ':path_provider_android:mergeDebugJniLibFolders', task ':path_provider_android:mergeDebugNativeLibs', task ':path_provider_android:copyDebugJniLibsProjectOnly', task ':shared_preferences_android:mergeDebugJniLibFolders', task ':shared_preferences_android:mergeDebugNativeLibs', task ':shared_preferences_android:copyDebugJniLibsProjectOnly', task ':app:mergeDebugNativeLibs', task ':app:stripDebugDebugSymbols', task ':app:validateSigningDebug', task ':app:writeDebugAppMetadata', task ':app:writeDebugSigningConfigVersions', task ':app:packageDebug', task ':app:createDebugApkListingFileRedirect', task ':app:assembleDebug', task ':path_provider_android:stripDebugDebugSymbols', task ':path_provider_android:copyDebugJniLibsProjectAndLocalJars', task ':path_provider_android:extractDebugAnnotations', task ':path_provider_android:extractDeepLinksForAarDebug', task ':path_provider_android:mergeDebugGeneratedProguardFiles', task ':path_provider_android:mergeDebugConsumerProguardFiles', task ':path_provider_android:prepareDebugArtProfile', task ':path_provider_android:prepareLintJarForPublish', task ':path_provider_android:mergeDebugJavaResource', task ':path_provider_android:syncDebugLibJars', task ':path_provider_android:bundleDebugAar', task ':path_provider_android:assembleDebug', task ':shared_preferences_android:stripDebugDebugSymbols', task ':shared_preferences_android:copyDebugJniLibsProjectAndLocalJars', task ':shared_preferences_android:extractDebugAnnotations', task ':shared_preferences_android:extractDeepLinksForAarDebug', task ':shared_preferences_android:mergeDebugGeneratedProguardFiles', task ':shared_preferences_android:mergeDebugConsumerProguardFiles', task ':shared_preferences_android:prepareDebugArtProfile', task ':shared_preferences_android:prepareLintJarForPublish', task ':shared_preferences_android:mergeDebugJavaResource', task ':shared_preferences_android:syncDebugLibJars', task ':shared_preferences_android:bundleDebugAar', task ':shared_preferences_android:assembleDebug']
[   +1 ms] Tasks that were excluded: []
[        ] work action Parameters of IdentityTransform (Thread[#130,Execution worker,5,main]) started.
[        ] work action Parameters of DexingNoClasspathTransform (Thread[#130,Execution worker,5,main]) started.
[        ] work action Parameters of DexingOutputSplitTransform (Thread[#130,Execution worker,5,main]) started.
[        ] work action Parameters of ClassesDirToClassesTransform (Thread[#130,Execution worker,5,main]) started.
[        ] work action Parameters of DexingOutputSplitTransform (Thread[#130,Execution worker,5,main]) started.
[        ] Resolve mutations for :app:DebugMinSdkCheck (Thread[#130,Execution worker,5,main]) started.
[        ] :app:DebugMinSdkCheck (Thread[#130,Execution worker,5,main]) started.
[        ] Invalidating in-memory cache of C:\xampp\htdocs\pace.com\wispapp\android\.gradle\8.14\executionHistory\executionHistory.bin
[  +68 ms] > Task :app:DebugMinSdkCheck
[        ] Caching disabled for task ':app:DebugMinSdkCheck' because:
[   +1 ms]   Build cache is disabled
[        ] Task ':app:DebugMinSdkCheck' is not up-to-date because:
[        ]   Task has not declared any outputs despite executing actions.
[        ] Resolve mutations for :app:preBuild (Thread[#130,Execution worker,5,main]) started.
[        ] :app:preBuild (Thread[#130,Execution worker,5,main]) started.
[        ] > Task :app:preBuild UP-TO-DATE
[        ] Skipping task ':app:preBuild' as it has no actions.
[        ] Resolve mutations for :app:preDebugBuild (Thread[#130,Execution worker,5,main]) started.
[        ] :app:preDebugBuild (Thread[#130,Execution worker,5,main]) started.
[        ] > Task :app:preDebugBuild UP-TO-DATE
[        ] Skipping task ':app:preDebugBuild' as it has no actions.
[   +1 ms] Resolve mutations for :app:mergeDebugNativeDebugMetadata (Thread[#130,Execution worker,5,main]) started.
[        ] :app:mergeDebugNativeDebugMetadata (Thread[#130,Execution worker,5,main]) started.
[   +2 ms] > Task :app:mergeDebugNativeDebugMetadata NO-SOURCE
[        ] Skipping task ':app:mergeDebugNativeDebugMetadata' as it has no source files and no previous output files.
[  +10 ms] Resolve mutations for :app:checkKotlinGradlePluginConfigurationErrors (Thread[#130,Execution worker,5,main]) started.
[        ] :app:checkKotlinGradlePluginConfigurationErrors (Thread[#130,Execution worker,5,main]) started.
[        ] > Task :app:checkKotlinGradlePluginConfigurationErrors SKIPPED
[   +1 ms] Skipping task ':app:checkKotlinGradlePluginConfigurationErrors' as task onlyIf 'errorDiagnostics are present' is false.
[        ] Resolve mutations for :app:compileFlutterBuildDebug (Thread[#130,Execution worker,5,main]) started.
[        ] :app:compileFlutterBuildDebug (Thread[#130,Execution worker,5,main]) started.
[+1965 ms] > Task :app:compileFlutterBuildDebug
[        ] Caching disabled for task ':app:compileFlutterBuildDebug' because:
[        ]   Build cache is disabled
[        ]   Caching has not been enabled for the task
[        ] Task ':app:compileFlutterBuildDebug' is not up-to-date because:
[        ]   Value of input property 'verbose' has changed for task ':app:compileFlutterBuildDebug'
[        ] Starting process 'command 'C:\Users\DENNISMUTUKU\Downloads\flutter_windows_3.38.4-stable\flutter\bin\flutter.bat''. Working directory: C:\xampp\htdocs\pace.com\wispapp Command: C:\Users\DENNISMUTUKU\Downloads\flutter_windows_3.38.4-stable\flutter\bin\flutter.bat --verbose assemble --no-version-check --depfile C:\xampp\htdocs\pace.com\wispapp\build\app\intermediates\flutter\debug/flutter_build.d --output C:\xampp\htdocs\pace.com\wispapp\build\app\intermediates\flutter\debug -dTargetFile=C:\xampp\htdocs\pace.com\wispapp\lib\main.dart -dTargetPlatform=android -dBuildMode=debug -dTrackWidgetCreation=true --DartDefines=RkxVVFRFUl9WRVJTSU9OPTMuMzguNA==,RkxVVFRFUl9DSEFOTkVMPXN0YWJsZQ==,RkxVVFRFUl9HSVRfVVJMPWh0dHBzOi8vZ2l0aHViLmNvbS9mbHV0dGVyL2ZsdXR0ZXIuZ2l0,RkxVVFRFUl9GUkFNRVdPUktfUkVWSVNJT049NjZkZDkzZjlhMg==,RkxVVFRFUl9FTkdJTkVfUkVWSVNJT049YTVjYjk2MzY5ZQ==,RkxVVFRFUl9EQVJUX1ZFUlNJT049My4xMC4z -dFlavor= -dAndroidArchs=android-arm -dMinSdkVersion=24 debug_android_application
[        ] Successfully started process 'command 'C:\Users\DENNISMUTUKU\Downloads\flutter_windows_3.38.4-stable\flutter\bin\flutter.bat''
[ +798 ms] [ +347 ms] Artifact Instance of 'MaterialFonts' is not required, skipping update.
[        ] [   +1 ms] Artifact Instance of 'GradleWrapper' is not required, skipping update.
[        ] [        ] Artifact Instance of 'AndroidGenSnapshotArtifacts' is not required, skipping update.
[        ] [        ] Artifact Instance of 'AndroidInternalBuildArtifacts' is not required, skipping update.
[        ] [        ] Artifact Instance of 'IOSEngineArtifacts' is not required, skipping update.
[        ] [        ] Artifact Instance of 'FlutterWebSdk' is not required, skipping update.
[        ] [   +1 ms] Artifact Instance of 'LegacyCanvasKitRemover' is not required, skipping update.
[        ] [        ] Artifact Instance of 'FlutterSdk' is not required, skipping update.
[        ] [        ] Artifact Instance of 'WindowsEngineArtifacts' is not required, skipping update.
[        ] [        ] Artifact Instance of 'MacOSEngineArtifacts' is not required, skipping update.
[        ] [        ] Artifact Instance of 'LinuxEngineArtifacts' is not required, skipping update.
[        ] [        ] Artifact Instance of 'LinuxFuchsiaSDKArtifacts' is not required, skipping update.
[   +7 ms] [        ] Artifact Instance of 'MacOSFuchsiaSDKArtifacts' is not required, skipping update.
[  +25 ms] [        ] Artifact Instance of 'FlutterRunnerSDKArtifacts' is not required, skipping update.
[        ] [        ] Artifact Instance of 'FlutterRunnerDebugSymbols' is not required, skipping update.
[        ] [        ] Artifact Instance of 'IosUsbArtifacts' is not required, skipping update.
[        ] [        ] Artifact Instance of 'IosUsbArtifacts' is not required, skipping update.
[        ] [        ] Artifact Instance of 'IosUsbArtifacts' is not required, skipping update.
[        ] [        ] Artifact Instance of 'IosUsbArtifacts' is not required, skipping update.
[        ] [        ] Artifact Instance of 'IosUsbArtifacts' is not required, skipping update.
[        ] [        ] Artifact Instance of 'IosUsbArtifacts' is not required, skipping update.
[        ] [        ] Artifact Instance of 'FontSubsetArtifacts' is not required, skipping update.
[        ] [        ] Artifact Instance of 'PubDependencies' is not required, skipping update.
[        ] [  +26 ms] Artifact Instance of 'AndroidGenSnapshotArtifacts' is not required, skipping update.
[        ] [        ] Artifact Instance of 'AndroidInternalBuildArtifacts' is not required, skipping update.
[        ] [        ] Artifact Instance of 'IOSEngineArtifacts' is not required, skipping update.
[        ] [        ] Artifact Instance of 'FlutterWebSdk' is not required, skipping update.
[        ] [        ] Artifact Instance of 'FlutterEngineStamp' is not required, skipping update.
[        ] [        ] Artifact Instance of 'LegacyCanvasKitRemover' is not required, skipping update.
[        ] [   +6 ms] Artifact Instance of 'WindowsEngineArtifacts' is not required, skipping update.
[        ] [        ] Artifact Instance of 'MacOSEngineArtifacts' is not required, skipping update.
[        ] [        ] Artifact Instance of 'LinuxEngineArtifacts' is not required, skipping update.
[        ] [        ] Artifact Instance of 'LinuxFuchsiaSDKArtifacts' is not required, skipping update.
[        ] [        ] Artifact Instance of 'MacOSFuchsiaSDKArtifacts' is not required, skipping update.
[        ] [        ] Artifact Instance of 'FlutterRunnerSDKArtifacts' is not required, skipping update.
[        ] [        ] Artifact Instance of 'FlutterRunnerDebugSymbols' is not required, skipping update.
[ +160 ms] [ +174 ms] Artifact Instance of 'MaterialFonts' is not required, skipping update.
[        ] [        ] Artifact Instance of 'GradleWrapper' is not required, skipping update.
[        ] [   +6 ms] Artifact Instance of 'AndroidInternalBuildArtifacts' is not required, skipping update.
[        ] [        ] Artifact Instance of 'IOSEngineArtifacts' is not required, skipping update.
[        ] [        ] Artifact Instance of 'FlutterWebSdk' is not required, skipping update.
[        ] [        ] Artifact Instance of 'FlutterEngineStamp' is not required, skipping update.
[        ] [        ] Artifact Instance of 'LegacyCanvasKitRemover' is not required, skipping update.
[        ] [        ] Artifact Instance of 'FlutterSdk' is not required, skipping update.
[        ] [        ] Artifact Instance of 'WindowsEngineArtifacts' is not required, skipping update.
[        ] [        ] Artifact Instance of 'MacOSEngineArtifacts' is not required, skipping update.
[        ] [        ] Artifact Instance of 'LinuxEngineArtifacts' is not required, skipping update.
[        ] [        ] Artifact Instance of 'LinuxFuchsiaSDKArtifacts' is not required, skipping update.
[        ] [        ] Artifact Instance of 'MacOSFuchsiaSDKArtifacts' is not required, skipping update.
[        ] [        ] Artifact Instance of 'FlutterRunnerSDKArtifacts' is not required, skipping update.
[        ] [        ] Artifact Instance of 'FlutterRunnerDebugSymbols' is not required, skipping update.
[        ] [        ] Artifact Instance of 'IosUsbArtifacts' is not required, skipping update.
[        ] [        ] Artifact Instance of 'IosUsbArtifacts' is not required, skipping update.
[        ] [        ] Artifact Instance of 'IosUsbArtifacts' is not required, skipping update.
[        ] [        ] Artifact Instance of 'IosUsbArtifacts' is not required, skipping update.
[        ] [        ] Artifact Instance of 'IosUsbArtifacts' is not required, skipping update.
[        ] [        ] Artifact Instance of 'IosUsbArtifacts' is not required, skipping update.
[        ] [        ] Artifact Instance of 'FontSubsetArtifacts' is not required, skipping update.
[        ] [        ] Artifact Instance of 'PubDependencies' is not required, skipping update.
[  +87 ms] [ +118 ms] Initializing file store
[ +108 ms] [  +63 ms] dart_build: Starting due to {}
[        ] [   +5 ms] Skipping target: gen_localizations
[   +1 ms] [   +5 ms] gen_dart_plugin_registrant: Starting due to {InvalidatedReasonKind.outputSetAddition: The following outputs were added to the output set: C:\xampp\htdocs\pace.com\wispapp\.dart_tool\flutter_build\dart_plugin_registrant.dart, InvalidatedReasonKind.inputChanged: The following inputs have updated contents: C:\xampp\htdocs\pace.com\wispapp\.dart_tool\package_config.json}
[ +295 ms] [ +286 ms] Building native assets for android_arm.
[ +200 ms] [ +222 ms] Found plugin shared_preferences at C:\Users\DENNISMUTUKU\AppData\Local\Pub\Cache\hosted\pub.dev\shared_preferences-2.5.4\
[        ] [  +40 ms] Found plugin shared_preferences_windows at C:\Users\DENNISMUTUKU\AppData\Local\Pub\Cache\hosted\pub.dev\shared_preferences_windows-2.4.1\
[        ] [  +20 ms] Running `C:\Users\DENNISMUTUKU\Downloads\flutter_windows_3.38.4-stable\flutter\bin\cache\dart-sdk\bin\dart compile kernel --packages=C:\xampp\htdocs\pace.com\wispapp\.dart_tool\package_config.json --output=C:\xampp\htdocs\pace.com\wispapp\.dart_tool\hooks_runner\objective_c\c67c46f2d746dcbd46bfdfda2597f009\hook.dill --depfile=C:\xampp\htdocs\pace.com\wispapp\.dart_tool\hooks_runner\objective_c\c67c46f2d746dcbd46bfdfda2597f009\hook.dill.d C:\Users\DENNISMUTUKU\AppData\Local\Pub\Cache\hosted\pub.dev\objective_c-9.3.0\hook\build.dart`.
[  +97 ms] [  +28 ms] Found plugin path_provider_windows at C:\Users\DENNISMUTUKU\AppData\Local\Pub\Cache\hosted\pub.dev\path_provider_windows-2.3.0\
[   +2 ms] [  +15 ms] Found plugin shared_preferences_web at C:\Users\DENNISMUTUKU\AppData\Local\Pub\Cache\hosted\pub.dev\shared_preferences_web-2.4.3\
[        ] [   +9 ms] Found plugin shared_preferences_linux at C:\Users\DENNISMUTUKU\AppData\Local\Pub\Cache\hosted\pub.dev\shared_preferences_linux-2.4.1\
[        ] [  +12 ms] Found plugin path_provider_linux at C:\Users\DENNISMUTUKU\AppData\Local\Pub\Cache\hosted\pub.dev\path_provider_linux-2.2.1\
[        ] [   +7 ms] Found plugin shared_preferences_foundation at C:\Users\DENNISMUTUKU\AppData\Local\Pub\Cache\hosted\pub.dev\shared_preferences_foundation-2.5.6\
[        ] [   +5 ms] Found plugin shared_preferences_android at C:\Users\DENNISMUTUKU\AppData\Local\Pub\Cache\hosted\pub.dev\shared_preferences_android-2.4.21\
[ +103 ms] [  +35 ms] Found plugin path_provider at C:\Users\DENNISMUTUKU\AppData\Local\Pub\Cache\hosted\pub.dev\path_provider-2.1.5\
[        ] [   +4 ms] Found plugin path_provider_foundation at C:\Users\DENNISMUTUKU\AppData\Local\Pub\Cache\hosted\pub.dev\path_provider_foundation-2.6.0\
[        ] [  +41 ms] Found plugin path_provider_android at C:\Users\DENNISMUTUKU\AppData\Local\Pub\Cache\hosted\pub.dev\path_provider_android-2.2.22\
[  +92 ms] [  +64 ms] Skipping generating dart_plugin_registrant.dart because it is up-to-date.
[   +3 ms] [        ] gen_dart_plugin_registrant: Complete
[        ] [   +8 ms] kernel_snapshot_program: Starting due to {}
[   +1 ms] [  +39 ms] C:\Users\DENNISMUTUKU\Downloads\flutter_windows_3.38.4-stable\flutter\bin\cache\dart-sdk\bin\dartaotruntime.exe C:\Users\DENNISMUTUKU\Downloads\flutter_windows_3.38.4-stable\flutter\bin\cache\dart-sdk\bin\snapshots\frontend_server_aot.dart.snapshot --sdk-root C:\Users\DENNISMUTUKU\Downloads\flutter_windows_3.38.4-stable\flutter\bin\cache\artifacts\engine\common\flutter_patched_sdk/ --target=flutter --no-print-incremental-dependencies -DFLUTTER_VERSION=3.38.4 -DFLUTTER_CHANNEL=stable -DFLUTTER_GIT_URL=https://github.com/flutter/flutter.git -DFLUTTER_FRAMEWORK_REVISION=66dd93f9a2 -DFLUTTER_ENGINE_REVISION=a5cb96369e -DFLUTTER_DART_VERSION=3.10.3 -DFLUTTER_APP_FLAVOR= -Ddart.vm.profile=false -Ddart.vm.product=false --enable-asserts --track-widget-creation --no-link-platform --packages C:\xampp\htdocs\pace.com\wispapp\.dart_tool\package_config.json --output-dill C:\xampp\htdocs\pace.com\wispapp\.dart_tool\flutter_build\678a9dc3c6f6c31f44e72436034b7c8c\app.dill --depfile C:\xampp\htdocs\pace.com\wispapp\.dart_tool\flutter_build\678a9dc3c6f6c31f44e72436034b7c8c\kernel_snapshot_program.d --incremental --initialize-from-dill C:\xampp\htdocs\pace.com\wispapp\.dart_tool\flutter_build\678a9dc3c6f6c31f44e72436034b7c8c\app.dill --source file:///C:/xampp/htdocs/pace.com/wispapp/.dart_tool/flutter_build/dart_plugin_registrant.dart --source package:flutter/src/dart_plugin_registrant.dart -Dflutter.dart_plugin_registrant=file:///C:/xampp/htdocs/pace.com/wispapp/.dart_tool/flutter_build/dart_plugin_registrant.dart --verbosity=error package:pacewisp/main.dart
[+3424 ms] [+3422 ms] input.json contents:
[        ]            {
[        ]              "assets": {},
[        ]              "config": {
[        ]                "build_asset_types": [
[        ]                  "code_assets/code"
[        ]                ],
[        ]                "extensions": {
[        ]                  "code_assets": {
[   +1 ms]                    "android": {
[        ]                      "target_ndk_api": 24
[        ]                    },
[        ]                    "c_compiler": {
[        ]                      "ar": "C:\\Users\\DENNISMUTUKU\\AppData\\Local\\Android\\sdk\\ndk\\29.0.14206865\\toolchains\\llvm\\prebuilt\\windows-x86_64\\bin\\llvm-ar.exe",
[        ]                      "cc": "C:\\Users\\DENNISMUTUKU\\AppData\\Local\\Android\\sdk\\ndk\\29.0.14206865\\toolchains\\llvm\\prebuilt\\windows-x86_64\\bin\\clang.exe",
[        ]                      "ld": "C:\\Users\\DENNISMUTUKU\\AppData\\Local\\Android\\sdk\\ndk\\29.0.14206865\\toolchains\\llvm\\prebuilt\\windows-x86_64\\bin\\ld.lld.exe"
[        ]                    },
[        ]                    "link_mode_preference": "dynamic",
[        ]                    "target_architecture": "arm",
[        ]                    "target_os": "android"
[        ]                  }
[        ]                },
[        ]                "linking_enabled": false
[        ]              },
[        ]              "out_dir_shared": "C:\\xampp\\htdocs\\pace.com\\wispapp\\.dart_tool\\hooks_runner\\shared\\objective_c\\build\\",
[        ]              "out_file": "C:\\xampp\\htdocs\\pace.com\\wispapp\\.dart_tool\\hooks_runner\\objective_c\\c67c46f2d746dcbd46bfdfda2597f009\\output.json",
[        ]              "package_name": "objective_c",
[        ]              "package_root": "C:\\Users\\DENNISMUTUKU\\AppData\\Local\\Pub\\Cache\\hosted\\pub.dev\\objective_c-9.3.0\\",
[        ]              "user_defines": {}
[        ]            }
[        ] [  +10 ms] Running `(cd C:\Users\DENNISMUTUKU\AppData\Local\Pub\Cache\hosted\pub.dev\objective_c-9.3.0\; PATH=C:\Program Files\Android\Android Studio\jbr\bin;C:\Program Files\Eclipse Adoptium\jdk-17.0.18.8-hotspot\bin;C:\WINDOWS\system32;C:\WINDOWS;C:\WINDOWS\System32\Wbem;C:\WINDOWS\System32\WindowsPowerShell\v1.0\;C:\WINDOWS\System32\OpenSSH\;C:\Program Files\Git\cmd;C:\Program Files\nodejs\;C:\Users\DENNISMUTUKU\AppData\Local\Android\Sdk\platform-tools;C:\Program Files\dotnet\;C:\Program Files (x86)\Windows Kits\10\Windows Performance Toolkit\;C:\Users\DENNISMUTUKU\.cargo\bin;C:\Users\DENNISMUTUKU\anaconda3;C:\Users\DENNISMUTUKU\anaconda3\Library\mingw-w64\bin;C:\Users\DENNISMUTUKU\anaconda3\Library\usr\bin;C:\Users\DENNISMUTUKU\anaconda3\Library\bin;C:\Users\DENNISMUTUKU\anaconda3\Scripts;C:\Users\DENNISMUTUKU\AppData\Local\Programs\Python\Python310\Scripts\;C:\Users\DENNISMUTUKU\AppData\Local\Programs\Python\Python310\;C:\Users\DENNISMUTUKU\AppData\Local\Microsoft\WindowsApps;C:\Users\DENNISMUTUKU\AppData\Local\Programs\Microsoft VS Code\bin;C:\Users\DENNISMUTUKU\AppData\Roaming\npm;C:\Users\DENNISMUTUKU\AppData\Local\GitHubDesktop\bin;C:\Users\DENNISMUTUKU\AppData\Local\Android\Sdk\platform-tools;C:\ffmpeg\bin;C:\Users\DENNISMUTUKU\AppData\Local\Programs\Antigravity\bin;C:\Users\DENNISMUTUKU\Downloads\flutter_windows_3.38.4-stable\flutter\bin;C:\xampp\php;C:\Users\DENNISMUTUKU\composer;C:\Users\DENNISMUTUKU\AppData\Roaming\Composer\vendor\bin;C:\Users\DENNISMUTUKU\Downloads\flutter_windows_3.38.4-stable\flutter\bin\mingit\cmd;C:\Users\DENNISMUTUKU\Downloads\flutter_windows_3.38.4-stable\flutter\bin\mingit\cmd PROGRAMDATA=C:\ProgramData SYSTEMDRIVE=C: SYSTEMROOT=C:\WINDOWS TEMP=C:\Users\DENNIS~1\AppData\Local\Temp TMP=C:\Users\DENNIS~1\AppData\Local\Temp USERPROFILE=C:\Users\DENNISMUTUKU WINDIR=C:\WINDOWS C:\Users\DENNISMUTUKU\Downloads\flutter_windows_3.38.4-stable\flutter\bin\cache\dart-sdk\bin\dart --packages=C:\xampp\htdocs\pace.com\wispapp\.dart_tool\package_config.json C:\xampp\htdocs\pace.com\wispapp\.dart_tool\hooks_runner\objective_c\c67c46f2d746dcbd46bfdfda2597f009\hook.dill --config=C:\xampp\htdocs\pace.com\wispapp\.dart_tool\hooks_runner\objective_c\c67c46f2d746dcbd46bfdfda2597f009\input.json )`.
[+1176 ms] [+1116 ms] output.json contents:
[        ]            {
[  +19 ms]              "assets_for_linking": {},
[   +1 ms]              "status": "success",
[        ]              "timestamp": "2026-03-06 18:55:25.000"
[        ]            }
[        ] [  +53 ms] Building native assets for android_arm done.
[        ] [   +5 ms] dart_build: Complete
[  +77 ms] [  +30 ms] install_code_assets: Starting due to {}
[        ] [  +30 ms] Writing native assets json to file:///C:/xampp/htdocs/pace.com/wispapp/.dart_tool/flutter_build/678a9dc3c6f6c31f44e72436034b7c8c/native_assets.json.
[        ] [   +2 ms] Writing C:\xampp\htdocs\pace.com\wispapp\.dart_tool\flutter_build\678a9dc3c6f6c31f44e72436034b7c8c\native_assets.json done.
[   +9 ms] [   +2 ms] install_code_assets: Complete
[+13878 ms] [+13853 ms] kernel_snapshot_program: Complete
[+1492 ms] [+1556 ms] debug_android_application: Starting due to {}
[ +348 ms] [ +260 ms] Manifest contained wildcard assets. Inserting missing file into build graph to force rerun. for more information see #56466.
[        ] [  +66 ms] shaderc command: [C:\Users\DENNISMUTUKU\Downloads\flutter_windows_3.38.4-stable\flutter\bin\cache\artifacts\engine\windows-x64\impellerc.exe, --sksl, --runtime-stage-gles, --runtime-stage-gles3, --runtime-stage-vulkan, --iplr, --sl=C:\xampp\htdocs\pace.com\wispapp\build\app\intermediates\flutter\debug\flutter_assets\shaders/ink_sparkle.frag, --spirv=C:\xampp\htdocs\pace.com\wispapp\build\app\intermediates\flutter\debug\flutter_assets\shaders/ink_sparkle.frag.spirv, --input=C:\Users\DENNISMUTUKU\Downloads\flutter_windows_3.38.4-stable\flutter\packages\flutter\lib\src\material\shaders\ink_sparkle.frag, --input-type=frag, --include=C:\Users\DENNISMUTUKU\Downloads\flutter_windows_3.38.4-stable\flutter\packages\flutter\lib\src\material\shaders, --include=C:\Users\DENNISMUTUKU\Downloads\flutter_windows_3.38.4-stable\flutter\bin\cache\artifacts\engine\windows-x64\shader_lib]
[   +1 ms] [   +1 ms] shaderc command: [C:\Users\DENNISMUTUKU\Downloads\flutter_windows_3.38.4-stable\flutter\bin\cache\artifacts\engine\windows-x64\impellerc.exe, --sksl, --runtime-stage-gles, --runtime-stage-gles3, --runtime-stage-vulkan, --iplr, --sl=C:\xampp\htdocs\pace.com\wispapp\build\app\intermediates\flutter\debug\flutter_assets\shaders/stretch_effect.frag, --spirv=C:\xampp\htdocs\pace.com\wispapp\build\app\intermediates\flutter\debug\flutter_assets\shaders/stretch_effect.frag.spirv, --input=C:\Users\DENNISMUTUKU\Downloads\flutter_windows_3.38.4-stable\flutter\packages\flutter\lib\src\material\shaders\stretch_effect.frag, --input-type=frag, --include=C:\Users\DENNISMUTUKU\Downloads\flutter_windows_3.38.4-stable\flutter\packages\flutter\lib\src\material\shaders, --include=C:\Users\DENNISMUTUKU\Downloads\flutter_windows_3.38.4-stable\flutter\bin\cache\artifacts\engine\windows-x64\shader_lib]
[+1856 ms] [+1904 ms] debug_android_application: Complete
[+1193 ms] [+1146 ms] Persisting file store
[        ] [  +22 ms] Done persisting file store
[ +109 ms] [  +35 ms] build succeeded.
[        ] [  +16 ms] "flutter assemble" took 24,785ms.
[  +91 ms] [ +126 ms] Running 1 shutdown hook
[        ] [   +1 ms] Shutdown hooks complete
[ +294 ms] [ +265 ms] exiting with code 0
[ +201 ms] Resolve mutations for :app:packJniLibsflutterBuildDebug (Thread[#130,Execution worker,5,main]) started.
[   +1 ms] :app:packJniLibsflutterBuildDebug (Thread[#129,included builds,5,main]) started.
[ +109 ms] > Task :app:packJniLibsflutterBuildDebug
[   +1 ms] Caching disabled for task ':app:packJniLibsflutterBuildDebug' because:
[        ]   Build cache is disabled
[   +4 ms]   Not worth caching
[        ] Task ':app:packJniLibsflutterBuildDebug' is not up-to-date because:
[        ]   Output property 'archiveFile' file C:\xampp\htdocs\pace.com\wispapp\build\app\intermediates\flutter\debug\libs.jar has been removed.
[        ] file or directory 'C:\xampp\htdocs\pace.com\wispapp\build\app\intermediates\flutter\debug\armeabi-v7a', not found
[        ] file or directory 'C:\xampp\htdocs\pace.com\wispapp\build\native_assets\android\jniLibs\lib\armeabi-v7a', not found
[        ] Resolve mutations for :path_provider_android:preBuild (Thread[#129,included builds,5,main]) started.
[        ] :path_provider_android:preBuild (Thread[#130,Execution worker,5,main]) started.
[        ] > Task :path_provider_android:preBuild UP-TO-DATE
[        ] Skipping task ':path_provider_android:preBuild' as it has no actions.
[        ] Resolve mutations for :path_provider_android:preDebugBuild (Thread[#129,included builds,5,main]) started.
[        ] :path_provider_android:preDebugBuild (Thread[#129,included builds,5,main]) started.
[        ] > Task :path_provider_android:preDebugBuild UP-TO-DATE
[        ] Skipping task ':path_provider_android:preDebugBuild' as it has no actions.
[        ] Resolve mutations for :path_provider_android:writeDebugAarMetadata (Thread[#129,included builds,5,main]) started.
[        ] :path_provider_android:writeDebugAarMetadata (Thread[#129,included builds,5,main]) started.
[  +89 ms] Resolve mutations for :shared_preferences_android:preBuild (Thread[#130,Execution worker,5,main]) started.
[   +2 ms] :shared_preferences_android:preBuild (Thread[#130,Execution worker,5,main]) started.
[        ] > Task :shared_preferences_android:preBuild UP-TO-DATE
[        ] Skipping task ':shared_preferences_android:preBuild' as it has no actions.
[        ] Resolve mutations for :shared_preferences_android:preDebugBuild (Thread[#130,Execution worker,5,main]) started.
[        ] :shared_preferences_android:preDebugBuild (Thread[#130,Execution worker,5,main]) started.
[   +1 ms] > Task :shared_preferences_android:preDebugBuild UP-TO-DATE
[        ] Skipping task ':shared_preferences_android:preDebugBuild' as it has no actions.
[        ] Resolve mutations for :shared_preferences_android:writeDebugAarMetadata (Thread[#130,Execution worker,5,main]) started.
[        ] :shared_preferences_android:writeDebugAarMetadata (Thread[#130,Execution worker,5,main]) started.
[        ] Resolve mutations for :app:cleanMergeDebugAssets (Thread[#131,Execution worker Thread 2,5,main]) started.
[        ] :app:cleanMergeDebugAssets (Thread[#131,Execution worker Thread 2,5,main]) started.
[        ] > Task :app:cleanMergeDebugAssets UP-TO-DATE
[        ] Caching disabled for task ':app:cleanMergeDebugAssets' because:
[        ]   Build cache is disabled
[   +1 ms] Task ':app:cleanMergeDebugAssets' is not up-to-date because:
[        ]   Task has not declared any outputs despite executing actions.
[        ] Resolve mutations for :app:mergeDebugShaders (Thread[#131,Execution worker Thread 2,5,main]) started.
[        ] :app:mergeDebugShaders (Thread[#131,Execution worker Thread 2,5,main]) started.
[        ] > Task :app:mergeDebugShaders UP-TO-DATE
[        ] Caching disabled for task ':app:mergeDebugShaders' because:
[        ]   Build cache is disabled
[        ]   Simple merging task
[        ] Skipping task ':app:mergeDebugShaders' as it is up-to-date.
[        ] Resolve mutations for :app:compileDebugShaders (Thread[#132,Execution worker Thread 3,5,main]) started.
[        ] :app:compileDebugShaders (Thread[#132,Execution worker Thread 3,5,main]) started.
[        ] > Task :app:compileDebugShaders NO-SOURCE
[        ] Skipping task ':app:compileDebugShaders' as it has no source files and no previous output files.
[        ] Resolve mutations for :app:generateDebugAssets (Thread[#132,Execution worker Thread 3,5,main]) started.
[        ] :app:generateDebugAssets (Thread[#132,Execution worker Thread 3,5,main]) started.
[        ] > Task :app:generateDebugAssets UP-TO-DATE
[        ] Skipping task ':app:generateDebugAssets' as it has no actions.
[        ] Resolve mutations for :path_provider_android:mergeDebugShaders (Thread[#132,Execution worker Thread 3,5,main]) started.
[        ] :path_provider_android:mergeDebugShaders (Thread[#132,Execution worker Thread 3,5,main]) started.
[        ] > Task :path_provider_android:writeDebugAarMetadata
[        ] Caching disabled for task ':path_provider_android:writeDebugAarMetadata' because:
[        ]   Build cache is disabled
[        ]   Caching has been disabled for the task
[        ] Task ':path_provider_android:writeDebugAarMetadata' is not up-to-date because:
[        ]   Output property 'output' file C:\xampp\htdocs\pace.com\wispapp\build\path_provider_android\intermediates\aar_metadata\debug\writeDebugAarMetadata\aar-metadata.properties has been removed.
[        ] > Task :shared_preferences_android:writeDebugAarMetadata
[   +3 ms] Caching disabled for task ':shared_preferences_android:writeDebugAarMetadata' because:
[        ]   Build cache is disabled
[        ]   Caching has been disabled for the task
[        ] Task ':shared_preferences_android:writeDebugAarMetadata' is not up-to-date because:
[        ]   Output property 'output' file C:\xampp\htdocs\pace.com\wispapp\build\shared_preferences_android\intermediates\aar_metadata\debug\writeDebugAarMetadata\aar-metadata.properties has been removed.
[  +83 ms] > Task :path_provider_android:mergeDebugShaders
[        ] Caching disabled for task ':path_provider_android:mergeDebugShaders' because:
[        ]   Build cache is disabled
[        ]   Simple merging task
[        ] Task ':path_provider_android:mergeDebugShaders' is not up-to-date because:
[        ]   No history is available.
[        ] The input changes require a full rebuild for incremental task ':path_provider_android:mergeDebugShaders'.
[        ] work action resolve aar-metadata.properties (project :shared_preferences_android) (Thread[#132,Execution worker Thread 3,5,main]) started.
[        ] work action resolve aar-metadata.properties (project :path_provider_android) (Thread[#130,Execution worker,5,main]) started.
[        ] Resolve mutations for :app:checkDebugAarMetadata (Thread[#130,Execution worker,5,main]) started.
[        ] :app:checkDebugAarMetadata (Thread[#130,Execution worker,5,main]) started.
[+1134 ms] Resolve mutations for :path_provider_android:compileDebugShaders (Thread[#132,Execution worker Thread 3,5,main]) started.
[   +1 ms] :path_provider_android:compileDebugShaders (Thread[#132,Execution worker Thread 3,5,main]) started.
[   +1 ms] > Task :path_provider_android:compileDebugShaders NO-SOURCE
[        ] Skipping task ':path_provider_android:compileDebugShaders' as it has no source files and no previous output files.
[   +1 ms] Resolve mutations for :path_provider_android:generateDebugAssets (Thread[#132,Execution worker Thread 3,5,main]) started.
[        ] :path_provider_android:generateDebugAssets (Thread[#132,Execution worker Thread 3,5,main]) started.
[        ] > Task :path_provider_android:generateDebugAssets UP-TO-DATE
[        ] Skipping task ':path_provider_android:generateDebugAssets' as it has no actions.
[        ] Resolve mutations for :path_provider_android:mergeDebugAssets (Thread[#132,Execution worker Thread 3,5,main]) started.
[        ] :path_provider_android:mergeDebugAssets (Thread[#132,Execution worker Thread 3,5,main]) started.
[        ] > Task :app:checkDebugAarMetadata
[        ] Caching disabled for task ':app:checkDebugAarMetadata' because:
[        ]   Build cache is disabled
[        ]   Caching has been disabled for the task
[        ] Task ':app:checkDebugAarMetadata' is not up-to-date because:
[        ]   Task has failed previously.
[        ] > Task :path_provider_android:mergeDebugAssets
[        ] Caching disabled for task ':path_provider_android:mergeDebugAssets' because:
[        ]   Build cache is disabled
[        ]   Simple merging task
[        ] Task ':path_provider_android:mergeDebugAssets' is not up-to-date because:
[        ]   No history is available.
[        ] The input changes require a full rebuild for incremental task ':path_provider_android:mergeDebugAssets'.
[        ] work action resolve mergeDebugAssets (project :path_provider_android) (Thread[#132,Execution worker Thread 3,5,main]) started.
[        ] Resolve mutations for :shared_preferences_android:mergeDebugShaders (Thread[#132,Execution worker Thread 3,5,main]) started.
[        ] :shared_preferences_android:mergeDebugShaders (Thread[#132,Execution worker Thread 3,5,main]) started.
[        ] > Task :shared_preferences_android:mergeDebugShaders
[        ] Caching disabled for task ':shared_preferences_android:mergeDebugShaders' because:
[   +1 ms]   Build cache is disabled
[        ]   Simple merging task
[        ] Task ':shared_preferences_android:mergeDebugShaders' is not up-to-date because:
[        ]   No history is available.
[        ] The input changes require a full rebuild for incremental task ':shared_preferences_android:mergeDebugShaders'.
[        ] Resolve mutations for :shared_preferences_android:compileDebugShaders (Thread[#129,included builds,5,main]) started.
[        ] :shared_preferences_android:compileDebugShaders (Thread[#129,included builds,5,main]) started.
[        ] > Task :shared_preferences_android:compileDebugShaders NO-SOURCE
[        ] Skipping task ':shared_preferences_android:compileDebugShaders' as it has no source files and no previous output files.
[        ] Resolve mutations for :shared_preferences_android:generateDebugAssets (Thread[#129,included builds,5,main]) started.
[        ] :shared_preferences_android:generateDebugAssets (Thread[#129,included builds,5,main]) started.
[        ] > Task :shared_preferences_android:generateDebugAssets UP-TO-DATE
[        ] Skipping task ':shared_preferences_android:generateDebugAssets' as it has no actions.
[        ] Resolve mutations for :shared_preferences_android:mergeDebugAssets (Thread[#129,included builds,5,main]) started.
[        ] :shared_preferences_android:mergeDebugAssets (Thread[#130,Execution worker,5,main]) started.
[ +572 ms] > Task :shared_preferences_android:mergeDebugAssets
[        ] Caching disabled for task ':shared_preferences_android:mergeDebugAssets' because:
[        ]   Build cache is disabled
[        ]   Simple merging task
[        ] Task ':shared_preferences_android:mergeDebugAssets' is not up-to-date because:
[        ]   No history is available.
[        ] The input changes require a full rebuild for incremental task ':shared_preferences_android:mergeDebugAssets'.
[        ] work action resolve mergeDebugAssets (project :shared_preferences_android) (Thread[#130,Execution worker,5,main]) started.
[        ] Resolve mutations for :app:mergeDebugAssets (Thread[#130,Execution worker,5,main]) started.
[        ] :app:mergeDebugAssets (Thread[#130,Execution worker,5,main]) started.
[ +676 ms] > Task :app:mergeDebugAssets
[        ] Caching disabled for AarTransform: C:\Users\DENNISMUTUKU\.gradle\caches\8.14\transforms\20f0791ef06de9a52b6d96cbab664067\transformed\preference-1.2.1 because:
[  +21 ms]   Build cache is disabled
[        ]   Caching not enabled.
[        ] Caching disabled for AarTransform: C:\Users\DENNISMUTUKU\.gradle\caches\8.14\transforms\5fb50349239706e8a6594e22cd560397\transformed\fragment-1.7.1 because:
[        ]   Build cache is disabled
[        ]   Caching not enabled.
[        ] Caching disabled for AarTransform: C:\Users\DENNISMUTUKU\.gradle\caches\8.14\transforms\e1f8ccb572a82359af91314c017bd1f9\transformed\fragment-ktx-1.7.1 because:
[        ]   Build cache is disabled
[        ]   Caching not enabled.
[        ] Caching disabled for AarTransform: C:\Users\DENNISMUTUKU\.gradle\caches\8.14\transforms\cee4f699ee102cd72037861d3fcdeceb\transformed\recyclerview-1.0.0 because:
[        ]   Build cache is disabled
[   +1 ms]   Caching not enabled.
[   +2 ms] Caching disabled for AarTransform: C:\Users\DENNISMUTUKU\.gradle\caches\8.14\transforms\667d45e2fbce9f096055a52553f53740\transformed\legacy-support-core-ui-1.0.0 because:
[        ]   Build cache is disabled
[        ]   Caching not enabled.
[        ] Caching disabled for AarTransform: C:\Users\DENNISMUTUKU\.gradle\caches\8.14\transforms\da4a15fbcbc29fba99562eca51c29027\transformed\appcompat-1.1.0 because:
[        ]   Build cache is disabled
[        ]   Caching not enabled.
[        ] Caching disabled for AarTransform: C:\Users\DENNISMUTUKU\.gradle\caches\8.14\transforms\631c1f23d2ad502a14bcd486bb3a0369\transformed\slidingpanelayout-1.2.0 because:
[        ]   Build cache is disabled
[        ]   Caching not enabled.
[        ] Caching disabled for AarTransform: C:\Users\DENNISMUTUKU\.gradle\caches\8.14\transforms\7217e782825a2d4d49e286a23835439b\transformed\window-1.2.0 because:
[        ]   Build cache is disabled
[        ]   Caching not enabled.
[        ] Caching disabled for AarTransform: C:\Users\DENNISMUTUKU\.gradle\caches\8.14\transforms\684fec45a4a4620be950d54dccaf82cd\transformed\window-java-1.2.0 because:
[        ]   Build cache is disabled
[        ]   Caching not enabled.
[        ] Caching disabled for AarTransform: C:\Users\DENNISMUTUKU\.gradle\caches\8.14\transforms\34a2e94553db54bf67e7425810171014\transformed\activity-ktx-1.8.1 because:
[        ]   Build cache is disabled
[        ]   Caching not enabled.
[        ] Caching disabled for AarTransform: C:\Users\DENNISMUTUKU\.gradle\caches\8.14\transforms\1e42bd289ddf0f442a3fc01efb84d3ba\transformed\activity-1.8.1 because:
[  +11 ms]   Build cache is disabled
[        ]   Caching not enabled.
[        ] Caching disabled for AarTransform: C:\Users\DENNISMUTUKU\.gradle\caches\8.14\transforms\ea130cff24ffba33708d14df29a80af5\transformed\legacy-support-core-utils-1.0.0 because:
[        ]   Build cache is disabled
[   +7 ms]   Caching not enabled.
[  +13 ms] Caching disabled for AarTransform: C:\Users\DENNISMUTUKU\.gradle\caches\8.14\transforms\0b8c65722c66640cf120e60317d42362\transformed\loader-1.0.0 because:
[   +1 ms]   Build cache is disabled
[   +1 ms]   Caching not enabled.
[   +1 ms] Caching disabled for AarTransform: C:\Users\DENNISMUTUKU\.gradle\caches\8.14\transforms\7be6cf4f52d84b0f524b317232df5d4c\transformed\viewpager-1.0.0 because:
[  +11 ms]   Build cache is disabled
[   +3 ms]   Caching not enabled.
[        ] Caching disabled for AarTransform: C:\Users\DENNISMUTUKU\.gradle\caches\8.14\transforms\b9ef6a065b155aa9a3e13b9994ab4cbb\transformed\lifecycle-runtime-ktx-2.7.0 because:
[        ]   Build cache is disabled
[        ]   Caching not enabled.
[        ] Caching disabled for AarTransform: C:\Users\DENNISMUTUKU\.gradle\caches\8.14\transforms\ee9028989d5df242a30968eb14819a13\transformed\lifecycle-livedata-2.7.0 because:
[        ]   Build cache is disabled
[        ]   Caching not enabled.
[        ] Caching disabled for AarTransform: C:\Users\DENNISMUTUKU\.gradle\caches\8.14\transforms\95ee91d8a897d16eed1ef302f2de9371\transformed\lifecycle-livedata-core-ktx-2.7.0 because:
[        ]   Build cache is disabled
[        ]   Caching not enabled.
[        ] Caching disabled for AarTransform: C:\Users\DENNISMUTUKU\.gradle\caches\8.14\transforms\a5f0b265a897e69ca915ae7fa6ef7d22\transformed\lifecycle-viewmodel-ktx-2.7.0 because:
[        ]   Build cache is disabled
[        ]   Caching not enabled.
[        ] Caching disabled for AarTransform: C:\Users\DENNISMUTUKU\.gradle\caches\8.14\transforms\608dfc9e2582f51b81c1485fd62d55da\transformed\lifecycle-viewmodel-2.7.0 because:
[        ]   Build cache is disabled
[        ]   Caching not enabled.
[        ] Caching disabled for AarTransform: C:\Users\DENNISMUTUKU\.gradle\caches\8.14\transforms\134d38681951a9cb59e105fa43ce6ab5\transformed\lifecycle-livedata-core-2.7.0 because:
[        ]   Build cache is disabled
[        ]   Caching not enabled.
[        ] Caching disabled for AarTransform: C:\Users\DENNISMUTUKU\.gradle\caches\8.14\transforms\57a4845aed7b5ba78f501c04d4c94c43\transformed\lifecycle-viewmodel-savedstate-2.7.0 because:
[        ]   Build cache is disabled
[        ]   Caching not enabled.
[        ] Caching disabled for AarTransform: C:\Users\DENNISMUTUKU\.gradle\caches\8.14\transforms\bd7e8451c9c7af9c0727ed7672bd833e\transformed\core-ktx-1.13.1 because:
[        ]   Build cache is disabled
[        ]   Caching not enabled.
[        ] Caching disabled for AarTransform: C:\Users\DENNISMUTUKU\.gradle\caches\8.14\transforms\f0599c5c471bb535981725fdd49cabbb\transformed\drawerlayout-1.0.0 because:
[   +2 ms]   Build cache is disabled
[        ]   Caching not enabled.
[        ] Caching disabled for AarTransform: C:\Users\DENNISMUTUKU\.gradle\caches\8.14\transforms\c36d51e17c94fd6d2ee8508febe52585\transformed\appcompat-resources-1.1.0 because:
[        ]   Build cache is disabled
[        ]   Caching not enabled.
[        ] Caching disabled for AarTransform: C:\Users\DENNISMUTUKU\.gradle\caches\8.14\transforms\c044afd1082a0a46d8e1ae45510004de\transformed\coordinatorlayout-1.0.0 because:
[        ]   Build cache is disabled
[        ]   Caching not enabled.
[        ] Caching disabled for AarTransform: C:\Users\DENNISMUTUKU\.gradle\caches\8.14\transforms\38c13d54853ea3ced35ec2d6229fd2e6\transformed\customview-1.1.0 because:
[        ]   Build cache is disabled
[        ]   Caching not enabled.
[        ] Caching disabled for AarTransform: C:\Users\DENNISMUTUKU\.gradle\caches\8.14\transforms\fd9c0c018ac1b6d813c3385bd4b2b2d3\transformed\vectordrawable-animated-1.1.0 because:
[        ]   Build cache is disabled
[   +1 ms]   Caching not enabled.
[        ] Caching disabled for AarTransform: C:\Users\DENNISMUTUKU\.gradle\caches\8.14\transforms\33f4e0def5774c20cc99f97715e6a8a3\transformed\transition-1.4.1 because:
[        ]   Build cache is disabled
[        ]   Caching not enabled.
[        ] Caching disabled for AarTransform: C:\Users\DENNISMUTUKU\.gradle\caches\8.14\transforms\1dd861f3eb721f8a05e16b90d98c57e1\transformed\vectordrawable-1.1.0 because:
[        ]   Build cache is disabled
[        ]   Caching not enabled.
[        ] Caching disabled for AarTransform: C:\Users\DENNISMUTUKU\.gradle\caches\8.14\transforms\30e9bb160a15691def72cffe8d83518e\transformed\swiperefreshlayout-1.0.0 because:
[        ]   Build cache is disabled
[        ]   Caching not enabled.
[        ] Caching disabled for AarTransform: C:\Users\DENNISMUTUKU\.gradle\caches\8.14\transforms\303d75da538f5bc55f11884bb8fd86cd\transformed\asynclayoutinflater-1.0.0 because:
[        ]   Build cache is disabled
[        ]   Caching not enabled.
[        ] Caching disabled for AarTransform: C:\Users\DENNISMUTUKU\.gradle\caches\8.14\transforms\8cb437de8fdac72e2de918f9ee215ca3\transformed\core-1.13.1 because:
[        ]   Build cache is disabled
[        ]   Caching not enabled.
[        ] Caching disabled for AarTransform: C:\Users\DENNISMUTUKU\.gradle\caches\8.14\transforms\d148ff515f5aca379a93f0738fb87fa8\transformed\savedstate-ktx-1.2.1 because:
[        ]   Build cache is disabled
[        ]   Caching not enabled.
[        ] Caching disabled for AarTransform: C:\Users\DENNISMUTUKU\.gradle\caches\8.14\transforms\81bfdcaf88a095985faf642cd08a6310\transformed\lifecycle-runtime-2.7.0 because:
[        ]   Build cache is disabled
[        ]   Caching not enabled.
[        ] Caching disabled for AarTransform: C:\Users\DENNISMUTUKU\.gradle\caches\8.14\transforms\70c7f9c93d870d55aa75fb2befc1cc77\transformed\lifecycle-process-2.7.0 because:
[        ]   Build cache is disabled
[        ]   Caching not enabled.
[        ] Caching disabled for AarTransform: C:\Users\DENNISMUTUKU\.gradle\caches\8.14\transforms\a3c4bf2e80a7e6a2d3bfce7149bfaf69\transformed\savedstate-1.2.1 because:
[        ]   Build cache is disabled
[        ]   Caching not enabled.
[        ] Caching disabled for AarTransform: C:\Users\DENNISMUTUKU\.gradle\caches\8.14\transforms\df5ed31f6e2668fd0cb1284d2affc9c1\transformed\profileinstaller-1.3.1 because:
[        ]   Build cache is disabled
[        ]   Caching not enabled.
[        ] Caching disabled for AarTransform: C:\Users\DENNISMUTUKU\.gradle\caches\8.14\transforms\fac3bdbb065ba11aedd38e2ea2c0656c\transformed\startup-runtime-1.1.1 because:
[        ]   Build cache is disabled
[        ]   Caching not enabled.
[        ] Caching disabled for AarTransform: C:\Users\DENNISMUTUKU\.gradle\caches\8.14\transforms\f33585d6fc1e1b2a34e4c1d736d386ca\transformed\tracing-1.2.0 because:
[        ]   Build cache is disabled
[        ]   Caching not enabled.
[        ] Caching disabled for AarTransform: C:\Users\DENNISMUTUKU\.gradle\caches\8.14\transforms\f2b86e9c7312714eacb7763e5167c631\transformed\datastore-preferences-core-release because:
[        ]   Build cache is disabled
[        ]   Caching not enabled.
[        ] Caching disabled for AarTransform: C:\Users\DENNISMUTUKU\.gradle\caches\8.14\transforms\93c157b8fbb8b008a5b83470724eb4bd\transformed\datastore-core-release because:
[  +14 ms]   Build cache is disabled
[   +7 ms]   Caching not enabled.
[        ] Caching disabled for AarTransform: C:\Users\DENNISMUTUKU\.gradle\caches\8.14\transforms\43d340321be1a72ca103b8ccb695b392\transformed\datastore-release because:
[        ]   Build cache is disabled
[        ]   Caching not enabled.
[        ] Caching disabled for AarTransform: C:\Users\DENNISMUTUKU\.gradle\caches\8.14\transforms\62414a17cf0131c39753dba4695aafb1\transformed\datastore-preferences-release because:
[        ]   Build cache is disabled
[        ]   Caching not enabled.
[        ] Caching disabled for AarTransform: C:\Users\DENNISMUTUKU\.gradle\caches\8.14\transforms\95cdd7ca87255f13e4af9ad26a5e03dc\transformed\core-runtime-2.2.0 because:
[        ]   Build cache is disabled
[        ]   Caching not enabled.
[        ] Caching disabled for AarTransform: C:\Users\DENNISMUTUKU\.gradle\caches\8.14\transforms\75c850d93edffb1f0e79a2b1090091ce\transformed\versionedparcelable-1.1.1 because:
[        ]   Build cache is disabled
[        ]   Caching not enabled.
[        ] Caching disabled for AarTransform: C:\Users\DENNISMUTUKU\.gradle\caches\8.14\transforms\875ffbd89ac9c7dfd0a91922397ce327\transformed\interpolator-1.0.0 because:
[        ]   Build cache is disabled
[        ]   Caching not enabled.
[        ] Caching disabled for AarTransform: C:\Users\DENNISMUTUKU\.gradle\caches\8.14\transforms\2d0327b62ea36166e38eb124b816e651\transformed\cursoradapter-1.0.0 because:
[        ]   Build cache is disabled
[        ]   Caching not enabled.
[        ] Caching disabled for AarTransform: C:\Users\DENNISMUTUKU\.gradle\caches\8.14\transforms\8b553870adc7ac07c61aa64705ec7f72\transformed\core-1.0.0 because:
[        ]   Build cache is disabled
[        ]   Caching not enabled.
[        ] Caching disabled for AarTransform: C:\Users\DENNISMUTUKU\.gradle\caches\8.14\transforms\45aa20a8e5e8142607c49e5c21c65b2d\transformed\documentfile-1.0.0 because:
[        ]   Build cache is disabled
[        ]   Caching not enabled.
[        ] Caching disabled for AarTransform: C:\Users\DENNISMUTUKU\.gradle\caches\8.14\transforms\dbb8a6ef0d993a462b1eec6f87fba62f\transformed\print-1.0.0 because:
[        ]   Build cache is disabled
[        ]   Caching not enabled.
[        ] Caching disabled for AarTransform: C:\Users\DENNISMUTUKU\.gradle\caches\8.14\transforms\44f201f6ae2e842e99898292414fc732\transformed\annotation-experimental-1.4.0 because:
[        ]   Build cache is disabled
[        ]   Caching not enabled.
[        ] Caching disabled for AarTransform: C:\Users\DENNISMUTUKU\.gradle\caches\8.14\transforms\15a558128bbbec921e6710294f0a125f\transformed\relinker-1.4.5 because:
[        ]   Build cache is disabled
[        ]   Caching not enabled.
[        ] Caching disabled for AarTransform: C:\Users\DENNISMUTUKU\.gradle\caches\8.14\transforms\9ea5fb294ae16807016deb98f1fb4e50\transformed\localbroadcastmanager-1.0.0 because:
[        ]   Build cache is disabled
[        ]   Caching not enabled.
[        ] Caching disabled for task ':app:mergeDebugAssets' because:
[        ]   Build cache is disabled
[        ]   Simple merging task
[        ] Task ':app:mergeDebugAssets' is not up-to-date because:
[        ]   No history is available.
[        ] The input changes require a full rebuild for incremental task ':app:mergeDebugAssets'.
[   +1 ms] Resolve mutations for :app:copyFlutterAssetsDebug (Thread[#130,Execution worker,5,main]) started.
[        ] :app:copyFlutterAssetsDebug (Thread[#130,Execution worker,5,main]) started.
[ +458 ms] > Task :app:copyFlutterAssetsDebug
[   +1 ms] Caching disabled for task ':app:copyFlutterAssetsDebug' because:
[        ]   Build cache is disabled
[        ]   Not worth caching
[        ] Task ':app:copyFlutterAssetsDebug' is not up-to-date because:
[        ]   No history is available.
[        ] Resolve mutations for :app:generateDebugResValues (Thread[#130,Execution worker,5,main]) started.
[        ] :app:generateDebugResValues (Thread[#130,Execution worker,5,main]) started.
[        ] > Task :app:generateDebugResValues
[        ] Caching disabled for task ':app:generateDebugResValues' because:
[        ]   Build cache is disabled
[        ] Task ':app:generateDebugResValues' is not up-to-date because:
[        ]   No history is available.
[        ] Resolve mutations for :path_provider_android:generateDebugResValues (Thread[#130,Execution worker,5,main]) started.
[        ] :path_provider_android:generateDebugResValues (Thread[#130,Execution worker,5,main]) started.
[  +84 ms] > Task :path_provider_android:generateDebugResValues
[   +1 ms] Caching disabled for task ':path_provider_android:generateDebugResValues' because:
[        ]   Build cache is disabled
[        ] Task ':path_provider_android:generateDebugResValues' is not up-to-date because:
[        ]   No history is available.
[        ] Resolve mutations for :path_provider_android:generateDebugResources (Thread[#132,Execution worker Thread 3,5,main]) started.
[        ] :path_provider_android:generateDebugResources (Thread[#132,Execution worker Thread 3,5,main]) started.
[        ] > Task :path_provider_android:generateDebugResources
[        ] Caching disabled for task ':path_provider_android:generateDebugResources' because:
[        ]   Build cache is disabled
[        ] Task ':path_provider_android:generateDebugResources' is not up-to-date because:
[        ]   No history is available.
[        ] Resolve mutations for :path_provider_android:packageDebugResources (Thread[#132,Execution worker Thread 3,5,main]) started.
[        ] :path_provider_android:packageDebugResources (Thread[#132,Execution worker Thread 3,5,main]) started.
[ +114 ms] > Task :path_provider_android:packageDebugResources
[        ] Caching disabled for task ':path_provider_android:packageDebugResources' because:
[        ]   Build cache is disabled
[        ] Task ':path_provider_android:packageDebugResources' is not up-to-date because:
[        ]   No history is available.
[        ] The input changes require a full rebuild for incremental task ':path_provider_android:packageDebugResources'.
[   +1 ms] [MergeResources] Inputs are non-incremental full task action.
[        ] work action resolve packageDebugResources (project :path_provider_android) (Thread[#132,Execution worker Thread 3,5,main]) started.
[        ] Resolve mutations for :shared_preferences_android:generateDebugResValues (Thread[#132,Execution worker Thread 3,5,main]) started.
[        ] :shared_preferences_android:generateDebugResValues (Thread[#132,Execution worker Thread 3,5,main]) started.
[        ] > Task :shared_preferences_android:generateDebugResValues
[        ] Caching disabled for task ':shared_preferences_android:generateDebugResValues' because:
[        ]   Build cache is disabled
[        ] Task ':shared_preferences_android:generateDebugResValues' is not up-to-date because:
[        ]   No history is available.
[        ] Resolve mutations for :shared_preferences_android:generateDebugResources (Thread[#132,Execution worker Thread 3,5,main]) started.
[        ] :shared_preferences_android:generateDebugResources (Thread[#132,Execution worker Thread 3,5,main]) started.
[        ] > Task :shared_preferences_android:generateDebugResources
[        ] Caching disabled for task ':shared_preferences_android:generateDebugResources' because:
[        ]   Build cache is disabled
[        ] Task ':shared_preferences_android:generateDebugResources' is not up-to-date because:
[        ]   No history is available.
[        ] Resolve mutations for :shared_preferences_android:packageDebugResources (Thread[#132,Execution worker Thread 3,5,main]) started.
[        ] :shared_preferences_android:packageDebugResources (Thread[#132,Execution worker Thread 3,5,main]) started.
[        ] > Task :shared_preferences_android:packageDebugResources
[        ] Caching disabled for task ':shared_preferences_android:packageDebugResources' because:
[        ]   Build cache is disabled
[        ] Task ':shared_preferences_android:packageDebugResources' is not up-to-date because:
[        ]   No history is available.
[        ] The input changes require a full rebuild for incremental task ':shared_preferences_android:packageDebugResources'.
[        ] [MergeResources] Inputs are non-incremental full task action.
[        ] work action resolve packageDebugResources (project :shared_preferences_android) (Thread[#132,Execution worker Thread 3,5,main]) started.
[        ] Resolve mutations for :app:mapDebugSourceSetPaths (Thread[#132,Execution worker Thread 3,5,main]) started.
[        ] :app:mapDebugSourceSetPaths (Thread[#132,Execution worker Thread 3,5,main]) started.
[ +489 ms] > Task :app:mapDebugSourceSetPaths
[        ] Caching disabled for AarTransform: C:\Users\DENNISMUTUKU\.gradle\caches\8.14\transforms\20f0791ef06de9a52b6d96cbab664067\transformed\preference-1.2.1 because:
[        ]   Build cache is disabled
[   +1 ms]   Caching not enabled.
[        ] Caching disabled for AarTransform: C:\Users\DENNISMUTUKU\.gradle\caches\8.14\transforms\e1f8ccb572a82359af91314c017bd1f9\transformed\fragment-ktx-1.7.1 because:
[        ]   Build cache is disabled
[        ]   Caching not enabled.
[   +8 ms] Caching disabled for AarTransform: C:\Users\DENNISMUTUKU\.gradle\caches\8.14\transforms\5fb50349239706e8a6594e22cd560397\transformed\fragment-1.7.1 because:
[        ]   Build cache is disabled
[        ]   Caching not enabled.
[  +25 ms] Caching disabled for AarTransform: C:\Users\DENNISMUTUKU\.gradle\caches\8.14\transforms\da4a15fbcbc29fba99562eca51c29027\transformed\appcompat-1.1.0 because:
[   +1 ms]   Build cache is disabled
[        ]   Caching not enabled.
[        ] Caching disabled for AarTransform: C:\Users\DENNISMUTUKU\.gradle\caches\8.14\transforms\cee4f699ee102cd72037861d3fcdeceb\transformed\recyclerview-1.0.0 because:
[   +1 ms]   Build cache is disabled
[  +16 ms]   Caching not enabled.
[   +2 ms] Caching disabled for AarTransform: C:\Users\DENNISMUTUKU\.gradle\caches\8.14\transforms\667d45e2fbce9f096055a52553f53740\transformed\legacy-support-core-ui-1.0.0 because:
[        ]   Build cache is disabled
[        ]   Caching not enabled.
[        ] Caching disabled for AarTransform: C:\Users\DENNISMUTUKU\.gradle\caches\8.14\transforms\631c1f23d2ad502a14bcd486bb3a0369\transformed\slidingpanelayout-1.2.0 because:
[        ]   Build cache is disabled
[        ]   Caching not enabled.
[        ] Caching disabled for AarTransform: C:\Users\DENNISMUTUKU\.gradle\caches\8.14\transforms\7217e782825a2d4d49e286a23835439b\transformed\window-1.2.0 because:
[        ]   Build cache is disabled
[        ]   Caching not enabled.
[        ] Caching disabled for AarTransform: C:\Users\DENNISMUTUKU\.gradle\caches\8.14\transforms\34a2e94553db54bf67e7425810171014\transformed\activity-ktx-1.8.1 because:
[        ]   Build cache is disabled
[        ]   Caching not enabled.
[        ] Caching disabled for AarTransform: C:\Users\DENNISMUTUKU\.gradle\caches\8.14\transforms\684fec45a4a4620be950d54dccaf82cd\transformed\window-java-1.2.0 because:
[        ]   Build cache is disabled
[        ]   Caching not enabled.
[        ] Caching disabled for AarTransform: C:\Users\DENNISMUTUKU\.gradle\caches\8.14\transforms\1e42bd289ddf0f442a3fc01efb84d3ba\transformed\activity-1.8.1 because:
[        ]   Build cache is disabled
[        ]   Caching not enabled.
[        ] Caching disabled for AarTransform: C:\Users\DENNISMUTUKU\.gradle\caches\8.14\transforms\ea130cff24ffba33708d14df29a80af5\transformed\legacy-support-core-utils-1.0.0 because:
[        ]   Build cache is disabled
[        ]   Caching not enabled.
[        ] Caching disabled for AarTransform: C:\Users\DENNISMUTUKU\.gradle\caches\8.14\transforms\0b8c65722c66640cf120e60317d42362\transformed\loader-1.0.0 because:
[        ]   Build cache is disabled
[        ]   Caching not enabled.
[        ] Caching disabled for AarTransform: C:\Users\DENNISMUTUKU\.gradle\caches\8.14\transforms\b9ef6a065b155aa9a3e13b9994ab4cbb\transformed\lifecycle-runtime-ktx-2.7.0 because:
[        ]   Build cache is disabled
[   +1 ms]   Caching not enabled.
[        ] Caching disabled for AarTransform: C:\Users\DENNISMUTUKU\.gradle\caches\8.14\transforms\7be6cf4f52d84b0f524b317232df5d4c\transformed\viewpager-1.0.0 because:
[        ]   Build cache is disabled
[        ]   Caching not enabled.
[        ] Caching disabled for AarTransform: C:\Users\DENNISMUTUKU\.gradle\caches\8.14\transforms\ee9028989d5df242a30968eb14819a13\transformed\lifecycle-livedata-2.7.0 because:
[        ]   Build cache is disabled
[        ]   Caching not enabled.
[        ] Caching disabled for AarTransform: C:\Users\DENNISMUTUKU\.gradle\caches\8.14\transforms\95ee91d8a897d16eed1ef302f2de9371\transformed\lifecycle-livedata-core-ktx-2.7.0 because:
[        ]   Build cache is disabled
[        ]   Caching not enabled.
[        ] Caching disabled for AarTransform: C:\Users\DENNISMUTUKU\.gradle\caches\8.14\transforms\a5f0b265a897e69ca915ae7fa6ef7d22\transformed\lifecycle-viewmodel-ktx-2.7.0 because:
[        ]   Build cache is disabled
[        ]   Caching not enabled.
[        ] Caching disabled for AarTransform: C:\Users\DENNISMUTUKU\.gradle\caches\8.14\transforms\608dfc9e2582f51b81c1485fd62d55da\transformed\lifecycle-viewmodel-2.7.0 because:
[        ]   Build cache is disabled
[        ]   Caching not enabled.
[        ] Caching disabled for AarTransform: C:\Users\DENNISMUTUKU\.gradle\caches\8.14\transforms\134d38681951a9cb59e105fa43ce6ab5\transformed\lifecycle-livedata-core-2.7.0 because:
[        ]   Build cache is disabled
[        ]   Caching not enabled.
[        ] Caching disabled for AarTransform: C:\Users\DENNISMUTUKU\.gradle\caches\8.14\transforms\57a4845aed7b5ba78f501c04d4c94c43\transformed\lifecycle-viewmodel-savedstate-2.7.0 because:
[        ]   Build cache is disabled
[        ]   Caching not enabled.
[        ] Caching disabled for AarTransform: C:\Users\DENNISMUTUKU\.gradle\caches\8.14\transforms\bd7e8451c9c7af9c0727ed7672bd833e\transformed\core-ktx-1.13.1 because:
[        ]   Build cache is disabled
[        ]   Caching not enabled.
[        ] Caching disabled for AarTransform: C:\Users\DENNISMUTUKU\.gradle\caches\8.14\transforms\c36d51e17c94fd6d2ee8508febe52585\transformed\appcompat-resources-1.1.0 because:
[        ]   Build cache is disabled
[        ]   Caching not enabled.
[        ] Caching disabled for AarTransform: C:\Users\DENNISMUTUKU\.gradle\caches\8.14\transforms\f0599c5c471bb535981725fdd49cabbb\transformed\drawerlayout-1.0.0 because:
[        ]   Build cache is disabled
[        ]   Caching not enabled.
[        ] Caching disabled for AarTransform: C:\Users\DENNISMUTUKU\.gradle\caches\8.14\transforms\c044afd1082a0a46d8e1ae45510004de\transformed\coordinatorlayout-1.0.0 because:
[        ]   Build cache is disabled
[        ]   Caching not enabled.
[        ] Caching disabled for AarTransform: C:\Users\DENNISMUTUKU\.gradle\caches\8.14\transforms\38c13d54853ea3ced35ec2d6229fd2e6\transformed\customview-1.1.0 because:
[        ]   Build cache is disabled
[        ]   Caching not enabled.
[        ] Caching disabled for AarTransform: C:\Users\DENNISMUTUKU\.gradle\caches\8.14\transforms\1dd861f3eb721f8a05e16b90d98c57e1\transformed\vectordrawable-1.1.0 because:
[        ]   Build cache is disabled
[        ]   Caching not enabled.
[        ] Caching disabled for AarTransform: C:\Users\DENNISMUTUKU\.gradle\caches\8.14\transforms\33f4e0def5774c20cc99f97715e6a8a3\transformed\transition-1.4.1 because:
[        ]   Build cache is disabled
[        ]   Caching not enabled.
[        ] Caching disabled for AarTransform: C:\Users\DENNISMUTUKU\.gradle\caches\8.14\transforms\fd9c0c018ac1b6d813c3385bd4b2b2d3\transformed\vectordrawable-animated-1.1.0 because:
[        ]   Build cache is disabled
[        ]   Caching not enabled.
[        ] Caching disabled for AarTransform: C:\Users\DENNISMUTUKU\.gradle\caches\8.14\transforms\30e9bb160a15691def72cffe8d83518e\transformed\swiperefreshlayout-1.0.0 because:
[        ]   Build cache is disabled
[        ]   Caching not enabled.
[        ] Caching disabled for AarTransform: C:\Users\DENNISMUTUKU\.gradle\caches\8.14\transforms\303d75da538f5bc55f11884bb8fd86cd\transformed\asynclayoutinflater-1.0.0 because:
[        ]   Build cache is disabled
[        ]   Caching not enabled.
[        ] Caching disabled for AarTransform: C:\Users\DENNISMUTUKU\.gradle\caches\8.14\transforms\8cb437de8fdac72e2de918f9ee215ca3\transformed\core-1.13.1 because:
[        ]   Build cache is disabled
[        ]   Caching not enabled.
[        ] Caching disabled for AarTransform: C:\Users\DENNISMUTUKU\.gradle\caches\8.14\transforms\81bfdcaf88a095985faf642cd08a6310\transformed\lifecycle-runtime-2.7.0 because:
[        ]   Build cache is disabled
[        ]   Caching not enabled.
[        ] Caching disabled for AarTransform: C:\Users\DENNISMUTUKU\.gradle\caches\8.14\transforms\d148ff515f5aca379a93f0738fb87fa8\transformed\savedstate-ktx-1.2.1 because:
[   +4 ms]   Build cache is disabled
[        ]   Caching not enabled.
[        ] Caching disabled for AarTransform: C:\Users\DENNISMUTUKU\.gradle\caches\8.14\transforms\a3c4bf2e80a7e6a2d3bfce7149bfaf69\transformed\savedstate-1.2.1 because:
[   +1 ms]   Build cache is disabled
[        ]   Caching not enabled.
[        ] Caching disabled for AarTransform: C:\Users\DENNISMUTUKU\.gradle\caches\8.14\transforms\df5ed31f6e2668fd0cb1284d2affc9c1\transformed\profileinstaller-1.3.1 because:
[        ]   Build cache is disabled
[        ]   Caching not enabled.
[        ] Caching disabled for AarTransform: C:\Users\DENNISMUTUKU\.gradle\caches\8.14\transforms\70c7f9c93d870d55aa75fb2befc1cc77\transformed\lifecycle-process-2.7.0 because:
[        ]   Build cache is disabled
[        ]   Caching not enabled.
[        ] Caching disabled for AarTransform: C:\Users\DENNISMUTUKU\.gradle\caches\8.14\transforms\fac3bdbb065ba11aedd38e2ea2c0656c\transformed\startup-runtime-1.1.1 because:
[        ]   Build cache is disabled
[        ]   Caching not enabled.
[        ] Caching disabled for AarTransform: C:\Users\DENNISMUTUKU\.gradle\caches\8.14\transforms\f33585d6fc1e1b2a34e4c1d736d386ca\transformed\tracing-1.2.0 because:
[        ]   Build cache is disabled
[        ]   Caching not enabled.
[        ] Caching disabled for AarTransform: C:\Users\DENNISMUTUKU\.gradle\caches\8.14\transforms\f2b86e9c7312714eacb7763e5167c631\transformed\datastore-preferences-core-release because:
[        ]   Build cache is disabled
[        ]   Caching not enabled.
[        ] Caching disabled for AarTransform: C:\Users\DENNISMUTUKU\.gradle\caches\8.14\transforms\93c157b8fbb8b008a5b83470724eb4bd\transformed\datastore-core-release because:
[        ]   Build cache is disabled
[        ]   Caching not enabled.
[        ] Caching disabled for AarTransform: C:\Users\DENNISMUTUKU\.gradle\caches\8.14\transforms\62414a17cf0131c39753dba4695aafb1\transformed\datastore-preferences-release because:
[        ]   Build cache is disabled
[        ]   Caching not enabled.
[        ] Caching disabled for AarTransform: C:\Users\DENNISMUTUKU\.gradle\caches\8.14\transforms\43d340321be1a72ca103b8ccb695b392\transformed\datastore-release because:
[        ]   Build cache is disabled
[        ]   Caching not enabled.
[        ] Caching disabled for AarTransform: C:\Users\DENNISMUTUKU\.gradle\caches\8.14\transforms\95cdd7ca87255f13e4af9ad26a5e03dc\transformed\core-runtime-2.2.0 because:
[        ]   Build cache is disabled
[        ]   Caching not enabled.
[        ] Caching disabled for AarTransform: C:\Users\DENNISMUTUKU\.gradle\caches\8.14\transforms\75c850d93edffb1f0e79a2b1090091ce\transformed\versionedparcelable-1.1.1 because:
[        ]   Build cache is disabled
[        ]   Caching not enabled.
[        ] Caching disabled for AarTransform: C:\Users\DENNISMUTUKU\.gradle\caches\8.14\transforms\875ffbd89ac9c7dfd0a91922397ce327\transformed\interpolator-1.0.0 because:
[        ]   Build cache is disabled
[        ]   Caching not enabled.
[        ] Caching disabled for AarTransform: C:\Users\DENNISMUTUKU\.gradle\caches\8.14\transforms\2d0327b62ea36166e38eb124b816e651\transformed\cursoradapter-1.0.0 because:
[        ]   Build cache is disabled
[        ]   Caching not enabled.
[        ] Caching disabled for AarTransform: C:\Users\DENNISMUTUKU\.gradle\caches\8.14\transforms\8b553870adc7ac07c61aa64705ec7f72\transformed\core-1.0.0 because:
[        ]   Build cache is disabled
[        ]   Caching not enabled.
[        ] Caching disabled for AarTransform: C:\Users\DENNISMUTUKU\.gradle\caches\8.14\transforms\9ea5fb294ae16807016deb98f1fb4e50\transformed\localbroadcastmanager-1.0.0 because:
[        ]   Build cache is disabled
[        ]   Caching not enabled.
[        ] Caching disabled for AarTransform: C:\Users\DENNISMUTUKU\.gradle\caches\8.14\transforms\dbb8a6ef0d993a462b1eec6f87fba62f\transformed\print-1.0.0 because:
[        ]   Build cache is disabled
[        ]   Caching not enabled.
[        ] Caching disabled for AarTransform: C:\Users\DENNISMUTUKU\.gradle\caches\8.14\transforms\44f201f6ae2e842e99898292414fc732\transformed\annotation-experimental-1.4.0 because:
[        ]   Build cache is disabled
[        ]   Caching not enabled.
[        ] Caching disabled for AarTransform: C:\Users\DENNISMUTUKU\.gradle\caches\8.14\transforms\15a558128bbbec921e6710294f0a125f\transformed\relinker-1.4.5 because:
[        ]   Build cache is disabled
[        ]   Caching not enabled.
[        ] Caching disabled for AarTransform: C:\Users\DENNISMUTUKU\.gradle\caches\8.14\transforms\45aa20a8e5e8142607c49e5c21c65b2d\transformed\documentfile-1.0.0 because:
[        ]   Build cache is disabled
[        ]   Caching not enabled.
[        ] Caching disabled for task ':app:mapDebugSourceSetPaths' because:
[        ]   Build cache is disabled
[        ]   Caching has been disabled for the task
[        ] Task ':app:mapDebugSourceSetPaths' is not up-to-date because:
[        ]   No history is available.
[        ] Resolve mutations for :app:generateDebugResources (Thread[#132,Execution worker Thread 3,5,main]) started.
[        ] :app:generateDebugResources (Thread[#132,Execution worker Thread 3,5,main]) started.
[        ] > Task :app:generateDebugResources
[        ] Caching disabled for task ':app:generateDebugResources' because:
[        ]   Build cache is disabled
[        ] Task ':app:generateDebugResources' is not up-to-date because:
[        ]   No history is available.
[        ] Resolve mutations for :app:mergeDebugResources (Thread[#132,Execution worker Thread 3,5,main]) started.
[        ] :app:mergeDebugResources (Thread[#132,Execution worker Thread 3,5,main]) started.
[+1890 ms] > Task :app:mergeDebugResources
[        ] Caching disabled for task ':app:mergeDebugResources' because:
[        ]   Build cache is disabled
[        ] Task ':app:mergeDebugResources' is not up-to-date because:
[        ]   No history is available.
[        ] The input changes require a full rebuild for incremental task ':app:mergeDebugResources'.
[        ] [MergeResources] Inputs are non-incremental full task action.
[+1214 ms] Compiling XML table C:\xampp\htdocs\pace.com\wispapp\build\app\intermediates\incremental\debug\mergeDebugResources\merged.dir\values\values.xml to C:\xampp\htdocs\pace.com\wispapp\build\app\intermediates\merged_res\debug\mergeDebugResources\values_values.arsc.flat
[        ] Compiling XML table C:\xampp\htdocs\pace.com\wispapp\build\app\intermediates\incremental\debug\mergeDebugResources\merged.dir\values-pt\values-pt.xml to C:\xampp\htdocs\pace.com\wispapp\build\app\intermediates\merged_res\debug\mergeDebugResources\values-pt_values-pt.arsc.flat
[        ] Compiling XML table C:\xampp\htdocs\pace.com\wispapp\build\app\intermediates\incremental\debug\mergeDebugResources\merged.dir\values-hi\values-hi.xml to C:\xampp\htdocs\pace.com\wispapp\build\app\intermediates\merged_res\debug\mergeDebugResources\values-hi_values-hi.arsc.flat
[        ] Resolve mutations for :app:packageDebugResources (Thread[#130,Execution worker,5,main]) started.
[        ] :app:packageDebugResources (Thread[#130,Execution worker,5,main]) started.
[ +304 ms] > Task :app:packageDebugResources
[        ] Caching disabled for task ':app:packageDebugResources' because:
[        ]   Build cache is disabled
[        ] Task ':app:packageDebugResources' is not up-to-date because:
[        ]   No history is available.
[        ] The input changes require a full rebuild for incremental task ':app:packageDebugResources'.
[        ] [MergeResources] Inputs are non-incremental full task action.
[        ] Resolve mutations for :app:parseDebugLocalResources (Thread[#130,Execution worker,5,main]) started.
[        ] :app:parseDebugLocalResources (Thread[#130,Execution worker,5,main]) started.
[+1594 ms] > Task :app:mergeDebugResources
[        ] Compiling XML table C:\xampp\htdocs\pace.com\wispapp\build\app\intermediates\incremental\debug\mergeDebugResources\merged.dir\values-hu\values-hu.xml to C:\xampp\htdocs\pace.com\wispapp\build\app\intermediates\merged_res\debug\mergeDebugResources\values-hu_values-hu.arsc.flat
[        ] Compiling XML table C:\xampp\htdocs\pace.com\wispapp\build\app\intermediates\incremental\debug\mergeDebugResources\merged.dir\values-v17\values-v17.xml to C:\xampp\htdocs\pace.com\wispapp\build\app\intermediates\merged_res\debug\mergeDebugResources\values-v17_values-v17.arsc.flat
[        ] Compiling XML table C:\xampp\htdocs\pace.com\wispapp\build\app\intermediates\incremental\debug\mergeDebugResources\merged.dir\values-zh-rHK\values-zh-rHK.xml to C:\xampp\htdocs\pace.com\wispapp\build\app\intermediates\merged_res\debug\mergeDebugResources\values-zh-rHK_values-zh-rHK.arsc.flat
[        ] Compiling XML table C:\xampp\htdocs\pace.com\wispapp\build\app\intermediates\incremental\debug\mergeDebugResources\merged.dir\values-hr\values-hr.xml to C:\xampp\htdocs\pace.com\wispapp\build\app\intermediates\merged_res\debug\mergeDebugResources\values-hr_values-hr.arsc.flat
[        ] Compiling XML table C:\xampp\htdocs\pace.com\wispapp\build\app\intermediates\incremental\debug\mergeDebugResources\merged.dir\values-iw\values-iw.xml to C:\xampp\htdocs\pace.com\wispapp\build\app\intermediates\merged_res\debug\mergeDebugResources\values-iw_values-iw.arsc.flat
[        ] Compiling XML table C:\xampp\htdocs\pace.com\wispapp\build\app\intermediates\incremental\debug\mergeDebugResources\merged.dir\values-v18\values-v18.xml to C:\xampp\htdocs\pace.com\wispapp\build\app\intermediates\merged_res\debug\mergeDebugResources\values-v18_values-v18.arsc.flat
[        ] Compiling XML table C:\xampp\htdocs\pace.com\wispapp\build\app\intermediates\incremental\debug\mergeDebugResources\merged.dir\values-v21\values-v21.xml to C:\xampp\htdocs\pace.com\wispapp\build\app\intermediates\merged_res\debug\mergeDebugResources\values-v21_values-v21.arsc.flat
[        ] Compiling XML table C:\xampp\htdocs\pace.com\wispapp\build\app\intermediates\incremental\debug\mergeDebugResources\merged.dir\values-af\values-af.xml to C:\xampp\htdocs\pace.com\wispapp\build\app\intermediates\merged_res\debug\mergeDebugResources\values-af_values-af.arsc.flat
[        ] Compiling XML table C:\xampp\htdocs\pace.com\wispapp\build\app\intermediates\incremental\debug\mergeDebugResources\merged.dir\values-am\values-am.xml to C:\xampp\htdocs\pace.com\wispapp\build\app\intermediates\merged_res\debug\mergeDebugResources\values-am_values-am.arsc.flat
[        ] Compiling XML table C:\xampp\htdocs\pace.com\wispapp\build\app\intermediates\incremental\debug\mergeDebugResources\merged.dir\values-as\values-as.xml to C:\xampp\htdocs\pace.com\wispapp\build\app\intermediates\merged_res\debug\mergeDebugResources\values-as_values-as.arsc.flat
[        ] Compiling XML table C:\xampp\htdocs\pace.com\wispapp\build\app\intermediates\incremental\debug\mergeDebugResources\merged.dir\values-v22\values-v22.xml to C:\xampp\htdocs\pace.com\wispapp\build\app\intermediates\merged_res\debug\mergeDebugResources\values-v22_values-v22.arsc.flat
[        ] Compiling XML table C:\xampp\htdocs\pace.com\wispapp\build\app\intermediates\incremental\debug\mergeDebugResources\merged.dir\values-pt-rPT\values-pt-rPT.xml to C:\xampp\htdocs\pace.com\wispapp\build\app\intermediates\merged_res\debug\mergeDebugResources\values-pt-rPT_values-pt-rPT.arsc.flat
[        ] Compiling XML table C:\xampp\htdocs\pace.com\wispapp\build\app\intermediates\incremental\debug\mergeDebugResources\merged.dir\values-v28\values-v28.xml to C:\xampp\htdocs\pace.com\wispapp\build\app\intermediates\merged_res\debug\mergeDebugResources\values-v28_values-v28.arsc.flat
[        ] Compiling XML table C:\xampp\htdocs\pace.com\wispapp\build\app\intermediates\incremental\debug\mergeDebugResources\merged.dir\values-bg\values-bg.xml to C:\xampp\htdocs\pace.com\wispapp\build\app\intermediates\merged_res\debug\mergeDebugResources\values-bg_values-bg.arsc.flat
[        ] Compiling XML table C:\xampp\htdocs\pace.com\wispapp\build\app\intermediates\incremental\debug\mergeDebugResources\merged.dir\values-si\values-si.xml to C:\xampp\htdocs\pace.com\wispapp\build\app\intermediates\merged_res\debug\mergeDebugResources\values-si_values-si.arsc.flat
[        ] Compiling XML table C:\xampp\htdocs\pace.com\wispapp\build\app\intermediates\incremental\debug\mergeDebugResources\merged.dir\values-sq\values-sq.xml to C:\xampp\htdocs\pace.com\wispapp\build\app\intermediates\merged_res\debug\mergeDebugResources\values-sq_values-sq.arsc.flat
[        ] Compiling XML table C:\xampp\htdocs\pace.com\wispapp\build\app\intermediates\incremental\debug\mergeDebugResources\merged.dir\values-km\values-km.xml to C:\xampp\htdocs\pace.com\wispapp\build\app\intermediates\merged_res\debug\mergeDebugResources\values-km_values-km.arsc.flat
[        ] Compiling XML table C:\xampp\htdocs\pace.com\wispapp\build\app\intermediates\incremental\debug\mergeDebugResources\merged.dir\values-ja\values-ja.xml to C:\xampp\htdocs\pace.com\wispapp\build\app\intermediates\merged_res\debug\mergeDebugResources\values-ja_values-ja.arsc.flat
[        ] Compiling XML table C:\xampp\htdocs\pace.com\wispapp\build\app\intermediates\incremental\debug\mergeDebugResources\merged.dir\values-v24\values-v24.xml to C:\xampp\htdocs\pace.com\wispapp\build\app\intermediates\merged_res\debug\mergeDebugResources\values-v24_values-v24.arsc.flat
[        ] Compiling XML table C:\xampp\htdocs\pace.com\wispapp\build\app\intermediates\incremental\debug\mergeDebugResources\merged.dir\values-ro\values-ro.xml to C:\xampp\htdocs\pace.com\wispapp\build\app\intermediates\merged_res\debug\mergeDebugResources\values-ro_values-ro.arsc.flat
[   +1 ms] Compiling XML table C:\xampp\htdocs\pace.com\wispapp\build\app\intermediates\incremental\debug\mergeDebugResources\merged.dir\values-ru\values-ru.xml to C:\xampp\htdocs\pace.com\wispapp\build\app\intermediates\merged_res\debug\mergeDebugResources\values-ru_values-ru.arsc.flat
[        ] Compiling XML table C:\xampp\htdocs\pace.com\wispapp\build\app\intermediates\incremental\debug\mergeDebugResources\merged.dir\values-bs\values-bs.xml to C:\xampp\htdocs\pace.com\wispapp\build\app\intermediates\merged_res\debug\mergeDebugResources\values-bs_values-bs.arsc.flat
[        ] Compiling XML table C:\xampp\htdocs\pace.com\wispapp\build\app\intermediates\incremental\debug\mergeDebugResources\merged.dir\values-sl\values-sl.xml to C:\xampp\htdocs\pace.com\wispapp\build\app\intermediates\merged_res\debug\mergeDebugResources\values-sl_values-sl.arsc.flat
[        ] Compiling XML table C:\xampp\htdocs\pace.com\wispapp\build\app\intermediates\incremental\debug\mergeDebugResources\merged.dir\values-kk\values-kk.xml to C:\xampp\htdocs\pace.com\wispapp\build\app\intermediates\merged_res\debug\mergeDebugResources\values-kk_values-kk.arsc.flat
[        ] Compiling XML table C:\xampp\htdocs\pace.com\wispapp\build\app\intermediates\incremental\debug\mergeDebugResources\merged.dir\values-ko\values-ko.xml to C:\xampp\htdocs\pace.com\wispapp\build\app\intermediates\merged_res\debug\mergeDebugResources\values-ko_values-ko.arsc.flat
[        ] Compiling XML table C:\xampp\htdocs\pace.com\wispapp\build\app\intermediates\incremental\debug\mergeDebugResources\merged.dir\values-pt-rBR\values-pt-rBR.xml to C:\xampp\htdocs\pace.com\wispapp\build\app\intermediates\merged_res\debug\mergeDebugResources\values-pt-rBR_values-pt-rBR.arsc.flat
[        ] Compiling XML table C:\xampp\htdocs\pace.com\wispapp\build\app\intermediates\incremental\debug\mergeDebugResources\merged.dir\values-th\values-th.xml to C:\xampp\htdocs\pace.com\wispapp\build\app\intermediates\merged_res\debug\mergeDebugResources\values-th_values-th.arsc.flat
[        ] Compiling XML table C:\xampp\htdocs\pace.com\wispapp\build\app\intermediates\incremental\debug\mergeDebugResources\merged.dir\values-tr\values-tr.xml to C:\xampp\htdocs\pace.com\wispapp\build\app\intermediates\merged_res\debug\mergeDebugResources\values-tr_values-tr.arsc.flat
[        ] Compiling XML table C:\xampp\htdocs\pace.com\wispapp\build\app\intermediates\incremental\debug\mergeDebugResources\merged.dir\values-lt\values-lt.xml to C:\xampp\htdocs\pace.com\wispapp\build\app\intermediates\merged_res\debug\mergeDebugResources\values-lt_values-lt.arsc.flat
[        ] Compiling XML table C:\xampp\htdocs\pace.com\wispapp\build\app\intermediates\incremental\debug\mergeDebugResources\merged.dir\values-ur\values-ur.xml to C:\xampp\htdocs\pace.com\wispapp\build\app\intermediates\merged_res\debug\mergeDebugResources\values-ur_values-ur.arsc.flat
[        ] Compiling XML table C:\xampp\htdocs\pace.com\wispapp\build\app\intermediates\incremental\debug\mergeDebugResources\merged.dir\values-uz\values-uz.xml to C:\xampp\htdocs\pace.com\wispapp\build\app\intermediates\merged_res\debug\mergeDebugResources\values-uz_values-uz.arsc.flat
[        ] Compiling XML table C:\xampp\htdocs\pace.com\wispapp\build\app\intermediates\incremental\debug\mergeDebugResources\merged.dir\values-el\values-el.xml to C:\xampp\htdocs\pace.com\wispapp\build\app\intermediates\merged_res\debug\mergeDebugResources\values-el_values-el.arsc.flat
[        ] Compiling XML table C:\xampp\htdocs\pace.com\wispapp\build\app\intermediates\incremental\debug\mergeDebugResources\merged.dir\values-sw\values-sw.xml to C:\xampp\htdocs\pace.com\wispapp\build\app\intermediates\merged_res\debug\mergeDebugResources\values-sw_values-sw.arsc.flat
[        ] Compiling XML table C:\xampp\htdocs\pace.com\wispapp\build\app\intermediates\incremental\debug\mergeDebugResources\merged.dir\values-et\values-et.xml to C:\xampp\htdocs\pace.com\wispapp\build\app\intermediates\merged_res\debug\mergeDebugResources\values-et_values-et.arsc.flat
[        ] Compiling XML table C:\xampp\htdocs\pace.com\wispapp\build\app\intermediates\incremental\debug\mergeDebugResources\merged.dir\values-cs\values-cs.xml to C:\xampp\htdocs\pace.com\wispapp\build\app\intermediates\merged_res\debug\mergeDebugResources\values-cs_values-cs.arsc.flat
[        ] Compiling XML table C:\xampp\htdocs\pace.com\wispapp\build\app\intermediates\incremental\debug\mergeDebugResources\merged.dir\values-port\values-port.xml to C:\xampp\htdocs\pace.com\wispapp\build\app\intermediates\merged_res\debug\mergeDebugResources\values-port_values-port.arsc.flat
[        ] Compiling XML table C:\xampp\htdocs\pace.com\wispapp\build\app\intermediates\incremental\debug\mergeDebugResources\merged.dir\values-tl\values-tl.xml to C:\xampp\htdocs\pace.com\wispapp\build\app\intermediates\merged_res\debug\mergeDebugResources\values-tl_values-tl.arsc.flat
[        ] Compiling XML table C:\xampp\htdocs\pace.com\wispapp\build\app\intermediates\incremental\debug\mergeDebugResources\merged.dir\values-nl\values-nl.xml to C:\xampp\htdocs\pace.com\wispapp\build\app\intermediates\merged_res\debug\mergeDebugResources\values-nl_values-nl.arsc.flat
[        ] Compiling XML table C:\xampp\htdocs\pace.com\wispapp\build\app\intermediates\incremental\debug\mergeDebugResources\merged.dir\values-fr\values-fr.xml to C:\xampp\htdocs\pace.com\wispapp\build\app\intermediates\merged_res\debug\mergeDebugResources\values-fr_values-fr.arsc.flat
[        ] Compiling XML table C:\xampp\htdocs\pace.com\wispapp\build\app\intermediates\incremental\debug\mergeDebugResources\merged.dir\values-en-rAU\values-en-rAU.xml to C:\xampp\htdocs\pace.com\wispapp\build\app\intermediates\merged_res\debug\mergeDebugResources\values-en-rAU_values-en-rAU.arsc.flat
[        ] Compiling XML table C:\xampp\htdocs\pace.com\wispapp\build\app\intermediates\incremental\debug\mergeDebugResources\merged.dir\values-lv\values-lv.xml to C:\xampp\htdocs\pace.com\wispapp\build\app\intermediates\merged_res\debug\mergeDebugResources\values-lv_values-lv.arsc.flat
[        ] Compiling XML table C:\xampp\htdocs\pace.com\wispapp\build\app\intermediates\incremental\debug\mergeDebugResources\merged.dir\values-land\values-land.xml to C:\xampp\htdocs\pace.com\wispapp\build\app\intermediates\merged_res\debug\mergeDebugResources\values-land_values-land.arsc.flat
[        ] Compiling XML table C:\xampp\htdocs\pace.com\wispapp\build\app\intermediates\incremental\debug\mergeDebugResources\merged.dir\values-pa\values-pa.xml to C:\xampp\htdocs\pace.com\wispapp\build\app\intermediates\merged_res\debug\mergeDebugResources\values-pa_values-pa.arsc.flat
[        ] Compiling XML table C:\xampp\htdocs\pace.com\wispapp\build\app\intermediates\incremental\debug\mergeDebugResources\merged.dir\values-mk\values-mk.xml to C:\xampp\htdocs\pace.com\wispapp\build\app\intermediates\merged_res\debug\mergeDebugResources\values-mk_values-mk.arsc.flat
[        ] Compiling image file C:\xampp\htdocs\pace.com\wispapp\android\app\src\main\res\mipmap-xxhdpi\ic_launcher.png
[        ] Compiling file C:\xampp\htdocs\pace.com\wispapp\android\app\src\main\res\mipmap-xxhdpi\ic_launcher.png to C:\xampp\htdocs\pace.com\wispapp\build\app\intermediates\merged_res\debug\mergeDebugResources\mipmap-xxhdpi_ic_launcher.png.flat
[        ] Compiling XML table C:\xampp\htdocs\pace.com\wispapp\build\app\intermediates\incremental\debug\mergeDebugResources\merged.dir\values-mr\values-mr.xml to C:\xampp\htdocs\pace.com\wispapp\build\app\intermediates\merged_res\debug\mergeDebugResources\values-mr_values-mr.arsc.flat
[        ] Compiling XML table C:\xampp\htdocs\pace.com\wispapp\build\app\intermediates\incremental\debug\mergeDebugResources\merged.dir\values-zh-rTW\values-zh-rTW.xml to C:\xampp\htdocs\pace.com\wispapp\build\app\intermediates\merged_res\debug\mergeDebugResources\values-zh-rTW_values-zh-rTW.arsc.flat
[        ] Compiling XML table C:\xampp\htdocs\pace.com\wispapp\build\app\intermediates\incremental\debug\mergeDebugResources\merged.dir\values-watch-v20\values-watch-v20.xml to C:\xampp\htdocs\pace.com\wispapp\build\app\intermediates\merged_res\debug\mergeDebugResources\values-watch-v20_values-watch-v20.arsc.flat
[        ] Compiling XML table C:\xampp\htdocs\pace.com\wispapp\build\app\intermediates\incremental\debug\mergeDebugResources\merged.dir\values-eu\values-eu.xml to C:\xampp\htdocs\pace.com\wispapp\build\app\intermediates\merged_res\debug\mergeDebugResources\values-eu_values-eu.arsc.flat
[        ] Compiling XML table C:\xampp\htdocs\pace.com\wispapp\build\app\intermediates\incremental\debug\mergeDebugResources\merged.dir\values-v16\values-v16.xml to C:\xampp\htdocs\pace.com\wispapp\build\app\intermediates\merged_res\debug\mergeDebugResources\values-v16_values-v16.arsc.flat
[        ] Compiling XML table C:\xampp\htdocs\pace.com\wispapp\build\app\intermediates\incremental\debug\mergeDebugResources\merged.dir\values-in\values-in.xml to C:\xampp\htdocs\pace.com\wispapp\build\app\intermediates\merged_res\debug\mergeDebugResources\values-in_values-in.arsc.flat
[        ] Compiling XML table C:\xampp\htdocs\pace.com\wispapp\build\app\intermediates\incremental\debug\mergeDebugResources\merged.dir\values-night-v8\values-night-v8.xml to C:\xampp\htdocs\pace.com\wispapp\build\app\intermediates\merged_res\debug\mergeDebugResources\values-night-v8_values-night-v8.arsc.flat
[        ] Compiling XML table C:\xampp\htdocs\pace.com\wispapp\build\app\intermediates\incremental\debug\mergeDebugResources\merged.dir\values-zh-rCN\values-zh-rCN.xml to C:\xampp\htdocs\pace.com\wispapp\build\app\intermediates\merged_res\debug\mergeDebugResources\values-zh-rCN_values-zh-rCN.arsc.flat
[        ] Compiling XML table C:\xampp\htdocs\pace.com\wispapp\build\app\intermediates\incremental\debug\mergeDebugResources\merged.dir\values-large-v4\values-large-v4.xml to C:\xampp\htdocs\pace.com\wispapp\build\app\intermediates\merged_res\debug\mergeDebugResources\values-large-v4_values-large-v4.arsc.flat
[        ] Compiling XML table C:\xampp\htdocs\pace.com\wispapp\build\app\intermediates\incremental\debug\mergeDebugResources\merged.dir\values-or\values-or.xml to C:\xampp\htdocs\pace.com\wispapp\build\app\intermediates\merged_res\debug\mergeDebugResources\values-or_values-or.arsc.flat
[        ] Compiling XML table C:\xampp\htdocs\pace.com\wispapp\build\app\intermediates\incremental\debug\mergeDebugResources\merged.dir\values-sw360dp-v13\values-sw360dp-v13.xml to C:\xampp\htdocs\pace.com\wispapp\build\app\intermediates\merged_res\debug\mergeDebugResources\values-sw360dp-v13_values-sw360dp-v13.arsc.flat
[        ] Compiling image file C:\xampp\htdocs\pace.com\wispapp\android\app\src\main\res\mipmap-mdpi\ic_launcher.png
[        ] Compiling file C:\xampp\htdocs\pace.com\wispapp\android\app\src\main\res\mipmap-mdpi\ic_launcher.png to C:\xampp\htdocs\pace.com\wispapp\build\app\intermediates\merged_res\debug\mergeDebugResources\mipmap-mdpi_ic_launcher.png.flat
[        ] Compiling image file C:\xampp\htdocs\pace.com\wispapp\android\app\src\main\res\mipmap-xxxhdpi\ic_launcher.png
[        ] Compiling XML table C:\xampp\htdocs\pace.com\wispapp\build\app\intermediates\incremental\debug\mergeDebugResources\merged.dir\values-it\values-it.xml to C:\xampp\htdocs\pace.com\wispapp\build\app\intermediates\merged_res\debug\mergeDebugResources\values-it_values-it.arsc.flat
[        ] Compiling file C:\xampp\htdocs\pace.com\wispapp\android\app\src\main\res\mipmap-xxxhdpi\ic_launcher.png to C:\xampp\htdocs\pace.com\wispapp\build\app\intermediates\merged_res\debug\mergeDebugResources\mipmap-xxxhdpi_ic_launcher.png.flat
[        ] Compiling XML table C:\xampp\htdocs\pace.com\wispapp\build\app\intermediates\incremental\debug\mergeDebugResources\merged.dir\values-ar\values-ar.xml to C:\xampp\htdocs\pace.com\wispapp\build\app\intermediates\merged_res\debug\mergeDebugResources\values-ar_values-ar.arsc.flat
[        ] Compiling XML table C:\xampp\htdocs\pace.com\wispapp\build\app\intermediates\incremental\debug\mergeDebugResources\merged.dir\values-v23\values-v23.xml to C:\xampp\htdocs\pace.com\wispapp\build\app\intermediates\merged_res\debug\mergeDebugResources\values-v23_values-v23.arsc.flat
[        ] Compiling XML table C:\xampp\htdocs\pace.com\wispapp\build\app\intermediates\incremental\debug\mergeDebugResources\merged.dir\values-watch-v21\values-watch-v21.xml to C:\xampp\htdocs\pace.com\wispapp\build\app\intermediates\merged_res\debug\mergeDebugResources\values-watch-v21_values-watch-v21.arsc.flat
[        ] Compiling XML table C:\xampp\htdocs\pace.com\wispapp\build\app\intermediates\incremental\debug\mergeDebugResources\merged.dir\values-az\values-az.xml to C:\xampp\htdocs\pace.com\wispapp\build\app\intermediates\merged_res\debug\mergeDebugResources\values-az_values-az.arsc.flat
[   +1 ms] Compiling XML table C:\xampp\htdocs\pace.com\wispapp\build\app\intermediates\incremental\debug\mergeDebugResources\merged.dir\values-hy\values-hy.xml to C:\xampp\htdocs\pace.com\wispapp\build\app\intermediates\merged_res\debug\mergeDebugResources\values-hy_values-hy.arsc.flat
[        ] Compiling XML table C:\xampp\htdocs\pace.com\wispapp\build\app\intermediates\incremental\debug\mergeDebugResources\merged.dir\values-v26\values-v26.xml to C:\xampp\htdocs\pace.com\wispapp\build\app\intermediates\merged_res\debug\mergeDebugResources\values-v26_values-v26.arsc.flat
[        ] Compiling XML table C:\xampp\htdocs\pace.com\wispapp\build\app\intermediates\incremental\debug\mergeDebugResources\merged.dir\values-be\values-be.xml to C:\xampp\htdocs\pace.com\wispapp\build\app\intermediates\merged_res\debug\mergeDebugResources\values-be_values-be.arsc.flat
[   +1 ms] Compiling XML table C:\xampp\htdocs\pace.com\wispapp\build\app\intermediates\incremental\debug\mergeDebugResources\merged.dir\values-ldltr-v21\values-ldltr-v21.xml to C:\xampp\htdocs\pace.com\wispapp\build\app\intermediates\merged_res\debug\mergeDebugResources\values-ldltr-v21_values-ldltr-v21.arsc.flat
[        ] Compiling XML table C:\xampp\htdocs\pace.com\wispapp\build\app\intermediates\incremental\debug\mergeDebugResources\merged.dir\values-is\values-is.xml to C:\xampp\htdocs\pace.com\wispapp\build\app\intermediates\merged_res\debug\mergeDebugResources\values-is_values-is.arsc.flat
[        ] Compiling XML table C:\xampp\htdocs\pace.com\wispapp\build\app\intermediates\incremental\debug\mergeDebugResources\merged.dir\values-en-rCA\values-en-rCA.xml to C:\xampp\htdocs\pace.com\wispapp\build\app\intermediates\merged_res\debug\mergeDebugResources\values-en-rCA_values-en-rCA.arsc.flat
[        ] Compiling XML table C:\xampp\htdocs\pace.com\wispapp\build\app\intermediates\incremental\debug\mergeDebugResources\merged.dir\values-b+sr+Latn\values-b+sr+Latn.xml to C:\xampp\htdocs\pace.com\wispapp\build\app\intermediates\merged_res\debug\mergeDebugResources\values-b+sr+Latn_values-b+sr+Latn.arsc.flat
[        ] Compiling XML table C:\xampp\htdocs\pace.com\wispapp\build\app\intermediates\incremental\debug\mergeDebugResources\merged.dir\values-sk\values-sk.xml to C:\xampp\htdocs\pace.com\wispapp\build\app\intermediates\merged_res\debug\mergeDebugResources\values-sk_values-sk.arsc.flat
[        ] Compiling XML table C:\xampp\htdocs\pace.com\wispapp\build\app\intermediates\incremental\debug\mergeDebugResources\merged.dir\values-es-rUS\values-es-rUS.xml to C:\xampp\htdocs\pace.com\wispapp\build\app\intermediates\merged_res\debug\mergeDebugResources\values-es-rUS_values-es-rUS.arsc.flat
[        ] Compiling XML table C:\xampp\htdocs\pace.com\wispapp\build\app\intermediates\incremental\debug\mergeDebugResources\merged.dir\values-v25\values-v25.xml to C:\xampp\htdocs\pace.com\wispapp\build\app\intermediates\merged_res\debug\mergeDebugResources\values-v25_values-v25.arsc.flat
[        ] Compiling XML table C:\xampp\htdocs\pace.com\wispapp\build\app\intermediates\incremental\debug\mergeDebugResources\merged.dir\values-sr\values-sr.xml to C:\xampp\htdocs\pace.com\wispapp\build\app\intermediates\merged_res\debug\mergeDebugResources\values-sr_values-sr.arsc.flat
[        ] Compiling XML table C:\xampp\htdocs\pace.com\wispapp\build\app\intermediates\incremental\debug\mergeDebugResources\merged.dir\values-zu\values-zu.xml to C:\xampp\htdocs\pace.com\wispapp\build\app\intermediates\merged_res\debug\mergeDebugResources\values-zu_values-zu.arsc.flat
[        ] Compiling XML table C:\xampp\htdocs\pace.com\wispapp\build\app\intermediates\incremental\debug\mergeDebugResources\merged.dir\values-kn\values-kn.xml to C:\xampp\htdocs\pace.com\wispapp\build\app\intermediates\merged_res\debug\mergeDebugResources\values-kn_values-kn.arsc.flat
[        ] Compiling XML table C:\xampp\htdocs\pace.com\wispapp\build\app\intermediates\incremental\debug\mergeDebugResources\merged.dir\values-ky\values-ky.xml to C:\xampp\htdocs\pace.com\wispapp\build\app\intermediates\merged_res\debug\mergeDebugResources\values-ky_values-ky.arsc.flat
[        ] Compiling XML table C:\xampp\htdocs\pace.com\wispapp\build\app\intermediates\incremental\debug\mergeDebugResources\merged.dir\values-sw600dp-v13\values-sw600dp-v13.xml to C:\xampp\htdocs\pace.com\wispapp\build\app\intermediates\merged_res\debug\mergeDebugResources\values-sw600dp-v13_values-sw600dp-v13.arsc.flat
[        ] Compiling XML table C:\xampp\htdocs\pace.com\wispapp\build\app\intermediates\incremental\debug\mergeDebugResources\merged.dir\values-bn\values-bn.xml to C:\xampp\htdocs\pace.com\wispapp\build\app\intermediates\merged_res\debug\mergeDebugResources\values-bn_values-bn.arsc.flat
[   +3 ms] Compiling XML table C:\xampp\htdocs\pace.com\wispapp\build\app\intermediates\incremental\debug\mergeDebugResources\merged.dir\values-te\values-te.xml to C:\xampp\htdocs\pace.com\wispapp\build\app\intermediates\merged_res\debug\mergeDebugResources\values-te_values-te.arsc.flat
[        ] Compiling XML table C:\xampp\htdocs\pace.com\wispapp\build\app\intermediates\incremental\debug\mergeDebugResources\merged.dir\values-ka\values-ka.xml to C:\xampp\htdocs\pace.com\wispapp\build\app\intermediates\merged_res\debug\mergeDebugResources\values-ka_values-ka.arsc.flat
[        ] Compiling XML table C:\xampp\htdocs\pace.com\wispapp\build\app\intermediates\incremental\debug\mergeDebugResources\merged.dir\values-da\values-da.xml to C:\xampp\htdocs\pace.com\wispapp\build\app\intermediates\merged_res\debug\mergeDebugResources\values-da_values-da.arsc.flat
[        ] Compiling XML table C:\xampp\htdocs\pace.com\wispapp\build\app\intermediates\incremental\debug\mergeDebugResources\merged.dir\values-ca\values-ca.xml to C:\xampp\htdocs\pace.com\wispapp\build\app\intermediates\merged_res\debug\mergeDebugResources\values-ca_values-ca.arsc.flat
[        ] Compiling XML table C:\xampp\htdocs\pace.com\wispapp\build\app\intermediates\incremental\debug\mergeDebugResources\merged.dir\values-lo\values-lo.xml to C:\xampp\htdocs\pace.com\wispapp\build\app\intermediates\merged_res\debug\mergeDebugResources\values-lo_values-lo.arsc.flat
[        ] Compiling XML table C:\xampp\htdocs\pace.com\wispapp\build\app\intermediates\incremental\debug\mergeDebugResources\merged.dir\values-sv\values-sv.xml to C:\xampp\htdocs\pace.com\wispapp\build\app\intermediates\merged_res\debug\mergeDebugResources\values-sv_values-sv.arsc.flat
[        ] Compiling XML table C:\xampp\htdocs\pace.com\wispapp\build\app\intermediates\incremental\debug\mergeDebugResources\merged.dir\values-uk\values-uk.xml to C:\xampp\htdocs\pace.com\wispapp\build\app\intermediates\merged_res\debug\mergeDebugResources\values-uk_values-uk.arsc.flat
[        ] Compiling XML table C:\xampp\htdocs\pace.com\wispapp\build\app\intermediates\incremental\debug\mergeDebugResources\merged.dir\values-mn\values-mn.xml to C:\xampp\htdocs\pace.com\wispapp\build\app\intermediates\merged_res\debug\mergeDebugResources\values-mn_values-mn.arsc.flat
[        ] Compiling XML table C:\xampp\htdocs\pace.com\wispapp\build\app\intermediates\incremental\debug\mergeDebugResources\merged.dir\values-ta\values-ta.xml to C:\xampp\htdocs\pace.com\wispapp\build\app\intermediates\merged_res\debug\mergeDebugResources\values-ta_values-ta.arsc.flat
[        ] Compiling XML table C:\xampp\htdocs\pace.com\wispapp\build\app\intermediates\incremental\debug\mergeDebugResources\merged.dir\values-ms\values-ms.xml to C:\xampp\htdocs\pace.com\wispapp\build\app\intermediates\merged_res\debug\mergeDebugResources\values-ms_values-ms.arsc.flat
[        ] Compiling XML table C:\xampp\htdocs\pace.com\wispapp\build\app\intermediates\incremental\debug\mergeDebugResources\merged.dir\values-h720dp-v13\values-h720dp-v13.xml to C:\xampp\htdocs\pace.com\wispapp\build\app\intermediates\merged_res\debug\mergeDebugResources\values-h720dp-v13_values-h720dp-v13.arsc.flat
[        ] Compiling XML table C:\xampp\htdocs\pace.com\wispapp\build\app\intermediates\incremental\debug\mergeDebugResources\merged.dir\values-xlarge-v4\values-xlarge-v4.xml to C:\xampp\htdocs\pace.com\wispapp\build\app\intermediates\merged_res\debug\mergeDebugResources\values-xlarge-v4_values-xlarge-v4.arsc.flat
[        ] Compiling XML table C:\xampp\htdocs\pace.com\wispapp\build\app\intermediates\incremental\debug\mergeDebugResources\merged.dir\values-de\values-de.xml to C:\xampp\htdocs\pace.com\wispapp\build\app\intermediates\merged_res\debug\mergeDebugResources\values-de_values-de.arsc.flat
[        ] Compiling XML table C:\xampp\htdocs\pace.com\wispapp\build\app\intermediates\incremental\debug\mergeDebugResources\merged.dir\values-es\values-es.xml to C:\xampp\htdocs\pace.com\wispapp\build\app\intermediates\merged_res\debug\mergeDebugResources\values-es_values-es.arsc.flat
[        ] Compiling XML table C:\xampp\htdocs\pace.com\wispapp\build\app\intermediates\incremental\debug\mergeDebugResources\merged.dir\values-en-rIN\values-en-rIN.xml to C:\xampp\htdocs\pace.com\wispapp\build\app\intermediates\merged_res\debug\mergeDebugResources\values-en-rIN_values-en-rIN.arsc.flat
[        ] Compiling XML table C:\xampp\htdocs\pace.com\wispapp\build\app\intermediates\incremental\debug\mergeDebugResources\merged.dir\values-nb\values-nb.xml to C:\xampp\htdocs\pace.com\wispapp\build\app\intermediates\merged_res\debug\mergeDebugResources\values-nb_values-nb.arsc.flat
[        ] Compiling XML table C:\xampp\htdocs\pace.com\wispapp\build\app\intermediates\incremental\debug\mergeDebugResources\merged.dir\values-ml\values-ml.xml to C:\xampp\htdocs\pace.com\wispapp\build\app\intermediates\merged_res\debug\mergeDebugResources\values-ml_values-ml.arsc.flat
[        ] Compiling XML table C:\xampp\htdocs\pace.com\wispapp\build\app\intermediates\incremental\debug\mergeDebugResources\merged.dir\values-fr-rCA\values-fr-rCA.xml to C:\xampp\htdocs\pace.com\wispapp\build\app\intermediates\merged_res\debug\mergeDebugResources\values-fr-rCA_values-fr-rCA.arsc.flat
[        ] Compiling XML table C:\xampp\htdocs\pace.com\wispapp\build\app\intermediates\incremental\debug\mergeDebugResources\merged.dir\values-fa\values-fa.xml to C:\xampp\htdocs\pace.com\wispapp\build\app\intermediates\merged_res\debug\mergeDebugResources\values-fa_values-fa.arsc.flat
[        ] Compiling XML table C:\xampp\htdocs\pace.com\wispapp\build\app\intermediates\incremental\debug\mergeDebugResources\merged.dir\values-en-rXC\values-en-rXC.xml to C:\xampp\htdocs\pace.com\wispapp\build\app\intermediates\merged_res\debug\mergeDebugResources\values-en-rXC_values-en-rXC.arsc.flat
[  +17 ms] Compiling XML table C:\xampp\htdocs\pace.com\wispapp\build\app\intermediates\incremental\debug\mergeDebugResources\merged.dir\values-my\values-my.xml to C:\xampp\htdocs\pace.com\wispapp\build\app\intermediates\merged_res\debug\mergeDebugResources\values-my_values-my.arsc.flat
[        ] Compiling XML table C:\xampp\htdocs\pace.com\wispapp\build\app\intermediates\incremental\debug\mergeDebugResources\merged.dir\values-vi\values-vi.xml to C:\xampp\htdocs\pace.com\wispapp\build\app\intermediates\merged_res\debug\mergeDebugResources\values-vi_values-vi.arsc.flat
[        ] Compiling XML table C:\xampp\htdocs\pace.com\wispapp\build\app\intermediates\incremental\debug\mergeDebugResources\merged.dir\values-en-rGB\values-en-rGB.xml to C:\xampp\htdocs\pace.com\wispapp\build\app\intermediates\merged_res\debug\mergeDebugResources\values-en-rGB_values-en-rGB.arsc.flat
[        ] Compiling XML table C:\xampp\htdocs\pace.com\wispapp\build\app\intermediates\incremental\debug\mergeDebugResources\merged.dir\values-ne\values-ne.xml to C:\xampp\htdocs\pace.com\wispapp\build\app\intermediates\merged_res\debug\mergeDebugResources\values-ne_values-ne.arsc.flat
[  +25 ms] Compiling XML table C:\xampp\htdocs\pace.com\wispapp\build\app\intermediates\incremental\debug\mergeDebugResources\merged.dir\values-gu\values-gu.xml to C:\xampp\htdocs\pace.com\wispapp\build\app\intermediates\merged_res\debug\mergeDebugResources\values-gu_values-gu.arsc.flat
[        ] Compiling image file C:\xampp\htdocs\pace.com\wispapp\android\app\src\main\res\mipmap-hdpi\ic_launcher.png
[        ] Compiling file C:\xampp\htdocs\pace.com\wispapp\android\app\src\main\res\mipmap-hdpi\ic_launcher.png to C:\xampp\htdocs\pace.com\wispapp\build\app\intermediates\merged_res\debug\mergeDebugResources\mipmap-hdpi_ic_launcher.png.flat
[   +1 ms] Compiling XML table C:\xampp\htdocs\pace.com\wispapp\build\app\intermediates\incremental\debug\mergeDebugResources\merged.dir\values-fi\values-fi.xml to C:\xampp\htdocs\pace.com\wispapp\build\app\intermediates\merged_res\debug\mergeDebugResources\values-fi_values-fi.arsc.flat
[        ] Compiling image file C:\xampp\htdocs\pace.com\wispapp\android\app\src\main\res\mipmap-xhdpi\ic_launcher.png
[        ] Compiling file C:\xampp\htdocs\pace.com\wispapp\android\app\src\main\res\mipmap-xhdpi\ic_launcher.png to C:\xampp\htdocs\pace.com\wispapp\build\app\intermediates\merged_res\debug\mergeDebugResources\mipmap-xhdpi_ic_launcher.png.flat
[        ] Compiling XML table C:\xampp\htdocs\pace.com\wispapp\build\app\intermediates\incremental\debug\mergeDebugResources\merged.dir\values-hdpi-v4\values-hdpi-v4.xml to C:\xampp\htdocs\pace.com\wispapp\build\app\intermediates\merged_res\debug\mergeDebugResources\values-hdpi-v4_values-hdpi-v4.arsc.flat
[        ] Compiling XML table C:\xampp\htdocs\pace.com\wispapp\build\app\intermediates\incremental\debug\mergeDebugResources\merged.dir\values-gl\values-gl.xml to C:\xampp\htdocs\pace.com\wispapp\build\app\intermediates\merged_res\debug\mergeDebugResources\values-gl_values-gl.arsc.flat
[        ] Compiling XML table C:\xampp\htdocs\pace.com\wispapp\build\app\intermediates\incremental\debug\mergeDebugResources\merged.dir\values-pl\values-pl.xml to C:\xampp\htdocs\pace.com\wispapp\build\app\intermediates\merged_res\debug\mergeDebugResources\values-pl_values-pl.arsc.flat
[        ] Compiling xml file C:\xampp\htdocs\pace.com\wispapp\android\app\src\main\res\drawable-v21\launch_background.xml to C:\xampp\htdocs\pace.com\wispapp\build\app\intermediates\merged_res\debug\mergeDebugResources\drawable-v21_launch_background.xml.flat
[ +897 ms] Resolve mutations for :app:createDebugCompatibleScreenManifests (Thread[#131,Execution worker Thread 2,5,main]) started.
[        ] :app:createDebugCompatibleScreenManifests (Thread[#131,Execution worker Thread 2,5,main]) started.
[        ] > Task :app:parseDebugLocalResources
[        ] Caching disabled for PlatformAttrTransform: C:\Users\DENNISMUTUKU\AppData\Local\Android\sdk\platforms\android-36\android.jar because:
[        ]   Build cache is disabled
[        ] Caching disabled for task ':app:parseDebugLocalResources' because:
[        ]   Build cache is disabled
[        ] Task ':app:parseDebugLocalResources' is not up-to-date because:
[        ]   No history is available.
[        ] The input changes require a full rebuild for incremental task ':app:parseDebugLocalResources'.
[ +129 ms] > Task :app:createDebugCompatibleScreenManifests
[   +2 ms] Caching disabled for task ':app:createDebugCompatibleScreenManifests' because:
[        ]   Build cache is disabled
[        ]   Caching has been disabled for the task
[        ] Task ':app:createDebugCompatibleScreenManifests' is not up-to-date because:
[        ]   No history is available.
[        ] Resolve mutations for :app:extractDeepLinksDebug (Thread[#131,Execution worker Thread 2,5,main]) started.
[        ] :app:extractDeepLinksDebug (Thread[#131,Execution worker Thread 2,5,main]) started.
[        ] > Task :app:extractDeepLinksDebug
[        ] Caching disabled for task ':app:extractDeepLinksDebug' because:
[  +16 ms]   Build cache is disabled
[   +1 ms] Task ':app:extractDeepLinksDebug' is not up-to-date because:
[        ]   No history is available.
[   +2 ms] Resolve mutations for :path_provider_android:extractDeepLinksDebug (Thread[#131,Execution worker Thread 2,5,main]) started.
[        ] :path_provider_android:extractDeepLinksDebug (Thread[#131,Execution worker Thread 2,5,main]) started.
[        ] > Task :path_provider_android:extractDeepLinksDebug
[        ] Caching disabled for task ':path_provider_android:extractDeepLinksDebug' because:
[        ]   Build cache is disabled
[        ] Task ':path_provider_android:extractDeepLinksDebug' is not up-to-date because:
[        ]   No history is available.
[        ] work action resolve navigation.json (project :path_provider_android) (Thread[#131,Execution worker Thread 2,5,main]) started.
[        ] Resolve mutations for :path_provider_android:processDebugManifest (Thread[#131,Execution worker Thread 2,5,main]) started.
[        ] :path_provider_android:processDebugManifest (Thread[#131,Execution worker Thread 2,5,main]) started.
[  +61 ms] Resolve mutations for :shared_preferences_android:extractDeepLinksDebug (Thread[#129,included builds,5,main]) started.
[   +2 ms] :shared_preferences_android:extractDeepLinksDebug (Thread[#129,included builds,5,main]) started.
[ +110 ms] > Task :shared_preferences_android:extractDeepLinksDebug
[        ] Caching disabled for task ':shared_preferences_android:extractDeepLinksDebug' because:
[        ]   Build cache is disabled
[   +2 ms] Task ':shared_preferences_android:extractDeepLinksDebug' is not up-to-date because:
[   +3 ms]   No history is available.
[        ] work action resolve navigation.json (project :shared_preferences_android) (Thread[#129,included builds,5,main]) started.
[        ] Resolve mutations for :shared_preferences_android:processDebugManifest (Thread[#129,included builds,5,main]) started.
[        ] :shared_preferences_android:processDebugManifest (Thread[#129,included builds,5,main]) started.
[ +111 ms] Resolve mutations for :path_provider_android:compileDebugLibraryResources (Thread[#132,Execution worker Thread 3,5,main]) started.
[   +1 ms] :path_provider_android:compileDebugLibraryResources (Thread[#132,Execution worker Thread 3,5,main]) started.
[ +140 ms] > Task :shared_preferences_android:processDebugManifest
[        ] Caching disabled for task ':shared_preferences_android:processDebugManifest' because:
[        ]   Build cache is disabled
[        ] Task ':shared_preferences_android:processDebugManifest' is not up-to-date because:
[        ]   No history is available.
[        ] package="io.flutter.plugins.sharedpreferences" found in source AndroidManifest.xml: C:\Users\DENNISMUTUKU\AppData\Local\Pub\Cache\hosted\pub.dev\shared_preferences_android-2.4.21\android\src\main\AndroidManifest.xml.
[        ] Setting the namespace via the package attribute in the source AndroidManifest.xml is no longer supported, and the value is ignored.
[        ] Recommendation: remove package="io.flutter.plugins.sharedpreferences" from the source AndroidManifest.xml: C:\Users\DENNISMUTUKU\AppData\Local\Pub\Cache\hosted\pub.dev\shared_preferences_android-2.4.21\android\src\main\AndroidManifest.xml.
[        ] Merging main manifest C:\Users\DENNISMUTUKU\AppData\Local\Pub\Cache\hosted\pub.dev\shared_preferences_android-2.4.21\android\src\main\AndroidManifest.xml
[   +5 ms] Merging result: SUCCESS
[   +3 ms] 1<?xml version="1.0" encoding="utf-8"?>
[        ] 2<manifest xmlns:android="http://schemas.android.com/apk/res/android"
[        ] 3    package="io.flutter.plugins.sharedpreferences" >
[        ] 4
[        ] 5    <uses-sdk android:minSdkVersion="24" />
[        ] 6
[        ] 7</manifest>
[        ] Merged manifest saved to C:\xampp\htdocs\pace.com\wispapp\build\shared_preferences_android\intermediates\merged_manifest\debug\processDebugManifest\AndroidManifest.xml
[   +1 ms] > Task :path_provider_android:processDebugManifest
[        ] Caching disabled for task ':path_provider_android:processDebugManifest' because:
[        ]   Build cache is disabled
[        ] Task ':path_provider_android:processDebugManifest' is not up-to-date because:
[   +1 ms]   No history is available.
[        ] package="io.flutter.plugins.pathprovider" found in source AndroidManifest.xml: C:\Users\DENNISMUTUKU\AppData\Local\Pub\Cache\hosted\pub.dev\path_provider_android-2.2.22\android\src\main\AndroidManifest.xml.
[        ] Setting the namespace via the package attribute in the source AndroidManifest.xml is no longer supported, and the value is ignored.
[        ] Recommendation: remove package="io.flutter.plugins.pathprovider" from the source AndroidManifest.xml: C:\Users\DENNISMUTUKU\AppData\Local\Pub\Cache\hosted\pub.dev\path_provider_android-2.2.22\android\src\main\AndroidManifest.xml.
[   +2 ms] Merging main manifest C:\Users\DENNISMUTUKU\AppData\Local\Pub\Cache\hosted\pub.dev\path_provider_android-2.2.22\android\src\main\AndroidManifest.xml
[        ] Merging result: SUCCESS
[        ] 1<?xml version="1.0" encoding="utf-8"?>
[        ] 2<manifest xmlns:android="http://schemas.android.com/apk/res/android"
[        ] 3    package="io.flutter.plugins.pathprovider" >
[        ] 4
[   +1 ms] 5    <uses-sdk android:minSdkVersion="21" />
[        ] 6
[   +1 ms] 7</manifest>
[        ] Merged manifest saved to C:\xampp\htdocs\pace.com\wispapp\build\path_provider_android\intermediates\merged_manifest\debug\processDebugManifest\AndroidManifest.xml
[+1751 ms] > Task :path_provider_android:compileDebugLibraryResources
[        ] Caching disabled for task ':path_provider_android:compileDebugLibraryResources' because:
[        ]   Build cache is disabled
[        ] Task ':path_provider_android:compileDebugLibraryResources' is not up-to-date because:
[        ]   No history is available.
[        ] The input changes require a full rebuild for incremental task ':path_provider_android:compileDebugLibraryResources'.
[+1806 ms] Downloading https://dl.google.com/dl/android/maven2/com/android/tools/build/aapt2/8.11.1-12782657/aapt2-8.11.1-12782657.pom to C:\Users\DENNISMUTUKU\.gradle\.tmp\gradle_download7944377853577054953bin
[ +995 ms] Downloading https://dl.google.com/dl/android/maven2/com/android/tools/build/aapt2/8.11.1-12782657/aapt2-8.11.1-12782657-windows.jar to C:\Users\DENNISMUTUKU\.gradle\.tmp\gradle_download8695007903348706078bin
[ +708 ms] Caching disabled for Aapt2Extractor: C:\Users\DENNISMUTUKU\.gradle\caches\modules-2\files-2.1\com.android.tools.build\aapt2\8.11.1-12782657\7104b237a220e92fd117bab6f592b468f6e0258f\aapt2-8.11.1-12782657-windows.jar because:
[   +1 ms]   Build cache is disabled
[        ]   Caching not enabled.
[ +227 ms] work action resolve AndroidManifest.xml (project :shared_preferences_android) (Thread[#130,Execution worker,5,main]) started.
[   +5 ms] work action resolve AndroidManifest.xml (project :path_provider_android) (Thread[#130,Execution worker,5,main]) started.
[   +2 ms] Resolve mutations for :app:processDebugMainManifest (Thread[#130,Execution worker,5,main]) started.
[        ] :app:processDebugMainManifest (Thread[#130,Execution worker,5,main]) started.
[ +533 ms] work action resolve out (project :path_provider_android) (Thread[#132,Execution worker Thread 3,5,main]) started.
[ +952 ms] > Task :app:processDebugMainManifest
[   +1 ms] Caching disabled for AarTransform: C:\Users\DENNISMUTUKU\.gradle\caches\8.14\transforms\20f0791ef06de9a52b6d96cbab664067\transformed\preference-1.2.1 because:
[   +3 ms]   Build cache is disabled
[        ]   Caching not enabled.
[        ] Caching disabled for AarTransform: C:\Users\DENNISMUTUKU\.gradle\caches\8.14\transforms\da4a15fbcbc29fba99562eca51c29027\transformed\appcompat-1.1.0 because:
[        ]   Build cache is disabled
[        ]   Caching not enabled.
[        ] Caching disabled for AarTransform: C:\Users\DENNISMUTUKU\.gradle\caches\8.14\transforms\e1f8ccb572a82359af91314c017bd1f9\transformed\fragment-ktx-1.7.1 because:
[        ]   Build cache is disabled
[        ]   Caching not enabled.
[   +5 ms] Caching disabled for AarTransform: C:\Users\DENNISMUTUKU\.gradle\caches\8.14\transforms\5fb50349239706e8a6594e22cd560397\transformed\fragment-1.7.1 because:
[        ]   Build cache is disabled
[        ]   Caching not enabled.
[        ] Caching disabled for AarTransform: C:\Users\DENNISMUTUKU\.gradle\caches\8.14\transforms\cee4f699ee102cd72037861d3fcdeceb\transformed\recyclerview-1.0.0 because:
[        ]   Build cache is disabled
[  +16 ms]   Caching not enabled.
[        ] Caching disabled for AarTransform: C:\Users\DENNISMUTUKU\.gradle\caches\8.14\transforms\667d45e2fbce9f096055a52553f53740\transformed\legacy-support-core-ui-1.0.0 because:
[        ]   Build cache is disabled
[        ]   Caching not enabled.
[        ] Caching disabled for AarTransform: C:\Users\DENNISMUTUKU\.gradle\caches\8.14\transforms\631c1f23d2ad502a14bcd486bb3a0369\transformed\slidingpanelayout-1.2.0 because:
[        ]   Build cache is disabled
[        ]   Caching not enabled.
[        ] Caching disabled for AarTransform: C:\Users\DENNISMUTUKU\.gradle\caches\8.14\transforms\7217e782825a2d4d49e286a23835439b\transformed\window-1.2.0 because:
[        ]   Build cache is disabled
[        ]   Caching not enabled.
[   +1 ms] Caching disabled for AarTransform: C:\Users\DENNISMUTUKU\.gradle\caches\8.14\transforms\684fec45a4a4620be950d54dccaf82cd\transformed\window-java-1.2.0 because:
[        ]   Build cache is disabled
[        ]   Caching not enabled.
[        ] Caching disabled for AarTransform: C:\Users\DENNISMUTUKU\.gradle\caches\8.14\transforms\34a2e94553db54bf67e7425810171014\transformed\activity-ktx-1.8.1 because:
[        ]   Build cache is disabled
[        ]   Caching not enabled.
[        ] Caching disabled for AarTransform: C:\Users\DENNISMUTUKU\.gradle\caches\8.14\transforms\1e42bd289ddf0f442a3fc01efb84d3ba\transformed\activity-1.8.1 because:
[        ]   Build cache is disabled
[        ]   Caching not enabled.
[        ] Caching disabled for AarTransform: C:\Users\DENNISMUTUKU\.gradle\caches\8.14\transforms\ea130cff24ffba33708d14df29a80af5\transformed\legacy-support-core-utils-1.0.0 because:
[        ]   Build cache is disabled
[        ]   Caching not enabled.
[        ] Caching disabled for AarTransform: C:\Users\DENNISMUTUKU\.gradle\caches\8.14\transforms\0b8c65722c66640cf120e60317d42362\transformed\loader-1.0.0 because:
[        ]   Build cache is disabled
[        ]   Caching not enabled.
[        ] Caching disabled for AarTransform: C:\Users\DENNISMUTUKU\.gradle\caches\8.14\transforms\7be6cf4f52d84b0f524b317232df5d4c\transformed\viewpager-1.0.0 because:
[        ]   Build cache is disabled
[        ]   Caching not enabled.
[        ] Caching disabled for AarTransform: C:\Users\DENNISMUTUKU\.gradle\caches\8.14\transforms\b9ef6a065b155aa9a3e13b9994ab4cbb\transformed\lifecycle-runtime-ktx-2.7.0 because:
[        ]   Build cache is disabled
[        ]   Caching not enabled.
[        ] Caching disabled for AarTransform: C:\Users\DENNISMUTUKU\.gradle\caches\8.14\transforms\ee9028989d5df242a30968eb14819a13\transformed\lifecycle-livedata-2.7.0 because:
[        ]   Build cache is disabled
[        ]   Caching not enabled.
[        ] Caching disabled for AarTransform: C:\Users\DENNISMUTUKU\.gradle\caches\8.14\transforms\95ee91d8a897d16eed1ef302f2de9371\transformed\lifecycle-livedata-core-ktx-2.7.0 because:
[        ]   Build cache is disabled
[        ]   Caching not enabled.
[        ] Caching disabled for AarTransform: C:\Users\DENNISMUTUKU\.gradle\caches\8.14\transforms\a5f0b265a897e69ca915ae7fa6ef7d22\transformed\lifecycle-viewmodel-ktx-2.7.0 because:
[        ]   Build cache is disabled
[        ]   Caching not enabled.
[        ] Caching disabled for AarTransform: C:\Users\DENNISMUTUKU\.gradle\caches\8.14\transforms\608dfc9e2582f51b81c1485fd62d55da\transformed\lifecycle-viewmodel-2.7.0 because:
[        ]   Build cache is disabled
[        ]   Caching not enabled.
[        ] Caching disabled for AarTransform: C:\Users\DENNISMUTUKU\.gradle\caches\8.14\transforms\134d38681951a9cb59e105fa43ce6ab5\transformed\lifecycle-livedata-core-2.7.0 because:
[        ]   Build cache is disabled
[        ]   Caching not enabled.
[        ] Caching disabled for AarTransform: C:\Users\DENNISMUTUKU\.gradle\caches\8.14\transforms\57a4845aed7b5ba78f501c04d4c94c43\transformed\lifecycle-viewmodel-savedstate-2.7.0 because:
[        ]   Build cache is disabled
[        ]   Caching not enabled.
[        ] Caching disabled for AarTransform: C:\Users\DENNISMUTUKU\.gradle\caches\8.14\transforms\c36d51e17c94fd6d2ee8508febe52585\transformed\appcompat-resources-1.1.0 because:
[        ]   Build cache is disabled
[        ]   Caching not enabled.
[        ] Caching disabled for AarTransform: C:\Users\DENNISMUTUKU\.gradle\caches\8.14\transforms\bd7e8451c9c7af9c0727ed7672bd833e\transformed\core-ktx-1.13.1 because:
[        ]   Build cache is disabled
[        ]   Caching not enabled.
[        ] Caching disabled for AarTransform: C:\Users\DENNISMUTUKU\.gradle\caches\8.14\transforms\f0599c5c471bb535981725fdd49cabbb\transformed\drawerlayout-1.0.0 because:
[        ]   Build cache is disabled
[        ]   Caching not enabled.
[        ] Caching disabled for AarTransform: C:\Users\DENNISMUTUKU\.gradle\caches\8.14\transforms\c044afd1082a0a46d8e1ae45510004de\transformed\coordinatorlayout-1.0.0 because:
[        ]   Build cache is disabled
[        ]   Caching not enabled.
[        ] Caching disabled for AarTransform: C:\Users\DENNISMUTUKU\.gradle\caches\8.14\transforms\38c13d54853ea3ced35ec2d6229fd2e6\transformed\customview-1.1.0 because:
[        ]   Build cache is disabled
[        ]   Caching not enabled.
[        ] Caching disabled for AarTransform: C:\Users\DENNISMUTUKU\.gradle\caches\8.14\transforms\fd9c0c018ac1b6d813c3385bd4b2b2d3\transformed\vectordrawable-animated-1.1.0 because:
[        ]   Build cache is disabled
[        ]   Caching not enabled.
[        ] Caching disabled for AarTransform: C:\Users\DENNISMUTUKU\.gradle\caches\8.14\transforms\33f4e0def5774c20cc99f97715e6a8a3\transformed\transition-1.4.1 because:
[        ]   Build cache is disabled
[        ]   Caching not enabled.
[        ] Caching disabled for AarTransform: C:\Users\DENNISMUTUKU\.gradle\caches\8.14\transforms\1dd861f3eb721f8a05e16b90d98c57e1\transformed\vectordrawable-1.1.0 because:
[        ]   Build cache is disabled
[        ]   Caching not enabled.
[        ] Caching disabled for AarTransform: C:\Users\DENNISMUTUKU\.gradle\caches\8.14\transforms\30e9bb160a15691def72cffe8d83518e\transformed\swiperefreshlayout-1.0.0 because:
[        ]   Build cache is disabled
[        ]   Caching not enabled.
[        ] Caching disabled for AarTransform: C:\Users\DENNISMUTUKU\.gradle\caches\8.14\transforms\303d75da538f5bc55f11884bb8fd86cd\transformed\asynclayoutinflater-1.0.0 because:
[        ]   Build cache is disabled
[        ]   Caching not enabled.
[        ] Caching disabled for AarTransform: C:\Users\DENNISMUTUKU\.gradle\caches\8.14\transforms\8cb437de8fdac72e2de918f9ee215ca3\transformed\core-1.13.1 because:
[        ]   Build cache is disabled
[        ]   Caching not enabled.
[        ] Caching disabled for AarTransform: C:\Users\DENNISMUTUKU\.gradle\caches\8.14\transforms\81bfdcaf88a095985faf642cd08a6310\transformed\lifecycle-runtime-2.7.0 because:
[        ]   Build cache is disabled
[        ]   Caching not enabled.
[        ] Caching disabled for AarTransform: C:\Users\DENNISMUTUKU\.gradle\caches\8.14\transforms\70c7f9c93d870d55aa75fb2befc1cc77\transformed\lifecycle-process-2.7.0 because:
[        ]   Build cache is disabled
[        ]   Caching not enabled.
[        ] Caching disabled for AarTransform: C:\Users\DENNISMUTUKU\.gradle\caches\8.14\transforms\d148ff515f5aca379a93f0738fb87fa8\transformed\savedstate-ktx-1.2.1 because:
[        ]   Build cache is disabled
[        ]   Caching not enabled.
[        ] Caching disabled for AarTransform: C:\Users\DENNISMUTUKU\.gradle\caches\8.14\transforms\a3c4bf2e80a7e6a2d3bfce7149bfaf69\transformed\savedstate-1.2.1 because:
[        ]   Build cache is disabled
[        ]   Caching not enabled.
[   +1 ms] Caching disabled for AarTransform: C:\Users\DENNISMUTUKU\.gradle\caches\8.14\transforms\df5ed31f6e2668fd0cb1284d2affc9c1\transformed\profileinstaller-1.3.1 because:
[        ]   Build cache is disabled
[   +1 ms]   Caching not enabled.
[        ] Caching disabled for AarTransform: C:\Users\DENNISMUTUKU\.gradle\caches\8.14\transforms\fac3bdbb065ba11aedd38e2ea2c0656c\transformed\startup-runtime-1.1.1 because:
[        ]   Build cache is disabled
[        ]   Caching not enabled.
[        ] Caching disabled for AarTransform: C:\Users\DENNISMUTUKU\.gradle\caches\8.14\transforms\f33585d6fc1e1b2a34e4c1d736d386ca\transformed\tracing-1.2.0 because:
[        ]   Build cache is disabled
[        ]   Caching not enabled.
[        ] Caching disabled for AarTransform: C:\Users\DENNISMUTUKU\.gradle\caches\8.14\transforms\f2b86e9c7312714eacb7763e5167c631\transformed\datastore-preferences-core-release because:
[        ]   Build cache is disabled
[        ]   Caching not enabled.
[        ] Caching disabled for AarTransform: C:\Users\DENNISMUTUKU\.gradle\caches\8.14\transforms\93c157b8fbb8b008a5b83470724eb4bd\transformed\datastore-core-release because:
[        ]   Build cache is disabled
[        ]   Caching not enabled.
[        ] Caching disabled for AarTransform: C:\Users\DENNISMUTUKU\.gradle\caches\8.14\transforms\62414a17cf0131c39753dba4695aafb1\transformed\datastore-preferences-release because:
[        ]   Build cache is disabled
[        ]   Caching not enabled.
[        ] Caching disabled for AarTransform: C:\Users\DENNISMUTUKU\.gradle\caches\8.14\transforms\43d340321be1a72ca103b8ccb695b392\transformed\datastore-release because:
[        ]   Build cache is disabled
[        ]   Caching not enabled.
[        ] Caching disabled for AarTransform: C:\Users\DENNISMUTUKU\.gradle\caches\8.14\transforms\95cdd7ca87255f13e4af9ad26a5e03dc\transformed\core-runtime-2.2.0 because:
[        ]   Build cache is disabled
[        ]   Caching not enabled.
[        ] Caching disabled for AarTransform: C:\Users\DENNISMUTUKU\.gradle\caches\8.14\transforms\75c850d93edffb1f0e79a2b1090091ce\transformed\versionedparcelable-1.1.1 because:
[        ]   Build cache is disabled
[        ]   Caching not enabled.
[        ] Caching disabled for AarTransform: C:\Users\DENNISMUTUKU\.gradle\caches\8.14\transforms\875ffbd89ac9c7dfd0a91922397ce327\transformed\interpolator-1.0.0 because:
[        ]   Build cache is disabled
[        ]   Caching not enabled.
[        ] Caching disabled for AarTransform: C:\Users\DENNISMUTUKU\.gradle\caches\8.14\transforms\2d0327b62ea36166e38eb124b816e651\transformed\cursoradapter-1.0.0 because:
[        ]   Build cache is disabled
[        ]   Caching not enabled.
[        ] Caching disabled for AarTransform: C:\Users\DENNISMUTUKU\.gradle\caches\8.14\transforms\8b553870adc7ac07c61aa64705ec7f72\transformed\core-1.0.0 because:
[        ]   Build cache is disabled
[  +14 ms]   Caching not enabled.
[        ] Caching disabled for AarTransform: C:\Users\DENNISMUTUKU\.gradle\caches\8.14\transforms\45aa20a8e5e8142607c49e5c21c65b2d\transformed\documentfile-1.0.0 because:
[        ]   Build cache is disabled
[        ]   Caching not enabled.
[        ] Caching disabled for AarTransform: C:\Users\DENNISMUTUKU\.gradle\caches\8.14\transforms\9ea5fb294ae16807016deb98f1fb4e50\transformed\localbroadcastmanager-1.0.0 because:
[        ]   Build cache is disabled
[        ]   Caching not enabled.
[        ] Caching disabled for AarTransform: C:\Users\DENNISMUTUKU\.gradle\caches\8.14\transforms\dbb8a6ef0d993a462b1eec6f87fba62f\transformed\print-1.0.0 because:
[        ]   Build cache is disabled
[        ]   Caching not enabled.
[        ] Caching disabled for AarTransform: C:\Users\DENNISMUTUKU\.gradle\caches\8.14\transforms\44f201f6ae2e842e99898292414fc732\transformed\annotation-experimental-1.4.0 because:
[        ]   Build cache is disabled
[        ]   Caching not enabled.
[        ] Caching disabled for AarTransform: C:\Users\DENNISMUTUKU\.gradle\caches\8.14\transforms\15a558128bbbec921e6710294f0a125f\transformed\relinker-1.4.5 because:
[        ]   Build cache is disabled
[        ]   Caching not enabled.
[        ] Caching disabled for AarTransform: C:\Users\DENNISMUTUKU\.gradle\caches\8.14\transforms\20f0791ef06de9a52b6d96cbab664067\transformed\preference-1.2.1 because:
[        ]   Build cache is disabled
[        ]   Caching not enabled.
[        ] Caching disabled for AarTransform: C:\Users\DENNISMUTUKU\.gradle\caches\8.14\transforms\e1f8ccb572a82359af91314c017bd1f9\transformed\fragment-ktx-1.7.1 because:
[        ]   Build cache is disabled
[        ]   Caching not enabled.
[        ] Caching disabled for AarTransform: C:\Users\DENNISMUTUKU\.gradle\caches\8.14\transforms\da4a15fbcbc29fba99562eca51c29027\transformed\appcompat-1.1.0 because:
[        ]   Build cache is disabled
[        ]   Caching not enabled.
[        ] Caching disabled for AarTransform: C:\Users\DENNISMUTUKU\.gradle\caches\8.14\transforms\5fb50349239706e8a6594e22cd560397\transformed\fragment-1.7.1 because:
[   +2 ms]   Build cache is disabled
[        ]   Caching not enabled.
[        ] Caching disabled for AarTransform: C:\Users\DENNISMUTUKU\.gradle\caches\8.14\transforms\cee4f699ee102cd72037861d3fcdeceb\transformed\recyclerview-1.0.0 because:
[        ]   Build cache is disabled
[        ]   Caching not enabled.
[        ] Caching disabled for AarTransform: C:\Users\DENNISMUTUKU\.gradle\caches\8.14\transforms\667d45e2fbce9f096055a52553f53740\transformed\legacy-support-core-ui-1.0.0 because:
[        ]   Build cache is disabled
[        ]   Caching not enabled.
[        ] Caching disabled for AarTransform: C:\Users\DENNISMUTUKU\.gradle\caches\8.14\transforms\631c1f23d2ad502a14bcd486bb3a0369\transformed\slidingpanelayout-1.2.0 because:
[        ]   Build cache is disabled
[        ]   Caching not enabled.
[        ] Caching disabled for AarTransform: C:\Users\DENNISMUTUKU\.gradle\caches\8.14\transforms\7217e782825a2d4d49e286a23835439b\transformed\window-1.2.0 because:
[        ]   Build cache is disabled
[        ]   Caching not enabled.
[        ] Caching disabled for AarTransform: C:\Users\DENNISMUTUKU\.gradle\caches\8.14\transforms\684fec45a4a4620be950d54dccaf82cd\transformed\window-java-1.2.0 because:
[        ]   Build cache is disabled
[        ]   Caching not enabled.
[        ] Caching disabled for AarTransform: C:\Users\DENNISMUTUKU\.gradle\caches\8.14\transforms\34a2e94553db54bf67e7425810171014\transformed\activity-ktx-1.8.1 because:
[   +4 ms]   Build cache is disabled
[        ]   Caching not enabled.
[   +1 ms] Caching disabled for AarTransform: C:\Users\DENNISMUTUKU\.gradle\caches\8.14\transforms\ea130cff24ffba33708d14df29a80af5\transformed\legacy-support-core-utils-1.0.0 because:
[        ]   Build cache is disabled
[        ]   Caching not enabled.
[   +3 ms] Caching disabled for AarTransform: C:\Users\DENNISMUTUKU\.gradle\caches\8.14\transforms\1e42bd289ddf0f442a3fc01efb84d3ba\transformed\activity-1.8.1 because:
[        ]   Build cache is disabled
[        ]   Caching not enabled.
[        ] Caching disabled for AarTransform: C:\Users\DENNISMUTUKU\.gradle\caches\8.14\transforms\0b8c65722c66640cf120e60317d42362\transformed\loader-1.0.0 because:
[        ]   Build cache is disabled
[        ]   Caching not enabled.
[        ] Caching disabled for AarTransform: C:\Users\DENNISMUTUKU\.gradle\caches\8.14\transforms\7be6cf4f52d84b0f524b317232df5d4c\transformed\viewpager-1.0.0 because:
[        ]   Build cache is disabled
[        ]   Caching not enabled.
[        ] Caching disabled for AarTransform: C:\Users\DENNISMUTUKU\.gradle\caches\8.14\transforms\b9ef6a065b155aa9a3e13b9994ab4cbb\transformed\lifecycle-runtime-ktx-2.7.0 because:
[        ]   Build cache is disabled
[        ]   Caching not enabled.
[        ] Caching disabled for AarTransform: C:\Users\DENNISMUTUKU\.gradle\caches\8.14\transforms\ee9028989d5df242a30968eb14819a13\transformed\lifecycle-livedata-2.7.0 because:
[        ]   Build cache is disabled
[        ]   Caching not enabled.
[        ] Caching disabled for AarTransform: C:\Users\DENNISMUTUKU\.gradle\caches\8.14\transforms\95ee91d8a897d16eed1ef302f2de9371\transformed\lifecycle-livedata-core-ktx-2.7.0 because:
[        ]   Build cache is disabled
[        ]   Caching not enabled.
[        ] Caching disabled for AarTransform: C:\Users\DENNISMUTUKU\.gradle\caches\8.14\transforms\a5f0b265a897e69ca915ae7fa6ef7d22\transformed\lifecycle-viewmodel-ktx-2.7.0 because:
[   +3 ms]   Build cache is disabled
[        ]   Caching not enabled.
[   +1 ms] Caching disabled for AarTransform: C:\Users\DENNISMUTUKU\.gradle\caches\8.14\transforms\608dfc9e2582f51b81c1485fd62d55da\transformed\lifecycle-viewmodel-2.7.0 because:
[   +2 ms]   Build cache is disabled
[        ]   Caching not enabled.
[   +9 ms] Caching disabled for AarTransform: C:\Users\DENNISMUTUKU\.gradle\caches\8.14\transforms\134d38681951a9cb59e105fa43ce6ab5\transformed\lifecycle-livedata-core-2.7.0 because:
[        ]   Build cache is disabled
[        ]   Caching not enabled.
[        ] Caching disabled for AarTransform: C:\Users\DENNISMUTUKU\.gradle\caches\8.14\transforms\57a4845aed7b5ba78f501c04d4c94c43\transformed\lifecycle-viewmodel-savedstate-2.7.0 because:
[        ]   Build cache is disabled
[        ]   Caching not enabled.
[        ] Caching disabled for AarTransform: C:\Users\DENNISMUTUKU\.gradle\caches\8.14\transforms\bd7e8451c9c7af9c0727ed7672bd833e\transformed\core-ktx-1.13.1 because:
[        ]   Build cache is disabled
[        ]   Caching not enabled.
[        ] Caching disabled for AarTransform: C:\Users\DENNISMUTUKU\.gradle\caches\8.14\transforms\c36d51e17c94fd6d2ee8508febe52585\transformed\appcompat-resources-1.1.0 because:
[        ]   Build cache is disabled
[        ]   Caching not enabled.
[        ] Caching disabled for AarTransform: C:\Users\DENNISMUTUKU\.gradle\caches\8.14\transforms\f0599c5c471bb535981725fdd49cabbb\transformed\drawerlayout-1.0.0 because:
[        ]   Build cache is disabled
[        ]   Caching not enabled.
[        ] Caching disabled for AarTransform: C:\Users\DENNISMUTUKU\.gradle\caches\8.14\transforms\c044afd1082a0a46d8e1ae45510004de\transformed\coordinatorlayout-1.0.0 because:
[        ]   Build cache is disabled
[        ]   Caching not enabled.
[        ] Caching disabled for AarTransform: C:\Users\DENNISMUTUKU\.gradle\caches\8.14\transforms\38c13d54853ea3ced35ec2d6229fd2e6\transformed\customview-1.1.0 because:
[        ]   Build cache is disabled
[        ]   Caching not enabled.
[        ] Caching disabled for AarTransform: C:\Users\DENNISMUTUKU\.gradle\caches\8.14\transforms\33f4e0def5774c20cc99f97715e6a8a3\transformed\transition-1.4.1 because:
[        ]   Build cache is disabled
[        ]   Caching not enabled.
[        ] Caching disabled for AarTransform: C:\Users\DENNISMUTUKU\.gradle\caches\8.14\transforms\fd9c0c018ac1b6d813c3385bd4b2b2d3\transformed\vectordrawable-animated-1.1.0 because:
[   +1 ms]   Build cache is disabled
[        ]   Caching not enabled.
[        ] Caching disabled for AarTransform: C:\Users\DENNISMUTUKU\.gradle\caches\8.14\transforms\1dd861f3eb721f8a05e16b90d98c57e1\transformed\vectordrawable-1.1.0 because:
[        ]   Build cache is disabled
[        ]   Caching not enabled.
[        ] Caching disabled for AarTransform: C:\Users\DENNISMUTUKU\.gradle\caches\8.14\transforms\30e9bb160a15691def72cffe8d83518e\transformed\swiperefreshlayout-1.0.0 because:
[        ]   Build cache is disabled
[        ]   Caching not enabled.
[        ] Caching disabled for AarTransform: C:\Users\DENNISMUTUKU\.gradle\caches\8.14\transforms\8cb437de8fdac72e2de918f9ee215ca3\transformed\core-1.13.1 because:
[        ]   Build cache is disabled
[        ]   Caching not enabled.
[        ] Caching disabled for AarTransform: C:\Users\DENNISMUTUKU\.gradle\caches\8.14\transforms\303d75da538f5bc55f11884bb8fd86cd\transformed\asynclayoutinflater-1.0.0 because:
[        ]   Build cache is disabled
[        ]   Caching not enabled.
[        ] Caching disabled for AarTransform: C:\Users\DENNISMUTUKU\.gradle\caches\8.14\transforms\81bfdcaf88a095985faf642cd08a6310\transformed\lifecycle-runtime-2.7.0 because:
[        ]   Build cache is disabled
[        ]   Caching not enabled.
[   +1 ms] Caching disabled for AarTransform: C:\Users\DENNISMUTUKU\.gradle\caches\8.14\transforms\70c7f9c93d870d55aa75fb2befc1cc77\transformed\lifecycle-process-2.7.0 because:
[        ]   Build cache is disabled
[        ]   Caching not enabled.
[        ] Caching disabled for AarTransform: C:\Users\DENNISMUTUKU\.gradle\caches\8.14\transforms\d148ff515f5aca379a93f0738fb87fa8\transformed\savedstate-ktx-1.2.1 because:
[        ]   Build cache is disabled
[        ]   Caching not enabled.
[        ] Caching disabled for AarTransform: C:\Users\DENNISMUTUKU\.gradle\caches\8.14\transforms\a3c4bf2e80a7e6a2d3bfce7149bfaf69\transformed\savedstate-1.2.1 because:
[        ]   Build cache is disabled
[        ]   Caching not enabled.
[        ] Caching disabled for AarTransform: C:\Users\DENNISMUTUKU\.gradle\caches\8.14\transforms\df5ed31f6e2668fd0cb1284d2affc9c1\transformed\profileinstaller-1.3.1 because:
[        ]   Build cache is disabled
[   +4 ms]   Caching not enabled.
[        ] Caching disabled for AarTransform: C:\Users\DENNISMUTUKU\.gradle\caches\8.14\transforms\fac3bdbb065ba11aedd38e2ea2c0656c\transformed\startup-runtime-1.1.1 because:
[        ]   Build cache is disabled
[        ]   Caching not enabled.
[        ] Caching disabled for AarTransform: C:\Users\DENNISMUTUKU\.gradle\caches\8.14\transforms\f33585d6fc1e1b2a34e4c1d736d386ca\transformed\tracing-1.2.0 because:
[        ]   Build cache is disabled
[        ]   Caching not enabled.
[        ] Caching disabled for AarTransform: C:\Users\DENNISMUTUKU\.gradle\caches\8.14\transforms\f2b86e9c7312714eacb7763e5167c631\transformed\datastore-preferences-core-release because:
[   +2 ms]   Build cache is disabled
[        ]   Caching not enabled.
[        ] Caching disabled for AarTransform: C:\Users\DENNISMUTUKU\.gradle\caches\8.14\transforms\93c157b8fbb8b008a5b83470724eb4bd\transformed\datastore-core-release because:
[        ]   Build cache is disabled
[   +1 ms]   Caching not enabled.
[        ] Caching disabled for AarTransform: C:\Users\DENNISMUTUKU\.gradle\caches\8.14\transforms\62414a17cf0131c39753dba4695aafb1\transformed\datastore-preferences-release because:
[        ]   Build cache is disabled
[        ]   Caching not enabled.
[        ] Caching disabled for AarTransform: C:\Users\DENNISMUTUKU\.gradle\caches\8.14\transforms\43d340321be1a72ca103b8ccb695b392\transformed\datastore-release because:
[        ]   Build cache is disabled
[        ]   Caching not enabled.
[   +3 ms] Caching disabled for AarTransform: C:\Users\DENNISMUTUKU\.gradle\caches\8.14\transforms\95cdd7ca87255f13e4af9ad26a5e03dc\transformed\core-runtime-2.2.0 because:
[        ]   Build cache is disabled
[        ]   Caching not enabled.
[        ] Caching disabled for AarTransform: C:\Users\DENNISMUTUKU\.gradle\caches\8.14\transforms\75c850d93edffb1f0e79a2b1090091ce\transformed\versionedparcelable-1.1.1 because:
[        ]   Build cache is disabled
[        ]   Caching not enabled.
[        ] Caching disabled for AarTransform: C:\Users\DENNISMUTUKU\.gradle\caches\8.14\transforms\875ffbd89ac9c7dfd0a91922397ce327\transformed\interpolator-1.0.0 because:
[        ]   Build cache is disabled
[        ]   Caching not enabled.
[        ] Caching disabled for AarTransform: C:\Users\DENNISMUTUKU\.gradle\caches\8.14\transforms\8b553870adc7ac07c61aa64705ec7f72\transformed\core-1.0.0 because:
[        ]   Build cache is disabled
[        ]   Caching not enabled.
[        ] Caching disabled for AarTransform: C:\Users\DENNISMUTUKU\.gradle\caches\8.14\transforms\2d0327b62ea36166e38eb124b816e651\transformed\cursoradapter-1.0.0 because:
[        ]   Build cache is disabled
[        ]   Caching not enabled.
[        ] Caching disabled for AarTransform: C:\Users\DENNISMUTUKU\.gradle\caches\8.14\transforms\dbb8a6ef0d993a462b1eec6f87fba62f\transformed\print-1.0.0 because:
[        ]   Build cache is disabled
[        ]   Caching not enabled.
[        ] Caching disabled for AarTransform: C:\Users\DENNISMUTUKU\.gradle\caches\8.14\transforms\9ea5fb294ae16807016deb98f1fb4e50\transformed\localbroadcastmanager-1.0.0 because:
[        ]   Build cache is disabled
[        ]   Caching not enabled.
[        ] Caching disabled for AarTransform: C:\Users\DENNISMUTUKU\.gradle\caches\8.14\transforms\45aa20a8e5e8142607c49e5c21c65b2d\transformed\documentfile-1.0.0 because:
[        ]   Build cache is disabled
[        ]   Caching not enabled.
[        ] Caching disabled for AarTransform: C:\Users\DENNISMUTUKU\.gradle\caches\8.14\transforms\15a558128bbbec921e6710294f0a125f\transformed\relinker-1.4.5 because:
[        ]   Build cache is disabled
[        ]   Caching not enabled.
[        ] Caching disabled for AarTransform: C:\Users\DENNISMUTUKU\.gradle\caches\8.14\transforms\44f201f6ae2e842e99898292414fc732\transformed\annotation-experimental-1.4.0 because:
[        ]   Build cache is disabled
[        ]   Caching not enabled.
[        ] Caching disabled for task ':app:processDebugMainManifest' because:
[        ]   Build cache is disabled
[        ] Task ':app:processDebugMainManifest' is not up-to-date because:
[        ]   No history is available.
[        ] Loading library manifest C:\xampp\htdocs\pace.com\wispapp\build\shared_preferences_android\intermediates\merged_manifest\debug\processDebugManifest\AndroidManifest.xml
[        ] Loading library manifest C:\xampp\htdocs\pace.com\wispapp\build\path_provider_android\intermediates\merged_manifest\debug\processDebugManifest\AndroidManifest.xml
[        ] Loading library manifest C:\Users\DENNISMUTUKU\.gradle\caches\8.14\transforms\20f0791ef06de9a52b6d96cbab664067\transformed\preference-1.2.1\AndroidManifest.xml
[        ] Loading library manifest C:\Users\DENNISMUTUKU\.gradle\caches\8.14\transforms\da4a15fbcbc29fba99562eca51c29027\transformed\appcompat-1.1.0\AndroidManifest.xml
[        ] Loading library manifest C:\Users\DENNISMUTUKU\.gradle\caches\8.14\transforms\e1f8ccb572a82359af91314c017bd1f9\transformed\fragment-ktx-1.7.1\AndroidManifest.xml
[        ] Loading library manifest C:\Users\DENNISMUTUKU\.gradle\caches\8.14\transforms\5fb50349239706e8a6594e22cd560397\transformed\fragment-1.7.1\AndroidManifest.xml
[        ] Loading library manifest C:\Users\DENNISMUTUKU\.gradle\caches\8.14\transforms\cee4f699ee102cd72037861d3fcdeceb\transformed\recyclerview-1.0.0\AndroidManifest.xml
[        ] Loading library manifest C:\Users\DENNISMUTUKU\.gradle\caches\8.14\transforms\667d45e2fbce9f096055a52553f53740\transformed\legacy-support-core-ui-1.0.0\AndroidManifest.xml
[        ] Loading library manifest C:\Users\DENNISMUTUKU\.gradle\caches\8.14\transforms\631c1f23d2ad502a14bcd486bb3a0369\transformed\slidingpanelayout-1.2.0\AndroidManifest.xml
[        ] Loading library manifest C:\Users\DENNISMUTUKU\.gradle\caches\8.14\transforms\7217e782825a2d4d49e286a23835439b\transformed\window-1.2.0\AndroidManifest.xml
[        ] Loading library manifest C:\Users\DENNISMUTUKU\.gradle\caches\8.14\transforms\684fec45a4a4620be950d54dccaf82cd\transformed\window-java-1.2.0\AndroidManifest.xml
[        ] Loading library manifest C:\Users\DENNISMUTUKU\.gradle\caches\8.14\transforms\34a2e94553db54bf67e7425810171014\transformed\activity-ktx-1.8.1\AndroidManifest.xml
[        ] Loading library manifest C:\Users\DENNISMUTUKU\.gradle\caches\8.14\transforms\1e42bd289ddf0f442a3fc01efb84d3ba\transformed\activity-1.8.1\AndroidManifest.xml
[        ] Loading library manifest C:\Users\DENNISMUTUKU\.gradle\caches\8.14\transforms\ea130cff24ffba33708d14df29a80af5\transformed\legacy-support-core-utils-1.0.0\AndroidManifest.xml
[        ] Loading library manifest C:\Users\DENNISMUTUKU\.gradle\caches\8.14\transforms\0b8c65722c66640cf120e60317d42362\transformed\loader-1.0.0\AndroidManifest.xml
[        ] Loading library manifest C:\Users\DENNISMUTUKU\.gradle\caches\8.14\transforms\7be6cf4f52d84b0f524b317232df5d4c\transformed\viewpager-1.0.0\AndroidManifest.xml
[        ] Loading library manifest C:\Users\DENNISMUTUKU\.gradle\caches\8.14\transforms\b9ef6a065b155aa9a3e13b9994ab4cbb\transformed\lifecycle-runtime-ktx-2.7.0\AndroidManifest.xml
[        ] Loading library manifest C:\Users\DENNISMUTUKU\.gradle\caches\8.14\transforms\ee9028989d5df242a30968eb14819a13\transformed\lifecycle-livedata-2.7.0\AndroidManifest.xml
[        ] Loading library manifest C:\Users\DENNISMUTUKU\.gradle\caches\8.14\transforms\95ee91d8a897d16eed1ef302f2de9371\transformed\lifecycle-livedata-core-ktx-2.7.0\AndroidManifest.xml
[        ] Loading library manifest C:\Users\DENNISMUTUKU\.gradle\caches\8.14\transforms\a5f0b265a897e69ca915ae7fa6ef7d22\transformed\lifecycle-viewmodel-ktx-2.7.0\AndroidManifest.xml
[        ] Loading library manifest C:\Users\DENNISMUTUKU\.gradle\caches\8.14\transforms\608dfc9e2582f51b81c1485fd62d55da\transformed\lifecycle-viewmodel-2.7.0\AndroidManifest.xml
[        ] Loading library manifest C:\Users\DENNISMUTUKU\.gradle\caches\8.14\transforms\134d38681951a9cb59e105fa43ce6ab5\transformed\lifecycle-livedata-core-2.7.0\AndroidManifest.xml
[        ] Loading library manifest C:\Users\DENNISMUTUKU\.gradle\caches\8.14\transforms\57a4845aed7b5ba78f501c04d4c94c43\transformed\lifecycle-viewmodel-savedstate-2.7.0\AndroidManifest.xml
[        ] Loading library manifest C:\Users\DENNISMUTUKU\.gradle\caches\8.14\transforms\bd7e8451c9c7af9c0727ed7672bd833e\transformed\core-ktx-1.13.1\AndroidManifest.xml
[        ] Loading library manifest C:\Users\DENNISMUTUKU\.gradle\caches\8.14\transforms\c36d51e17c94fd6d2ee8508febe52585\transformed\appcompat-resources-1.1.0\AndroidManifest.xml
[        ] Loading library manifest C:\Users\DENNISMUTUKU\.gradle\caches\8.14\transforms\f0599c5c471bb535981725fdd49cabbb\transformed\drawerlayout-1.0.0\AndroidManifest.xml
[        ] Loading library manifest C:\Users\DENNISMUTUKU\.gradle\caches\8.14\transforms\c044afd1082a0a46d8e1ae45510004de\transformed\coordinatorlayout-1.0.0\AndroidManifest.xml
[        ] Loading library manifest C:\Users\DENNISMUTUKU\.gradle\caches\8.14\transforms\38c13d54853ea3ced35ec2d6229fd2e6\transformed\customview-1.1.0\AndroidManifest.xml
[        ] Loading library manifest C:\Users\DENNISMUTUKU\.gradle\caches\8.14\transforms\33f4e0def5774c20cc99f97715e6a8a3\transformed\transition-1.4.1\AndroidManifest.xml
[        ] Loading library manifest C:\Users\DENNISMUTUKU\.gradle\caches\8.14\transforms\fd9c0c018ac1b6d813c3385bd4b2b2d3\transformed\vectordrawable-animated-1.1.0\AndroidManifest.xml
[        ] Loading library manifest C:\Users\DENNISMUTUKU\.gradle\caches\8.14\transforms\1dd861f3eb721f8a05e16b90d98c57e1\transformed\vectordrawable-1.1.0\AndroidManifest.xml
[        ] Loading library manifest C:\Users\DENNISMUTUKU\.gradle\caches\8.14\transforms\30e9bb160a15691def72cffe8d83518e\transformed\swiperefreshlayout-1.0.0\AndroidManifest.xml
[        ] Loading library manifest C:\Users\DENNISMUTUKU\.gradle\caches\8.14\transforms\303d75da538f5bc55f11884bb8fd86cd\transformed\asynclayoutinflater-1.0.0\AndroidManifest.xml
[        ] Loading library manifest C:\Users\DENNISMUTUKU\.gradle\caches\8.14\transforms\8cb437de8fdac72e2de918f9ee215ca3\transformed\core-1.13.1\AndroidManifest.xml
[        ] Loading library manifest C:\Users\DENNISMUTUKU\.gradle\caches\8.14\transforms\81bfdcaf88a095985faf642cd08a6310\transformed\lifecycle-runtime-2.7.0\AndroidManifest.xml
[        ] Loading library manifest C:\Users\DENNISMUTUKU\.gradle\caches\8.14\transforms\70c7f9c93d870d55aa75fb2befc1cc77\transformed\lifecycle-process-2.7.0\AndroidManifest.xml
[        ] Loading library manifest C:\Users\DENNISMUTUKU\.gradle\caches\8.14\transforms\d148ff515f5aca379a93f0738fb87fa8\transformed\savedstate-ktx-1.2.1\AndroidManifest.xml
[        ] Loading library manifest C:\Users\DENNISMUTUKU\.gradle\caches\8.14\transforms\a3c4bf2e80a7e6a2d3bfce7149bfaf69\transformed\savedstate-1.2.1\AndroidManifest.xml
[        ] Loading library manifest C:\Users\DENNISMUTUKU\.gradle\caches\8.14\transforms\df5ed31f6e2668fd0cb1284d2affc9c1\transformed\profileinstaller-1.3.1\AndroidManifest.xml
[        ] Loading library manifest C:\Users\DENNISMUTUKU\.gradle\caches\8.14\transforms\fac3bdbb065ba11aedd38e2ea2c0656c\transformed\startup-runtime-1.1.1\AndroidManifest.xml
[        ] Loading library manifest C:\Users\DENNISMUTUKU\.gradle\caches\8.14\transforms\f33585d6fc1e1b2a34e4c1d736d386ca\transformed\tracing-1.2.0\AndroidManifest.xml
[        ] Loading library manifest C:\Users\DENNISMUTUKU\.gradle\caches\8.14\transforms\f2b86e9c7312714eacb7763e5167c631\transformed\datastore-preferences-core-release\AndroidManifest.xml
[        ] Loading library manifest C:\Users\DENNISMUTUKU\.gradle\caches\8.14\transforms\93c157b8fbb8b008a5b83470724eb4bd\transformed\datastore-core-release\AndroidManifest.xml
[        ] Loading library manifest C:\Users\DENNISMUTUKU\.gradle\caches\8.14\transforms\62414a17cf0131c39753dba4695aafb1\transformed\datastore-preferences-release\AndroidManifest.xml
[        ] Loading library manifest C:\Users\DENNISMUTUKU\.gradle\caches\8.14\transforms\43d340321be1a72ca103b8ccb695b392\transformed\datastore-release\AndroidManifest.xml
[        ] Loading library manifest C:\Users\DENNISMUTUKU\.gradle\caches\8.14\transforms\95cdd7ca87255f13e4af9ad26a5e03dc\transformed\core-runtime-2.2.0\AndroidManifest.xml
[        ] Loading library manifest C:\Users\DENNISMUTUKU\.gradle\caches\8.14\transforms\75c850d93edffb1f0e79a2b1090091ce\transformed\versionedparcelable-1.1.1\AndroidManifest.xml
[        ] Loading library manifest C:\Users\DENNISMUTUKU\.gradle\caches\8.14\transforms\875ffbd89ac9c7dfd0a91922397ce327\transformed\interpolator-1.0.0\AndroidManifest.xml
[        ] Loading library manifest C:\Users\DENNISMUTUKU\.gradle\caches\8.14\transforms\2d0327b62ea36166e38eb124b816e651\transformed\cursoradapter-1.0.0\AndroidManifest.xml
[        ] Loading library manifest C:\Users\DENNISMUTUKU\.gradle\caches\8.14\transforms\8b553870adc7ac07c61aa64705ec7f72\transformed\core-1.0.0\AndroidManifest.xml
[        ] Loading library manifest C:\Users\DENNISMUTUKU\.gradle\caches\8.14\transforms\45aa20a8e5e8142607c49e5c21c65b2d\transformed\documentfile-1.0.0\AndroidManifest.xml
[        ] Loading library manifest C:\Users\DENNISMUTUKU\.gradle\caches\8.14\transforms\9ea5fb294ae16807016deb98f1fb4e50\transformed\localbroadcastmanager-1.0.0\AndroidManifest.xml
[        ] Loading library manifest C:\Users\DENNISMUTUKU\.gradle\caches\8.14\transforms\dbb8a6ef0d993a462b1eec6f87fba62f\transformed\print-1.0.0\AndroidManifest.xml
[        ] Loading library manifest C:\Users\DENNISMUTUKU\.gradle\caches\8.14\transforms\44f201f6ae2e842e99898292414fc732\transformed\annotation-experimental-1.4.0\AndroidManifest.xml
[        ] Loading library manifest C:\Users\DENNISMUTUKU\.gradle\caches\8.14\transforms\15a558128bbbec921e6710294f0a125f\transformed\relinker-1.4.5\AndroidManifest.xml
[   +1 ms] Merging flavors and build manifest C:\xampp\htdocs\pace.com\wispapp\android\app\src\debug\AndroidManifest.xml 
[        ] Merging main manifest C:\xampp\htdocs\pace.com\wispapp\android\app\src\main\AndroidManifest.xml
[        ] Merging manifest with lower AndroidManifest.xml:1:1-45:12
[        ] Adopted [application: null]
[        ] Adopted [queries: null]
[        ] Merging library manifest C:\xampp\htdocs\pace.com\wispapp\build\shared_preferences_android\intermediates\merged_manifest\debug\processDebugManifest\AndroidManifest.xml
[        ] Merging manifest with lower [:shared_preferences_android] AndroidManifest.xml:2:1-7:12
[        ] uses-sdk defined in both files...
[        ] Merging uses-sdk with lower [:shared_preferences_android] AndroidManifest.xml:5:5-44
[        ] Merging library manifest C:\xampp\htdocs\pace.com\wispapp\build\path_provider_android\intermediates\merged_manifest\debug\processDebugManifest\AndroidManifest.xml
[        ] Merging manifest with lower [:path_provider_android] AndroidManifest.xml:2:1-7:12
[        ] uses-sdk defined in both files...
[        ] Merging uses-sdk with lower [:path_provider_android] AndroidManifest.xml:5:5-44
[        ] Merging library manifest C:\Users\DENNISMUTUKU\.gradle\caches\8.14\transforms\20f0791ef06de9a52b6d96cbab664067\transformed\preference-1.2.1\AndroidManifest.xml
[        ] Merging manifest with lower [androidx.preference:preference:1.2.1] AndroidManifest.xml:17:1-24:12
[        ] uses-sdk defined in both files...
[        ] Merging uses-sdk with lower [androidx.preference:preference:1.2.1] AndroidManifest.xml:20:5-22:41
[        ] Merging library manifest C:\Users\DENNISMUTUKU\.gradle\caches\8.14\transforms\da4a15fbcbc29fba99562eca51c29027\transformed\appcompat-1.1.0\AndroidManifest.xml
[        ] Merging manifest with lower [androidx.appcompat:appcompat:1.1.0] AndroidManifest.xml:17:1-24:12
[        ] uses-sdk defined in both files...
[        ] Merging uses-sdk with lower [androidx.appcompat:appcompat:1.1.0] AndroidManifest.xml:20:5-22:41
[        ] Merging library manifest C:\Users\DENNISMUTUKU\.gradle\caches\8.14\transforms\e1f8ccb572a82359af91314c017bd1f9\transformed\fragment-ktx-1.7.1\AndroidManifest.xml
[        ] Merging manifest with lower [androidx.fragment:fragment-ktx:1.7.1] AndroidManifest.xml:2:1-7:12
[        ] uses-sdk defined in both files...
[        ] Merging uses-sdk with lower [androidx.fragment:fragment-ktx:1.7.1] AndroidManifest.xml:5:5-44
[        ] Merging library manifest C:\Users\DENNISMUTUKU\.gradle\caches\8.14\transforms\5fb50349239706e8a6594e22cd560397\transformed\fragment-1.7.1\AndroidManifest.xml
[        ] Merging manifest with lower [androidx.fragment:fragment:1.7.1] AndroidManifest.xml:2:1-7:12
[   +2 ms] uses-sdk defined in both files...
[        ] Merging uses-sdk with lower [androidx.fragment:fragment:1.7.1] AndroidManifest.xml:5:5-44
[        ] Merging library manifest C:\Users\DENNISMUTUKU\.gradle\caches\8.14\transforms\cee4f699ee102cd72037861d3fcdeceb\transformed\recyclerview-1.0.0\AndroidManifest.xml
[        ] Merging manifest with lower [androidx.recyclerview:recyclerview:1.0.0] AndroidManifest.xml:17:1-22:12
[        ] uses-sdk defined in both files...
[        ] Merging uses-sdk with lower [androidx.recyclerview:recyclerview:1.0.0] AndroidManifest.xml:20:5-44
[        ] Merging library manifest C:\Users\DENNISMUTUKU\.gradle\caches\8.14\transforms\667d45e2fbce9f096055a52553f53740\transformed\legacy-support-core-ui-1.0.0\AndroidManifest.xml
[        ] Merging manifest with lower [androidx.legacy:legacy-support-core-ui:1.0.0] AndroidManifest.xml:17:1-22:12
[        ] uses-sdk defined in both files...
[        ] Merging uses-sdk with lower [androidx.legacy:legacy-support-core-ui:1.0.0] AndroidManifest.xml:20:5-44
[        ] Merging library manifest C:\Users\DENNISMUTUKU\.gradle\caches\8.14\transforms\631c1f23d2ad502a14bcd486bb3a0369\transformed\slidingpanelayout-1.2.0\AndroidManifest.xml
[        ] Merging manifest with lower [androidx.slidingpanelayout:slidingpanelayout:1.2.0] AndroidManifest.xml:17:1-24:12
[        ] uses-sdk defined in both files...
[        ] Merging uses-sdk with lower [androidx.slidingpanelayout:slidingpanelayout:1.2.0] AndroidManifest.xml:20:5-22:41
[        ] Merging library manifest C:\Users\DENNISMUTUKU\.gradle\caches\8.14\transforms\7217e782825a2d4d49e286a23835439b\transformed\window-1.2.0\AndroidManifest.xml
[        ] Merging manifest with lower [androidx.window:window:1.2.0] AndroidManifest.xml:17:1-31:12
[        ] uses-sdk defined in both files...
[        ] Merging uses-sdk with lower [androidx.window:window:1.2.0] AndroidManifest.xml:20:5-44
[        ] application defined in both files...
[        ] Merging application with lower [androidx.window:window:1.2.0] AndroidManifest.xml:22:5-29:19
[   +1 ms] Adopted [uses-library: null]
[        ] Adopted [uses-library: null]
[        ] Merging library manifest C:\Users\DENNISMUTUKU\.gradle\caches\8.14\transforms\684fec45a4a4620be950d54dccaf82cd\transformed\window-java-1.2.0\AndroidManifest.xml
[        ] Merging manifest with lower [androidx.window:window-java:1.2.0] AndroidManifest.xml:17:1-21:12
[        ] uses-sdk defined in both files...
[        ] Merging uses-sdk with lower [androidx.window:window-java:1.2.0] AndroidManifest.xml:19:5-44
[        ] Merging library manifest C:\Users\DENNISMUTUKU\.gradle\caches\8.14\transforms\34a2e94553db54bf67e7425810171014\transformed\activity-ktx-1.8.1\AndroidManifest.xml
[        ] Merging manifest with lower [androidx.activity:activity-ktx:1.8.1] AndroidManifest.xml:2:1-7:12
[        ] uses-sdk defined in both files...
[        ] Merging uses-sdk with lower [androidx.activity:activity-ktx:1.8.1] AndroidManifest.xml:5:5-44
[        ] Merging library manifest C:\Users\DENNISMUTUKU\.gradle\caches\8.14\transforms\1e42bd289ddf0f442a3fc01efb84d3ba\transformed\activity-1.8.1\AndroidManifest.xml
[        ] Merging manifest with lower [androidx.activity:activity:1.8.1] AndroidManifest.xml:17:1-22:12
[        ] uses-sdk defined in both files...
[        ] Merging uses-sdk with lower [androidx.activity:activity:1.8.1] AndroidManifest.xml:20:5-44
[        ] Merging library manifest C:\Users\DENNISMUTUKU\.gradle\caches\8.14\transforms\ea130cff24ffba33708d14df29a80af5\transformed\legacy-support-core-utils-1.0.0\AndroidManifest.xml
[        ] Merging manifest with lower [androidx.legacy:legacy-support-core-utils:1.0.0] AndroidManifest.xml:17:1-22:12
[        ] uses-sdk defined in both files...
[        ] Merging uses-sdk with lower [androidx.legacy:legacy-support-core-utils:1.0.0] AndroidManifest.xml:20:5-44
[        ] Merging library manifest C:\Users\DENNISMUTUKU\.gradle\caches\8.14\transforms\0b8c65722c66640cf120e60317d42362\transformed\loader-1.0.0\AndroidManifest.xml
[        ] Merging manifest with lower [androidx.loader:loader:1.0.0] AndroidManifest.xml:17:1-22:12
[        ] uses-sdk defined in both files...
[        ] Merging uses-sdk with lower [androidx.loader:loader:1.0.0] AndroidManifest.xml:20:5-44
[        ] Merging library manifest C:\Users\DENNISMUTUKU\.gradle\caches\8.14\transforms\7be6cf4f52d84b0f524b317232df5d4c\transformed\viewpager-1.0.0\AndroidManifest.xml
[        ] Merging manifest with lower [androidx.viewpager:viewpager:1.0.0] AndroidManifest.xml:17:1-22:12
[        ] uses-sdk defined in both files...
[        ] Merging uses-sdk with lower [androidx.viewpager:viewpager:1.0.0] AndroidManifest.xml:20:5-44
[        ] Merging library manifest C:\Users\DENNISMUTUKU\.gradle\caches\8.14\transforms\b9ef6a065b155aa9a3e13b9994ab4cbb\transformed\lifecycle-runtime-ktx-2.7.0\AndroidManifest.xml
[        ] Merging manifest with lower [androidx.lifecycle:lifecycle-runtime-ktx:2.7.0] AndroidManifest.xml:17:1-22:12
[        ] uses-sdk defined in both files...
[        ] Merging uses-sdk with lower [androidx.lifecycle:lifecycle-runtime-ktx:2.7.0] AndroidManifest.xml:20:5-44
[        ] Merging library manifest C:\Users\DENNISMUTUKU\.gradle\caches\8.14\transforms\ee9028989d5df242a30968eb14819a13\transformed\lifecycle-livedata-2.7.0\AndroidManifest.xml
[        ] Merging manifest with lower [androidx.lifecycle:lifecycle-livedata:2.7.0] AndroidManifest.xml:17:1-22:12
[        ] uses-sdk defined in both files...
[        ] Merging uses-sdk with lower [androidx.lifecycle:lifecycle-livedata:2.7.0] AndroidManifest.xml:20:5-44
[   +1 ms] Merging library manifest C:\Users\DENNISMUTUKU\.gradle\caches\8.14\transforms\95ee91d8a897d16eed1ef302f2de9371\transformed\lifecycle-livedata-core-ktx-2.7.0\AndroidManifest.xml
[   +2 ms] Merging manifest with lower [androidx.lifecycle:lifecycle-livedata-core-ktx:2.7.0] AndroidManifest.xml:2:1-7:12
[        ] uses-sdk defined in both files...
[        ] Merging uses-sdk with lower [androidx.lifecycle:lifecycle-livedata-core-ktx:2.7.0] AndroidManifest.xml:5:5-44
[        ] Merging library manifest C:\Users\DENNISMUTUKU\.gradle\caches\8.14\transforms\a5f0b265a897e69ca915ae7fa6ef7d22\transformed\lifecycle-viewmodel-ktx-2.7.0\AndroidManifest.xml
[        ] Merging manifest with lower [androidx.lifecycle:lifecycle-viewmodel-ktx:2.7.0] AndroidManifest.xml:2:1-7:12
[   +1 ms] uses-sdk defined in both files...
[        ] Merging uses-sdk with lower [androidx.lifecycle:lifecycle-viewmodel-ktx:2.7.0] AndroidManifest.xml:5:5-44
[        ] Merging library manifest C:\Users\DENNISMUTUKU\.gradle\caches\8.14\transforms\608dfc9e2582f51b81c1485fd62d55da\transformed\lifecycle-viewmodel-2.7.0\AndroidManifest.xml
[        ] Merging manifest with lower [androidx.lifecycle:lifecycle-viewmodel:2.7.0] AndroidManifest.xml:17:1-22:12
[        ] uses-sdk defined in both files...
[        ] Merging uses-sdk with lower [androidx.lifecycle:lifecycle-viewmodel:2.7.0] AndroidManifest.xml:20:5-44
[        ] Merging library manifest C:\Users\DENNISMUTUKU\.gradle\caches\8.14\transforms\134d38681951a9cb59e105fa43ce6ab5\transformed\lifecycle-livedata-core-2.7.0\AndroidManifest.xml
[        ] Merging manifest with lower [androidx.lifecycle:lifecycle-livedata-core:2.7.0] AndroidManifest.xml:17:1-22:12
[        ] uses-sdk defined in both files...
[        ] Merging uses-sdk with lower [androidx.lifecycle:lifecycle-livedata-core:2.7.0] AndroidManifest.xml:20:5-44
[        ] Merging library manifest C:\Users\DENNISMUTUKU\.gradle\caches\8.14\transforms\57a4845aed7b5ba78f501c04d4c94c43\transformed\lifecycle-viewmodel-savedstate-2.7.0\AndroidManifest.xml
[        ] Merging manifest with lower [androidx.lifecycle:lifecycle-viewmodel-savedstate:2.7.0] AndroidManifest.xml:17:1-22:12
[        ] uses-sdk defined in both files...
[        ] Merging uses-sdk with lower [androidx.lifecycle:lifecycle-viewmodel-savedstate:2.7.0] AndroidManifest.xml:20:5-44
[        ] Merging library manifest C:\Users\DENNISMUTUKU\.gradle\caches\8.14\transforms\bd7e8451c9c7af9c0727ed7672bd833e\transformed\core-ktx-1.13.1\AndroidManifest.xml
[        ] Merging manifest with lower [androidx.core:core-ktx:1.13.1] AndroidManifest.xml:2:1-7:12
[        ] uses-sdk defined in both files...
[        ] Merging uses-sdk with lower [androidx.core:core-ktx:1.13.1] AndroidManifest.xml:5:5-44
[        ] Merging library manifest C:\Users\DENNISMUTUKU\.gradle\caches\8.14\transforms\c36d51e17c94fd6d2ee8508febe52585\transformed\appcompat-resources-1.1.0\AndroidManifest.xml
[        ] Merging manifest with lower [androidx.appcompat:appcompat-resources:1.1.0] AndroidManifest.xml:17:1-24:12
[        ] uses-sdk defined in both files...
[        ] Merging uses-sdk with lower [androidx.appcompat:appcompat-resources:1.1.0] AndroidManifest.xml:20:5-22:41
[        ] Merging library manifest C:\Users\DENNISMUTUKU\.gradle\caches\8.14\transforms\f0599c5c471bb535981725fdd49cabbb\transformed\drawerlayout-1.0.0\AndroidManifest.xml
[        ] Merging manifest with lower [androidx.drawerlayout:drawerlayout:1.0.0] AndroidManifest.xml:17:1-22:12
[        ] uses-sdk defined in both files...
[        ] Merging uses-sdk with lower [androidx.drawerlayout:drawerlayout:1.0.0] AndroidManifest.xml:20:5-44
[        ] Merging library manifest C:\Users\DENNISMUTUKU\.gradle\caches\8.14\transforms\c044afd1082a0a46d8e1ae45510004de\transformed\coordinatorlayout-1.0.0\AndroidManifest.xml
[        ] Merging manifest with lower [androidx.coordinatorlayout:coordinatorlayout:1.0.0] AndroidManifest.xml:17:1-22:12
[        ] uses-sdk defined in both files...
[        ] Merging uses-sdk with lower [androidx.coordinatorlayout:coordinatorlayout:1.0.0] AndroidManifest.xml:20:5-44
[        ] Merging library manifest C:\Users\DENNISMUTUKU\.gradle\caches\8.14\transforms\38c13d54853ea3ced35ec2d6229fd2e6\transformed\customview-1.1.0\AndroidManifest.xml
[        ] Merging manifest with lower [androidx.customview:customview:1.1.0] AndroidManifest.xml:17:1-24:12
[        ] uses-sdk defined in both files...
[        ] Merging uses-sdk with lower [androidx.customview:customview:1.1.0] AndroidManifest.xml:20:5-22:41
[        ] Merging library manifest C:\Users\DENNISMUTUKU\.gradle\caches\8.14\transforms\33f4e0def5774c20cc99f97715e6a8a3\transformed\transition-1.4.1\AndroidManifest.xml
[        ] Merging manifest with lower [androidx.transition:transition:1.4.1] AndroidManifest.xml:17:1-24:12
[        ] uses-sdk defined in both files...
[        ] Merging uses-sdk with lower [androidx.transition:transition:1.4.1] AndroidManifest.xml:20:5-22:41
[        ] Merging library manifest C:\Users\DENNISMUTUKU\.gradle\caches\8.14\transforms\fd9c0c018ac1b6d813c3385bd4b2b2d3\transformed\vectordrawable-animated-1.1.0\AndroidManifest.xml
[        ] Merging manifest with lower [androidx.vectordrawable:vectordrawable-animated:1.1.0] AndroidManifest.xml:17:1-24:12
[        ] uses-sdk defined in both files...
[        ] Merging uses-sdk with lower [androidx.vectordrawable:vectordrawable-animated:1.1.0] AndroidManifest.xml:20:5-22:41
[        ] Merging library manifest C:\Users\DENNISMUTUKU\.gradle\caches\8.14\transforms\1dd861f3eb721f8a05e16b90d98c57e1\transformed\vectordrawable-1.1.0\AndroidManifest.xml
[        ] Merging manifest with lower [androidx.vectordrawable:vectordrawable:1.1.0] AndroidManifest.xml:17:1-24:12
[        ] uses-sdk defined in both files...
[        ] Merging uses-sdk with lower [androidx.vectordrawable:vectordrawable:1.1.0] AndroidManifest.xml:20:5-22:41
[        ] Merging library manifest C:\Users\DENNISMUTUKU\.gradle\caches\8.14\transforms\30e9bb160a15691def72cffe8d83518e\transformed\swiperefreshlayout-1.0.0\AndroidManifest.xml
[        ] Merging manifest with lower [androidx.swiperefreshlayout:swiperefreshlayout:1.0.0] AndroidManifest.xml:17:1-22:12
[        ] uses-sdk defined in both files...
[        ] Merging uses-sdk with lower [androidx.swiperefreshlayout:swiperefreshlayout:1.0.0] AndroidManifest.xml:20:5-44
[        ] Merging library manifest C:\Users\DENNISMUTUKU\.gradle\caches\8.14\transforms\303d75da538f5bc55f11884bb8fd86cd\transformed\asynclayoutinflater-1.0.0\AndroidManifest.xml
[   +2 ms] Merging manifest with lower [androidx.asynclayoutinflater:asynclayoutinflater:1.0.0] AndroidManifest.xml:17:1-22:12
[        ] uses-sdk defined in both files...
[        ] Merging uses-sdk with lower [androidx.asynclayoutinflater:asynclayoutinflater:1.0.0] AndroidManifest.xml:20:5-44
[        ] Merging library manifest C:\Users\DENNISMUTUKU\.gradle\caches\8.14\transforms\8cb437de8fdac72e2de918f9ee215ca3\transformed\core-1.13.1\AndroidManifest.xml
[        ] Merging manifest with lower [androidx.core:core:1.13.1] AndroidManifest.xml:17:1-30:12
[        ] uses-sdk defined in both files...
[        ] Merging uses-sdk with lower [androidx.core:core:1.13.1] AndroidManifest.xml:20:5-44
[        ] Adopted [permission: null]
[        ] Adopted [uses-permission: null]
[        ] application defined in both files...
[        ] Merging application with lower [androidx.core:core:1.13.1] AndroidManifest.xml:28:5-89
[        ] Merging library manifest C:\Users\DENNISMUTUKU\.gradle\caches\8.14\transforms\81bfdcaf88a095985faf642cd08a6310\transformed\lifecycle-runtime-2.7.0\AndroidManifest.xml
[        ] Merging manifest with lower [androidx.lifecycle:lifecycle-runtime:2.7.0] AndroidManifest.xml:2:1-7:12
[        ] uses-sdk defined in both files...
[        ] Merging uses-sdk with lower [androidx.lifecycle:lifecycle-runtime:2.7.0] AndroidManifest.xml:5:5-44
[        ] Merging library manifest C:\Users\DENNISMUTUKU\.gradle\caches\8.14\transforms\70c7f9c93d870d55aa75fb2befc1cc77\transformed\lifecycle-process-2.7.0\AndroidManifest.xml
[        ] Merging manifest with lower [androidx.lifecycle:lifecycle-process:2.7.0] AndroidManifest.xml:17:1-35:12
[        ] uses-sdk defined in both files...
[        ] Merging uses-sdk with lower [androidx.lifecycle:lifecycle-process:2.7.0] AndroidManifest.xml:21:5-44
[        ] application defined in both files...
[        ] Merging application with lower [androidx.lifecycle:lifecycle-process:2.7.0] AndroidManifest.xml:23:5-33:19
[        ] Adopted [provider: null]
[        ] Merging library manifest C:\Users\DENNISMUTUKU\.gradle\caches\8.14\transforms\d148ff515f5aca379a93f0738fb87fa8\transformed\savedstate-ktx-1.2.1\AndroidManifest.xml
[        ] Merging manifest with lower [androidx.savedstate:savedstate-ktx:1.2.1] AndroidManifest.xml:17:1-22:12
[        ] uses-sdk defined in both files...
[        ] Merging uses-sdk with lower [androidx.savedstate:savedstate-ktx:1.2.1] AndroidManifest.xml:20:5-44
[        ] Merging library manifest C:\Users\DENNISMUTUKU\.gradle\caches\8.14\transforms\a3c4bf2e80a7e6a2d3bfce7149bfaf69\transformed\savedstate-1.2.1\AndroidManifest.xml
[        ] Merging manifest with lower [androidx.savedstate:savedstate:1.2.1] AndroidManifest.xml:17:1-22:12
[        ] uses-sdk defined in both files...
[        ] Merging uses-sdk with lower [androidx.savedstate:savedstate:1.2.1] AndroidManifest.xml:20:5-44
[        ] Merging library manifest C:\Users\DENNISMUTUKU\.gradle\caches\8.14\transforms\df5ed31f6e2668fd0cb1284d2affc9c1\transformed\profileinstaller-1.3.1\AndroidManifest.xml
[        ] Merging manifest with lower [androidx.profileinstaller:profileinstaller:1.3.1] AndroidManifest.xml:17:1-55:12
[        ] uses-sdk defined in both files...
[        ] Merging uses-sdk with lower [androidx.profileinstaller:profileinstaller:1.3.1] AndroidManifest.xml:21:5-44
[        ] application defined in both files...
[        ] Merging application with lower [androidx.profileinstaller:profileinstaller:1.3.1] AndroidManifest.xml:23:5-53:19
[        ] provider#androidx.startup.InitializationProvider defined in both files...
[        ] Merging provider#androidx.startup.InitializationProvider with lower [androidx.profileinstaller:profileinstaller:1.3.1] AndroidManifest.xml:24:9-32:20
[        ] Adopted [meta-data: null]
[        ] Adopted [receiver: null]
[        ] Merging library manifest C:\Users\DENNISMUTUKU\.gradle\caches\8.14\transforms\fac3bdbb065ba11aedd38e2ea2c0656c\transformed\startup-runtime-1.1.1\AndroidManifest.xml
[        ] Merging manifest with lower [androidx.startup:startup-runtime:1.1.1] AndroidManifest.xml:17:1-33:12
[        ] uses-sdk defined in both files...
[        ] Merging uses-sdk with lower [androidx.startup:startup-runtime:1.1.1] AndroidManifest.xml:21:5-23:41
[        ] application defined in both files...
[        ] Merging application with lower [androidx.startup:startup-runtime:1.1.1] AndroidManifest.xml:25:5-31:19
[   +2 ms] provider#androidx.startup.InitializationProvider defined in both files...
[        ] Merging provider#androidx.startup.InitializationProvider with lower [androidx.startup:startup-runtime:1.1.1] AndroidManifest.xml:26:9-30:34
[        ] Merging library manifest C:\Users\DENNISMUTUKU\.gradle\caches\8.14\transforms\f33585d6fc1e1b2a34e4c1d736d386ca\transformed\tracing-1.2.0\AndroidManifest.xml
[        ] Merging manifest with lower [androidx.tracing:tracing:1.2.0] AndroidManifest.xml:17:1-22:12
[        ] uses-sdk defined in both files...
[        ] Merging uses-sdk with lower [androidx.tracing:tracing:1.2.0] AndroidManifest.xml:20:5-44
[        ] Merging library manifest C:\Users\DENNISMUTUKU\.gradle\caches\8.14\transforms\f2b86e9c7312714eacb7763e5167c631\transformed\datastore-preferences-core-release\AndroidManifest.xml
[        ] Merging manifest with lower [androidx.datastore:datastore-preferences-core-android:1.1.7] AndroidManifest.xml:2:1-7:12
[        ] uses-sdk defined in both files...
[        ] Merging uses-sdk with lower [androidx.datastore:datastore-preferences-core-android:1.1.7] AndroidManifest.xml:5:5-44
[        ] Merging library manifest C:\Users\DENNISMUTUKU\.gradle\caches\8.14\transforms\93c157b8fbb8b008a5b83470724eb4bd\transformed\datastore-core-release\AndroidManifest.xml
[        ] Merging manifest with lower [androidx.datastore:datastore-core-android:1.1.7] AndroidManifest.xml:2:1-7:12
[        ] uses-sdk defined in both files...
[        ] Merging uses-sdk with lower [androidx.datastore:datastore-core-android:1.1.7] AndroidManifest.xml:5:5-44
[        ] Merging library manifest C:\Users\DENNISMUTUKU\.gradle\caches\8.14\transforms\62414a17cf0131c39753dba4695aafb1\transformed\datastore-preferences-release\AndroidManifest.xml
[        ] Merging manifest with lower [androidx.datastore:datastore-preferences-android:1.1.7] AndroidManifest.xml:17:1-22:12
[   +1 ms] uses-sdk defined in both files...
[        ] Merging uses-sdk with lower [androidx.datastore:datastore-preferences-android:1.1.7] AndroidManifest.xml:20:5-44
[        ] Merging library manifest C:\Users\DENNISMUTUKU\.gradle\caches\8.14\transforms\43d340321be1a72ca103b8ccb695b392\transformed\datastore-release\AndroidManifest.xml
[        ] Merging manifest with lower [androidx.datastore:datastore-android:1.1.7] AndroidManifest.xml:17:1-22:12
[        ] uses-sdk defined in both files...
[        ] Merging uses-sdk with lower [androidx.datastore:datastore-android:1.1.7] AndroidManifest.xml:20:5-44
[        ] Merging library manifest C:\Users\DENNISMUTUKU\.gradle\caches\8.14\transforms\95cdd7ca87255f13e4af9ad26a5e03dc\transformed\core-runtime-2.2.0\AndroidManifest.xml
[        ] Merging manifest with lower [androidx.arch.core:core-runtime:2.2.0] AndroidManifest.xml:17:1-22:12
[        ] uses-sdk defined in both files...
[        ] Merging uses-sdk with lower [androidx.arch.core:core-runtime:2.2.0] AndroidManifest.xml:20:5-44
[        ] Merging library manifest C:\Users\DENNISMUTUKU\.gradle\caches\8.14\transforms\75c850d93edffb1f0e79a2b1090091ce\transformed\versionedparcelable-1.1.1\AndroidManifest.xml
[        ] Merging manifest with lower [androidx.versionedparcelable:versionedparcelable:1.1.1] AndroidManifest.xml:17:1-27:12
[        ] uses-sdk defined in both files...
[        ] Merging uses-sdk with lower [androidx.versionedparcelable:versionedparcelable:1.1.1] AndroidManifest.xml:20:5-22:41
[        ] application defined in both files...
[        ] Merging application with lower [androidx.versionedparcelable:versionedparcelable:1.1.1] AndroidManifest.xml:24:5-25:19
[        ] Merging library manifest C:\Users\DENNISMUTUKU\.gradle\caches\8.14\transforms\875ffbd89ac9c7dfd0a91922397ce327\transformed\interpolator-1.0.0\AndroidManifest.xml
[        ] Merging manifest with lower [androidx.interpolator:interpolator:1.0.0] AndroidManifest.xml:17:1-22:12
[   +6 ms] uses-sdk defined in both files...
[        ] Merging uses-sdk with lower [androidx.interpolator:interpolator:1.0.0] AndroidManifest.xml:20:5-44
[        ] Merging library manifest C:\Users\DENNISMUTUKU\.gradle\caches\8.14\transforms\2d0327b62ea36166e38eb124b816e651\transformed\cursoradapter-1.0.0\AndroidManifest.xml
[        ] Merging manifest with lower [androidx.cursoradapter:cursoradapter:1.0.0] AndroidManifest.xml:17:1-22:12
[        ] uses-sdk defined in both files...
[        ] Merging uses-sdk with lower [androidx.cursoradapter:cursoradapter:1.0.0] AndroidManifest.xml:20:5-44
[        ] Merging library manifest C:\Users\DENNISMUTUKU\.gradle\caches\8.14\transforms\8b553870adc7ac07c61aa64705ec7f72\transformed\core-1.0.0\AndroidManifest.xml
[        ] Merging manifest with lower [androidx.window.extensions.core:core:1.0.0] AndroidManifest.xml:2:1-7:12
[        ] uses-sdk defined in both files...
[        ] Merging uses-sdk with lower [androidx.window.extensions.core:core:1.0.0] AndroidManifest.xml:5:5-44
[        ] Merging library manifest C:\Users\DENNISMUTUKU\.gradle\caches\8.14\transforms\45aa20a8e5e8142607c49e5c21c65b2d\transformed\documentfile-1.0.0\AndroidManifest.xml
[        ] Merging manifest with lower [androidx.documentfile:documentfile:1.0.0] AndroidManifest.xml:17:1-22:12
[        ] uses-sdk defined in both files...
[        ] Merging uses-sdk with lower [androidx.documentfile:documentfile:1.0.0] AndroidManifest.xml:20:5-44
[        ] Merging library manifest C:\Users\DENNISMUTUKU\.gradle\caches\8.14\transforms\9ea5fb294ae16807016deb98f1fb4e50\transformed\localbroadcastmanager-1.0.0\AndroidManifest.xml
[        ] Merging manifest with lower [androidx.localbroadcastmanager:localbroadcastmanager:1.0.0] AndroidManifest.xml:17:1-22:12
[        ] uses-sdk defined in both files...
[        ] Merging uses-sdk with lower [androidx.localbroadcastmanager:localbroadcastmanager:1.0.0] AndroidManifest.xml:20:5-44
[        ] Merging library manifest C:\Users\DENNISMUTUKU\.gradle\caches\8.14\transforms\dbb8a6ef0d993a462b1eec6f87fba62f\transformed\print-1.0.0\AndroidManifest.xml
[        ] Merging manifest with lower [androidx.print:print:1.0.0] AndroidManifest.xml:17:1-22:12
[        ] uses-sdk defined in both files...
[        ] Merging uses-sdk with lower [androidx.print:print:1.0.0] AndroidManifest.xml:20:5-44
[        ] Merging library manifest C:\Users\DENNISMUTUKU\.gradle\caches\8.14\transforms\44f201f6ae2e842e99898292414fc732\transformed\annotation-experimental-1.4.0\AndroidManifest.xml
[   +2 ms] Merging manifest with lower [androidx.annotation:annotation-experimental:1.4.0] AndroidManifest.xml:2:1-7:12
[        ] uses-sdk defined in both files...
[   +1 ms] Merging uses-sdk with lower [androidx.annotation:annotation-experimental:1.4.0] AndroidManifest.xml:5:5-44
[        ] Merging library manifest C:\Users\DENNISMUTUKU\.gradle\caches\8.14\transforms\15a558128bbbec921e6710294f0a125f\transformed\relinker-1.4.5\AndroidManifest.xml
[        ] Merging manifest with lower [com.getkeepsafe.relinker:relinker:1.4.5] AndroidManifest.xml:2:1-7:12
[        ] uses-sdk defined in both files...
[        ] Merging uses-sdk with lower [com.getkeepsafe.relinker:relinker:1.4.5] AndroidManifest.xml:5:5-43
[        ] Merging result: SUCCESS
[        ] 1<?xml version="1.0" encoding="utf-8"?>
[   +1 ms] 2<manifest xmlns:android="http://schemas.android.com/apk/res/android"
[        ] 3    package="com.pacewisp.pacewisp"
[        ] 4    android:versionCode="1"
[        ] 5    android:versionName="1.0.0" >
[        ] 6
[        ] 7    <uses-sdk
[        ] 8        android:minSdkVersion="24"
[        ] 9        android:targetSdkVersion="36" />
[        ] 10    <!--
[        ] 11         The INTERNET permission is required for development. Specifically,
[        ] 12         the Flutter tool needs it to communicate with the running application
[        ] 13         to allow setting breakpoints, to provide hot reload, etc.
[        ] 14    -->
[        ] 15    <uses-permission android:name="android.permission.INTERNET" />
[        ] 15-->C:\xampp\htdocs\pace.com\wispapp\android\app\src\debug\AndroidManifest.xml:6:5-66
[        ] 15-->C:\xampp\htdocs\pace.com\wispapp\android\app\src\debug\AndroidManifest.xml:6:22-64
[        ] 16    <!--
[        ] 17     Required to query activities that can process text, see:
[        ] 18         https://developer.android.com/training/package-visibility and
[        ] 19         https://developer.android.com/reference/android/content/Intent#ACTION_PROCESS_TEXT.
[        ] 20
[        ] 21         In particular, this is used by the Flutter engine in io.flutter.plugin.text.ProcessTextPlugin.
[   +2 ms] 22    -->
[        ] 23    <queries>
[        ] 23-->C:\xampp\htdocs\pace.com\wispapp\android\app\src\main\AndroidManifest.xml:39:5-44:15
[        ] 24        <intent>
[        ] 24-->C:\xampp\htdocs\pace.com\wispapp\android\app\src\main\AndroidManifest.xml:40:9-43:18
[        ] 25            <action android:name="android.intent.action.PROCESS_TEXT" />
[   +2 ms] 25-->C:\xampp\htdocs\pace.com\wispapp\android\app\src\main\AndroidManifest.xml:41:13-72
[        ] 25-->C:\xampp\htdocs\pace.com\wispapp\android\app\src\main\AndroidManifest.xml:41:21-70
[        ] 26
[   +1 ms] 27            <data android:mimeType="text/plain" />
[        ] 27-->C:\xampp\htdocs\pace.com\wispapp\android\app\src\main\AndroidManifest.xml:42:13-50
[        ] 27-->C:\xampp\htdocs\pace.com\wispapp\android\app\src\main\AndroidManifest.xml:42:19-48
[        ] 28        </intent>
[   +2 ms] 29    </queries>
[        ] 30
[        ] 31    <permission
[        ] 31-->[androidx.core:core:1.13.1] C:\Users\DENNISMUTUKU\.gradle\caches\8.14\transforms\8cb437de8fdac72e2de918f9ee215ca3\transformed\core-1.13.1\AndroidManifest.xml:22:5-24:47
[        ] 32        android:name="com.pacewisp.pacewisp.DYNAMIC_RECEIVER_NOT_EXPORTED_PERMISSION"
[        ] 32-->[androidx.core:core:1.13.1] C:\Users\DENNISMUTUKU\.gradle\caches\8.14\transforms\8cb437de8fdac72e2de918f9ee215ca3\transformed\core-1.13.1\AndroidManifest.xml:23:9-81
[        ] 33        android:protectionLevel="signature" />
[        ] 33-->[androidx.core:core:1.13.1] C:\Users\DENNISMUTUKU\.gradle\caches\8.14\transforms\8cb437de8fdac72e2de918f9ee215ca3\transformed\core-1.13.1\AndroidManifest.xml:24:9-44
[        ] 34
[        ] 35    <uses-permission android:name="com.pacewisp.pacewisp.DYNAMIC_RECEIVER_NOT_EXPORTED_PERMISSION" />
[        ] 35-->[androidx.core:core:1.13.1] C:\Users\DENNISMUTUKU\.gradle\caches\8.14\transforms\8cb437de8fdac72e2de918f9ee215ca3\transformed\core-1.13.1\AndroidManifest.xml:26:5-97
[        ] 35-->[androidx.core:core:1.13.1] C:\Users\DENNISMUTUKU\.gradle\caches\8.14\transforms\8cb437de8fdac72e2de918f9ee215ca3\transformed\core-1.13.1\AndroidManifest.xml:26:22-94
[        ] 36
[   +1 ms] 37    <application
[        ] 38        android:name="android.app.Application"
[        ] 39        android:appComponentFactory="androidx.core.app.CoreComponentFactory"
[        ] 39-->[androidx.core:core:1.13.1] C:\Users\DENNISMUTUKU\.gradle\caches\8.14\transforms\8cb437de8fdac72e2de918f9ee215ca3\transformed\core-1.13.1\AndroidManifest.xml:28:18-86
[        ] 40        android:debuggable="true"
[        ] 41        android:extractNativeLibs="false"
[        ] 42        android:icon="@mipmap/ic_launcher"
[        ] 43        android:label="pacewisp" >
[        ] 44        <activity
[        ] 45            android:name="com.pacewisp.pacewisp.MainActivity"
[        ] 46            android:configChanges="orientation|keyboardHidden|keyboard|screenSize|smallestScreenSize|locale|layoutDirection|fontScale|screenLayout|density|uiMode"
[        ] 47            android:exported="true"
[        ] 48            android:hardwareAccelerated="true"
[        ] 49            android:launchMode="singleTop"
[        ] 50            android:taskAffinity=""
[        ] 51            android:theme="@style/LaunchTheme"
[        ] 52            android:windowSoftInputMode="adjustResize" >
[        ] 53
[        ] 54            <!--
[        ] 55                 Specifies an Android theme to apply to this Activity as soon as
[        ] 56                 the Android process has started. This theme is visible to the user
[        ] 57                 while the Flutter UI initializes. After that, this theme continues
[        ] 58                 to determine the Window background behind the Flutter UI.
[        ] 59            -->
[        ] 60            <meta-data
[        ] 61                android:name="io.flutter.embedding.android.NormalTheme"
[        ] 62                android:resource="@style/NormalTheme" />
[        ] 63
[        ] 64            <intent-filter>
[        ] 65                <action android:name="android.intent.action.MAIN" />
[        ] 66
[        ] 67                <category android:name="android.intent.category.LAUNCHER" />
[        ] 68            </intent-filter>
[        ] 69        </activity>
[   +1 ms] 70        <!--
[        ] 71             Don't delete the meta-data below.
[        ] 72             This is used by the Flutter tool to generate GeneratedPluginRegistrant.java
[        ] 73        -->
[        ] 74        <meta-data
[        ] 75            android:name="flutterEmbedding"
[        ] 76            android:value="2" />
[        ] 77
[        ] 78        <uses-library
[        ] 78-->[androidx.window:window:1.2.0] C:\Users\DENNISMUTUKU\.gradle\caches\8.14\transforms\7217e782825a2d4d49e286a23835439b\transformed\window-1.2.0\AndroidManifest.xml:23:9-25:40
[        ] 79            android:name="androidx.window.extensions"
[        ] 79-->[androidx.window:window:1.2.0] C:\Users\DENNISMUTUKU\.gradle\caches\8.14\transforms\7217e782825a2d4d49e286a23835439b\transformed\window-1.2.0\AndroidManifest.xml:24:13-54
[        ] 80            android:required="false" />
[        ] 80-->[androidx.window:window:1.2.0] C:\Users\DENNISMUTUKU\.gradle\caches\8.14\transforms\7217e782825a2d4d49e286a23835439b\transformed\window-1.2.0\AndroidManifest.xml:25:13-37
[        ] 81        <uses-library
[        ] 81-->[androidx.window:window:1.2.0] C:\Users\DENNISMUTUKU\.gradle\caches\8.14\transforms\7217e782825a2d4d49e286a23835439b\transformed\window-1.2.0\AndroidManifest.xml:26:9-28:40
[        ] 82            android:name="androidx.window.sidecar"
[        ] 82-->[androidx.window:window:1.2.0] C:\Users\DENNISMUTUKU\.gradle\caches\8.14\transforms\7217e782825a2d4d49e286a23835439b\transformed\window-1.2.0\AndroidManifest.xml:27:13-51
[        ] 83            android:required="false" />
[        ] 83-->[androidx.window:window:1.2.0] C:\Users\DENNISMUTUKU\.gradle\caches\8.14\transforms\7217e782825a2d4d49e286a23835439b\transformed\window-1.2.0\AndroidManifest.xml:28:13-37
[        ] 84
[        ] 85        <provider
[        ] 85-->[androidx.lifecycle:lifecycle-process:2.7.0] C:\Users\DENNISMUTUKU\.gradle\caches\8.14\transforms\70c7f9c93d870d55aa75fb2befc1cc77\transformed\lifecycle-process-2.7.0\AndroidManifest.xml:24:9-32:20
[        ] 86            android:name="androidx.startup.InitializationProvider"
[        ] 86-->[androidx.lifecycle:lifecycle-process:2.7.0] C:\Users\DENNISMUTUKU\.gradle\caches\8.14\transforms\70c7f9c93d870d55aa75fb2befc1cc77\transformed\lifecycle-process-2.7.0\AndroidManifest.xml:25:13-67
[        ] 87            android:authorities="com.pacewisp.pacewisp.androidx-startup"
[        ] 87-->[androidx.lifecycle:lifecycle-process:2.7.0] C:\Users\DENNISMUTUKU\.gradle\caches\8.14\transforms\70c7f9c93d870d55aa75fb2befc1cc77\transformed\lifecycle-process-2.7.0\AndroidManifest.xml:26:13-68
[        ] 88            android:exported="false" >
[        ] 88-->[androidx.lifecycle:lifecycle-process:2.7.0] C:\Users\DENNISMUTUKU\.gradle\caches\8.14\transforms\70c7f9c93d870d55aa75fb2befc1cc77\transformed\lifecycle-process-2.7.0\AndroidManifest.xml:27:13-37
[        ] 89            <meta-data
[        ] 89-->[androidx.lifecycle:lifecycle-process:2.7.0] C:\Users\DENNISMUTUKU\.gradle\caches\8.14\transforms\70c7f9c93d870d55aa75fb2befc1cc77\transformed\lifecycle-process-2.7.0\AndroidManifest.xml:29:13-31:52
[        ] 90                android:name="androidx.lifecycle.ProcessLifecycleInitializer"
[        ] 90-->[androidx.lifecycle:lifecycle-process:2.7.0] C:\Users\DENNISMUTUKU\.gradle\caches\8.14\transforms\70c7f9c93d870d55aa75fb2befc1cc77\transformed\lifecycle-process-2.7.0\AndroidManifest.xml:30:17-78
[        ] 91                android:value="androidx.startup" />
[        ] 91-->[androidx.lifecycle:lifecycle-process:2.7.0] C:\Users\DENNISMUTUKU\.gradle\caches\8.14\transforms\70c7f9c93d870d55aa75fb2befc1cc77\transformed\lifecycle-process-2.7.0\AndroidManifest.xml:31:17-49
[        ] 92            <meta-data
[        ] 92-->[androidx.profileinstaller:profileinstaller:1.3.1] C:\Users\DENNISMUTUKU\.gradle\caches\8.14\transforms\df5ed31f6e2668fd0cb1284d2affc9c1\transformed\profileinstaller-1.3.1\AndroidManifest.xml:29:13-31:52
[        ] 93                android:name="androidx.profileinstaller.ProfileInstallerInitializer"
[        ] 93-->[androidx.profileinstaller:profileinstaller:1.3.1] C:\Users\DENNISMUTUKU\.gradle\caches\8.14\transforms\df5ed31f6e2668fd0cb1284d2affc9c1\transformed\profileinstaller-1.3.1\AndroidManifest.xml:30:17-85
[        ] 94                android:value="androidx.startup" />
[        ] 94-->[androidx.profileinstaller:profileinstaller:1.3.1] C:\Users\DENNISMUTUKU\.gradle\caches\8.14\transforms\df5ed31f6e2668fd0cb1284d2affc9c1\transformed\profileinstaller-1.3.1\AndroidManifest.xml:31:17-49
[        ] 95        </provider>
[        ] 96
[        ] 97        <receiver
[        ] 97-->[androidx.profileinstaller:profileinstaller:1.3.1] C:\Users\DENNISMUTUKU\.gradle\caches\8.14\transforms\df5ed31f6e2668fd0cb1284d2affc9c1\transformed\profileinstaller-1.3.1\AndroidManifest.xml:34:9-52:20
[        ] 98            android:name="androidx.profileinstaller.ProfileInstallReceiver"
[        ] 98-->[androidx.profileinstaller:profileinstaller:1.3.1] C:\Users\DENNISMUTUKU\.gradle\caches\8.14\transforms\df5ed31f6e2668fd0cb1284d2affc9c1\transformed\profileinstaller-1.3.1\AndroidManifest.xml:35:13-76
[        ] 99            android:directBootAware="false"
[        ] 99-->[androidx.profileinstaller:profileinstaller:1.3.1] C:\Users\DENNISMUTUKU\.gradle\caches\8.14\transforms\df5ed31f6e2668fd0cb1284d2affc9c1\transformed\profileinstaller-1.3.1\AndroidManifest.xml:36:13-44
[        ] 100            android:enabled="true"
[        ] 100-->[androidx.profileinstaller:profileinstaller:1.3.1] C:\Users\DENNISMUTUKU\.gradle\caches\8.14\transforms\df5ed31f6e2668fd0cb1284d2affc9c1\transformed\profileinstaller-1.3.1\AndroidManifest.xml:37:13-35
[        ] 101            android:exported="true"
[        ] 101-->[androidx.profileinstaller:profileinstaller:1.3.1] C:\Users\DENNISMUTUKU\.gradle\caches\8.14\transforms\df5ed31f6e2668fd0cb1284d2affc9c1\transformed\profileinstaller-1.3.1\AndroidManifest.xml:38:13-36
[        ] 102            android:permission="android.permission.DUMP" >
[        ] 102-->[androidx.profileinstaller:profileinstaller:1.3.1] C:\Users\DENNISMUTUKU\.gradle\caches\8.14\transforms\df5ed31f6e2668fd0cb1284d2affc9c1\transformed\profileinstaller-1.3.1\AndroidManifest.xml:39:13-57
[        ] 103            <intent-filter>
[        ] 103-->[androidx.profileinstaller:profileinstaller:1.3.1] C:\Users\DENNISMUTUKU\.gradle\caches\8.14\transforms\df5ed31f6e2668fd0cb1284d2affc9c1\transformed\profileinstaller-1.3.1\AndroidManifest.xml:40:13-42:29
[        ] 104                <action android:name="androidx.profileinstaller.action.INSTALL_PROFILE" />
[        ] 104-->[androidx.profileinstaller:profileinstaller:1.3.1] C:\Users\DENNISMUTUKU\.gradle\caches\8.14\transforms\df5ed31f6e2668fd0cb1284d2affc9c1\transformed\profileinstaller-1.3.1\AndroidManifest.xml:41:17-91
[        ] 104-->[androidx.profileinstaller:profileinstaller:1.3.1] C:\Users\DENNISMUTUKU\.gradle\caches\8.14\transforms\df5ed31f6e2668fd0cb1284d2affc9c1\transformed\profileinstaller-1.3.1\AndroidManifest.xml:41:25-88
[        ] 105            </intent-filter>
[        ] 106            <intent-filter>
[        ] 106-->[androidx.profileinstaller:profileinstaller:1.3.1] C:\Users\DENNISMUTUKU\.gradle\caches\8.14\transforms\df5ed31f6e2668fd0cb1284d2affc9c1\transformed\profileinstaller-1.3.1\AndroidManifest.xml:43:13-45:29
[        ] 107                <action android:name="androidx.profileinstaller.action.SKIP_FILE" />
[        ] 107-->[androidx.profileinstaller:profileinstaller:1.3.1] C:\Users\DENNISMUTUKU\.gradle\caches\8.14\transforms\df5ed31f6e2668fd0cb1284d2affc9c1\transformed\profileinstaller-1.3.1\AndroidManifest.xml:44:17-85
[        ] 107-->[androidx.profileinstaller:profileinstaller:1.3.1] C:\Users\DENNISMUTUKU\.gradle\caches\8.14\transforms\df5ed31f6e2668fd0cb1284d2affc9c1\transformed\profileinstaller-1.3.1\AndroidManifest.xml:44:25-82
[        ] 108            </intent-filter>
[        ] 109            <intent-filter>
[   +1 ms] 109-->[androidx.profileinstaller:profileinstaller:1.3.1] C:\Users\DENNISMUTUKU\.gradle\caches\8.14\transforms\df5ed31f6e2668fd0cb1284d2affc9c1\transformed\profileinstaller-1.3.1\AndroidManifest.xml:46:13-48:29
[        ] 110                <action android:name="androidx.profileinstaller.action.SAVE_PROFILE" />
[        ] 110-->[androidx.profileinstaller:profileinstaller:1.3.1] C:\Users\DENNISMUTUKU\.gradle\caches\8.14\transforms\df5ed31f6e2668fd0cb1284d2affc9c1\transformed\profileinstaller-1.3.1\AndroidManifest.xml:47:17-88
[        ] 110-->[androidx.profileinstaller:profileinstaller:1.3.1] C:\Users\DENNISMUTUKU\.gradle\caches\8.14\transforms\df5ed31f6e2668fd0cb1284d2affc9c1\transformed\profileinstaller-1.3.1\AndroidManifest.xml:47:25-85
[        ] 111            </intent-filter>
[        ] 112            <intent-filter>
[        ] 112-->[androidx.profileinstaller:profileinstaller:1.3.1] C:\Users\DENNISMUTUKU\.gradle\caches\8.14\transforms\df5ed31f6e2668fd0cb1284d2affc9c1\transformed\profileinstaller-1.3.1\AndroidManifest.xml:49:13-51:29
[        ] 113                <action android:name="androidx.profileinstaller.action.BENCHMARK_OPERATION" />
[        ] 113-->[androidx.profileinstaller:profileinstaller:1.3.1] C:\Users\DENNISMUTUKU\.gradle\caches\8.14\transforms\df5ed31f6e2668fd0cb1284d2affc9c1\transformed\profileinstaller-1.3.1\AndroidManifest.xml:50:17-95
[        ] 113-->[androidx.profileinstaller:profileinstaller:1.3.1] C:\Users\DENNISMUTUKU\.gradle\caches\8.14\transforms\df5ed31f6e2668fd0cb1284d2affc9c1\transformed\profileinstaller-1.3.1\AndroidManifest.xml:50:25-92
[        ] 114            </intent-filter>
[   +4 ms] 115        </receiver>
[        ] 116    </application>
[        ] 117
[        ] 118</manifest>
[        ] Merged manifest saved to C:\xampp\htdocs\pace.com\wispapp\build\app\intermediates\merged_manifest\debug\processDebugMainManifest\AndroidManifest.xml
[        ] Resolve mutations for :app:outputDebugAppLinkSettings (Thread[#130,Execution worker,5,main]) started.
[        ] :app:outputDebugAppLinkSettings (Thread[#130,Execution worker,5,main]) started.
[        ] > Task :app:outputDebugAppLinkSettings
[        ] Caching disabled for task ':app:outputDebugAppLinkSettings' because:
[        ]   Build cache is disabled
[        ]   Caching has not been enabled for the task
[        ] Task ':app:outputDebugAppLinkSettings' is not up-to-date because:
[        ]   No history is available.
[  +18 ms] Resolve mutations for :app:processDebugManifest (Thread[#130,Execution worker,5,main]) started.
[        ] :app:processDebugManifest (Thread[#130,Execution worker,5,main]) started.
[ +112 ms] > Task :app:processDebugManifest
[        ] Caching disabled for task ':app:processDebugManifest' because:
[        ]   Build cache is disabled
[        ] Task ':app:processDebugManifest' is not up-to-date because:
[   +1 ms]   No history is available.
[        ] Resolve mutations for :app:processDebugManifestForPackage (Thread[#130,Execution worker,5,main]) started.
[        ] :app:processDebugManifestForPackage (Thread[#130,Execution worker,5,main]) started.
[ +181 ms] Resolve mutations for :path_provider_android:parseDebugLocalResources (Thread[#131,Execution worker Thread 2,5,main]) started.
[   +1 ms] :path_provider_android:parseDebugLocalResources (Thread[#131,Execution worker Thread 2,5,main]) started.
[        ] Resolve mutations for :shared_preferences_android:compileDebugLibraryResources (Thread[#132,Execution worker Thread 3,5,main]) started.
[        ] :shared_preferences_android:compileDebugLibraryResources (Thread[#132,Execution worker Thread 3,5,main]) started.
[        ] > Task :shared_preferences_android:compileDebugLibraryResources
[        ] Caching disabled for task ':shared_preferences_android:compileDebugLibraryResources' because:
[        ]   Build cache is disabled
[        ] Task ':shared_preferences_android:compileDebugLibraryResources' is not up-to-date because:
[        ]   No history is available.
[        ] The input changes require a full rebuild for incremental task ':shared_preferences_android:compileDebugLibraryResources'.
[        ] > Task :path_provider_android:parseDebugLocalResources
[   +1 ms] Caching disabled for task ':path_provider_android:parseDebugLocalResources' because:
[        ]   Build cache is disabled
[        ] Task ':path_provider_android:parseDebugLocalResources' is not up-to-date because:
[        ]   No history is available.
[        ] The input changes require a full rebuild for incremental task ':path_provider_android:parseDebugLocalResources'.
[        ] > Task :app:processDebugManifestForPackage
[        ] Custom actions are attached to task ':app:processDebugManifestForPackage'.
[        ] Caching disabled for task ':app:processDebugManifestForPackage' because:
[        ]   Build cache is disabled
[        ] Task ':app:processDebugManifestForPackage' is not up-to-date because:
[        ]   No history is available.
[        ] work action resolve out (project :shared_preferences_android) (Thread[#130,Execution worker,5,main]) started.
[        ] Resolve mutations for :path_provider_android:generateDebugRFile (Thread[#130,Execution worker,5,main]) started.
[        ] :path_provider_android:generateDebugRFile (Thread[#130,Execution worker,5,main]) started.
[        ] Resolve mutations for :shared_preferences_android:parseDebugLocalResources (Thread[#132,Execution worker Thread 3,5,main]) started.
[        ] :shared_preferences_android:parseDebugLocalResources (Thread[#132,Execution worker Thread 3,5,main]) started.
[        ] Resolve mutations for :path_provider_android:javaPreCompileDebug (Thread[#131,Execution worker Thread 2,5,main]) started.
[        ] :path_provider_android:javaPreCompileDebug (Thread[#131,Execution worker Thread 2,5,main]) started.
[        ] > Task :shared_preferences_android:parseDebugLocalResources
[        ] Caching disabled for task ':shared_preferences_android:parseDebugLocalResources' because:
[        ]   Build cache is disabled
[        ] Task ':shared_preferences_android:parseDebugLocalResources' is not up-to-date because:
[        ]   No history is available.
[        ] The input changes require a full rebuild for incremental task ':shared_preferences_android:parseDebugLocalResources'.
[        ] Resolve mutations for :shared_preferences_android:generateDebugRFile (Thread[#132,Execution worker Thread 3,5,main]) started.
[        ] :shared_preferences_android:generateDebugRFile (Thread[#132,Execution worker Thread 3,5,main]) started.
[        ] > Task :path_provider_android:javaPreCompileDebug
[   +1 ms] Caching disabled for task ':path_provider_android:javaPreCompileDebug' because:
[        ]   Build cache is disabled
[        ] Task ':path_provider_android:javaPreCompileDebug' is not up-to-date because:
[        ]   No history is available.
[  +85 ms] Resolve mutations for :shared_preferences_android:checkKotlinGradlePluginConfigurationErrors (Thread[#131,Execution worker Thread 2,5,main]) started.
[        ] :shared_preferences_android:checkKotlinGradlePluginConfigurationErrors (Thread[#131,Execution worker Thread 2,5,main]) started.
[        ] > Task :shared_preferences_android:checkKotlinGradlePluginConfigurationErrors SKIPPED
[        ] Skipping task ':shared_preferences_android:checkKotlinGradlePluginConfigurationErrors' as task onlyIf 'errorDiagnostics are present' is false.
[        ] Resolve mutations for :shared_preferences_android:javaPreCompileDebug (Thread[#131,Execution worker Thread 2,5,main]) started.
[        ] :shared_preferences_android:javaPreCompileDebug (Thread[#131,Execution worker Thread 2,5,main]) started.
[        ] Resolve mutations for :app:javaPreCompileDebug (Thread[#129,included builds,5,main]) started.
[        ] :app:javaPreCompileDebug (Thread[#129,included builds,5,main]) started.
[        ] > Task :shared_preferences_android:javaPreCompileDebug
[        ] Caching disabled for task ':shared_preferences_android:javaPreCompileDebug' because:
[        ]   Build cache is disabled
[        ] Task ':shared_preferences_android:javaPreCompileDebug' is not up-to-date because:
[        ]   No history is available.
[        ] Resolve mutations for :app:compressDebugAssets (Thread[#131,Execution worker Thread 2,5,main]) started.
[        ] :app:compressDebugAssets (Thread[#131,Execution worker Thread 2,5,main]) started.
[        ] > Task :app:javaPreCompileDebug
[        ] Caching disabled for task ':app:javaPreCompileDebug' because:
[        ]   Build cache is disabled
[        ] Task ':app:javaPreCompileDebug' is not up-to-date because:
[        ]   No history is available.
[ +148 ms] Resolve mutations for :app:desugarDebugFileDependencies (Thread[#129,included builds,5,main]) started.
[        ] :app:desugarDebugFileDependencies (Thread[#129,included builds,5,main]) started.
[ +107 ms] > Task :path_provider_android:generateDebugRFile
[        ] Caching disabled for task ':path_provider_android:generateDebugRFile' because:
[        ]   Build cache is disabled
[        ] Task ':path_provider_android:generateDebugRFile' is not up-to-date because:
[        ]   No history is available.
[        ] The input changes require a full rebuild for incremental task ':path_provider_android:generateDebugRFile'.
[        ] work action resolve package-aware-r.txt (project :path_provider_android) (Thread[#130,Execution worker,5,main]) started.
[        ] Resolve mutations for :path_provider_android:compileDebugJavaWithJavac (Thread[#130,Execution worker,5,main]) started.
[        ] :path_provider_android:compileDebugJavaWithJavac (Thread[#130,Execution worker,5,main]) started.
[ +158 ms] > Task :shared_preferences_android:generateDebugRFile
[        ] Caching disabled for task ':shared_preferences_android:generateDebugRFile' because:
[   +1 ms]   Build cache is disabled
[        ] Task ':shared_preferences_android:generateDebugRFile' is not up-to-date because:
[        ]   No history is available.
[        ] The input changes require a full rebuild for incremental task ':shared_preferences_android:generateDebugRFile'.
[        ] > Task :app:desugarDebugFileDependencies
[        ] Caching disabled for IdentityTransform: C:\xampp\htdocs\pace.com\wispapp\build\app\intermediates\flutter\debug\libs.jar because:
[        ]   Build cache is disabled
[        ]   Caching not enabled.
[        ] Caching disabled for task ':app:desugarDebugFileDependencies' because:
[        ]   Build cache is disabled
[        ] Task ':app:desugarDebugFileDependencies' is not up-to-date because:
[        ]   No history is available.
[+1478 ms] > Task :app:compressDebugAssets
[        ] Caching disabled for task ':app:compressDebugAssets' because:
[        ]   Build cache is disabled
[        ] Task ':app:compressDebugAssets' is not up-to-date because:
[        ]   No history is available.
[        ] The input changes require a full rebuild for incremental task ':app:compressDebugAssets'.
[ +708 ms] > Task :path_provider_android:compileDebugJavaWithJavac
[        ] Resource missing. [HTTP GET: https://dl.google.com/dl/android/maven2/org/jetbrains/kotlin/kotlin-stdlib/1.8.22/kotlin-stdlib-1.8.22.pom]
[        ] Downloading https://repo.maven.apache.org/maven2/org/jetbrains/kotlin/kotlin-stdlib/1.8.22/kotlin-stdlib-1.8.22.pom to C:\Users\DENNISMUTUKU\.gradle\.tmp\gradle_download14742228256378888629bin
[ +401 ms] Resource missing. [HTTP GET: https://dl.google.com/dl/android/maven2/org/jetbrains/kotlin/kotlin-stdlib/1.9.24/kotlin-stdlib-1.9.24.pom]
[  +92 ms] Downloading https://repo.maven.apache.org/maven2/org/jetbrains/kotlin/kotlin-stdlib/1.9.24/kotlin-stdlib-1.9.24.pom to C:\Users\DENNISMUTUKU\.gradle\.tmp\gradle_download17613162707231851180bin
[ +201 ms] Downloading https://repo.maven.apache.org/maven2/org/jetbrains/kotlin/kotlin-stdlib/1.9.24/kotlin-stdlib-1.9.24.module to C:\Users\DENNISMUTUKU\.gradle\.tmp\gradle_download2770500813146172292bin
[ +697 ms] Resource missing. [HTTP GET: https://dl.google.com/dl/android/maven2/org/jetbrains/kotlinx/kotlinx-coroutines-core-jvm/1.7.1/kotlinx-coroutines-core-jvm-1.7.1.pom]
[  +99 ms] Downloading https://repo.maven.apache.org/maven2/org/jetbrains/kotlinx/kotlinx-coroutines-core-jvm/1.7.1/kotlinx-coroutines-core-jvm-1.7.1.pom to C:\Users\DENNISMUTUKU\.gradle\.tmp\gradle_download12590325235873756438bin
[ +209 ms] Downloading https://repo.maven.apache.org/maven2/org/jetbrains/kotlinx/kotlinx-coroutines-core-jvm/1.7.1/kotlinx-coroutines-core-jvm-1.7.1.module to C:\Users\DENNISMUTUKU\.gradle\.tmp\gradle_download6001347944874172770bin
[+1391 ms] Downloading https://dl.google.com/dl/android/maven2/androidx/customview/customview/1.0.0/customview-1.0.0.pom to C:\Users\DENNISMUTUKU\.gradle\.tmp\gradle_download2159043247834737763bin
[ +995 ms] Resource missing. [HTTP GET: https://dl.google.com/dl/android/maven2/org/jetbrains/kotlin/kotlin-stdlib-common/1.9.24/kotlin-stdlib-common-1.9.24.pom]
[ +110 ms] Downloading https://repo.maven.apache.org/maven2/org/jetbrains/kotlin/kotlin-stdlib-common/1.9.24/kotlin-stdlib-common-1.9.24.pom to C:\Users\DENNISMUTUKU\.gradle\.tmp\gradle_download5564757947290778073bin
[ +242 ms] Downloading https://repo.maven.apache.org/maven2/org/jetbrains/kotlin/kotlin-stdlib-common/1.9.24/kotlin-stdlib-common-1.9.24.module to C:\Users\DENNISMUTUKU\.gradle\.tmp\gradle_download6434443803237975272bin
[        ] work action resolve package-aware-r.txt (project :shared_preferences_android) (Thread[#131,Execution worker Thread 2,5,main]) started.
[+1884 ms] > Task :path_provider_android:compileDebugJavaWithJavac
[        ] Caching disabled for AarToClassTransform: C:\Users\DENNISMUTUKU\.gradle\caches\modules-2\files-2.1\androidx.loader\loader\1.0.0\8af8b6cec0da85c207d03e15840e0722cbc71e70\loader-1.0.0.aar because:
[        ]   Build cache is disabled
[        ]   Caching not enabled.
[        ] Caching disabled for AarToClassTransform: C:\Users\DENNISMUTUKU\.gradle\caches\modules-2\files-2.1\androidx.activity\activity\1.8.1\144ff894c8c32584ca9e99ebae0a2a28b294d371\activity-1.8.1.aar because:
[        ]   Build cache is disabled
[        ]   Caching not enabled.
[        ] Caching disabled for AarToClassTransform: C:\Users\DENNISMUTUKU\.gradle\caches\modules-2\files-2.1\androidx.fragment\fragment\1.7.1\c7d4fcacda7c02f3b29e4d232f5f21cfa6aa7451\fragment-1.7.1.aar because:
[        ]   Build cache is disabled
[        ]   Caching not enabled.
[        ] Caching disabled for AarToClassTransform: C:\Users\DENNISMUTUKU\.gradle\caches\modules-2\files-2.1\androidx.lifecycle\lifecycle-livedata-core-ktx\2.7.0\746c75e5d0a819d11e255ad137083a51c746e953\lifecycle-livedata-core-ktx-2.7.0.aar because:
[        ]   Build cache is disabled
[        ]   Caching not enabled.
[        ] Caching disabled for AarToClassTransform: C:\Users\DENNISMUTUKU\.gradle\caches\modules-2\files-2.1\androidx.lifecycle\lifecycle-livedata\2.7.0\42ad14e1ee00719636e31a36e8cd50d7ce5c45c6\lifecycle-livedata-2.7.0.aar because:
[        ]   Build cache is disabled
[        ]   Caching not enabled.
[        ] Caching disabled for AarToClassTransform: C:\Users\DENNISMUTUKU\.gradle\caches\modules-2\files-2.1\androidx.lifecycle\lifecycle-viewmodel\2.7.0\ea64fb2e504d200f2b7f03c76f51edd7e9ef62a9\lifecycle-viewmodel-2.7.0.aar because:
[        ]   Build cache is disabled
[        ]   Caching not enabled.
[        ] Caching disabled for AarToClassTransform: C:\Users\DENNISMUTUKU\.gradle\caches\modules-2\files-2.1\androidx.lifecycle\lifecycle-livedata-core\2.7.0\d95c9c0b74a6b9882c416c688f6cf201dc416bed\lifecycle-livedata-core-2.7.0.aar because:
[        ]   Build cache is disabled
[        ]   Caching not enabled.
[   +1 ms] Caching disabled for AarToClassTransform: C:\Users\DENNISMUTUKU\.gradle\caches\modules-2\files-2.1\androidx.lifecycle\lifecycle-viewmodel-savedstate\2.7.0\1fa14bde5efb3a96fa4fb8ced995f7fdfe99dfd\lifecycle-viewmodel-savedstate-2.7.0.aar because:
[        ]   Build cache is disabled
[        ]   Caching not enabled.
[        ] Caching disabled for AarToClassTransform: C:\Users\DENNISMUTUKU\.gradle\caches\modules-2\files-2.1\androidx.core\core-ktx\1.13.1\f595b8c10fad9099f71a3c1fc6ded1c9b5010190\core-ktx-1.13.1.aar because:
[        ]   Build cache is disabled
[        ]   Caching not enabled.
[        ] Caching disabled for AarToClassTransform: C:\Users\DENNISMUTUKU\.gradle\caches\modules-2\files-2.1\androidx.viewpager\viewpager\1.0.0\1f90e13820f96c2fb868f9674079a551678d68b2\viewpager-1.0.0.aar because:
[        ]   Build cache is disabled
[        ]   Caching not enabled.
[        ] Caching disabled for AarToClassTransform: C:\Users\DENNISMUTUKU\.gradle\caches\modules-2\files-2.1\androidx.core\core\1.13.1\4606d420282fe1e5c8d5c4e647ec188e1045b7be\core-1.13.1.aar because:
[        ]   Build cache is disabled
[        ]   Caching not enabled.
[        ] Caching disabled for AarToClassTransform: C:\Users\DENNISMUTUKU\.gradle\caches\modules-2\files-2.1\androidx.lifecycle\lifecycle-process\2.7.0\10fc9ecc045a9931724c43e710c55680a772d96a\lifecycle-process-2.7.0.aar because:
[        ]   Build cache is disabled
[        ]   Caching not enabled.
[        ] Caching disabled for AarToClassTransform: C:\Users\DENNISMUTUKU\.gradle\caches\modules-2\files-2.1\androidx.lifecycle\lifecycle-runtime\2.7.0\e46d7c73ab6cb3e288f51a0ad96bf372e90ceb31\lifecycle-runtime-2.7.0.aar because:
[        ]   Build cache is disabled
[        ]   Caching not enabled.
[        ] Downloading https://storage.googleapis.com/download.flutter.io/io/flutter/flutter_embedding_debug/1.0.0-a5cb96369ef86c7e85abf5d662a1ca5d89775053/flutter_embedding_debug-1.0.0-a5cb96369ef86c7e85abf5d662a1ca5d89775053.jar to C:\Users\DENNISMUTUKU\.gradle\.tmp\gradle_download3394012694681302712bin
[        ] Downloading https://dl.google.com/dl/android/maven2/androidx/customview/customview/1.0.0/customview-1.0.0.aar to C:\Users\DENNISMUTUKU\.gradle\.tmp\gradle_download10069424083027098795bin
[        ] Caching disabled for AarToClassTransform: C:\Users\DENNISMUTUKU\.gradle\caches\modules-2\files-2.1\androidx.customview\customview\1.0.0\30f5ff6075d112f8076e733b24410e68159735b6\customview-1.0.0.aar because:
[        ]   Build cache is disabled
[        ]   Caching not enabled.
[        ] Caching disabled for AarToClassTransform: C:\Users\DENNISMUTUKU\.gradle\caches\modules-2\files-2.1\androidx.arch.core\core-runtime\2.2.0\39705982680d78556b679ef9d5400d4f17509b0b\core-runtime-2.2.0.aar because:
[        ]   Build cache is disabled
[        ]   Caching not enabled.
[        ] Downloading https://dl.google.com/dl/android/maven2/androidx/lifecycle/lifecycle-common/2.7.0/lifecycle-common-2.7.0.jar to C:\Users\DENNISMUTUKU\.gradle\.tmp\gradle_download63156604694624097bin
[   +1 ms] Downloading https://dl.google.com/dl/android/maven2/androidx/lifecycle/lifecycle-common-java8/2.7.0/lifecycle-common-java8-2.7.0.jar to C:\Users\DENNISMUTUKU\.gradle\.tmp\gradle_download12166634075013836900bin
[        ] Caching disabled for IdentityTransform: C:\Users\DENNISMUTUKU\.gradle\caches\modules-2\files-2.1\androidx.lifecycle\lifecycle-common-java8\2.7.0\2ad14aed781c4a73ed4dbb421966d408a0a06686\lifecycle-common-java8-2.7.0.jar because:
[   +2 ms]   Build cache is disabled
[        ]   Caching not enabled.
[        ] Caching disabled for AarToClassTransform: C:\Users\DENNISMUTUKU\.gradle\caches\modules-2\files-2.1\androidx.versionedparcelable\versionedparcelable\1.1.1\18e18071e7715679e0593c570217edeb5ca48b9e\versionedparcelable-1.1.1.aar because:
[        ]   Build cache is disabled
[        ]   Caching not enabled.
[        ] Caching disabled for IdentityTransform: C:\Users\DENNISMUTUKU\.gradle\caches\modules-2\files-2.1\androidx.lifecycle\lifecycle-common\2.7.0\85334205d65cca70ed0109c3acbd29e22a2d9cb1\lifecycle-common-2.7.0.jar because:
[        ]   Build cache is disabled
[   +1 ms]   Caching not enabled.
[        ] Caching disabled for AarToClassTransform: C:\Users\DENNISMUTUKU\.gradle\caches\modules-2\files-2.1\androidx.savedstate\savedstate\1.2.1\e364fc9dec32aa569d855f85864e50250318a093\savedstate-1.2.1.aar because:
[        ]   Build cache is disabled
[        ]   Caching not enabled.
[        ] Caching disabled for IdentityTransform: C:\Users\DENNISMUTUKU\.gradle\caches\modules-2\files-2.1\androidx.annotation\annotation-jvm\1.9.1\b17951747e38bf3986a24431b9ba0d039958aa5f\annotation-jvm-1.9.1.jar because:
[        ]   Build cache is disabled
[        ]   Caching not enabled.
[        ] Caching disabled for AarToClassTransform: C:\Users\DENNISMUTUKU\.gradle\caches\modules-2\files-2.1\androidx.window\window\1.2.0\1d080d0a72684227bf6eb9af56264542708f8d16\window-1.2.0.aar because:
[        ]   Build cache is disabled
[        ]   Caching not enabled.
[        ] Caching disabled for AarToClassTransform: C:\Users\DENNISMUTUKU\.gradle\caches\modules-2\files-2.1\androidx.window\window-java\1.2.0\924d0a3ca93fac4acb32c6a972e9fa1e283f1f07\window-java-1.2.0.aar because:
[        ]   Build cache is disabled
[        ]   Caching not enabled.
[        ] Caching disabled for AarToClassTransform: C:\Users\DENNISMUTUKU\.gradle\caches\modules-2\files-2.1\androidx.annotation\annotation-experimental\1.4.0\c7a2038d831d0cfbfb9a440890b287c2e839ecf\annotation-experimental-1.4.0.aar because:
[        ]   Build cache is disabled
[        ]   Caching not enabled.
[        ] Downloading https://dl.google.com/dl/android/maven2/androidx/collection/collection/1.1.0/collection-1.1.0.jar to C:\Users\DENNISMUTUKU\.gradle\.tmp\gradle_download1921957066478250072bin
[        ] Caching disabled for IdentityTransform: C:\Users\DENNISMUTUKU\.gradle\caches\modules-2\files-2.1\io.flutter\flutter_embedding_debug\1.0.0-a5cb96369ef86c7e85abf5d662a1ca5d89775053\954b93b61c4a486cabd1196ff1afeb45711379c3\flutter_embedding_debug-1.0.0-a5cb96369ef86c7e85abf5d662a1ca5d89775053.jar because:
[        ]   Build cache is disabled
[        ]   Caching not enabled.
[        ] Caching disabled for IdentityTransform: C:\Users\DENNISMUTUKU\.gradle\caches\modules-2\files-2.1\androidx.collection\collection\1.1.0\1f27220b47669781457de0d600849a5de0e89909\collection-1.1.0.jar because:
[        ]   Build cache is disabled
[        ]   Caching not enabled.
[ +249 ms] Downloading https://repo.maven.apache.org/maven2/org/jetbrains/kotlinx/kotlinx-coroutines-android/1.7.1/kotlinx-coroutines-android-1.7.1.jar to C:\Users\DENNISMUTUKU\.gradle\.tmp\gradle_download16703396410171154546bin
[   +1 ms] Caching disabled for IdentityTransform: C:\Users\DENNISMUTUKU\.gradle\caches\modules-2\files-2.1\org.jetbrains.kotlinx\kotlinx-coroutines-android\1.7.1\c2d86b569f10b7fc7e28d3f50c0eed97897d77a7\kotlinx-coroutines-android-1.7.1.jar because:
[        ]   Build cache is disabled
[        ]   Caching not enabled.
[        ] Downloading https://repo.maven.apache.org/maven2/org/jetbrains/kotlinx/kotlinx-coroutines-core-jvm/1.7.1/kotlinx-coroutines-core-jvm-1.7.1.jar to C:\Users\DENNISMUTUKU\.gradle\.tmp\gradle_download764563757399091229bin
[ +108 ms] Downloading https://repo.maven.apache.org/maven2/org/jetbrains/kotlin/kotlin-stdlib-jdk8/1.8.20/kotlin-stdlib-jdk8-1.8.20.jar to C:\Users\DENNISMUTUKU\.gradle\.tmp\gradle_download13824047622035596744bin
[   +1 ms] Caching disabled for IdentityTransform: C:\Users\DENNISMUTUKU\.gradle\caches\modules-2\files-2.1\org.jetbrains.kotlin\kotlin-stdlib-jdk8\1.8.20\73576ddf378c5b4f1f6b449fe6b119b8183fc078\kotlin-stdlib-jdk8-1.8.20.jar because:
[   +1 ms]   Build cache is disabled
[        ]   Caching not enabled.
[   +1 ms] Downloading https://repo.maven.apache.org/maven2/org/jetbrains/kotlin/kotlin-stdlib-jdk7/1.8.20/kotlin-stdlib-jdk7-1.8.20.jar to C:\Users\DENNISMUTUKU\.gradle\.tmp\gradle_download8595713228459103585bin
[        ] Caching disabled for IdentityTransform: C:\Users\DENNISMUTUKU\.gradle\caches\modules-2\files-2.1\org.jetbrains.kotlin\kotlin-stdlib-jdk7\1.8.20\3aa51faf20aae8b31e1a4bc54f8370673d7b7df4\kotlin-stdlib-jdk7-1.8.20.jar because:
[        ]   Build cache is disabled
[   +1 ms]   Caching not enabled.
[        ] Caching disabled for IdentityTransform: C:\Users\DENNISMUTUKU\.gradle\caches\modules-2\files-2.1\org.jetbrains\annotations\23.0.0\8cc20c07506ec18e0834947b84a864bfc094484e\annotations-23.0.0.jar because:
[        ]   Build cache is disabled
[   +3 ms]   Caching not enabled.
[        ] Caching disabled for AarToClassTransform: C:\Users\DENNISMUTUKU\.gradle\caches\modules-2\files-2.1\androidx.startup\startup-runtime\1.1.1\9d4ba67056aff98b69eadc1477c19a1e67cb9470\startup-runtime-1.1.1.aar because:
[   +2 ms]   Build cache is disabled
[        ]   Caching not enabled.
[  +73 ms] Caching disabled for AarToClassTransform: C:\Users\DENNISMUTUKU\.gradle\caches\modules-2\files-2.1\androidx.tracing\tracing\1.2.0\a6ac2cc501278fdc99c56b428548e0cd1e9300f7\tracing-1.2.0.aar because:
[        ]   Build cache is disabled
[        ]   Caching not enabled.
[        ] Caching disabled for AarToClassTransform: C:\Users\DENNISMUTUKU\.gradle\caches\modules-2\files-2.1\com.getkeepsafe.relinker\relinker\1.4.5\222d7b0624248da9336bbfccff8a129e3e280ce8\relinker-1.4.5.aar because:
[        ]   Build cache is disabled
[        ]   Caching not enabled.
[        ] Downloading https://repo.maven.apache.org/maven2/org/jetbrains/kotlin/kotlin-stdlib/1.9.24/kotlin-stdlib-1.9.24.jar to C:\Users\DENNISMUTUKU\.gradle\.tmp\gradle_download11183209242344715132bin
[ +394 ms] Caching disabled for IdentityTransform: C:\Users\DENNISMUTUKU\.gradle\caches\modules-2\files-2.1\org.jetbrains.kotlinx\kotlinx-coroutines-core-jvm\1.7.1\63a0779cf668e2a47d13fda7c3b0c4f8dc7762f4\kotlinx-coroutines-core-jvm-1.7.1.jar because:
[        ]   Build cache is disabled
[   +1 ms]   Caching not enabled.
[ +291 ms] Caching disabled for IdentityTransform: C:\Users\DENNISMUTUKU\.gradle\caches\modules-2\files-2.1\org.jetbrains.kotlin\kotlin-stdlib\1.9.24\9928532f12c66ad816a625b3f9984f8368ca6d2b\kotlin-stdlib-1.9.24.jar because:
[        ]   Build cache is disabled
[        ]   Caching not enabled.
[ +404 ms] Downloading https://dl.google.com/dl/android/maven2/androidx/arch/core/core-common/2.2.0/core-common-2.2.0.jar to C:\Users\DENNISMUTUKU\.gradle\.tmp\gradle_download8450117414105083471bin
[        ] Caching disabled for IdentityTransform: C:\Users\DENNISMUTUKU\.gradle\caches\modules-2\files-2.1\androidx.arch.core\core-common\2.2.0\5e1b8b81dfd5f52c56a8d53b18ca759c19a301f3\core-common-2.2.0.jar because:
[        ]   Build cache is disabled
[        ]   Caching not enabled.
[+4269 ms] Caching disabled for JdkImageTransform: C:\Users\DENNISMUTUKU\AppData\Local\Android\sdk\platforms\android-36\core-for-system-modules.jar because:
[   +1 ms]   Build cache is disabled
[ +247 ms] Starting process 'command 'C:\Program Files\Android\Android Studio\jbr\bin\jlink.exe''. Working directory: C:\Users\DENNISMUTUKU\AppData\Local\Pub\Cache\hosted\pub.dev\path_provider_android-2.2.22\android Command: C:\Program Files\Android\Android Studio\jbr\bin\jlink.exe --version
[        ] Successfully started process 'command 'C:\Program Files\Android\Android Studio\jbr\bin\jlink.exe''
[+1072 ms] Starting process 'command 'C:\Program Files\Android\Android Studio\jbr\bin\javac.exe''. Working directory: C:\Users\DENNISMUTUKU\AppData\Local\Pub\Cache\hosted\pub.dev\path_provider_android-2.2.22\android Command: C:\Program Files\Android\Android Studio\jbr\bin\javac.exe --system=none --patch-module=java.base=C:\Users\DENNISMUTUKU\AppData\Local\Android\sdk\platforms\android-36\core-for-system-modules.jar -d C:\Users\DENNISMUTUKU\.gradle\caches\8.14\transforms\c97fc59be68deb3f82d4a8bfb1607854-70e3368a-e80d-414b-9270-8265d4df9f89\transformed\output\temp C:\Users\DENNISMUTUKU\.gradle\caches\8.14\transforms\c97fc59be68deb3f82d4a8bfb1607854-70e3368a-e80d-414b-9270-8265d4df9f89\transformed\output\temp\module-info.java
[        ] Successfully started process 'command 'C:\Program Files\Android\Android Studio\jbr\bin\javac.exe''
[+1502 ms] Starting process 'command 'C:\Program Files\Android\Android Studio\jbr\bin\jmod.exe''. Working directory: C:\Users\DENNISMUTUKU\AppData\Local\Pub\Cache\hosted\pub.dev\path_provider_android-2.2.22\android Command: C:\Program Files\Android\Android Studio\jbr\bin\jmod.exe create --module-version 21 --target-platform LINUX-OTHER --class-path C:\Users\DENNISMUTUKU\.gradle\caches\8.14\transforms\c97fc59be68deb3f82d4a8bfb1607854-70e3368a-e80d-414b-9270-8265d4df9f89\transformed\output\temp\module.jar C:\Users\DENNISMUTUKU\.gradle\caches\8.14\transforms\c97fc59be68deb3f82d4a8bfb1607854-70e3368a-e80d-414b-9270-8265d4df9f89\transformed\output\temp\jmod\java.base.jmod
[        ] Successfully started process 'command 'C:\Program Files\Android\Android Studio\jbr\bin\jmod.exe''
[+1106 ms] Starting process 'command 'C:\Program Files\Android\Android Studio\jbr\bin\jlink.exe''. Working directory: C:\Users\DENNISMUTUKU\AppData\Local\Pub\Cache\hosted\pub.dev\path_provider_android-2.2.22\android Command: C:\Program Files\Android\Android Studio\jbr\bin\jlink.exe --module-path C:\Users\DENNISMUTUKU\.gradle\caches\8.14\transforms\c97fc59be68deb3f82d4a8bfb1607854-70e3368a-e80d-414b-9270-8265d4df9f89\transformed\output\temp\jmod --add-modules java.base --output C:\Users\DENNISMUTUKU\.gradle\caches\8.14\transforms\c97fc59be68deb3f82d4a8bfb1607854-70e3368a-e80d-414b-9270-8265d4df9f89\transformed\output\jdkImage --disable-plugin system-modules
[        ] Successfully started process 'command 'C:\Program Files\Android\Android Studio\jbr\bin\jlink.exe''
[+1294 ms] Custom actions are attached to task ':path_provider_android:compileDebugJavaWithJavac'.
[   +1 ms] Caching disabled for task ':path_provider_android:compileDebugJavaWithJavac' because:
[        ]   Build cache is disabled
[        ] Task ':path_provider_android:compileDebugJavaWithJavac' is not up-to-date because:
[        ]   No history is available.
[        ] The input changes require a full rebuild for incremental task ':path_provider_android:compileDebugJavaWithJavac'.
[ +104 ms] Compilation mode: in-process compilation
[        ] Full recompilation is required because no incremental change information is available. This is usually caused by clean builds or changing compiler arguments.
[        ] Compiling with toolchain 'C:\Program Files\Android\Android Studio\jbr'.
[        ] file or directory 'C:\Users\DENNISMUTUKU\AppData\Local\Pub\Cache\hosted\pub.dev\path_provider_android-2.2.22\android\src\debug\java', not found
[        ] Compiling with JDK Java compiler API.
[+1991 ms] Class dependency analysis for incremental compilation took 0.049 secs.
[+7304 ms] Created classpath snapshot for incremental compilation in 7.319 secs.
[ +215 ms] Resolve mutations for :app:processDebugResources (Thread[#130,Execution worker,5,main]) started.
[   +2 ms] :app:processDebugResources (Thread[#130,Execution worker,5,main]) started.
[+1891 ms] > Task :app:processDebugResources
[        ] Caching disabled for AarResourcesCompilerTransform: C:\Users\DENNISMUTUKU\.gradle\caches\8.14\transforms\20f0791ef06de9a52b6d96cbab664067\transformed\preference-1.2.1 because:
[        ]   Build cache is disabled
[        ] Caching disabled for AarResourcesCompilerTransform: C:\Users\DENNISMUTUKU\.gradle\caches\8.14\transforms\da4a15fbcbc29fba99562eca51c29027\transformed\appcompat-1.1.0 because:
[        ]   Build cache is disabled
[        ] Caching disabled for AarResourcesCompilerTransform: C:\Users\DENNISMUTUKU\.gradle\caches\8.14\transforms\5fb50349239706e8a6594e22cd560397\transformed\fragment-1.7.1 because:
[        ]   Build cache is disabled
[        ] Caching disabled for AarResourcesCompilerTransform: C:\Users\DENNISMUTUKU\.gradle\caches\8.14\transforms\e1f8ccb572a82359af91314c017bd1f9\transformed\fragment-ktx-1.7.1 because:
[        ]   Build cache is disabled
[        ] Compiling xml file C:\Users\DENNISMUTUKU\.gradle\caches\8.14\transforms\5fb50349239706e8a6594e22cd560397\transformed\fragment-1.7.1\res\anim\fragment_fast_out_extra_slow_in.xml to C:\Users\DENNISMUTUKU\.gradle\caches\8.14\transforms\0c6fec7ddff4781eb657d3e656c01070-01e158b3-fab3-45a8-bb93-6d9569593024\transformed\androidx.fragment\anim_fragment_fast_out_extra_slow_in.xml.flat
[        ] Compiling xml file C:\Users\DENNISMUTUKU\.gradle\caches\8.14\transforms\20f0791ef06de9a52b6d96cbab664067\transformed\preference-1.2.1\res\drawable\ic_arrow_down_24dp.xml to C:\Users\DENNISMUTUKU\.gradle\caches\8.14\transforms\8b76ed42da99744292a2a568041873b9-0904e28b-5197-440b-be7c-8a062a3c0c1d\transformed\androidx.preference\drawable_ic_arrow_down_24dp.xml.flat
[        ] Compiling xml file C:\Users\DENNISMUTUKU\.gradle\caches\8.14\transforms\da4a15fbcbc29fba99562eca51c29027\transformed\appcompat-1.1.0\res\anim\abc_fade_in.xml to C:\Users\DENNISMUTUKU\.gradle\caches\8.14\transforms\5a84ebaf2e42c43d89e9e628520d7d34-bdbbe12d-3965-4227-986b-bcab955bada4\transformed\androidx.appcompat\anim_abc_fade_in.xml.flat
[        ] Compiling xml file C:\Users\DENNISMUTUKU\.gradle\caches\8.14\transforms\5fb50349239706e8a6594e22cd560397\transformed\fragment-1.7.1\res\anim-v21\fragment_fast_out_extra_slow_in.xml to C:\Users\DENNISMUTUKU\.gradle\caches\8.14\transforms\0c6fec7ddff4781eb657d3e656c01070-01e158b3-fab3-45a8-bb93-6d9569593024\transformed\androidx.fragment\anim-v21_fragment_fast_out_extra_slow_in.xml.flat
[   +2 ms] Compiling xml file C:\Users\DENNISMUTUKU\.gradle\caches\8.14\transforms\20f0791ef06de9a52b6d96cbab664067\transformed\preference-1.2.1\res\drawable\preference_list_divider_material.xml to C:\Users\DENNISMUTUKU\.gradle\caches\8.14\transforms\8b76ed42da99744292a2a568041873b9-0904e28b-5197-440b-be7c-8a062a3c0c1d\transformed\androidx.preference\drawable_preference_list_divider_material.xml.flat
[   +1 ms] Compiling xml file C:\Users\DENNISMUTUKU\.gradle\caches\8.14\transforms\5fb50349239706e8a6594e22cd560397\transformed\fragment-1.7.1\res\animator\fragment_close_enter.xml to C:\Users\DENNISMUTUKU\.gradle\caches\8.14\transforms\0c6fec7ddff4781eb657d3e656c01070-01e158b3-fab3-45a8-bb93-6d9569593024\transformed\androidx.fragment\animator_fragment_close_enter.xml.flat
[        ] Compiling xml file C:\Users\DENNISMUTUKU\.gradle\caches\8.14\transforms\da4a15fbcbc29fba99562eca51c29027\transformed\appcompat-1.1.0\res\anim\abc_fade_out.xml to C:\Users\DENNISMUTUKU\.gradle\caches\8.14\transforms\5a84ebaf2e42c43d89e9e628520d7d34-bdbbe12d-3965-4227-986b-bcab955bada4\transformed\androidx.appcompat\anim_abc_fade_out.xml.flat
[   +1 ms] Compiling xml file C:\Users\DENNISMUTUKU\.gradle\caches\8.14\transforms\20f0791ef06de9a52b6d96cbab664067\transformed\preference-1.2.1\res\drawable-v21\ic_arrow_down_24dp.xml to C:\Users\DENNISMUTUKU\.gradle\caches\8.14\transforms\8b76ed42da99744292a2a568041873b9-0904e28b-5197-440b-be7c-8a062a3c0c1d\transformed\androidx.preference\drawable-v21_ic_arrow_down_24dp.xml.flat
[        ] Compiling xml file C:\Users\DENNISMUTUKU\.gradle\caches\8.14\transforms\5fb50349239706e8a6594e22cd560397\transformed\fragment-1.7.1\res\animator\fragment_close_exit.xml to C:\Users\DENNISMUTUKU\.gradle\caches\8.14\transforms\0c6fec7ddff4781eb657d3e656c01070-01e158b3-fab3-45a8-bb93-6d9569593024\transformed\androidx.fragment\animator_fragment_close_exit.xml.flat
[        ] Compiling xml file C:\Users\DENNISMUTUKU\.gradle\caches\8.14\transforms\20f0791ef06de9a52b6d96cbab664067\transformed\preference-1.2.1\res\drawable-v21\preference_list_divider_material.xml to C:\Users\DENNISMUTUKU\.gradle\caches\8.14\transforms\8b76ed42da99744292a2a568041873b9-0904e28b-5197-440b-be7c-8a062a3c0c1d\transformed\androidx.preference\drawable-v21_preference_list_divider_material.xml.flat
[        ] Compiling xml file C:\Users\DENNISMUTUKU\.gradle\caches\8.14\transforms\da4a15fbcbc29fba99562eca51c29027\transformed\appcompat-1.1.0\res\anim\abc_grow_fade_in_from_bottom.xml to C:\Users\DENNISMUTUKU\.gradle\caches\8.14\transforms\5a84ebaf2e42c43d89e9e628520d7d34-bdbbe12d-3965-4227-986b-bcab955bada4\transformed\androidx.appcompat\anim_abc_grow_fade_in_from_bottom.xml.flat
[        ] Compiling xml file C:\Users\DENNISMUTUKU\.gradle\caches\8.14\transforms\5fb50349239706e8a6594e22cd560397\transformed\fragment-1.7.1\res\animator\fragment_fade_enter.xml to C:\Users\DENNISMUTUKU\.gradle\caches\8.14\transforms\0c6fec7ddff4781eb657d3e656c01070-01e158b3-fab3-45a8-bb93-6d9569593024\transformed\androidx.fragment\animator_fragment_fade_enter.xml.flat
[        ] Compiling xml file C:\Users\DENNISMUTUKU\.gradle\caches\8.14\transforms\20f0791ef06de9a52b6d96cbab664067\transformed\preference-1.2.1\res\layout\expand_button.xml to C:\Users\DENNISMUTUKU\.gradle\caches\8.14\transforms\8b76ed42da99744292a2a568041873b9-0904e28b-5197-440b-be7c-8a062a3c0c1d\transformed\androidx.preference\layout_expand_button.xml.flat
[   +4 ms] Compiling xml file C:\Users\DENNISMUTUKU\.gradle\caches\8.14\transforms\5fb50349239706e8a6594e22cd560397\transformed\fragment-1.7.1\res\animator\fragment_fade_exit.xml to C:\Users\DENNISMUTUKU\.gradle\caches\8.14\transforms\0c6fec7ddff4781eb657d3e656c01070-01e158b3-fab3-45a8-bb93-6d9569593024\transformed\androidx.fragment\animator_fragment_fade_exit.xml.flat
[        ] Compiling xml file C:\Users\DENNISMUTUKU\.gradle\caches\8.14\transforms\da4a15fbcbc29fba99562eca51c29027\transformed\appcompat-1.1.0\res\anim\abc_popup_enter.xml to C:\Users\DENNISMUTUKU\.gradle\caches\8.14\transforms\5a84ebaf2e42c43d89e9e628520d7d34-bdbbe12d-3965-4227-986b-bcab955bada4\transformed\androidx.appcompat\anim_abc_popup_enter.xml.flat
[        ] Compiling xml file C:\Users\DENNISMUTUKU\.gradle\caches\8.14\transforms\5fb50349239706e8a6594e22cd560397\transformed\fragment-1.7.1\res\animator\fragment_open_enter.xml to C:\Users\DENNISMUTUKU\.gradle\caches\8.14\transforms\0c6fec7ddff4781eb657d3e656c01070-01e158b3-fab3-45a8-bb93-6d9569593024\transformed\androidx.fragment\animator_fragment_open_enter.xml.flat
[        ] Compiling xml file C:\Users\DENNISMUTUKU\.gradle\caches\8.14\transforms\20f0791ef06de9a52b6d96cbab664067\transformed\preference-1.2.1\res\layout\image_frame.xml to C:\Users\DENNISMUTUKU\.gradle\caches\8.14\transforms\8b76ed42da99744292a2a568041873b9-0904e28b-5197-440b-be7c-8a062a3c0c1d\transformed\androidx.preference\layout_image_frame.xml.flat
[        ] Compiling xml file C:\Users\DENNISMUTUKU\.gradle\caches\8.14\transforms\da4a15fbcbc29fba99562eca51c29027\transformed\appcompat-1.1.0\res\anim\abc_popup_exit.xml to C:\Users\DENNISMUTUKU\.gradle\caches\8.14\transforms\5a84ebaf2e42c43d89e9e628520d7d34-bdbbe12d-3965-4227-986b-bcab955bada4\transformed\androidx.appcompat\anim_abc_popup_exit.xml.flat
[        ] Compiling xml file C:\Users\DENNISMUTUKU\.gradle\caches\8.14\transforms\5fb50349239706e8a6594e22cd560397\transformed\fragment-1.7.1\res\animator\fragment_open_exit.xml to C:\Users\DENNISMUTUKU\.gradle\caches\8.14\transforms\0c6fec7ddff4781eb657d3e656c01070-01e158b3-fab3-45a8-bb93-6d9569593024\transformed\androidx.fragment\animator_fragment_open_exit.xml.flat
[        ] Compiling xml file C:\Users\DENNISMUTUKU\.gradle\caches\8.14\transforms\da4a15fbcbc29fba99562eca51c29027\transformed\appcompat-1.1.0\res\anim\abc_shrink_fade_out_from_bottom.xml to C:\Users\DENNISMUTUKU\.gradle\caches\8.14\transforms\5a84ebaf2e42c43d89e9e628520d7d34-bdbbe12d-3965-4227-986b-bcab955bada4\transformed\androidx.appcompat\anim_abc_shrink_fade_out_from_bottom.xml.flat
[        ] Compiling xml file C:\Users\DENNISMUTUKU\.gradle\caches\8.14\transforms\20f0791ef06de9a52b6d96cbab664067\transformed\preference-1.2.1\res\layout\preference.xml to C:\Users\DENNISMUTUKU\.gradle\caches\8.14\transforms\8b76ed42da99744292a2a568041873b9-0904e28b-5197-440b-be7c-8a062a3c0c1d\transformed\androidx.preference\layout_preference.xml.flat
[        ] Compiling xml file C:\Users\DENNISMUTUKU\.gradle\caches\8.14\transforms\da4a15fbcbc29fba99562eca51c29027\transformed\appcompat-1.1.0\res\anim\abc_slide_in_bottom.xml to C:\Users\DENNISMUTUKU\.gradle\caches\8.14\transforms\5a84ebaf2e42c43d89e9e628520d7d34-bdbbe12d-3965-4227-986b-bcab955bada4\transformed\androidx.appcompat\anim_abc_slide_in_bottom.xml.flat
[        ] Compiling xml file C:\Users\DENNISMUTUKU\.gradle\caches\8.14\transforms\20f0791ef06de9a52b6d96cbab664067\transformed\preference-1.2.1\res\layout\preference_category.xml to C:\Users\DENNISMUTUKU\.gradle\caches\8.14\transforms\8b76ed42da99744292a2a568041873b9-0904e28b-5197-440b-be7c-8a062a3c0c1d\transformed\androidx.preference\layout_preference_category.xml.flat
[        ] Compiling xml file C:\Users\DENNISMUTUKU\.gradle\caches\8.14\transforms\da4a15fbcbc29fba99562eca51c29027\transformed\appcompat-1.1.0\res\anim\abc_slide_in_top.xml to C:\Users\DENNISMUTUKU\.gradle\caches\8.14\transforms\5a84ebaf2e42c43d89e9e628520d7d34-bdbbe12d-3965-4227-986b-bcab955bada4\transformed\androidx.appcompat\anim_abc_slide_in_top.xml.flat
[   +1 ms] Compiling xml file C:\Users\DENNISMUTUKU\.gradle\caches\8.14\transforms\20f0791ef06de9a52b6d96cbab664067\transformed\preference-1.2.1\res\layout\preference_category_material.xml to C:\Users\DENNISMUTUKU\.gradle\caches\8.14\transforms\8b76ed42da99744292a2a568041873b9-0904e28b-5197-440b-be7c-8a062a3c0c1d\transformed\androidx.preference\layout_preference_category_material.xml.flat
[        ] Compiling xml file C:\Users\DENNISMUTUKU\.gradle\caches\8.14\transforms\da4a15fbcbc29fba99562eca51c29027\transformed\appcompat-1.1.0\res\anim\abc_slide_out_bottom.xml to C:\Users\DENNISMUTUKU\.gradle\caches\8.14\transforms\5a84ebaf2e42c43d89e9e628520d7d34-bdbbe12d-3965-4227-986b-bcab955bada4\transformed\androidx.appcompat\anim_abc_slide_out_bottom.xml.flat
[        ] Compiling xml file C:\Users\DENNISMUTUKU\.gradle\caches\8.14\transforms\da4a15fbcbc29fba99562eca51c29027\transformed\appcompat-1.1.0\res\anim\abc_slide_out_top.xml to C:\Users\DENNISMUTUKU\.gradle\caches\8.14\transforms\5a84ebaf2e42c43d89e9e628520d7d34-bdbbe12d-3965-4227-986b-bcab955bada4\transformed\androidx.appcompat\anim_abc_slide_out_top.xml.flat
[   +2 ms] Compiling xml file C:\Users\DENNISMUTUKU\.gradle\caches\8.14\transforms\20f0791ef06de9a52b6d96cbab664067\transformed\preference-1.2.1\res\layout\preference_dialog_edittext.xml to C:\Users\DENNISMUTUKU\.gradle\caches\8.14\transforms\8b76ed42da99744292a2a568041873b9-0904e28b-5197-440b-be7c-8a062a3c0c1d\transformed\androidx.preference\layout_preference_dialog_edittext.xml.flat
[        ] Caching disabled for AarResourcesCompilerTransform: C:\Users\DENNISMUTUKU\.gradle\caches\8.14\transforms\cee4f699ee102cd72037861d3fcdeceb\transformed\recyclerview-1.0.0 because:
[        ]   Build cache is disabled
[   +3 ms] Compiling xml file C:\Users\DENNISMUTUKU\.gradle\caches\8.14\transforms\da4a15fbcbc29fba99562eca51c29027\transformed\appcompat-1.1.0\res\anim\abc_tooltip_enter.xml to C:\Users\DENNISMUTUKU\.gradle\caches\8.14\transforms\5a84ebaf2e42c43d89e9e628520d7d34-bdbbe12d-3965-4227-986b-bcab955bada4\transformed\androidx.appcompat\anim_abc_tooltip_enter.xml.flat
[        ] Compiling xml file C:\Users\DENNISMUTUKU\.gradle\caches\8.14\transforms\da4a15fbcbc29fba99562eca51c29027\transformed\appcompat-1.1.0\res\anim\abc_tooltip_exit.xml to C:\Users\DENNISMUTUKU\.gradle\caches\8.14\transforms\5a84ebaf2e42c43d89e9e628520d7d34-bdbbe12d-3965-4227-986b-bcab955bada4\transformed\androidx.appcompat\anim_abc_tooltip_exit.xml.flat
[        ] Compiling xml file C:\Users\DENNISMUTUKU\.gradle\caches\8.14\transforms\da4a15fbcbc29fba99562eca51c29027\transformed\appcompat-1.1.0\res\anim\btn_checkbox_to_checked_box_inner_merged_animation.xml to C:\Users\DENNISMUTUKU\.gradle\caches\8.14\transforms\5a84ebaf2e42c43d89e9e628520d7d34-bdbbe12d-3965-4227-986b-bcab955bada4\transformed\androidx.appcompat\anim_btn_checkbox_to_checked_box_inner_merged_animation.xml.flat
[        ] Compiling xml file C:\Users\DENNISMUTUKU\.gradle\caches\8.14\transforms\da4a15fbcbc29fba99562eca51c29027\transformed\appcompat-1.1.0\res\anim\btn_checkbox_to_checked_box_outer_merged_animation.xml to C:\Users\DENNISMUTUKU\.gradle\caches\8.14\transforms\5a84ebaf2e42c43d89e9e628520d7d34-bdbbe12d-3965-4227-986b-bcab955bada4\transformed\androidx.appcompat\anim_btn_checkbox_to_checked_box_outer_merged_animation.xml.flat
[        ] Caching disabled for AarResourcesCompilerTransform: C:\Users\DENNISMUTUKU\.gradle\caches\8.14\transforms\667d45e2fbce9f096055a52553f53740\transformed\legacy-support-core-ui-1.0.0 because:
[        ]   Build cache is disabled
[        ] Compiling xml file C:\Users\DENNISMUTUKU\.gradle\caches\8.14\transforms\20f0791ef06de9a52b6d96cbab664067\transformed\preference-1.2.1\res\layout\preference_dropdown.xml to C:\Users\DENNISMUTUKU\.gradle\caches\8.14\transforms\8b76ed42da99744292a2a568041873b9-0904e28b-5197-440b-be7c-8a062a3c0c1d\transformed\androidx.preference\layout_preference_dropdown.xml.flat
[        ] Caching disabled for AarResourcesCompilerTransform: C:\Users\DENNISMUTUKU\.gradle\caches\8.14\transforms\631c1f23d2ad502a14bcd486bb3a0369\transformed\slidingpanelayout-1.2.0 because:
[        ]   Build cache is disabled
[        ] Compiling xml file C:\Users\DENNISMUTUKU\.gradle\caches\8.14\transforms\20f0791ef06de9a52b6d96cbab664067\transformed\preference-1.2.1\res\layout\preference_dropdown_material.xml to C:\Users\DENNISMUTUKU\.gradle\caches\8.14\transforms\8b76ed42da99744292a2a568041873b9-0904e28b-5197-440b-be7c-8a062a3c0c1d\transformed\androidx.preference\layout_preference_dropdown_material.xml.flat
[        ] Compiling xml file C:\Users\DENNISMUTUKU\.gradle\caches\8.14\transforms\20f0791ef06de9a52b6d96cbab664067\transformed\preference-1.2.1\res\layout\preference_information.xml to C:\Users\DENNISMUTUKU\.gradle\caches\8.14\transforms\8b76ed42da99744292a2a568041873b9-0904e28b-5197-440b-be7c-8a062a3c0c1d\transformed\androidx.preference\layout_preference_information.xml.flat
[        ] Compiling xml file C:\Users\DENNISMUTUKU\.gradle\caches\8.14\transforms\20f0791ef06de9a52b6d96cbab664067\transformed\preference-1.2.1\res\layout\preference_information_material.xml to C:\Users\DENNISMUTUKU\.gradle\caches\8.14\transforms\8b76ed42da99744292a2a568041873b9-0904e28b-5197-440b-be7c-8a062a3c0c1d\transformed\androidx.preference\layout_preference_information_material.xml.flat
[   +4 ms] Compiling xml file C:\Users\DENNISMUTUKU\.gradle\caches\8.14\transforms\20f0791ef06de9a52b6d96cbab664067\transformed\preference-1.2.1\res\layout\preference_list_fragment.xml to C:\Users\DENNISMUTUKU\.gradle\caches\8.14\transforms\8b76ed42da99744292a2a568041873b9-0904e28b-5197-440b-be7c-8a062a3c0c1d\transformed\androidx.preference\layout_preference_list_fragment.xml.flat
[        ] Compiling xml file C:\Users\DENNISMUTUKU\.gradle\caches\8.14\transforms\20f0791ef06de9a52b6d96cbab664067\transformed\preference-1.2.1\res\layout\preference_material.xml to C:\Users\DENNISMUTUKU\.gradle\caches\8.14\transforms\8b76ed42da99744292a2a568041873b9-0904e28b-5197-440b-be7c-8a062a3c0c1d\transformed\androidx.preference\layout_preference_material.xml.flat
[        ] Caching disabled for AarResourcesCompilerTransform: C:\Users\DENNISMUTUKU\.gradle\caches\8.14\transforms\7217e782825a2d4d49e286a23835439b\transformed\window-1.2.0 because:
[        ]   Build cache is disabled
[        ] Compiling xml file C:\Users\DENNISMUTUKU\.gradle\caches\8.14\transforms\20f0791ef06de9a52b6d96cbab664067\transformed\preference-1.2.1\res\layout\preference_recyclerview.xml to C:\Users\DENNISMUTUKU\.gradle\caches\8.14\transforms\8b76ed42da99744292a2a568041873b9-0904e28b-5197-440b-be7c-8a062a3c0c1d\transformed\androidx.preference\layout_preference_recyclerview.xml.flat
[   +2 ms] Compiling xml file C:\Users\DENNISMUTUKU\.gradle\caches\8.14\transforms\20f0791ef06de9a52b6d96cbab664067\transformed\preference-1.2.1\res\layout\preference_widget_checkbox.xml to C:\Users\DENNISMUTUKU\.gradle\caches\8.14\transforms\8b76ed42da99744292a2a568041873b9-0904e28b-5197-440b-be7c-8a062a3c0c1d\transformed\androidx.preference\layout_preference_widget_checkbox.xml.flat
[        ] Compiling xml file C:\Users\DENNISMUTUKU\.gradle\caches\8.14\transforms\20f0791ef06de9a52b6d96cbab664067\transformed\preference-1.2.1\res\layout\preference_widget_seekbar.xml to C:\Users\DENNISMUTUKU\.gradle\caches\8.14\transforms\8b76ed42da99744292a2a568041873b9-0904e28b-5197-440b-be7c-8a062a3c0c1d\transformed\androidx.preference\layout_preference_widget_seekbar.xml.flat
[        ] Compiling xml file C:\Users\DENNISMUTUKU\.gradle\caches\8.14\transforms\20f0791ef06de9a52b6d96cbab664067\transformed\preference-1.2.1\res\layout\preference_widget_seekbar_material.xml to C:\Users\DENNISMUTUKU\.gradle\caches\8.14\transforms\8b76ed42da99744292a2a568041873b9-0904e28b-5197-440b-be7c-8a062a3c0c1d\transformed\androidx.preference\layout_preference_widget_seekbar_material.xml.flat
[        ] Compiling xml file C:\Users\DENNISMUTUKU\.gradle\caches\8.14\transforms\20f0791ef06de9a52b6d96cbab664067\transformed\preference-1.2.1\res\layout\preference_widget_switch.xml to C:\Users\DENNISMUTUKU\.gradle\caches\8.14\transforms\8b76ed42da99744292a2a568041873b9-0904e28b-5197-440b-be7c-8a062a3c0c1d\transformed\androidx.preference\layout_preference_widget_switch.xml.flat
[        ] Compiling xml file C:\Users\DENNISMUTUKU\.gradle\caches\8.14\transforms\20f0791ef06de9a52b6d96cbab664067\transformed\preference-1.2.1\res\layout\preference_widget_switch_compat.xml to C:\Users\DENNISMUTUKU\.gradle\caches\8.14\transforms\8b76ed42da99744292a2a568041873b9-0904e28b-5197-440b-be7c-8a062a3c0c1d\transformed\androidx.preference\layout_preference_widget_switch_compat.xml.flat
[        ] Caching disabled for AarResourcesCompilerTransform: C:\Users\DENNISMUTUKU\.gradle\caches\8.14\transforms\684fec45a4a4620be950d54dccaf82cd\transformed\window-java-1.2.0 because:
[        ]   Build cache is disabled
[        ] Caching disabled for AarResourcesCompilerTransform: C:\Users\DENNISMUTUKU\.gradle\caches\8.14\transforms\34a2e94553db54bf67e7425810171014\transformed\activity-ktx-1.8.1 because:
[        ]   Build cache is disabled
[        ] Compiling xml file C:\Users\DENNISMUTUKU\.gradle\caches\8.14\transforms\da4a15fbcbc29fba99562eca51c29027\transformed\appcompat-1.1.0\res\anim\btn_checkbox_to_checked_icon_null_animation.xml to C:\Users\DENNISMUTUKU\.gradle\caches\8.14\transforms\5a84ebaf2e42c43d89e9e628520d7d34-bdbbe12d-3965-4227-986b-bcab955bada4\transformed\androidx.appcompat\anim_btn_checkbox_to_checked_icon_null_animation.xml.flat
[        ] Caching disabled for AarResourcesCompilerTransform: C:\Users\DENNISMUTUKU\.gradle\caches\8.14\transforms\1e42bd289ddf0f442a3fc01efb84d3ba\transformed\activity-1.8.1 because:
[        ]   Build cache is disabled
[        ] Compiling xml file C:\Users\DENNISMUTUKU\.gradle\caches\8.14\transforms\da4a15fbcbc29fba99562eca51c29027\transformed\appcompat-1.1.0\res\anim\btn_checkbox_to_unchecked_box_inner_merged_animation.xml to C:\Users\DENNISMUTUKU\.gradle\caches\8.14\transforms\5a84ebaf2e42c43d89e9e628520d7d34-bdbbe12d-3965-4227-986b-bcab955bada4\transformed\androidx.appcompat\anim_btn_checkbox_to_unchecked_box_inner_merged_animation.xml.flat
[        ] Compiling xml file C:\Users\DENNISMUTUKU\.gradle\caches\8.14\transforms\da4a15fbcbc29fba99562eca51c29027\transformed\appcompat-1.1.0\res\anim\btn_checkbox_to_unchecked_check_path_merged_animation.xml to C:\Users\DENNISMUTUKU\.gradle\caches\8.14\transforms\5a84ebaf2e42c43d89e9e628520d7d34-bdbbe12d-3965-4227-986b-bcab955bada4\transformed\androidx.appcompat\anim_btn_checkbox_to_unchecked_check_path_merged_animation.xml.flat
[        ] Caching disabled for AarResourcesCompilerTransform: C:\Users\DENNISMUTUKU\.gradle\caches\8.14\transforms\ea130cff24ffba33708d14df29a80af5\transformed\legacy-support-core-utils-1.0.0 because:
[        ]   Build cache is disabled
[        ] Compiling xml file C:\Users\DENNISMUTUKU\.gradle\caches\8.14\transforms\da4a15fbcbc29fba99562eca51c29027\transformed\appcompat-1.1.0\res\anim\btn_checkbox_to_unchecked_icon_null_animation.xml to C:\Users\DENNISMUTUKU\.gradle\caches\8.14\transforms\5a84ebaf2e42c43d89e9e628520d7d34-bdbbe12d-3965-4227-986b-bcab955bada4\transformed\androidx.appcompat\anim_btn_checkbox_to_unchecked_icon_null_animation.xml.flat
[        ] Compiling xml file C:\Users\DENNISMUTUKU\.gradle\caches\8.14\transforms\da4a15fbcbc29fba99562eca51c29027\transformed\appcompat-1.1.0\res\anim\btn_radio_to_off_mtrl_dot_group_animation.xml to C:\Users\DENNISMUTUKU\.gradle\caches\8.14\transforms\5a84ebaf2e42c43d89e9e628520d7d34-bdbbe12d-3965-4227-986b-bcab955bada4\transformed\androidx.appcompat\anim_btn_radio_to_off_mtrl_dot_group_animation.xml.flat
[        ] Compiling xml file C:\Users\DENNISMUTUKU\.gradle\caches\8.14\transforms\da4a15fbcbc29fba99562eca51c29027\transformed\appcompat-1.1.0\res\anim\btn_radio_to_off_mtrl_ring_outer_animation.xml to C:\Users\DENNISMUTUKU\.gradle\caches\8.14\transforms\5a84ebaf2e42c43d89e9e628520d7d34-bdbbe12d-3965-4227-986b-bcab955bada4\transformed\androidx.appcompat\anim_btn_radio_to_off_mtrl_ring_outer_animation.xml.flat
[        ] Compiling xml file C:\Users\DENNISMUTUKU\.gradle\caches\8.14\transforms\da4a15fbcbc29fba99562eca51c29027\transformed\appcompat-1.1.0\res\anim\btn_radio_to_off_mtrl_ring_outer_path_animation.xml to C:\Users\DENNISMUTUKU\.gradle\caches\8.14\transforms\5a84ebaf2e42c43d89e9e628520d7d34-bdbbe12d-3965-4227-986b-bcab955bada4\transformed\androidx.appcompat\anim_btn_radio_to_off_mtrl_ring_outer_path_animation.xml.flat
[        ] Compiling xml file C:\Users\DENNISMUTUKU\.gradle\caches\8.14\transforms\da4a15fbcbc29fba99562eca51c29027\transformed\appcompat-1.1.0\res\anim\btn_radio_to_on_mtrl_dot_group_animation.xml to C:\Users\DENNISMUTUKU\.gradle\caches\8.14\transforms\5a84ebaf2e42c43d89e9e628520d7d34-bdbbe12d-3965-4227-986b-bcab955bada4\transformed\androidx.appcompat\anim_btn_radio_to_on_mtrl_dot_group_animation.xml.flat
[  +53 ms] Compiling xml file C:\Users\DENNISMUTUKU\.gradle\caches\8.14\transforms\da4a15fbcbc29fba99562eca51c29027\transformed\appcompat-1.1.0\res\anim\btn_radio_to_on_mtrl_ring_outer_animation.xml to C:\Users\DENNISMUTUKU\.gradle\caches\8.14\transforms\5a84ebaf2e42c43d89e9e628520d7d34-bdbbe12d-3965-4227-986b-bcab955bada4\transformed\androidx.appcompat\anim_btn_radio_to_on_mtrl_ring_outer_animation.xml.flat
[        ] Compiling xml file C:\Users\DENNISMUTUKU\.gradle\caches\8.14\transforms\da4a15fbcbc29fba99562eca51c29027\transformed\appcompat-1.1.0\res\anim\btn_radio_to_on_mtrl_ring_outer_path_animation.xml to C:\Users\DENNISMUTUKU\.gradle\caches\8.14\transforms\5a84ebaf2e42c43d89e9e628520d7d34-bdbbe12d-3965-4227-986b-bcab955bada4\transformed\androidx.appcompat\anim_btn_radio_to_on_mtrl_ring_outer_path_animation.xml.flat
[  +12 ms] Compiling xml file C:\Users\DENNISMUTUKU\.gradle\caches\8.14\transforms\da4a15fbcbc29fba99562eca51c29027\transformed\appcompat-1.1.0\res\color\abc_background_cache_hint_selector_material_dark.xml to C:\Users\DENNISMUTUKU\.gradle\caches\8.14\transforms\5a84ebaf2e42c43d89e9e628520d7d34-bdbbe12d-3965-4227-986b-bcab955bada4\transformed\androidx.appcompat\color_abc_background_cache_hint_selector_material_dark.xml.flat
[        ] Compiling xml file C:\Users\DENNISMUTUKU\.gradle\caches\8.14\transforms\da4a15fbcbc29fba99562eca51c29027\transformed\appcompat-1.1.0\res\color\abc_background_cache_hint_selector_material_light.xml to C:\Users\DENNISMUTUKU\.gradle\caches\8.14\transforms\5a84ebaf2e42c43d89e9e628520d7d34-bdbbe12d-3965-4227-986b-bcab955bada4\transformed\androidx.appcompat\color_abc_background_cache_hint_selector_material_light.xml.flat
[        ] Compiling xml file C:\Users\DENNISMUTUKU\.gradle\caches\8.14\transforms\da4a15fbcbc29fba99562eca51c29027\transformed\appcompat-1.1.0\res\color\abc_btn_colored_borderless_text_material.xml to C:\Users\DENNISMUTUKU\.gradle\caches\8.14\transforms\5a84ebaf2e42c43d89e9e628520d7d34-bdbbe12d-3965-4227-986b-bcab955bada4\transformed\androidx.appcompat\color_abc_btn_colored_borderless_text_material.xml.flat
[        ] Caching disabled for AarResourcesCompilerTransform: C:\Users\DENNISMUTUKU\.gradle\caches\8.14\transforms\7be6cf4f52d84b0f524b317232df5d4c\transformed\viewpager-1.0.0 because:
[   +6 ms]   Build cache is disabled
[   +1 ms] Caching disabled for AarResourcesCompilerTransform: C:\Users\DENNISMUTUKU\.gradle\caches\8.14\transforms\0b8c65722c66640cf120e60317d42362\transformed\loader-1.0.0 because:
[        ]   Build cache is disabled
[        ] Caching disabled for AarResourcesCompilerTransform: C:\Users\DENNISMUTUKU\.gradle\caches\8.14\transforms\b9ef6a065b155aa9a3e13b9994ab4cbb\transformed\lifecycle-runtime-ktx-2.7.0 because:
[        ]   Build cache is disabled
[        ] Compiling xml file C:\Users\DENNISMUTUKU\.gradle\caches\8.14\transforms\da4a15fbcbc29fba99562eca51c29027\transformed\appcompat-1.1.0\res\color\abc_btn_colored_text_material.xml to C:\Users\DENNISMUTUKU\.gradle\caches\8.14\transforms\5a84ebaf2e42c43d89e9e628520d7d34-bdbbe12d-3965-4227-986b-bcab955bada4\transformed\androidx.appcompat\color_abc_btn_colored_text_material.xml.flat
[        ] Caching disabled for AarResourcesCompilerTransform: C:\Users\DENNISMUTUKU\.gradle\caches\8.14\transforms\ee9028989d5df242a30968eb14819a13\transformed\lifecycle-livedata-2.7.0 because:
[        ]   Build cache is disabled
[        ] Caching disabled for AarResourcesCompilerTransform: C:\Users\DENNISMUTUKU\.gradle\caches\8.14\transforms\95ee91d8a897d16eed1ef302f2de9371\transformed\lifecycle-livedata-core-ktx-2.7.0 because:
[        ]   Build cache is disabled
[        ] Compiling xml file C:\Users\DENNISMUTUKU\.gradle\caches\8.14\transforms\da4a15fbcbc29fba99562eca51c29027\transformed\appcompat-1.1.0\res\color\abc_hint_foreground_material_dark.xml to C:\Users\DENNISMUTUKU\.gradle\caches\8.14\transforms\5a84ebaf2e42c43d89e9e628520d7d34-bdbbe12d-3965-4227-986b-bcab955bada4\transformed\androidx.appcompat\color_abc_hint_foreground_material_dark.xml.flat
[        ] Compiling xml file C:\Users\DENNISMUTUKU\.gradle\caches\8.14\transforms\da4a15fbcbc29fba99562eca51c29027\transformed\appcompat-1.1.0\res\color\abc_hint_foreground_material_light.xml to C:\Users\DENNISMUTUKU\.gradle\caches\8.14\transforms\5a84ebaf2e42c43d89e9e628520d7d34-bdbbe12d-3965-4227-986b-bcab955bada4\transformed\androidx.appcompat\color_abc_hint_foreground_material_light.xml.flat
[        ] Caching disabled for AarResourcesCompilerTransform: C:\Users\DENNISMUTUKU\.gradle\caches\8.14\transforms\a5f0b265a897e69ca915ae7fa6ef7d22\transformed\lifecycle-viewmodel-ktx-2.7.0 because:
[        ]   Build cache is disabled
[        ] Compiling xml file C:\Users\DENNISMUTUKU\.gradle\caches\8.14\transforms\da4a15fbcbc29fba99562eca51c29027\transformed\appcompat-1.1.0\res\color\abc_primary_text_disable_only_material_dark.xml to C:\Users\DENNISMUTUKU\.gradle\caches\8.14\transforms\5a84ebaf2e42c43d89e9e628520d7d34-bdbbe12d-3965-4227-986b-bcab955bada4\transformed\androidx.appcompat\color_abc_primary_text_disable_only_material_dark.xml.flat
[        ] Compiling xml file C:\Users\DENNISMUTUKU\.gradle\caches\8.14\transforms\da4a15fbcbc29fba99562eca51c29027\transformed\appcompat-1.1.0\res\color\abc_primary_text_disable_only_material_light.xml to C:\Users\DENNISMUTUKU\.gradle\caches\8.14\transforms\5a84ebaf2e42c43d89e9e628520d7d34-bdbbe12d-3965-4227-986b-bcab955bada4\transformed\androidx.appcompat\color_abc_primary_text_disable_only_material_light.xml.flat
[        ] Caching disabled for AarResourcesCompilerTransform: C:\Users\DENNISMUTUKU\.gradle\caches\8.14\transforms\608dfc9e2582f51b81c1485fd62d55da\transformed\lifecycle-viewmodel-2.7.0 because:
[        ]   Build cache is disabled
[        ] Compiling xml file C:\Users\DENNISMUTUKU\.gradle\caches\8.14\transforms\da4a15fbcbc29fba99562eca51c29027\transformed\appcompat-1.1.0\res\color\abc_primary_text_material_dark.xml to C:\Users\DENNISMUTUKU\.gradle\caches\8.14\transforms\5a84ebaf2e42c43d89e9e628520d7d34-bdbbe12d-3965-4227-986b-bcab955bada4\transformed\androidx.appcompat\color_abc_primary_text_material_dark.xml.flat
[        ] Compiling xml file C:\Users\DENNISMUTUKU\.gradle\caches\8.14\transforms\da4a15fbcbc29fba99562eca51c29027\transformed\appcompat-1.1.0\res\color\abc_primary_text_material_light.xml to C:\Users\DENNISMUTUKU\.gradle\caches\8.14\transforms\5a84ebaf2e42c43d89e9e628520d7d34-bdbbe12d-3965-4227-986b-bcab955bada4\transformed\androidx.appcompat\color_abc_primary_text_material_light.xml.flat
[   +1 ms] Compiling xml file C:\Users\DENNISMUTUKU\.gradle\caches\8.14\transforms\da4a15fbcbc29fba99562eca51c29027\transformed\appcompat-1.1.0\res\color\abc_search_url_text.xml to C:\Users\DENNISMUTUKU\.gradle\caches\8.14\transforms\5a84ebaf2e42c43d89e9e628520d7d34-bdbbe12d-3965-4227-986b-bcab955bada4\transformed\androidx.appcompat\color_abc_search_url_text.xml.flat
[        ] Caching disabled for AarResourcesCompilerTransform: C:\Users\DENNISMUTUKU\.gradle\caches\8.14\transforms\134d38681951a9cb59e105fa43ce6ab5\transformed\lifecycle-livedata-core-2.7.0 because:
[        ]   Build cache is disabled
[        ] Compiling xml file C:\Users\DENNISMUTUKU\.gradle\caches\8.14\transforms\da4a15fbcbc29fba99562eca51c29027\transformed\appcompat-1.1.0\res\color\abc_secondary_text_material_dark.xml to C:\Users\DENNISMUTUKU\.gradle\caches\8.14\transforms\5a84ebaf2e42c43d89e9e628520d7d34-bdbbe12d-3965-4227-986b-bcab955bada4\transformed\androidx.appcompat\color_abc_secondary_text_material_dark.xml.flat
[        ] Compiling xml file C:\Users\DENNISMUTUKU\.gradle\caches\8.14\transforms\da4a15fbcbc29fba99562eca51c29027\transformed\appcompat-1.1.0\res\color\abc_secondary_text_material_light.xml to C:\Users\DENNISMUTUKU\.gradle\caches\8.14\transforms\5a84ebaf2e42c43d89e9e628520d7d34-bdbbe12d-3965-4227-986b-bcab955bada4\transformed\androidx.appcompat\color_abc_secondary_text_material_light.xml.flat
[        ] Compiling xml file C:\Users\DENNISMUTUKU\.gradle\caches\8.14\transforms\da4a15fbcbc29fba99562eca51c29027\transformed\appcompat-1.1.0\res\color\abc_tint_btn_checkable.xml to C:\Users\DENNISMUTUKU\.gradle\caches\8.14\transforms\5a84ebaf2e42c43d89e9e628520d7d34-bdbbe12d-3965-4227-986b-bcab955bada4\transformed\androidx.appcompat\color_abc_tint_btn_checkable.xml.flat
[        ] Compiling xml file C:\Users\DENNISMUTUKU\.gradle\caches\8.14\transforms\da4a15fbcbc29fba99562eca51c29027\transformed\appcompat-1.1.0\res\color\abc_tint_default.xml to C:\Users\DENNISMUTUKU\.gradle\caches\8.14\transforms\5a84ebaf2e42c43d89e9e628520d7d34-bdbbe12d-3965-4227-986b-bcab955bada4\transformed\androidx.appcompat\color_abc_tint_default.xml.flat
[        ] Compiling xml file C:\Users\DENNISMUTUKU\.gradle\caches\8.14\transforms\da4a15fbcbc29fba99562eca51c29027\transformed\appcompat-1.1.0\res\color\abc_tint_edittext.xml to C:\Users\DENNISMUTUKU\.gradle\caches\8.14\transforms\5a84ebaf2e42c43d89e9e628520d7d34-bdbbe12d-3965-4227-986b-bcab955bada4\transformed\androidx.appcompat\color_abc_tint_edittext.xml.flat
[        ] Caching disabled for AarResourcesCompilerTransform: C:\Users\DENNISMUTUKU\.gradle\caches\8.14\transforms\57a4845aed7b5ba78f501c04d4c94c43\transformed\lifecycle-viewmodel-savedstate-2.7.0 because:
[        ]   Build cache is disabled
[        ] Caching disabled for AarResourcesCompilerTransform: C:\Users\DENNISMUTUKU\.gradle\caches\8.14\transforms\bd7e8451c9c7af9c0727ed7672bd833e\transformed\core-ktx-1.13.1 because:
[        ]   Build cache is disabled
[        ] Caching disabled for AarResourcesCompilerTransform: C:\Users\DENNISMUTUKU\.gradle\caches\8.14\transforms\c36d51e17c94fd6d2ee8508febe52585\transformed\appcompat-resources-1.1.0 because:
[        ]   Build cache is disabled
[        ] Compiling xml file C:\Users\DENNISMUTUKU\.gradle\caches\8.14\transforms\c36d51e17c94fd6d2ee8508febe52585\transformed\appcompat-resources-1.1.0\res\drawable\abc_vector_test.xml to C:\Users\DENNISMUTUKU\.gradle\caches\8.14\transforms\49e00156dd98e057535f7852704186e1-da86601f-98f9-4b7b-ba24-37e888ea6400\transformed\androidx.appcompat.resources\drawable_abc_vector_test.xml.flat
[        ] Caching disabled for AarResourcesCompilerTransform: C:\Users\DENNISMUTUKU\.gradle\caches\8.14\transforms\f0599c5c471bb535981725fdd49cabbb\transformed\drawerlayout-1.0.0 because:
[        ]   Build cache is disabled
[        ] Compiling xml file C:\Users\DENNISMUTUKU\.gradle\caches\8.14\transforms\da4a15fbcbc29fba99562eca51c29027\transformed\appcompat-1.1.0\res\color\abc_tint_seek_thumb.xml to C:\Users\DENNISMUTUKU\.gradle\caches\8.14\transforms\5a84ebaf2e42c43d89e9e628520d7d34-bdbbe12d-3965-4227-986b-bcab955bada4\transformed\androidx.appcompat\color_abc_tint_seek_thumb.xml.flat
[        ] Compiling xml file C:\Users\DENNISMUTUKU\.gradle\caches\8.14\transforms\da4a15fbcbc29fba99562eca51c29027\transformed\appcompat-1.1.0\res\color\abc_tint_spinner.xml to C:\Users\DENNISMUTUKU\.gradle\caches\8.14\transforms\5a84ebaf2e42c43d89e9e628520d7d34-bdbbe12d-3965-4227-986b-bcab955bada4\transformed\androidx.appcompat\color_abc_tint_spinner.xml.flat
[        ] Compiling xml file C:\Users\DENNISMUTUKU\.gradle\caches\8.14\transforms\da4a15fbcbc29fba99562eca51c29027\transformed\appcompat-1.1.0\res\color\abc_tint_switch_track.xml to C:\Users\DENNISMUTUKU\.gradle\caches\8.14\transforms\5a84ebaf2e42c43d89e9e628520d7d34-bdbbe12d-3965-4227-986b-bcab955bada4\transformed\androidx.appcompat\color_abc_tint_switch_track.xml.flat
[        ] Compiling xml file C:\Users\DENNISMUTUKU\.gradle\caches\8.14\transforms\da4a15fbcbc29fba99562eca51c29027\transformed\appcompat-1.1.0\res\color\switch_thumb_material_dark.xml to C:\Users\DENNISMUTUKU\.gradle\caches\8.14\transforms\5a84ebaf2e42c43d89e9e628520d7d34-bdbbe12d-3965-4227-986b-bcab955bada4\transformed\androidx.appcompat\color_switch_thumb_material_dark.xml.flat
[        ] Caching disabled for AarResourcesCompilerTransform: C:\Users\DENNISMUTUKU\.gradle\caches\8.14\transforms\c044afd1082a0a46d8e1ae45510004de\transformed\coordinatorlayout-1.0.0 because:
[        ]   Build cache is disabled
[        ] Compiling xml file C:\Users\DENNISMUTUKU\.gradle\caches\8.14\transforms\da4a15fbcbc29fba99562eca51c29027\transformed\appcompat-1.1.0\res\color\switch_thumb_material_light.xml to C:\Users\DENNISMUTUKU\.gradle\caches\8.14\transforms\5a84ebaf2e42c43d89e9e628520d7d34-bdbbe12d-3965-4227-986b-bcab955bada4\transformed\androidx.appcompat\color_switch_thumb_material_light.xml.flat
[   +1 ms] Caching disabled for AarResourcesCompilerTransform: C:\Users\DENNISMUTUKU\.gradle\caches\8.14\transforms\38c13d54853ea3ced35ec2d6229fd2e6\transformed\customview-1.1.0 because:
[        ]   Build cache is disabled
[        ] Compiling xml file C:\Users\DENNISMUTUKU\.gradle\caches\8.14\transforms\da4a15fbcbc29fba99562eca51c29027\transformed\appcompat-1.1.0\res\color-v21\abc_btn_colored_borderless_text_material.xml to C:\Users\DENNISMUTUKU\.gradle\caches\8.14\transforms\5a84ebaf2e42c43d89e9e628520d7d34-bdbbe12d-3965-4227-986b-bcab955bada4\transformed\androidx.appcompat\color-v21_abc_btn_colored_borderless_text_material.xml.flat
[        ] Compiling xml file C:\Users\DENNISMUTUKU\.gradle\caches\8.14\transforms\da4a15fbcbc29fba99562eca51c29027\transformed\appcompat-1.1.0\res\color-v23\abc_btn_colored_borderless_text_material.xml to C:\Users\DENNISMUTUKU\.gradle\caches\8.14\transforms\5a84ebaf2e42c43d89e9e628520d7d34-bdbbe12d-3965-4227-986b-bcab955bada4\transformed\androidx.appcompat\color-v23_abc_btn_colored_borderless_text_material.xml.flat
[        ] Caching disabled for AarResourcesCompilerTransform: C:\Users\DENNISMUTUKU\.gradle\caches\8.14\transforms\33f4e0def5774c20cc99f97715e6a8a3\transformed\transition-1.4.1 because:
[        ]   Build cache is disabled
[        ] Caching disabled for AarResourcesCompilerTransform: C:\Users\DENNISMUTUKU\.gradle\caches\8.14\transforms\1dd861f3eb721f8a05e16b90d98c57e1\transformed\vectordrawable-1.1.0 because:
[        ]   Build cache is disabled
[        ] Caching disabled for AarResourcesCompilerTransform: C:\Users\DENNISMUTUKU\.gradle\caches\8.14\transforms\fd9c0c018ac1b6d813c3385bd4b2b2d3\transformed\vectordrawable-animated-1.1.0 because:
[        ]   Build cache is disabled
[        ] Caching disabled for AarResourcesCompilerTransform: C:\Users\DENNISMUTUKU\.gradle\caches\8.14\transforms\30e9bb160a15691def72cffe8d83518e\transformed\swiperefreshlayout-1.0.0 because:
[        ]   Build cache is disabled
[        ] Caching disabled for AarResourcesCompilerTransform: C:\Users\DENNISMUTUKU\.gradle\caches\8.14\transforms\8cb437de8fdac72e2de918f9ee215ca3\transformed\core-1.13.1 because:
[        ]   Build cache is disabled
[        ] Caching disabled for AarResourcesCompilerTransform: C:\Users\DENNISMUTUKU\.gradle\caches\8.14\transforms\303d75da538f5bc55f11884bb8fd86cd\transformed\asynclayoutinflater-1.0.0 because:
[        ]   Build cache is disabled
[        ] Compiling xml file C:\Users\DENNISMUTUKU\.gradle\caches\8.14\transforms\8cb437de8fdac72e2de918f9ee215ca3\transformed\core-1.13.1\res\drawable\notification_bg.xml to C:\Users\DENNISMUTUKU\.gradle\caches\8.14\transforms\905baa13a70e6f94b072480097cb51e5-e27edc6a-4a7d-4e81-bb13-5c093aed4f7a\transformed\androidx.core\drawable_notification_bg.xml.flat
[        ] Compiling xml file C:\Users\DENNISMUTUKU\.gradle\caches\8.14\transforms\8cb437de8fdac72e2de918f9ee215ca3\transformed\core-1.13.1\res\drawable\notification_bg_low.xml to C:\Users\DENNISMUTUKU\.gradle\caches\8.14\transforms\905baa13a70e6f94b072480097cb51e5-e27edc6a-4a7d-4e81-bb13-5c093aed4f7a\transformed\androidx.core\drawable_notification_bg_low.xml.flat
[   +1 ms] Compiling xml file C:\Users\DENNISMUTUKU\.gradle\caches\8.14\transforms\8cb437de8fdac72e2de918f9ee215ca3\transformed\core-1.13.1\res\drawable\notification_icon_background.xml to C:\Users\DENNISMUTUKU\.gradle\caches\8.14\transforms\905baa13a70e6f94b072480097cb51e5-e27edc6a-4a7d-4e81-bb13-5c093aed4f7a\transformed\androidx.core\drawable_notification_icon_background.xml.flat
[        ] Compiling xml file C:\Users\DENNISMUTUKU\.gradle\caches\8.14\transforms\8cb437de8fdac72e2de918f9ee215ca3\transformed\core-1.13.1\res\drawable\notification_tile_bg.xml to C:\Users\DENNISMUTUKU\.gradle\caches\8.14\transforms\905baa13a70e6f94b072480097cb51e5-e27edc6a-4a7d-4e81-bb13-5c093aed4f7a\transformed\androidx.core\drawable_notification_tile_bg.xml.flat
[        ] Compiling xml file C:\Users\DENNISMUTUKU\.gradle\caches\8.14\transforms\da4a15fbcbc29fba99562eca51c29027\transformed\appcompat-1.1.0\res\color-v23\abc_btn_colored_text_material.xml to C:\Users\DENNISMUTUKU\.gradle\caches\8.14\transforms\5a84ebaf2e42c43d89e9e628520d7d34-bdbbe12d-3965-4227-986b-bcab955bada4\transformed\androidx.appcompat\color-v23_abc_btn_colored_text_material.xml.flat
[        ] Compiling xml file C:\Users\DENNISMUTUKU\.gradle\caches\8.14\transforms\da4a15fbcbc29fba99562eca51c29027\transformed\appcompat-1.1.0\res\color-v23\abc_color_highlight_material.xml to C:\Users\DENNISMUTUKU\.gradle\caches\8.14\transforms\5a84ebaf2e42c43d89e9e628520d7d34-bdbbe12d-3965-4227-986b-bcab955bada4\transformed\androidx.appcompat\color-v23_abc_color_highlight_material.xml.flat
[        ] Compiling xml file C:\Users\DENNISMUTUKU\.gradle\caches\8.14\transforms\da4a15fbcbc29fba99562eca51c29027\transformed\appcompat-1.1.0\res\color-v23\abc_tint_btn_checkable.xml to C:\Users\DENNISMUTUKU\.gradle\caches\8.14\transforms\5a84ebaf2e42c43d89e9e628520d7d34-bdbbe12d-3965-4227-986b-bcab955bada4\transformed\androidx.appcompat\color-v23_abc_tint_btn_checkable.xml.flat
[        ] Compiling xml file C:\Users\DENNISMUTUKU\.gradle\caches\8.14\transforms\da4a15fbcbc29fba99562eca51c29027\transformed\appcompat-1.1.0\res\color-v23\abc_tint_default.xml to C:\Users\DENNISMUTUKU\.gradle\caches\8.14\transforms\5a84ebaf2e42c43d89e9e628520d7d34-bdbbe12d-3965-4227-986b-bcab955bada4\transformed\androidx.appcompat\color-v23_abc_tint_default.xml.flat
[        ] Compiling xml file C:\Users\DENNISMUTUKU\.gradle\caches\8.14\transforms\da4a15fbcbc29fba99562eca51c29027\transformed\appcompat-1.1.0\res\color-v23\abc_tint_edittext.xml to C:\Users\DENNISMUTUKU\.gradle\caches\8.14\transforms\5a84ebaf2e42c43d89e9e628520d7d34-bdbbe12d-3965-4227-986b-bcab955bada4\transformed\androidx.appcompat\color-v23_abc_tint_edittext.xml.flat
[        ] Compiling xml file C:\Users\DENNISMUTUKU\.gradle\caches\8.14\transforms\da4a15fbcbc29fba99562eca51c29027\transformed\appcompat-1.1.0\res\color-v23\abc_tint_seek_thumb.xml to C:\Users\DENNISMUTUKU\.gradle\caches\8.14\transforms\5a84ebaf2e42c43d89e9e628520d7d34-bdbbe12d-3965-4227-986b-bcab955bada4\transformed\androidx.appcompat\color-v23_abc_tint_seek_thumb.xml.flat
[        ] Compiling xml file C:\Users\DENNISMUTUKU\.gradle\caches\8.14\transforms\da4a15fbcbc29fba99562eca51c29027\transformed\appcompat-1.1.0\res\color-v23\abc_tint_spinner.xml to C:\Users\DENNISMUTUKU\.gradle\caches\8.14\transforms\5a84ebaf2e42c43d89e9e628520d7d34-bdbbe12d-3965-4227-986b-bcab955bada4\transformed\androidx.appcompat\color-v23_abc_tint_spinner.xml.flat
[        ] Compiling xml file C:\Users\DENNISMUTUKU\.gradle\caches\8.14\transforms\da4a15fbcbc29fba99562eca51c29027\transformed\appcompat-1.1.0\res\color-v23\abc_tint_switch_track.xml to C:\Users\DENNISMUTUKU\.gradle\caches\8.14\transforms\5a84ebaf2e42c43d89e9e628520d7d34-bdbbe12d-3965-4227-986b-bcab955bada4\transformed\androidx.appcompat\color-v23_abc_tint_switch_track.xml.flat
[        ] Compiling xml file C:\Users\DENNISMUTUKU\.gradle\caches\8.14\transforms\da4a15fbcbc29fba99562eca51c29027\transformed\appcompat-1.1.0\res\drawable\abc_btn_borderless_material.xml to C:\Users\DENNISMUTUKU\.gradle\caches\8.14\transforms\5a84ebaf2e42c43d89e9e628520d7d34-bdbbe12d-3965-4227-986b-bcab955bada4\transformed\androidx.appcompat\drawable_abc_btn_borderless_material.xml.flat
[        ] Compiling xml file C:\Users\DENNISMUTUKU\.gradle\caches\8.14\transforms\da4a15fbcbc29fba99562eca51c29027\transformed\appcompat-1.1.0\res\drawable\abc_btn_check_material.xml to C:\Users\DENNISMUTUKU\.gradle\caches\8.14\transforms\5a84ebaf2e42c43d89e9e628520d7d34-bdbbe12d-3965-4227-986b-bcab955bada4\transformed\androidx.appcompat\drawable_abc_btn_check_material.xml.flat
[        ] Compiling xml file C:\Users\DENNISMUTUKU\.gradle\caches\8.14\transforms\da4a15fbcbc29fba99562eca51c29027\transformed\appcompat-1.1.0\res\drawable\abc_btn_check_material_anim.xml to C:\Users\DENNISMUTUKU\.gradle\caches\8.14\transforms\5a84ebaf2e42c43d89e9e628520d7d34-bdbbe12d-3965-4227-986b-bcab955bada4\transformed\androidx.appcompat\drawable_abc_btn_check_material_anim.xml.flat
[        ] Compiling xml file C:\Users\DENNISMUTUKU\.gradle\caches\8.14\transforms\da4a15fbcbc29fba99562eca51c29027\transformed\appcompat-1.1.0\res\drawable\abc_btn_colored_material.xml to C:\Users\DENNISMUTUKU\.gradle\caches\8.14\transforms\5a84ebaf2e42c43d89e9e628520d7d34-bdbbe12d-3965-4227-986b-bcab955bada4\transformed\androidx.appcompat\drawable_abc_btn_colored_material.xml.flat
[        ] Compiling xml file C:\Users\DENNISMUTUKU\.gradle\caches\8.14\transforms\da4a15fbcbc29fba99562eca51c29027\transformed\appcompat-1.1.0\res\drawable\abc_btn_default_mtrl_shape.xml to C:\Users\DENNISMUTUKU\.gradle\caches\8.14\transforms\5a84ebaf2e42c43d89e9e628520d7d34-bdbbe12d-3965-4227-986b-bcab955bada4\transformed\androidx.appcompat\drawable_abc_btn_default_mtrl_shape.xml.flat
[        ] Compiling xml file C:\Users\DENNISMUTUKU\.gradle\caches\8.14\transforms\da4a15fbcbc29fba99562eca51c29027\transformed\appcompat-1.1.0\res\drawable\abc_btn_radio_material.xml to C:\Users\DENNISMUTUKU\.gradle\caches\8.14\transforms\5a84ebaf2e42c43d89e9e628520d7d34-bdbbe12d-3965-4227-986b-bcab955bada4\transformed\androidx.appcompat\drawable_abc_btn_radio_material.xml.flat
[        ] Compiling xml file C:\Users\DENNISMUTUKU\.gradle\caches\8.14\transforms\da4a15fbcbc29fba99562eca51c29027\transformed\appcompat-1.1.0\res\drawable\abc_btn_radio_material_anim.xml to C:\Users\DENNISMUTUKU\.gradle\caches\8.14\transforms\5a84ebaf2e42c43d89e9e628520d7d34-bdbbe12d-3965-4227-986b-bcab955bada4\transformed\androidx.appcompat\drawable_abc_btn_radio_material_anim.xml.flat
[        ] Compiling xml file C:\Users\DENNISMUTUKU\.gradle\caches\8.14\transforms\da4a15fbcbc29fba99562eca51c29027\transformed\appcompat-1.1.0\res\drawable\abc_cab_background_internal_bg.xml to C:\Users\DENNISMUTUKU\.gradle\caches\8.14\transforms\5a84ebaf2e42c43d89e9e628520d7d34-bdbbe12d-3965-4227-986b-bcab955bada4\transformed\androidx.appcompat\drawable_abc_cab_background_internal_bg.xml.flat
[        ] Compiling xml file C:\Users\DENNISMUTUKU\.gradle\caches\8.14\transforms\da4a15fbcbc29fba99562eca51c29027\transformed\appcompat-1.1.0\res\drawable\abc_cab_background_top_material.xml to C:\Users\DENNISMUTUKU\.gradle\caches\8.14\transforms\5a84ebaf2e42c43d89e9e628520d7d34-bdbbe12d-3965-4227-986b-bcab955bada4\transformed\androidx.appcompat\drawable_abc_cab_background_top_material.xml.flat
[        ] Compiling xml file C:\Users\DENNISMUTUKU\.gradle\caches\8.14\transforms\da4a15fbcbc29fba99562eca51c29027\transformed\appcompat-1.1.0\res\drawable\abc_dialog_material_background.xml to C:\Users\DENNISMUTUKU\.gradle\caches\8.14\transforms\5a84ebaf2e42c43d89e9e628520d7d34-bdbbe12d-3965-4227-986b-bcab955bada4\transformed\androidx.appcompat\drawable_abc_dialog_material_background.xml.flat
[        ] Compiling xml file C:\Users\DENNISMUTUKU\.gradle\caches\8.14\transforms\8cb437de8fdac72e2de918f9ee215ca3\transformed\core-1.13.1\res\drawable-anydpi-v21\ic_call_answer.xml to C:\Users\DENNISMUTUKU\.gradle\caches\8.14\transforms\905baa13a70e6f94b072480097cb51e5-e27edc6a-4a7d-4e81-bb13-5c093aed4f7a\transformed\androidx.core\drawable-anydpi-v21_ic_call_answer.xml.flat
[        ] Compiling xml file C:\Users\DENNISMUTUKU\.gradle\caches\8.14\transforms\da4a15fbcbc29fba99562eca51c29027\transformed\appcompat-1.1.0\res\drawable\abc_edit_text_material.xml to C:\Users\DENNISMUTUKU\.gradle\caches\8.14\transforms\5a84ebaf2e42c43d89e9e628520d7d34-bdbbe12d-3965-4227-986b-bcab955bada4\transformed\androidx.appcompat\drawable_abc_edit_text_material.xml.flat
[  +20 ms] Compiling xml file C:\Users\DENNISMUTUKU\.gradle\caches\8.14\transforms\da4a15fbcbc29fba99562eca51c29027\transformed\appcompat-1.1.0\res\drawable\abc_ic_ab_back_material.xml to C:\Users\DENNISMUTUKU\.gradle\caches\8.14\transforms\5a84ebaf2e42c43d89e9e628520d7d34-bdbbe12d-3965-4227-986b-bcab955bada4\transformed\androidx.appcompat\drawable_abc_ic_ab_back_material.xml.flat
[  +88 ms] Compiling xml file C:\Users\DENNISMUTUKU\.gradle\caches\8.14\transforms\da4a15fbcbc29fba99562eca51c29027\transformed\appcompat-1.1.0\res\drawable\abc_ic_arrow_drop_right_black_24dp.xml to C:\Users\DENNISMUTUKU\.gradle\caches\8.14\transforms\5a84ebaf2e42c43d89e9e628520d7d34-bdbbe12d-3965-4227-986b-bcab955bada4\transformed\androidx.appcompat\drawable_abc_ic_arrow_drop_right_black_24dp.xml.flat
[        ] Compiling xml file C:\Users\DENNISMUTUKU\.gradle\caches\8.14\transforms\da4a15fbcbc29fba99562eca51c29027\transformed\appcompat-1.1.0\res\drawable\abc_ic_clear_material.xml to C:\Users\DENNISMUTUKU\.gradle\caches\8.14\transforms\5a84ebaf2e42c43d89e9e628520d7d34-bdbbe12d-3965-4227-986b-bcab955bada4\transformed\androidx.appcompat\drawable_abc_ic_clear_material.xml.flat
[        ] Compiling xml file C:\Users\DENNISMUTUKU\.gradle\caches\8.14\transforms\da4a15fbcbc29fba99562eca51c29027\transformed\appcompat-1.1.0\res\drawable\abc_ic_go_search_api_material.xml to C:\Users\DENNISMUTUKU\.gradle\caches\8.14\transforms\5a84ebaf2e42c43d89e9e628520d7d34-bdbbe12d-3965-4227-986b-bcab955bada4\transformed\androidx.appcompat\drawable_abc_ic_go_search_api_material.xml.flat
[        ] Compiling xml file C:\Users\DENNISMUTUKU\.gradle\caches\8.14\transforms\da4a15fbcbc29fba99562eca51c29027\transformed\appcompat-1.1.0\res\drawable\abc_ic_menu_overflow_material.xml to C:\Users\DENNISMUTUKU\.gradle\caches\8.14\transforms\5a84ebaf2e42c43d89e9e628520d7d34-bdbbe12d-3965-4227-986b-bcab955bada4\transformed\androidx.appcompat\drawable_abc_ic_menu_overflow_material.xml.flat
[        ] Compiling xml file C:\Users\DENNISMUTUKU\.gradle\caches\8.14\transforms\8cb437de8fdac72e2de918f9ee215ca3\transformed\core-1.13.1\res\drawable-anydpi-v21\ic_call_answer_low.xml to C:\Users\DENNISMUTUKU\.gradle\caches\8.14\transforms\905baa13a70e6f94b072480097cb51e5-e27edc6a-4a7d-4e81-bb13-5c093aed4f7a\transformed\androidx.core\drawable-anydpi-v21_ic_call_answer_low.xml.flat
[        ] Compiling xml file C:\Users\DENNISMUTUKU\.gradle\caches\8.14\transforms\da4a15fbcbc29fba99562eca51c29027\transformed\appcompat-1.1.0\res\drawable\abc_ic_search_api_material.xml to C:\Users\DENNISMUTUKU\.gradle\caches\8.14\transforms\5a84ebaf2e42c43d89e9e628520d7d34-bdbbe12d-3965-4227-986b-bcab955bada4\transformed\androidx.appcompat\drawable_abc_ic_search_api_material.xml.flat
[  +17 ms] Compiling xml file C:\Users\DENNISMUTUKU\.gradle\caches\8.14\transforms\8cb437de8fdac72e2de918f9ee215ca3\transformed\core-1.13.1\res\drawable-anydpi-v21\ic_call_answer_video.xml to C:\Users\DENNISMUTUKU\.gradle\caches\8.14\transforms\905baa13a70e6f94b072480097cb51e5-e27edc6a-4a7d-4e81-bb13-5c093aed4f7a\transformed\androidx.core\drawable-anydpi-v21_ic_call_answer_video.xml.flat
[        ] Compiling xml file C:\Users\DENNISMUTUKU\.gradle\caches\8.14\transforms\da4a15fbcbc29fba99562eca51c29027\transformed\appcompat-1.1.0\res\drawable\abc_ic_voice_search_api_material.xml to C:\Users\DENNISMUTUKU\.gradle\caches\8.14\transforms\5a84ebaf2e42c43d89e9e628520d7d34-bdbbe12d-3965-4227-986b-bcab955bada4\transformed\androidx.appcompat\drawable_abc_ic_voice_search_api_material.xml.flat
[        ] Compiling xml file C:\Users\DENNISMUTUKU\.gradle\caches\8.14\transforms\8cb437de8fdac72e2de918f9ee215ca3\transformed\core-1.13.1\res\drawable-anydpi-v21\ic_call_answer_video_low.xml to C:\Users\DENNISMUTUKU\.gradle\caches\8.14\transforms\905baa13a70e6f94b072480097cb51e5-e27edc6a-4a7d-4e81-bb13-5c093aed4f7a\transformed\androidx.core\drawable-anydpi-v21_ic_call_answer_video_low.xml.flat
[   +8 ms] Compiling xml file C:\Users\DENNISMUTUKU\.gradle\caches\8.14\transforms\da4a15fbcbc29fba99562eca51c29027\transformed\appcompat-1.1.0\res\drawable\abc_item_background_holo_dark.xml to C:\Users\DENNISMUTUKU\.gradle\caches\8.14\transforms\5a84ebaf2e42c43d89e9e628520d7d34-bdbbe12d-3965-4227-986b-bcab955bada4\transformed\androidx.appcompat\drawable_abc_item_background_holo_dark.xml.flat
[        ] Compiling xml file C:\Users\DENNISMUTUKU\.gradle\caches\8.14\transforms\da4a15fbcbc29fba99562eca51c29027\transformed\appcompat-1.1.0\res\drawable\abc_item_background_holo_light.xml to C:\Users\DENNISMUTUKU\.gradle\caches\8.14\transforms\5a84ebaf2e42c43d89e9e628520d7d34-bdbbe12d-3965-4227-986b-bcab955bada4\transformed\androidx.appcompat\drawable_abc_item_background_holo_light.xml.flat
[        ] Compiling xml file C:\Users\DENNISMUTUKU\.gradle\caches\8.14\transforms\8cb437de8fdac72e2de918f9ee215ca3\transformed\core-1.13.1\res\drawable-anydpi-v21\ic_call_decline.xml to C:\Users\DENNISMUTUKU\.gradle\caches\8.14\transforms\905baa13a70e6f94b072480097cb51e5-e27edc6a-4a7d-4e81-bb13-5c093aed4f7a\transformed\androidx.core\drawable-anydpi-v21_ic_call_decline.xml.flat
[  +19 ms] Compiling xml file C:\Users\DENNISMUTUKU\.gradle\caches\8.14\transforms\da4a15fbcbc29fba99562eca51c29027\transformed\appcompat-1.1.0\res\drawable\abc_list_divider_material.xml to C:\Users\DENNISMUTUKU\.gradle\caches\8.14\transforms\5a84ebaf2e42c43d89e9e628520d7d34-bdbbe12d-3965-4227-986b-bcab955bada4\transformed\androidx.appcompat\drawable_abc_list_divider_material.xml.flat
[        ] Compiling xml file C:\Users\DENNISMUTUKU\.gradle\caches\8.14\transforms\8cb437de8fdac72e2de918f9ee215ca3\transformed\core-1.13.1\res\drawable-anydpi-v21\ic_call_decline_low.xml to C:\Users\DENNISMUTUKU\.gradle\caches\8.14\transforms\905baa13a70e6f94b072480097cb51e5-e27edc6a-4a7d-4e81-bb13-5c093aed4f7a\transformed\androidx.core\drawable-anydpi-v21_ic_call_decline_low.xml.flat
[        ] Compiling xml file C:\Users\DENNISMUTUKU\.gradle\caches\8.14\transforms\da4a15fbcbc29fba99562eca51c29027\transformed\appcompat-1.1.0\res\drawable\abc_list_selector_background_transition_holo_dark.xml to C:\Users\DENNISMUTUKU\.gradle\caches\8.14\transforms\5a84ebaf2e42c43d89e9e628520d7d34-bdbbe12d-3965-4227-986b-bcab955bada4\transformed\androidx.appcompat\drawable_abc_list_selector_background_transition_holo_dark.xml.flat
[  +19 ms] Compiling xml file C:\Users\DENNISMUTUKU\.gradle\caches\8.14\transforms\da4a15fbcbc29fba99562eca51c29027\transformed\appcompat-1.1.0\res\drawable\abc_list_selector_background_transition_holo_light.xml to C:\Users\DENNISMUTUKU\.gradle\caches\8.14\transforms\5a84ebaf2e42c43d89e9e628520d7d34-bdbbe12d-3965-4227-986b-bcab955bada4\transformed\androidx.appcompat\drawable_abc_list_selector_background_transition_holo_light.xml.flat
[        ] Compiling xml file C:\Users\DENNISMUTUKU\.gradle\caches\8.14\transforms\da4a15fbcbc29fba99562eca51c29027\transformed\appcompat-1.1.0\res\drawable\abc_list_selector_holo_dark.xml to C:\Users\DENNISMUTUKU\.gradle\caches\8.14\transforms\5a84ebaf2e42c43d89e9e628520d7d34-bdbbe12d-3965-4227-986b-bcab955bada4\transformed\androidx.appcompat\drawable_abc_list_selector_holo_dark.xml.flat
[        ] AAPT2 aapt2-8.11.1-12782657-windows Daemon #0: starting
[        ] Compiling xml file C:\Users\DENNISMUTUKU\.gradle\caches\8.14\transforms\da4a15fbcbc29fba99562eca51c29027\transformed\appcompat-1.1.0\res\drawable\abc_list_selector_holo_light.xml to C:\Users\DENNISMUTUKU\.gradle\caches\8.14\transforms\5a84ebaf2e42c43d89e9e628520d7d34-bdbbe12d-3965-4227-986b-bcab955bada4\transformed\androidx.appcompat\drawable_abc_list_selector_holo_light.xml.flat
[  +15 ms] Compiling xml file C:\Users\DENNISMUTUKU\.gradle\caches\8.14\transforms\da4a15fbcbc29fba99562eca51c29027\transformed\appcompat-1.1.0\res\drawable\abc_ratingbar_indicator_material.xml to C:\Users\DENNISMUTUKU\.gradle\caches\8.14\transforms\5a84ebaf2e42c43d89e9e628520d7d34-bdbbe12d-3965-4227-986b-bcab955bada4\transformed\androidx.appcompat\drawable_abc_ratingbar_indicator_material.xml.flat
[        ] Compiling xml file C:\Users\DENNISMUTUKU\.gradle\caches\8.14\transforms\da4a15fbcbc29fba99562eca51c29027\transformed\appcompat-1.1.0\res\drawable\abc_ratingbar_material.xml to C:\Users\DENNISMUTUKU\.gradle\caches\8.14\transforms\5a84ebaf2e42c43d89e9e628520d7d34-bdbbe12d-3965-4227-986b-bcab955bada4\transformed\androidx.appcompat\drawable_abc_ratingbar_material.xml.flat
[        ] Compiling xml file C:\Users\DENNISMUTUKU\.gradle\caches\8.14\transforms\da4a15fbcbc29fba99562eca51c29027\transformed\appcompat-1.1.0\res\drawable\abc_ratingbar_small_material.xml to C:\Users\DENNISMUTUKU\.gradle\caches\8.14\transforms\5a84ebaf2e42c43d89e9e628520d7d34-bdbbe12d-3965-4227-986b-bcab955bada4\transformed\androidx.appcompat\drawable_abc_ratingbar_small_material.xml.flat
[  +48 ms] Compiling xml file C:\Users\DENNISMUTUKU\.gradle\caches\8.14\transforms\da4a15fbcbc29fba99562eca51c29027\transformed\appcompat-1.1.0\res\drawable\abc_seekbar_thumb_material.xml to C:\Users\DENNISMUTUKU\.gradle\caches\8.14\transforms\5a84ebaf2e42c43d89e9e628520d7d34-bdbbe12d-3965-4227-986b-bcab955bada4\transformed\androidx.appcompat\drawable_abc_seekbar_thumb_material.xml.flat
[        ] Compiling xml file C:\Users\DENNISMUTUKU\.gradle\caches\8.14\transforms\da4a15fbcbc29fba99562eca51c29027\transformed\appcompat-1.1.0\res\drawable\abc_seekbar_tick_mark_material.xml to C:\Users\DENNISMUTUKU\.gradle\caches\8.14\transforms\5a84ebaf2e42c43d89e9e628520d7d34-bdbbe12d-3965-4227-986b-bcab955bada4\transformed\androidx.appcompat\drawable_abc_seekbar_tick_mark_material.xml.flat
[   +1 ms] Compiling xml file C:\Users\DENNISMUTUKU\.gradle\caches\8.14\transforms\da4a15fbcbc29fba99562eca51c29027\transformed\appcompat-1.1.0\res\drawable\abc_seekbar_track_material.xml to C:\Users\DENNISMUTUKU\.gradle\caches\8.14\transforms\5a84ebaf2e42c43d89e9e628520d7d34-bdbbe12d-3965-4227-986b-bcab955bada4\transformed\androidx.appcompat\drawable_abc_seekbar_track_material.xml.flat
[  +50 ms] Compiling xml file C:\Users\DENNISMUTUKU\.gradle\caches\8.14\transforms\da4a15fbcbc29fba99562eca51c29027\transformed\appcompat-1.1.0\res\drawable\abc_spinner_textfield_background_material.xml to C:\Users\DENNISMUTUKU\.gradle\caches\8.14\transforms\5a84ebaf2e42c43d89e9e628520d7d34-bdbbe12d-3965-4227-986b-bcab955bada4\transformed\androidx.appcompat\drawable_abc_spinner_textfield_background_material.xml.flat
[        ] Compiling xml file C:\Users\DENNISMUTUKU\.gradle\caches\8.14\transforms\da4a15fbcbc29fba99562eca51c29027\transformed\appcompat-1.1.0\res\drawable\abc_switch_thumb_material.xml to C:\Users\DENNISMUTUKU\.gradle\caches\8.14\transforms\5a84ebaf2e42c43d89e9e628520d7d34-bdbbe12d-3965-4227-986b-bcab955bada4\transformed\androidx.appcompat\drawable_abc_switch_thumb_material.xml.flat
[        ] Compiling xml file C:\Users\DENNISMUTUKU\.gradle\caches\8.14\transforms\da4a15fbcbc29fba99562eca51c29027\transformed\appcompat-1.1.0\res\drawable\abc_tab_indicator_material.xml to C:\Users\DENNISMUTUKU\.gradle\caches\8.14\transforms\5a84ebaf2e42c43d89e9e628520d7d34-bdbbe12d-3965-4227-986b-bcab955bada4\transformed\androidx.appcompat\drawable_abc_tab_indicator_material.xml.flat
[  +32 ms] Compiling xml file C:\Users\DENNISMUTUKU\.gradle\caches\8.14\transforms\da4a15fbcbc29fba99562eca51c29027\transformed\appcompat-1.1.0\res\drawable\abc_textfield_search_material.xml to C:\Users\DENNISMUTUKU\.gradle\caches\8.14\transforms\5a84ebaf2e42c43d89e9e628520d7d34-bdbbe12d-3965-4227-986b-bcab955bada4\transformed\androidx.appcompat\drawable_abc_textfield_search_material.xml.flat
[        ] Compiling xml file C:\Users\DENNISMUTUKU\.gradle\caches\8.14\transforms\da4a15fbcbc29fba99562eca51c29027\transformed\appcompat-1.1.0\res\drawable\abc_text_cursor_material.xml to C:\Users\DENNISMUTUKU\.gradle\caches\8.14\transforms\5a84ebaf2e42c43d89e9e628520d7d34-bdbbe12d-3965-4227-986b-bcab955bada4\transformed\androidx.appcompat\drawable_abc_text_cursor_material.xml.flat
[        ] Compiling xml file C:\Users\DENNISMUTUKU\.gradle\caches\8.14\transforms\da4a15fbcbc29fba99562eca51c29027\transformed\appcompat-1.1.0\res\drawable\btn_checkbox_checked_mtrl.xml to C:\Users\DENNISMUTUKU\.gradle\caches\8.14\transforms\5a84ebaf2e42c43d89e9e628520d7d34-bdbbe12d-3965-4227-986b-bcab955bada4\transformed\androidx.appcompat\drawable_btn_checkbox_checked_mtrl.xml.flat
[  +48 ms] Compiling xml file C:\Users\DENNISMUTUKU\.gradle\caches\8.14\transforms\da4a15fbcbc29fba99562eca51c29027\transformed\appcompat-1.1.0\res\drawable\btn_checkbox_checked_to_unchecked_mtrl_animation.xml to C:\Users\DENNISMUTUKU\.gradle\caches\8.14\transforms\5a84ebaf2e42c43d89e9e628520d7d34-bdbbe12d-3965-4227-986b-bcab955bada4\transformed\androidx.appcompat\drawable_btn_checkbox_checked_to_unchecked_mtrl_animation.xml.flat
[        ] Compiling xml file C:\Users\DENNISMUTUKU\.gradle\caches\8.14\transforms\da4a15fbcbc29fba99562eca51c29027\transformed\appcompat-1.1.0\res\drawable\btn_checkbox_unchecked_mtrl.xml to C:\Users\DENNISMUTUKU\.gradle\caches\8.14\transforms\5a84ebaf2e42c43d89e9e628520d7d34-bdbbe12d-3965-4227-986b-bcab955bada4\transformed\androidx.appcompat\drawable_btn_checkbox_unchecked_mtrl.xml.flat
[        ] Compiling xml file C:\Users\DENNISMUTUKU\.gradle\caches\8.14\transforms\da4a15fbcbc29fba99562eca51c29027\transformed\appcompat-1.1.0\res\drawable\btn_checkbox_unchecked_to_checked_mtrl_animation.xml to C:\Users\DENNISMUTUKU\.gradle\caches\8.14\transforms\5a84ebaf2e42c43d89e9e628520d7d34-bdbbe12d-3965-4227-986b-bcab955bada4\transformed\androidx.appcompat\drawable_btn_checkbox_unchecked_to_checked_mtrl_animation.xml.flat
[  +47 ms] Compiling xml file C:\Users\DENNISMUTUKU\.gradle\caches\8.14\transforms\da4a15fbcbc29fba99562eca51c29027\transformed\appcompat-1.1.0\res\drawable\btn_radio_off_mtrl.xml to C:\Users\DENNISMUTUKU\.gradle\caches\8.14\transforms\5a84ebaf2e42c43d89e9e628520d7d34-bdbbe12d-3965-4227-986b-bcab955bada4\transformed\androidx.appcompat\drawable_btn_radio_off_mtrl.xml.flat
[        ] Compiling xml file C:\Users\DENNISMUTUKU\.gradle\caches\8.14\transforms\da4a15fbcbc29fba99562eca51c29027\transformed\appcompat-1.1.0\res\drawable\btn_radio_off_to_on_mtrl_animation.xml to C:\Users\DENNISMUTUKU\.gradle\caches\8.14\transforms\5a84ebaf2e42c43d89e9e628520d7d34-bdbbe12d-3965-4227-986b-bcab955bada4\transformed\androidx.appcompat\drawable_btn_radio_off_to_on_mtrl_animation.xml.flat
[        ] Compiling xml file C:\Users\DENNISMUTUKU\.gradle\caches\8.14\transforms\da4a15fbcbc29fba99562eca51c29027\transformed\appcompat-1.1.0\res\drawable\btn_radio_on_mtrl.xml to C:\Users\DENNISMUTUKU\.gradle\caches\8.14\transforms\5a84ebaf2e42c43d89e9e628520d7d34-bdbbe12d-3965-4227-986b-bcab955bada4\transformed\androidx.appcompat\drawable_btn_radio_on_mtrl.xml.flat
[  +44 ms] Compiling xml file C:\Users\DENNISMUTUKU\.gradle\caches\8.14\transforms\da4a15fbcbc29fba99562eca51c29027\transformed\appcompat-1.1.0\res\drawable\btn_radio_on_to_off_mtrl_animation.xml to C:\Users\DENNISMUTUKU\.gradle\caches\8.14\transforms\5a84ebaf2e42c43d89e9e628520d7d34-bdbbe12d-3965-4227-986b-bcab955bada4\transformed\androidx.appcompat\drawable_btn_radio_on_to_off_mtrl_animation.xml.flat
[        ] Compiling xml file C:\Users\DENNISMUTUKU\.gradle\caches\8.14\transforms\da4a15fbcbc29fba99562eca51c29027\transformed\appcompat-1.1.0\res\drawable\tooltip_frame_dark.xml to C:\Users\DENNISMUTUKU\.gradle\caches\8.14\transforms\5a84ebaf2e42c43d89e9e628520d7d34-bdbbe12d-3965-4227-986b-bcab955bada4\transformed\androidx.appcompat\drawable_tooltip_frame_dark.xml.flat
[        ] Compiling xml file C:\Users\DENNISMUTUKU\.gradle\caches\8.14\transforms\da4a15fbcbc29fba99562eca51c29027\transformed\appcompat-1.1.0\res\drawable\tooltip_frame_light.xml to C:\Users\DENNISMUTUKU\.gradle\caches\8.14\transforms\5a84ebaf2e42c43d89e9e628520d7d34-bdbbe12d-3965-4227-986b-bcab955bada4\transformed\androidx.appcompat\drawable_tooltip_frame_light.xml.flat
[        ] AAPT2 aapt2-8.11.1-12782657-windows Daemon #1: starting
[  +18 ms] Compiling xml file C:\Users\DENNISMUTUKU\.gradle\caches\8.14\transforms\8cb437de8fdac72e2de918f9ee215ca3\transformed\core-1.13.1\res\drawable-v21\notification_action_background.xml to C:\Users\DENNISMUTUKU\.gradle\caches\8.14\transforms\905baa13a70e6f94b072480097cb51e5-e27edc6a-4a7d-4e81-bb13-5c093aed4f7a\transformed\androidx.core\drawable-v21_notification_action_background.xml.flat
[  +29 ms] Compiling xml file C:\Users\DENNISMUTUKU\.gradle\caches\8.14\transforms\8cb437de8fdac72e2de918f9ee215ca3\transformed\core-1.13.1\res\layout\custom_dialog.xml to C:\Users\DENNISMUTUKU\.gradle\caches\8.14\transforms\905baa13a70e6f94b072480097cb51e5-e27edc6a-4a7d-4e81-bb13-5c093aed4f7a\transformed\androidx.core\layout_custom_dialog.xml.flat
[        ] Compiling xml file C:\Users\DENNISMUTUKU\.gradle\caches\8.14\transforms\8cb437de8fdac72e2de918f9ee215ca3\transformed\core-1.13.1\res\layout\ime_base_split_test_activity.xml to C:\Users\DENNISMUTUKU\.gradle\caches\8.14\transforms\905baa13a70e6f94b072480097cb51e5-e27edc6a-4a7d-4e81-bb13-5c093aed4f7a\transformed\androidx.core\layout_ime_base_split_test_activity.xml.flat
[        ] Compiling xml file C:\Users\DENNISMUTUKU\.gradle\caches\8.14\transforms\8cb437de8fdac72e2de918f9ee215ca3\transformed\core-1.13.1\res\layout\ime_secondary_split_test_activity.xml to C:\Users\DENNISMUTUKU\.gradle\caches\8.14\transforms\905baa13a70e6f94b072480097cb51e5-e27edc6a-4a7d-4e81-bb13-5c093aed4f7a\transformed\androidx.core\layout_ime_secondary_split_test_activity.xml.flat
[        ] Compiling xml file C:\Users\DENNISMUTUKU\.gradle\caches\8.14\transforms\8cb437de8fdac72e2de918f9ee215ca3\transformed\core-1.13.1\res\layout\notification_action.xml to C:\Users\DENNISMUTUKU\.gradle\caches\8.14\transforms\905baa13a70e6f94b072480097cb51e5-e27edc6a-4a7d-4e81-bb13-5c093aed4f7a\transformed\androidx.core\layout_notification_action.xml.flat
[        ] Compiling xml file C:\Users\DENNISMUTUKU\.gradle\caches\8.14\transforms\8cb437de8fdac72e2de918f9ee215ca3\transformed\core-1.13.1\res\layout\notification_action_tombstone.xml to C:\Users\DENNISMUTUKU\.gradle\caches\8.14\transforms\905baa13a70e6f94b072480097cb51e5-e27edc6a-4a7d-4e81-bb13-5c093aed4f7a\transformed\androidx.core\layout_notification_action_tombstone.xml.flat
[   +3 ms] Compiling xml file C:\Users\DENNISMUTUKU\.gradle\caches\8.14\transforms\8cb437de8fdac72e2de918f9ee215ca3\transformed\core-1.13.1\res\layout\notification_template_custom_big.xml to C:\Users\DENNISMUTUKU\.gradle\caches\8.14\transforms\905baa13a70e6f94b072480097cb51e5-e27edc6a-4a7d-4e81-bb13-5c093aed4f7a\transformed\androidx.core\layout_notification_template_custom_big.xml.flat
[        ] Compiling xml file C:\Users\DENNISMUTUKU\.gradle\caches\8.14\transforms\8cb437de8fdac72e2de918f9ee215ca3\transformed\core-1.13.1\res\layout\notification_template_icon_group.xml to C:\Users\DENNISMUTUKU\.gradle\caches\8.14\transforms\905baa13a70e6f94b072480097cb51e5-e27edc6a-4a7d-4e81-bb13-5c093aed4f7a\transformed\androidx.core\layout_notification_template_icon_group.xml.flat
[        ] Compiling xml file C:\Users\DENNISMUTUKU\.gradle\caches\8.14\transforms\8cb437de8fdac72e2de918f9ee215ca3\transformed\core-1.13.1\res\layout\notification_template_part_chronometer.xml to C:\Users\DENNISMUTUKU\.gradle\caches\8.14\transforms\905baa13a70e6f94b072480097cb51e5-e27edc6a-4a7d-4e81-bb13-5c093aed4f7a\transformed\androidx.core\layout_notification_template_part_chronometer.xml.flat
[        ] Compiling xml file C:\Users\DENNISMUTUKU\.gradle\caches\8.14\transforms\8cb437de8fdac72e2de918f9ee215ca3\transformed\core-1.13.1\res\layout\notification_template_part_time.xml to C:\Users\DENNISMUTUKU\.gradle\caches\8.14\transforms\905baa13a70e6f94b072480097cb51e5-e27edc6a-4a7d-4e81-bb13-5c093aed4f7a\transformed\androidx.core\layout_notification_template_part_time.xml.flat
[   +1 ms] Compiling xml file C:\Users\DENNISMUTUKU\.gradle\caches\8.14\transforms\8cb437de8fdac72e2de918f9ee215ca3\transformed\core-1.13.1\res\layout-v21\notification_action.xml to C:\Users\DENNISMUTUKU\.gradle\caches\8.14\transforms\905baa13a70e6f94b072480097cb51e5-e27edc6a-4a7d-4e81-bb13-5c093aed4f7a\transformed\androidx.core\layout-v21_notification_action.xml.flat
[        ] Compiling xml file C:\Users\DENNISMUTUKU\.gradle\caches\8.14\transforms\8cb437de8fdac72e2de918f9ee215ca3\transformed\core-1.13.1\res\layout-v21\notification_action_tombstone.xml to C:\Users\DENNISMUTUKU\.gradle\caches\8.14\transforms\905baa13a70e6f94b072480097cb51e5-e27edc6a-4a7d-4e81-bb13-5c093aed4f7a\transformed\androidx.core\layout-v21_notification_action_tombstone.xml.flat
[        ] Compiling xml file C:\Users\DENNISMUTUKU\.gradle\caches\8.14\transforms\8cb437de8fdac72e2de918f9ee215ca3\transformed\core-1.13.1\res\layout-v21\notification_template_custom_big.xml to C:\Users\DENNISMUTUKU\.gradle\caches\8.14\transforms\905baa13a70e6f94b072480097cb51e5-e27edc6a-4a7d-4e81-bb13-5c093aed4f7a\transformed\androidx.core\layout-v21_notification_template_custom_big.xml.flat
[        ] Compiling xml file C:\Users\DENNISMUTUKU\.gradle\caches\8.14\transforms\8cb437de8fdac72e2de918f9ee215ca3\transformed\core-1.13.1\res\layout-v21\notification_template_icon_group.xml to C:\Users\DENNISMUTUKU\.gradle\caches\8.14\transforms\905baa13a70e6f94b072480097cb51e5-e27edc6a-4a7d-4e81-bb13-5c093aed4f7a\transformed\androidx.core\layout-v21_notification_template_icon_group.xml.flat
[        ] Compiling xml file C:\Users\DENNISMUTUKU\.gradle\caches\8.14\transforms\da4a15fbcbc29fba99562eca51c29027\transformed\appcompat-1.1.0\res\drawable-v21\abc_action_bar_item_background_material.xml to C:\Users\DENNISMUTUKU\.gradle\caches\8.14\transforms\5a84ebaf2e42c43d89e9e628520d7d34-bdbbe12d-3965-4227-986b-bcab955bada4\transformed\androidx.appcompat\drawable-v21_abc_action_bar_item_background_material.xml.flat
[        ] Caching disabled for AarResourcesCompilerTransform: C:\Users\DENNISMUTUKU\.gradle\caches\8.14\transforms\81bfdcaf88a095985faf642cd08a6310\transformed\lifecycle-runtime-2.7.0 because:
[        ]   Build cache is disabled
[   +3 ms] Caching disabled for AarResourcesCompilerTransform: C:\Users\DENNISMUTUKU\.gradle\caches\8.14\transforms\70c7f9c93d870d55aa75fb2befc1cc77\transformed\lifecycle-process-2.7.0 because:
[        ]   Build cache is disabled
[        ] Compiling xml file C:\Users\DENNISMUTUKU\.gradle\caches\8.14\transforms\da4a15fbcbc29fba99562eca51c29027\transformed\appcompat-1.1.0\res\drawable-v21\abc_btn_colored_material.xml to C:\Users\DENNISMUTUKU\.gradle\caches\8.14\transforms\5a84ebaf2e42c43d89e9e628520d7d34-bdbbe12d-3965-4227-986b-bcab955bada4\transformed\androidx.appcompat\drawable-v21_abc_btn_colored_material.xml.flat
[        ] Caching disabled for AarResourcesCompilerTransform: C:\Users\DENNISMUTUKU\.gradle\caches\8.14\transforms\d148ff515f5aca379a93f0738fb87fa8\transformed\savedstate-ktx-1.2.1 because:
[        ]   Build cache is disabled
[        ] Compiling xml file C:\Users\DENNISMUTUKU\.gradle\caches\8.14\transforms\da4a15fbcbc29fba99562eca51c29027\transformed\appcompat-1.1.0\res\drawable-v21\abc_dialog_material_background.xml to C:\Users\DENNISMUTUKU\.gradle\caches\8.14\transforms\5a84ebaf2e42c43d89e9e628520d7d34-bdbbe12d-3965-4227-986b-bcab955bada4\transformed\androidx.appcompat\drawable-v21_abc_dialog_material_background.xml.flat
[        ] Compiling xml file C:\Users\DENNISMUTUKU\.gradle\caches\8.14\transforms\da4a15fbcbc29fba99562eca51c29027\transformed\appcompat-1.1.0\res\drawable-v21\abc_edit_text_material.xml to C:\Users\DENNISMUTUKU\.gradle\caches\8.14\transforms\5a84ebaf2e42c43d89e9e628520d7d34-bdbbe12d-3965-4227-986b-bcab955bada4\transformed\androidx.appcompat\drawable-v21_abc_edit_text_material.xml.flat
[        ] Compiling xml file C:\Users\DENNISMUTUKU\.gradle\caches\8.14\transforms\da4a15fbcbc29fba99562eca51c29027\transformed\appcompat-1.1.0\res\drawable-v21\abc_list_divider_material.xml to C:\Users\DENNISMUTUKU\.gradle\caches\8.14\transforms\5a84ebaf2e42c43d89e9e628520d7d34-bdbbe12d-3965-4227-986b-bcab955bada4\transformed\androidx.appcompat\drawable-v21_abc_list_divider_material.xml.flat
[        ] Compiling xml file C:\Users\DENNISMUTUKU\.gradle\caches\8.14\transforms\da4a15fbcbc29fba99562eca51c29027\transformed\appcompat-1.1.0\res\drawable-v23\abc_control_background_material.xml to C:\Users\DENNISMUTUKU\.gradle\caches\8.14\transforms\5a84ebaf2e42c43d89e9e628520d7d34-bdbbe12d-3965-4227-986b-bcab955bada4\transformed\androidx.appcompat\drawable-v23_abc_control_background_material.xml.flat
[        ] Caching disabled for AarResourcesCompilerTransform: C:\Users\DENNISMUTUKU\.gradle\caches\8.14\transforms\a3c4bf2e80a7e6a2d3bfce7149bfaf69\transformed\savedstate-1.2.1 because:
[        ]   Build cache is disabled
[        ] Caching disabled for AarResourcesCompilerTransform: C:\Users\DENNISMUTUKU\.gradle\caches\8.14\transforms\df5ed31f6e2668fd0cb1284d2affc9c1\transformed\profileinstaller-1.3.1 because:
[        ]   Build cache is disabled
[        ] Compiling xml file C:\Users\DENNISMUTUKU\.gradle\caches\8.14\transforms\da4a15fbcbc29fba99562eca51c29027\transformed\appcompat-1.1.0\res\drawable-watch-v20\abc_dialog_material_background.xml to C:\Users\DENNISMUTUKU\.gradle\caches\8.14\transforms\5a84ebaf2e42c43d89e9e628520d7d34-bdbbe12d-3965-4227-986b-bcab955bada4\transformed\androidx.appcompat\drawable-watch-v20_abc_dialog_material_background.xml.flat
[        ] Caching disabled for AarResourcesCompilerTransform: C:\Users\DENNISMUTUKU\.gradle\caches\8.14\transforms\fac3bdbb065ba11aedd38e2ea2c0656c\transformed\startup-runtime-1.1.1 because:
[        ]   Build cache is disabled
[        ] Caching disabled for AarResourcesCompilerTransform: C:\Users\DENNISMUTUKU\.gradle\caches\8.14\transforms\f33585d6fc1e1b2a34e4c1d736d386ca\transformed\tracing-1.2.0 because:
[        ]   Build cache is disabled
[        ] Caching disabled for AarResourcesCompilerTransform: C:\Users\DENNISMUTUKU\.gradle\caches\8.14\transforms\f2b86e9c7312714eacb7763e5167c631\transformed\datastore-preferences-core-release because:
[        ]   Build cache is disabled
[        ] Caching disabled for AarResourcesCompilerTransform: C:\Users\DENNISMUTUKU\.gradle\caches\8.14\transforms\93c157b8fbb8b008a5b83470724eb4bd\transformed\datastore-core-release because:
[        ]   Build cache is disabled
[        ] Caching disabled for AarResourcesCompilerTransform: C:\Users\DENNISMUTUKU\.gradle\caches\8.14\transforms\62414a17cf0131c39753dba4695aafb1\transformed\datastore-preferences-release because:
[        ]   Build cache is disabled
[        ] Caching disabled for AarResourcesCompilerTransform: C:\Users\DENNISMUTUKU\.gradle\caches\8.14\transforms\43d340321be1a72ca103b8ccb695b392\transformed\datastore-release because:
[        ]   Build cache is disabled
[        ] Caching disabled for AarResourcesCompilerTransform: C:\Users\DENNISMUTUKU\.gradle\caches\8.14\transforms\95cdd7ca87255f13e4af9ad26a5e03dc\transformed\core-runtime-2.2.0 because:
[        ]   Build cache is disabled
[        ] Caching disabled for AarResourcesCompilerTransform: C:\Users\DENNISMUTUKU\.gradle\caches\8.14\transforms\75c850d93edffb1f0e79a2b1090091ce\transformed\versionedparcelable-1.1.1 because:
[        ]   Build cache is disabled
[        ] Caching disabled for AarResourcesCompilerTransform: C:\Users\DENNISMUTUKU\.gradle\caches\8.14\transforms\875ffbd89ac9c7dfd0a91922397ce327\transformed\interpolator-1.0.0 because:
[        ]   Build cache is disabled
[        ] Caching disabled for AarResourcesCompilerTransform: C:\Users\DENNISMUTUKU\.gradle\caches\8.14\transforms\2d0327b62ea36166e38eb124b816e651\transformed\cursoradapter-1.0.0 because:
[        ]   Build cache is disabled
[        ] Caching disabled for AarResourcesCompilerTransform: C:\Users\DENNISMUTUKU\.gradle\caches\8.14\transforms\8b553870adc7ac07c61aa64705ec7f72\transformed\core-1.0.0 because:
[        ]   Build cache is disabled
[        ] Caching disabled for AarResourcesCompilerTransform: C:\Users\DENNISMUTUKU\.gradle\caches\8.14\transforms\45aa20a8e5e8142607c49e5c21c65b2d\transformed\documentfile-1.0.0 because:
[        ]   Build cache is disabled
[        ] Caching disabled for AarResourcesCompilerTransform: C:\Users\DENNISMUTUKU\.gradle\caches\8.14\transforms\9ea5fb294ae16807016deb98f1fb4e50\transformed\localbroadcastmanager-1.0.0 because:
[        ]   Build cache is disabled
[        ] Caching disabled for AarResourcesCompilerTransform: C:\Users\DENNISMUTUKU\.gradle\caches\8.14\transforms\dbb8a6ef0d993a462b1eec6f87fba62f\transformed\print-1.0.0 because:
[        ]   Build cache is disabled
[        ] Caching disabled for AarResourcesCompilerTransform: C:\Users\DENNISMUTUKU\.gradle\caches\8.14\transforms\44f201f6ae2e842e99898292414fc732\transformed\annotation-experimental-1.4.0 because:
[        ]   Build cache is disabled
[        ] Caching disabled for AarResourcesCompilerTransform: C:\Users\DENNISMUTUKU\.gradle\caches\8.14\transforms\15a558128bbbec921e6710294f0a125f\transformed\relinker-1.4.5 because:
[        ]   Build cache is disabled
[ +489 ms] Compiling xml file C:\Users\DENNISMUTUKU\.gradle\caches\8.14\transforms\da4a15fbcbc29fba99562eca51c29027\transformed\appcompat-1.1.0\res\interpolator\btn_checkbox_checked_mtrl_animation_interpolator_0.xml to C:\Users\DENNISMUTUKU\.gradle\caches\8.14\transforms\5a84ebaf2e42c43d89e9e628520d7d34-bdbbe12d-3965-4227-986b-bcab955bada4\transformed\androidx.appcompat\interpolator_btn_checkbox_checked_mtrl_animation_interpolator_0.xml.flat
[        ] Compiling xml file C:\Users\DENNISMUTUKU\.gradle\caches\8.14\transforms\da4a15fbcbc29fba99562eca51c29027\transformed\appcompat-1.1.0\res\interpolator\btn_checkbox_checked_mtrl_animation_interpolator_1.xml to C:\Users\DENNISMUTUKU\.gradle\caches\8.14\transforms\5a84ebaf2e42c43d89e9e628520d7d34-bdbbe12d-3965-4227-986b-bcab955bada4\transformed\androidx.appcompat\interpolator_btn_checkbox_checked_mtrl_animation_interpolator_1.xml.flat
[        ] Compiling xml file C:\Users\DENNISMUTUKU\.gradle\caches\8.14\transforms\da4a15fbcbc29fba99562eca51c29027\transformed\appcompat-1.1.0\res\interpolator\btn_checkbox_unchecked_mtrl_animation_interpolator_0.xml to C:\Users\DENNISMUTUKU\.gradle\caches\8.14\transforms\5a84ebaf2e42c43d89e9e628520d7d34-bdbbe12d-3965-4227-986b-bcab955bada4\transformed\androidx.appcompat\interpolator_btn_checkbox_unchecked_mtrl_animation_interpolator_0.xml.flat
[        ] Compiling xml file C:\Users\DENNISMUTUKU\.gradle\caches\8.14\transforms\da4a15fbcbc29fba99562eca51c29027\transformed\appcompat-1.1.0\res\interpolator\btn_checkbox_unchecked_mtrl_animation_interpolator_1.xml to C:\Users\DENNISMUTUKU\.gradle\caches\8.14\transforms\5a84ebaf2e42c43d89e9e628520d7d34-bdbbe12d-3965-4227-986b-bcab955bada4\transformed\androidx.appcompat\interpolator_btn_checkbox_unchecked_mtrl_animation_interpolator_1.xml.flat
[        ] Compiling xml file C:\Users\DENNISMUTUKU\.gradle\caches\8.14\transforms\da4a15fbcbc29fba99562eca51c29027\transformed\appcompat-1.1.0\res\interpolator\btn_radio_to_off_mtrl_animation_interpolator_0.xml to C:\Users\DENNISMUTUKU\.gradle\caches\8.14\transforms\5a84ebaf2e42c43d89e9e628520d7d34-bdbbe12d-3965-4227-986b-bcab955bada4\transformed\androidx.appcompat\interpolator_btn_radio_to_off_mtrl_animation_interpolator_0.xml.flat
[        ] Compiling xml file C:\Users\DENNISMUTUKU\.gradle\caches\8.14\transforms\da4a15fbcbc29fba99562eca51c29027\transformed\appcompat-1.1.0\res\interpolator\btn_radio_to_on_mtrl_animation_interpolator_0.xml to C:\Users\DENNISMUTUKU\.gradle\caches\8.14\transforms\5a84ebaf2e42c43d89e9e628520d7d34-bdbbe12d-3965-4227-986b-bcab955bada4\transformed\androidx.appcompat\interpolator_btn_radio_to_on_mtrl_animation_interpolator_0.xml.flat
[        ] Compiling xml file C:\Users\DENNISMUTUKU\.gradle\caches\8.14\transforms\da4a15fbcbc29fba99562eca51c29027\transformed\appcompat-1.1.0\res\interpolator\fast_out_slow_in.xml to C:\Users\DENNISMUTUKU\.gradle\caches\8.14\transforms\5a84ebaf2e42c43d89e9e628520d7d34-bdbbe12d-3965-4227-986b-bcab955bada4\transformed\androidx.appcompat\interpolator_fast_out_slow_in.xml.flat
[        ] Compiling xml file C:\Users\DENNISMUTUKU\.gradle\caches\8.14\transforms\da4a15fbcbc29fba99562eca51c29027\transformed\appcompat-1.1.0\res\layout\abc_action_bar_title_item.xml to C:\Users\DENNISMUTUKU\.gradle\caches\8.14\transforms\5a84ebaf2e42c43d89e9e628520d7d34-bdbbe12d-3965-4227-986b-bcab955bada4\transformed\androidx.appcompat\layout_abc_action_bar_title_item.xml.flat
[        ] Compiling xml file C:\Users\DENNISMUTUKU\.gradle\caches\8.14\transforms\da4a15fbcbc29fba99562eca51c29027\transformed\appcompat-1.1.0\res\layout\abc_action_bar_up_container.xml to C:\Users\DENNISMUTUKU\.gradle\caches\8.14\transforms\5a84ebaf2e42c43d89e9e628520d7d34-bdbbe12d-3965-4227-986b-bcab955bada4\transformed\androidx.appcompat\layout_abc_action_bar_up_container.xml.flat
[        ] Compiling xml file C:\Users\DENNISMUTUKU\.gradle\caches\8.14\transforms\da4a15fbcbc29fba99562eca51c29027\transformed\appcompat-1.1.0\res\layout\abc_action_menu_item_layout.xml to C:\Users\DENNISMUTUKU\.gradle\caches\8.14\transforms\5a84ebaf2e42c43d89e9e628520d7d34-bdbbe12d-3965-4227-986b-bcab955bada4\transformed\androidx.appcompat\layout_abc_action_menu_item_layout.xml.flat
[        ] Compiling xml file C:\Users\DENNISMUTUKU\.gradle\caches\8.14\transforms\da4a15fbcbc29fba99562eca51c29027\transformed\appcompat-1.1.0\res\layout\abc_action_menu_layout.xml to C:\Users\DENNISMUTUKU\.gradle\caches\8.14\transforms\5a84ebaf2e42c43d89e9e628520d7d34-bdbbe12d-3965-4227-986b-bcab955bada4\transformed\androidx.appcompat\layout_abc_action_menu_layout.xml.flat
[  +82 ms] Compiling xml file C:\Users\DENNISMUTUKU\.gradle\caches\8.14\transforms\da4a15fbcbc29fba99562eca51c29027\transformed\appcompat-1.1.0\res\layout\abc_action_mode_bar.xml to C:\Users\DENNISMUTUKU\.gradle\caches\8.14\transforms\5a84ebaf2e42c43d89e9e628520d7d34-bdbbe12d-3965-4227-986b-bcab955bada4\transformed\androidx.appcompat\layout_abc_action_mode_bar.xml.flat
[        ] Compiling xml file C:\Users\DENNISMUTUKU\.gradle\caches\8.14\transforms\da4a15fbcbc29fba99562eca51c29027\transformed\appcompat-1.1.0\res\layout\abc_action_mode_close_item_material.xml to C:\Users\DENNISMUTUKU\.gradle\caches\8.14\transforms\5a84ebaf2e42c43d89e9e628520d7d34-bdbbe12d-3965-4227-986b-bcab955bada4\transformed\androidx.appcompat\layout_abc_action_mode_close_item_material.xml.flat
[        ] Compiling xml file C:\Users\DENNISMUTUKU\.gradle\caches\8.14\transforms\da4a15fbcbc29fba99562eca51c29027\transformed\appcompat-1.1.0\res\layout\abc_activity_chooser_view.xml to C:\Users\DENNISMUTUKU\.gradle\caches\8.14\transforms\5a84ebaf2e42c43d89e9e628520d7d34-bdbbe12d-3965-4227-986b-bcab955bada4\transformed\androidx.appcompat\layout_abc_activity_chooser_view.xml.flat
[        ] Compiling xml file C:\Users\DENNISMUTUKU\.gradle\caches\8.14\transforms\da4a15fbcbc29fba99562eca51c29027\transformed\appcompat-1.1.0\res\layout\abc_activity_chooser_view_list_item.xml to C:\Users\DENNISMUTUKU\.gradle\caches\8.14\transforms\5a84ebaf2e42c43d89e9e628520d7d34-bdbbe12d-3965-4227-986b-bcab955bada4\transformed\androidx.appcompat\layout_abc_activity_chooser_view_list_item.xml.flat
[        ] Compiling xml file C:\Users\DENNISMUTUKU\.gradle\caches\8.14\transforms\da4a15fbcbc29fba99562eca51c29027\transformed\appcompat-1.1.0\res\layout\abc_alert_dialog_button_bar_material.xml to C:\Users\DENNISMUTUKU\.gradle\caches\8.14\transforms\5a84ebaf2e42c43d89e9e628520d7d34-bdbbe12d-3965-4227-986b-bcab955bada4\transformed\androidx.appcompat\layout_abc_alert_dialog_button_bar_material.xml.flat
[        ] Compiling xml file C:\Users\DENNISMUTUKU\.gradle\caches\8.14\transforms\da4a15fbcbc29fba99562eca51c29027\transformed\appcompat-1.1.0\res\layout\abc_alert_dialog_material.xml to C:\Users\DENNISMUTUKU\.gradle\caches\8.14\transforms\5a84ebaf2e42c43d89e9e628520d7d34-bdbbe12d-3965-4227-986b-bcab955bada4\transformed\androidx.appcompat\layout_abc_alert_dialog_material.xml.flat
[        ] Compiling xml file C:\Users\DENNISMUTUKU\.gradle\caches\8.14\transforms\da4a15fbcbc29fba99562eca51c29027\transformed\appcompat-1.1.0\res\layout\abc_alert_dialog_title_material.xml to C:\Users\DENNISMUTUKU\.gradle\caches\8.14\transforms\5a84ebaf2e42c43d89e9e628520d7d34-bdbbe12d-3965-4227-986b-bcab955bada4\transformed\androidx.appcompat\layout_abc_alert_dialog_title_material.xml.flat
[        ] Compiling xml file C:\Users\DENNISMUTUKU\.gradle\caches\8.14\transforms\da4a15fbcbc29fba99562eca51c29027\transformed\appcompat-1.1.0\res\layout\abc_cascading_menu_item_layout.xml to C:\Users\DENNISMUTUKU\.gradle\caches\8.14\transforms\5a84ebaf2e42c43d89e9e628520d7d34-bdbbe12d-3965-4227-986b-bcab955bada4\transformed\androidx.appcompat\layout_abc_cascading_menu_item_layout.xml.flat
[        ] Compiling xml file C:\Users\DENNISMUTUKU\.gradle\caches\8.14\transforms\da4a15fbcbc29fba99562eca51c29027\transformed\appcompat-1.1.0\res\layout\abc_dialog_title_material.xml to C:\Users\DENNISMUTUKU\.gradle\caches\8.14\transforms\5a84ebaf2e42c43d89e9e628520d7d34-bdbbe12d-3965-4227-986b-bcab955bada4\transformed\androidx.appcompat\layout_abc_dialog_title_material.xml.flat
[        ] Compiling xml file C:\Users\DENNISMUTUKU\.gradle\caches\8.14\transforms\da4a15fbcbc29fba99562eca51c29027\transformed\appcompat-1.1.0\res\layout\abc_expanded_menu_layout.xml to C:\Users\DENNISMUTUKU\.gradle\caches\8.14\transforms\5a84ebaf2e42c43d89e9e628520d7d34-bdbbe12d-3965-4227-986b-bcab955bada4\transformed\androidx.appcompat\layout_abc_expanded_menu_layout.xml.flat
[        ] Compiling xml file C:\Users\DENNISMUTUKU\.gradle\caches\8.14\transforms\da4a15fbcbc29fba99562eca51c29027\transformed\appcompat-1.1.0\res\layout\abc_list_menu_item_checkbox.xml to C:\Users\DENNISMUTUKU\.gradle\caches\8.14\transforms\5a84ebaf2e42c43d89e9e628520d7d34-bdbbe12d-3965-4227-986b-bcab955bada4\transformed\androidx.appcompat\layout_abc_list_menu_item_checkbox.xml.flat
[        ] Compiling xml file C:\Users\DENNISMUTUKU\.gradle\caches\8.14\transforms\da4a15fbcbc29fba99562eca51c29027\transformed\appcompat-1.1.0\res\layout\abc_list_menu_item_icon.xml to C:\Users\DENNISMUTUKU\.gradle\caches\8.14\transforms\5a84ebaf2e42c43d89e9e628520d7d34-bdbbe12d-3965-4227-986b-bcab955bada4\transformed\androidx.appcompat\layout_abc_list_menu_item_icon.xml.flat
[  +25 ms] Compiling xml file C:\Users\DENNISMUTUKU\.gradle\caches\8.14\transforms\da4a15fbcbc29fba99562eca51c29027\transformed\appcompat-1.1.0\res\layout\abc_list_menu_item_layout.xml to C:\Users\DENNISMUTUKU\.gradle\caches\8.14\transforms\5a84ebaf2e42c43d89e9e628520d7d34-bdbbe12d-3965-4227-986b-bcab955bada4\transformed\androidx.appcompat\layout_abc_list_menu_item_layout.xml.flat
[        ] Compiling xml file C:\Users\DENNISMUTUKU\.gradle\caches\8.14\transforms\da4a15fbcbc29fba99562eca51c29027\transformed\appcompat-1.1.0\res\layout\abc_list_menu_item_radio.xml to C:\Users\DENNISMUTUKU\.gradle\caches\8.14\transforms\5a84ebaf2e42c43d89e9e628520d7d34-bdbbe12d-3965-4227-986b-bcab955bada4\transformed\androidx.appcompat\layout_abc_list_menu_item_radio.xml.flat
[        ] Compiling xml file C:\Users\DENNISMUTUKU\.gradle\caches\8.14\transforms\da4a15fbcbc29fba99562eca51c29027\transformed\appcompat-1.1.0\res\layout\abc_popup_menu_header_item_layout.xml to C:\Users\DENNISMUTUKU\.gradle\caches\8.14\transforms\5a84ebaf2e42c43d89e9e628520d7d34-bdbbe12d-3965-4227-986b-bcab955bada4\transformed\androidx.appcompat\layout_abc_popup_menu_header_item_layout.xml.flat
[        ] Compiling xml file C:\Users\DENNISMUTUKU\.gradle\caches\8.14\transforms\da4a15fbcbc29fba99562eca51c29027\transformed\appcompat-1.1.0\res\layout\abc_popup_menu_item_layout.xml to C:\Users\DENNISMUTUKU\.gradle\caches\8.14\transforms\5a84ebaf2e42c43d89e9e628520d7d34-bdbbe12d-3965-4227-986b-bcab955bada4\transformed\androidx.appcompat\layout_abc_popup_menu_item_layout.xml.flat
[        ] Compiling xml file C:\Users\DENNISMUTUKU\.gradle\caches\8.14\transforms\da4a15fbcbc29fba99562eca51c29027\transformed\appcompat-1.1.0\res\layout\abc_screen_content_include.xml to C:\Users\DENNISMUTUKU\.gradle\caches\8.14\transforms\5a84ebaf2e42c43d89e9e628520d7d34-bdbbe12d-3965-4227-986b-bcab955bada4\transformed\androidx.appcompat\layout_abc_screen_content_include.xml.flat
[        ] Compiling xml file C:\Users\DENNISMUTUKU\.gradle\caches\8.14\transforms\da4a15fbcbc29fba99562eca51c29027\transformed\appcompat-1.1.0\res\layout\abc_screen_simple.xml to C:\Users\DENNISMUTUKU\.gradle\caches\8.14\transforms\5a84ebaf2e42c43d89e9e628520d7d34-bdbbe12d-3965-4227-986b-bcab955bada4\transformed\androidx.appcompat\layout_abc_screen_simple.xml.flat
[        ] Compiling xml file C:\Users\DENNISMUTUKU\.gradle\caches\8.14\transforms\da4a15fbcbc29fba99562eca51c29027\transformed\appcompat-1.1.0\res\layout\abc_screen_simple_overlay_action_mode.xml to C:\Users\DENNISMUTUKU\.gradle\caches\8.14\transforms\5a84ebaf2e42c43d89e9e628520d7d34-bdbbe12d-3965-4227-986b-bcab955bada4\transformed\androidx.appcompat\layout_abc_screen_simple_overlay_action_mode.xml.flat
[        ] Compiling xml file C:\Users\DENNISMUTUKU\.gradle\caches\8.14\transforms\da4a15fbcbc29fba99562eca51c29027\transformed\appcompat-1.1.0\res\layout\abc_screen_toolbar.xml to C:\Users\DENNISMUTUKU\.gradle\caches\8.14\transforms\5a84ebaf2e42c43d89e9e628520d7d34-bdbbe12d-3965-4227-986b-bcab955bada4\transformed\androidx.appcompat\layout_abc_screen_toolbar.xml.flat
[        ] Compiling xml file C:\Users\DENNISMUTUKU\.gradle\caches\8.14\transforms\da4a15fbcbc29fba99562eca51c29027\transformed\appcompat-1.1.0\res\layout\abc_search_dropdown_item_icons_2line.xml to C:\Users\DENNISMUTUKU\.gradle\caches\8.14\transforms\5a84ebaf2e42c43d89e9e628520d7d34-bdbbe12d-3965-4227-986b-bcab955bada4\transformed\androidx.appcompat\layout_abc_search_dropdown_item_icons_2line.xml.flat
[        ] Compiling xml file C:\Users\DENNISMUTUKU\.gradle\caches\8.14\transforms\da4a15fbcbc29fba99562eca51c29027\transformed\appcompat-1.1.0\res\layout\abc_search_view.xml to C:\Users\DENNISMUTUKU\.gradle\caches\8.14\transforms\5a84ebaf2e42c43d89e9e628520d7d34-bdbbe12d-3965-4227-986b-bcab955bada4\transformed\androidx.appcompat\layout_abc_search_view.xml.flat
[        ] Compiling xml file C:\Users\DENNISMUTUKU\.gradle\caches\8.14\transforms\da4a15fbcbc29fba99562eca51c29027\transformed\appcompat-1.1.0\res\layout\abc_select_dialog_material.xml to C:\Users\DENNISMUTUKU\.gradle\caches\8.14\transforms\5a84ebaf2e42c43d89e9e628520d7d34-bdbbe12d-3965-4227-986b-bcab955bada4\transformed\androidx.appcompat\layout_abc_select_dialog_material.xml.flat
[        ] Compiling xml file C:\Users\DENNISMUTUKU\.gradle\caches\8.14\transforms\da4a15fbcbc29fba99562eca51c29027\transformed\appcompat-1.1.0\res\layout\abc_tooltip.xml to C:\Users\DENNISMUTUKU\.gradle\caches\8.14\transforms\5a84ebaf2e42c43d89e9e628520d7d34-bdbbe12d-3965-4227-986b-bcab955bada4\transformed\androidx.appcompat\layout_abc_tooltip.xml.flat
[        ] Compiling xml file C:\Users\DENNISMUTUKU\.gradle\caches\8.14\transforms\da4a15fbcbc29fba99562eca51c29027\transformed\appcompat-1.1.0\res\layout\select_dialog_item_material.xml to C:\Users\DENNISMUTUKU\.gradle\caches\8.14\transforms\5a84ebaf2e42c43d89e9e628520d7d34-bdbbe12d-3965-4227-986b-bcab955bada4\transformed\androidx.appcompat\layout_select_dialog_item_material.xml.flat
[        ] Compiling xml file C:\Users\DENNISMUTUKU\.gradle\caches\8.14\transforms\da4a15fbcbc29fba99562eca51c29027\transformed\appcompat-1.1.0\res\layout\select_dialog_multichoice_material.xml to C:\Users\DENNISMUTUKU\.gradle\caches\8.14\transforms\5a84ebaf2e42c43d89e9e628520d7d34-bdbbe12d-3965-4227-986b-bcab955bada4\transformed\androidx.appcompat\layout_select_dialog_multichoice_material.xml.flat
[        ] Compiling xml file C:\Users\DENNISMUTUKU\.gradle\caches\8.14\transforms\da4a15fbcbc29fba99562eca51c29027\transformed\appcompat-1.1.0\res\layout\select_dialog_singlechoice_material.xml to C:\Users\DENNISMUTUKU\.gradle\caches\8.14\transforms\5a84ebaf2e42c43d89e9e628520d7d34-bdbbe12d-3965-4227-986b-bcab955bada4\transformed\androidx.appcompat\layout_select_dialog_singlechoice_material.xml.flat
[        ] Compiling xml file C:\Users\DENNISMUTUKU\.gradle\caches\8.14\transforms\da4a15fbcbc29fba99562eca51c29027\transformed\appcompat-1.1.0\res\layout\support_simple_spinner_dropdown_item.xml to C:\Users\DENNISMUTUKU\.gradle\caches\8.14\transforms\5a84ebaf2e42c43d89e9e628520d7d34-bdbbe12d-3965-4227-986b-bcab955bada4\transformed\androidx.appcompat\layout_support_simple_spinner_dropdown_item.xml.flat
[        ] Compiling xml file C:\Users\DENNISMUTUKU\.gradle\caches\8.14\transforms\da4a15fbcbc29fba99562eca51c29027\transformed\appcompat-1.1.0\res\layout-v26\abc_screen_toolbar.xml to C:\Users\DENNISMUTUKU\.gradle\caches\8.14\transforms\5a84ebaf2e42c43d89e9e628520d7d34-bdbbe12d-3965-4227-986b-bcab955bada4\transformed\androidx.appcompat\layout-v26_abc_screen_toolbar.xml.flat
[        ] Compiling xml file C:\Users\DENNISMUTUKU\.gradle\caches\8.14\transforms\da4a15fbcbc29fba99562eca51c29027\transformed\appcompat-1.1.0\res\layout-watch-v20\abc_alert_dialog_button_bar_material.xml to C:\Users\DENNISMUTUKU\.gradle\caches\8.14\transforms\5a84ebaf2e42c43d89e9e628520d7d34-bdbbe12d-3965-4227-986b-bcab955bada4\transformed\androidx.appcompat\layout-watch-v20_abc_alert_dialog_button_bar_material.xml.flat
[  +72 ms] Compiling xml file C:\Users\DENNISMUTUKU\.gradle\caches\8.14\transforms\da4a15fbcbc29fba99562eca51c29027\transformed\appcompat-1.1.0\res\layout-watch-v20\abc_alert_dialog_title_material.xml to C:\Users\DENNISMUTUKU\.gradle\caches\8.14\transforms\5a84ebaf2e42c43d89e9e628520d7d34-bdbbe12d-3965-4227-986b-bcab955bada4\transformed\androidx.appcompat\layout-watch-v20_abc_alert_dialog_title_material.xml.flat
[ +350 ms] Caching disabled for LibrarySymbolTableTransform: C:\Users\DENNISMUTUKU\.gradle\caches\8.14\transforms\20f0791ef06de9a52b6d96cbab664067\transformed\preference-1.2.1 because:
[        ]   Build cache is disabled
[        ]   Caching not enabled.
[        ] Caching disabled for LibrarySymbolTableTransform: C:\Users\DENNISMUTUKU\.gradle\caches\8.14\transforms\e1f8ccb572a82359af91314c017bd1f9\transformed\fragment-ktx-1.7.1 because:
[        ]   Build cache is disabled
[  +39 ms]   Caching not enabled.
[        ] Caching disabled for LibrarySymbolTableTransform: C:\Users\DENNISMUTUKU\.gradle\caches\8.14\transforms\da4a15fbcbc29fba99562eca51c29027\transformed\appcompat-1.1.0 because:
[        ]   Build cache is disabled
[  +23 ms]   Caching not enabled.
[        ] Caching disabled for LibrarySymbolTableTransform: C:\Users\DENNISMUTUKU\.gradle\caches\8.14\transforms\5fb50349239706e8a6594e22cd560397\transformed\fragment-1.7.1 because:
[        ]   Build cache is disabled
[        ]   Caching not enabled.
[        ] Caching disabled for LibrarySymbolTableTransform: C:\Users\DENNISMUTUKU\.gradle\caches\8.14\transforms\cee4f699ee102cd72037861d3fcdeceb\transformed\recyclerview-1.0.0 because:
[        ]   Build cache is disabled
[        ]   Caching not enabled.
[        ] Caching disabled for LibrarySymbolTableTransform: C:\Users\DENNISMUTUKU\.gradle\caches\8.14\transforms\667d45e2fbce9f096055a52553f53740\transformed\legacy-support-core-ui-1.0.0 because:
[        ]   Build cache is disabled
[        ]   Caching not enabled.
[        ] Caching disabled for LibrarySymbolTableTransform: C:\Users\DENNISMUTUKU\.gradle\caches\8.14\transforms\631c1f23d2ad502a14bcd486bb3a0369\transformed\slidingpanelayout-1.2.0 because:
[        ]   Build cache is disabled
[        ]   Caching not enabled.
[        ] Caching disabled for LibrarySymbolTableTransform: C:\Users\DENNISMUTUKU\.gradle\caches\8.14\transforms\7217e782825a2d4d49e286a23835439b\transformed\window-1.2.0 because:
[        ]   Build cache is disabled
[        ]   Caching not enabled.
[        ] Caching disabled for LibrarySymbolTableTransform: C:\Users\DENNISMUTUKU\.gradle\caches\8.14\transforms\684fec45a4a4620be950d54dccaf82cd\transformed\window-java-1.2.0 because:
[        ]   Build cache is disabled
[   +1 ms]   Caching not enabled.
[        ] Caching disabled for LibrarySymbolTableTransform: C:\Users\DENNISMUTUKU\.gradle\caches\8.14\transforms\34a2e94553db54bf67e7425810171014\transformed\activity-ktx-1.8.1 because:
[        ]   Build cache is disabled
[        ]   Caching not enabled.
[   +7 ms] Caching disabled for LibrarySymbolTableTransform: C:\Users\DENNISMUTUKU\.gradle\caches\8.14\transforms\1e42bd289ddf0f442a3fc01efb84d3ba\transformed\activity-1.8.1 because:
[        ]   Build cache is disabled
[  +24 ms]   Caching not enabled.
[   +4 ms] Caching disabled for LibrarySymbolTableTransform: C:\Users\DENNISMUTUKU\.gradle\caches\8.14\transforms\ea130cff24ffba33708d14df29a80af5\transformed\legacy-support-core-utils-1.0.0 because:
[        ]   Build cache is disabled
[        ]   Caching not enabled.
[  +71 ms] Caching disabled for LibrarySymbolTableTransform: C:\Users\DENNISMUTUKU\.gradle\caches\8.14\transforms\0b8c65722c66640cf120e60317d42362\transformed\loader-1.0.0 because:
[        ]   Build cache is disabled
[        ]   Caching not enabled.
[        ] Caching disabled for LibrarySymbolTableTransform: C:\Users\DENNISMUTUKU\.gradle\caches\8.14\transforms\7be6cf4f52d84b0f524b317232df5d4c\transformed\viewpager-1.0.0 because:
[  +14 ms]   Build cache is disabled
[        ]   Caching not enabled.
[        ] Caching disabled for LibrarySymbolTableTransform: C:\Users\DENNISMUTUKU\.gradle\caches\8.14\transforms\b9ef6a065b155aa9a3e13b9994ab4cbb\transformed\lifecycle-runtime-ktx-2.7.0 because:
[        ]   Build cache is disabled
[        ]   Caching not enabled.
[        ] Caching disabled for LibrarySymbolTableTransform: C:\Users\DENNISMUTUKU\.gradle\caches\8.14\transforms\ee9028989d5df242a30968eb14819a13\transformed\lifecycle-livedata-2.7.0 because:
[        ]   Build cache is disabled
[        ]   Caching not enabled.
[ +107 ms] Caching disabled for LibrarySymbolTableTransform: C:\Users\DENNISMUTUKU\.gradle\caches\8.14\transforms\95ee91d8a897d16eed1ef302f2de9371\transformed\lifecycle-livedata-core-ktx-2.7.0 because:
[        ]   Build cache is disabled
[        ]   Caching not enabled.
[        ] Caching disabled for LibrarySymbolTableTransform: C:\Users\DENNISMUTUKU\.gradle\caches\8.14\transforms\a5f0b265a897e69ca915ae7fa6ef7d22\transformed\lifecycle-viewmodel-ktx-2.7.0 because:
[        ]   Build cache is disabled
[        ]   Caching not enabled.
[   +3 ms] Caching disabled for LibrarySymbolTableTransform: C:\Users\DENNISMUTUKU\.gradle\caches\8.14\transforms\608dfc9e2582f51b81c1485fd62d55da\transformed\lifecycle-viewmodel-2.7.0 because:
[        ]   Build cache is disabled
[   +1 ms]   Caching not enabled.
[        ] Caching disabled for LibrarySymbolTableTransform: C:\Users\DENNISMUTUKU\.gradle\caches\8.14\transforms\134d38681951a9cb59e105fa43ce6ab5\transformed\lifecycle-livedata-core-2.7.0 because:
[        ]   Build cache is disabled
[        ]   Caching not enabled.
[  +47 ms] Caching disabled for LibrarySymbolTableTransform: C:\Users\DENNISMUTUKU\.gradle\caches\8.14\transforms\57a4845aed7b5ba78f501c04d4c94c43\transformed\lifecycle-viewmodel-savedstate-2.7.0 because:
[        ]   Build cache is disabled
[        ]   Caching not enabled.
[        ] Caching disabled for LibrarySymbolTableTransform: C:\Users\DENNISMUTUKU\.gradle\caches\8.14\transforms\bd7e8451c9c7af9c0727ed7672bd833e\transformed\core-ktx-1.13.1 because:
[        ]   Build cache is disabled
[        ]   Caching not enabled.
[  +96 ms] Caching disabled for LibrarySymbolTableTransform: C:\Users\DENNISMUTUKU\.gradle\caches\8.14\transforms\c36d51e17c94fd6d2ee8508febe52585\transformed\appcompat-resources-1.1.0 because:
[        ]   Build cache is disabled
[        ]   Caching not enabled.
[        ] Caching disabled for LibrarySymbolTableTransform: C:\Users\DENNISMUTUKU\.gradle\caches\8.14\transforms\f0599c5c471bb535981725fdd49cabbb\transformed\drawerlayout-1.0.0 because:
[        ]   Build cache is disabled
[        ]   Caching not enabled.
[        ] Caching disabled for LibrarySymbolTableTransform: C:\Users\DENNISMUTUKU\.gradle\caches\8.14\transforms\38c13d54853ea3ced35ec2d6229fd2e6\transformed\customview-1.1.0 because:
[        ]   Build cache is disabled
[        ]   Caching not enabled.
[        ] Caching disabled for LibrarySymbolTableTransform: C:\Users\DENNISMUTUKU\.gradle\caches\8.14\transforms\c044afd1082a0a46d8e1ae45510004de\transformed\coordinatorlayout-1.0.0 because:
[        ]   Build cache is disabled
[        ]   Caching not enabled.
[  +97 ms] Caching disabled for LibrarySymbolTableTransform: C:\Users\DENNISMUTUKU\.gradle\caches\8.14\transforms\33f4e0def5774c20cc99f97715e6a8a3\transformed\transition-1.4.1 because:
[        ]   Build cache is disabled
[        ]   Caching not enabled.
[        ] Caching disabled for LibrarySymbolTableTransform: C:\Users\DENNISMUTUKU\.gradle\caches\8.14\transforms\fd9c0c018ac1b6d813c3385bd4b2b2d3\transformed\vectordrawable-animated-1.1.0 because:
[        ]   Build cache is disabled
[        ]   Caching not enabled.
[        ] Caching disabled for LibrarySymbolTableTransform: C:\Users\DENNISMUTUKU\.gradle\caches\8.14\transforms\1dd861f3eb721f8a05e16b90d98c57e1\transformed\vectordrawable-1.1.0 because:
[        ]   Build cache is disabled
[        ]   Caching not enabled.
[        ] Caching disabled for LibrarySymbolTableTransform: C:\Users\DENNISMUTUKU\.gradle\caches\8.14\transforms\30e9bb160a15691def72cffe8d83518e\transformed\swiperefreshlayout-1.0.0 because:
[        ]   Build cache is disabled
[        ]   Caching not enabled.
[        ] Caching disabled for LibrarySymbolTableTransform: C:\Users\DENNISMUTUKU\.gradle\caches\8.14\transforms\303d75da538f5bc55f11884bb8fd86cd\transformed\asynclayoutinflater-1.0.0 because:
[        ]   Build cache is disabled
[        ]   Caching not enabled.
[        ] Caching disabled for LibrarySymbolTableTransform: C:\Users\DENNISMUTUKU\.gradle\caches\8.14\transforms\8cb437de8fdac72e2de918f9ee215ca3\transformed\core-1.13.1 because:
[        ]   Build cache is disabled
[        ]   Caching not enabled.
[  +90 ms] Caching disabled for LibrarySymbolTableTransform: C:\Users\DENNISMUTUKU\.gradle\caches\8.14\transforms\81bfdcaf88a095985faf642cd08a6310\transformed\lifecycle-runtime-2.7.0 because:
[        ]   Build cache is disabled
[        ]   Caching not enabled.
[   +2 ms] Caching disabled for LibrarySymbolTableTransform: C:\Users\DENNISMUTUKU\.gradle\caches\8.14\transforms\70c7f9c93d870d55aa75fb2befc1cc77\transformed\lifecycle-process-2.7.0 because:
[        ]   Build cache is disabled
[        ]   Caching not enabled.
[        ] Caching disabled for LibrarySymbolTableTransform: C:\Users\DENNISMUTUKU\.gradle\caches\8.14\transforms\a3c4bf2e80a7e6a2d3bfce7149bfaf69\transformed\savedstate-1.2.1 because:
[        ]   Build cache is disabled
[        ]   Caching not enabled.
[        ] Caching disabled for LibrarySymbolTableTransform: C:\Users\DENNISMUTUKU\.gradle\caches\8.14\transforms\d148ff515f5aca379a93f0738fb87fa8\transformed\savedstate-ktx-1.2.1 because:
[        ]   Build cache is disabled
[        ]   Caching not enabled.
[        ] Caching disabled for LibrarySymbolTableTransform: C:\Users\DENNISMUTUKU\.gradle\caches\8.14\transforms\df5ed31f6e2668fd0cb1284d2affc9c1\transformed\profileinstaller-1.3.1 because:
[        ]   Build cache is disabled
[        ]   Caching not enabled.
[        ] Caching disabled for LibrarySymbolTableTransform: C:\Users\DENNISMUTUKU\.gradle\caches\8.14\transforms\fac3bdbb065ba11aedd38e2ea2c0656c\transformed\startup-runtime-1.1.1 because:
[        ]   Build cache is disabled
[  +14 ms]   Caching not enabled.
[  +69 ms] Caching disabled for LibrarySymbolTableTransform: C:\Users\DENNISMUTUKU\.gradle\caches\8.14\transforms\f33585d6fc1e1b2a34e4c1d736d386ca\transformed\tracing-1.2.0 because:
[        ]   Build cache is disabled
[        ]   Caching not enabled.
[        ] Caching disabled for LibrarySymbolTableTransform: C:\Users\DENNISMUTUKU\.gradle\caches\8.14\transforms\f2b86e9c7312714eacb7763e5167c631\transformed\datastore-preferences-core-release because:
[        ]   Build cache is disabled
[        ]   Caching not enabled.
[        ] Caching disabled for LibrarySymbolTableTransform: C:\Users\DENNISMUTUKU\.gradle\caches\8.14\transforms\93c157b8fbb8b008a5b83470724eb4bd\transformed\datastore-core-release because:
[        ]   Build cache is disabled
[        ]   Caching not enabled.
[   +4 ms] Caching disabled for LibrarySymbolTableTransform: C:\Users\DENNISMUTUKU\.gradle\caches\8.14\transforms\62414a17cf0131c39753dba4695aafb1\transformed\datastore-preferences-release because:
[        ]   Build cache is disabled
[        ]   Caching not enabled.
[ +110 ms] Caching disabled for LibrarySymbolTableTransform: C:\Users\DENNISMUTUKU\.gradle\caches\8.14\transforms\95cdd7ca87255f13e4af9ad26a5e03dc\transformed\core-runtime-2.2.0 because:
[        ]   Build cache is disabled
[        ]   Caching not enabled.
[   +6 ms] Caching disabled for LibrarySymbolTableTransform: C:\Users\DENNISMUTUKU\.gradle\caches\8.14\transforms\75c850d93edffb1f0e79a2b1090091ce\transformed\versionedparcelable-1.1.1 because:
[        ]   Build cache is disabled
[        ]   Caching not enabled.
[        ] Caching disabled for LibrarySymbolTableTransform: C:\Users\DENNISMUTUKU\.gradle\caches\8.14\transforms\43d340321be1a72ca103b8ccb695b392\transformed\datastore-release because:
[  +23 ms]   Build cache is disabled
[        ]   Caching not enabled.
[        ] Caching disabled for LibrarySymbolTableTransform: C:\Users\DENNISMUTUKU\.gradle\caches\8.14\transforms\875ffbd89ac9c7dfd0a91922397ce327\transformed\interpolator-1.0.0 because:
[        ]   Build cache is disabled
[        ]   Caching not enabled.
[  +14 ms] Caching disabled for LibrarySymbolTableTransform: C:\Users\DENNISMUTUKU\.gradle\caches\8.14\transforms\8b553870adc7ac07c61aa64705ec7f72\transformed\core-1.0.0 because:
[        ]   Build cache is disabled
[        ]   Caching not enabled.
[        ] Caching disabled for LibrarySymbolTableTransform: C:\Users\DENNISMUTUKU\.gradle\caches\8.14\transforms\2d0327b62ea36166e38eb124b816e651\transformed\cursoradapter-1.0.0 because:
[        ]   Build cache is disabled
[        ]   Caching not enabled.
[   +2 ms] Caching disabled for LibrarySymbolTableTransform: C:\Users\DENNISMUTUKU\.gradle\caches\8.14\transforms\45aa20a8e5e8142607c49e5c21c65b2d\transformed\documentfile-1.0.0 because:
[        ]   Build cache is disabled
[        ]   Caching not enabled.
[  +45 ms] Caching disabled for LibrarySymbolTableTransform: C:\Users\DENNISMUTUKU\.gradle\caches\8.14\transforms\dbb8a6ef0d993a462b1eec6f87fba62f\transformed\print-1.0.0 because:
[        ]   Build cache is disabled
[        ]   Caching not enabled.
[        ] Caching disabled for LibrarySymbolTableTransform: C:\Users\DENNISMUTUKU\.gradle\caches\8.14\transforms\9ea5fb294ae16807016deb98f1fb4e50\transformed\localbroadcastmanager-1.0.0 because:
[        ]   Build cache is disabled
[        ]   Caching not enabled.
[        ] Caching disabled for LibrarySymbolTableTransform: C:\Users\DENNISMUTUKU\.gradle\caches\8.14\transforms\44f201f6ae2e842e99898292414fc732\transformed\annotation-experimental-1.4.0 because:
[        ]   Build cache is disabled
[        ]   Caching not enabled.
[   +7 ms] Caching disabled for LibrarySymbolTableTransform: C:\Users\DENNISMUTUKU\.gradle\caches\8.14\transforms\15a558128bbbec921e6710294f0a125f\transformed\relinker-1.4.5 because:
[        ]   Build cache is disabled
[        ]   Caching not enabled.
[  +94 ms] Caching disabled for task ':app:processDebugResources' because:
[        ]   Build cache is disabled
[        ] Task ':app:processDebugResources' is not up-to-date because:
[        ]   No history is available.
[        ] The input changes require a full rebuild for incremental task ':app:processDebugResources'.
[ +100 ms] Resolve mutations for :path_provider_android:bundleLibCompileToJarDebug (Thread[#129,included builds,5,main]) started.
[        ] :path_provider_android:bundleLibCompileToJarDebug (Thread[#129,included builds,5,main]) started.
[        ] Resolve mutations for :shared_preferences_android:compileDebugKotlin (Thread[#132,Execution worker Thread 3,5,main]) started.
[        ] :shared_preferences_android:compileDebugKotlin (Thread[#132,Execution worker Thread 3,5,main]) started.
[  +88 ms] > Task :path_provider_android:bundleLibCompileToJarDebug
[        ] Caching disabled for task ':path_provider_android:bundleLibCompileToJarDebug' because:
[        ]   Build cache is disabled
[        ]   Simple merging task
[        ] Task ':path_provider_android:bundleLibCompileToJarDebug' is not up-to-date because:
[        ]   No history is available.
[+1901 ms] > Task :shared_preferences_android:compileDebugKotlin
[        ] Downloading https://dl.google.com/dl/android/maven2/androidx/annotation/annotation/1.8.0/annotation-1.8.0.pom to C:\Users\DENNISMUTUKU\.gradle\.tmp\gradle_download15797540451038508150bin
[ +291 ms] > Task :app:processDebugResources
[        ] Aapt output file C:\xampp\htdocs\pace.com\wispapp\build\app\intermediates\linked_resources_binary_format\debug\processDebugResources\linked-resources-binary-format-debug.ap_
[+1711 ms] > Task :shared_preferences_android:compileDebugKotlin
[        ] Downloading https://dl.google.com/dl/android/maven2/androidx/annotation/annotation/1.8.0/annotation-1.8.0.module to C:\Users\DENNISMUTUKU\.gradle\.tmp\gradle_download7178842623841922564bin
[        ] Downloading https://dl.google.com/dl/android/maven2/androidx/annotation/annotation-jvm/1.8.0/annotation-jvm-1.8.0.pom to C:\Users\DENNISMUTUKU\.gradle\.tmp\gradle_download1330815619543593099bin
[+1350 ms] Downloading https://dl.google.com/dl/android/maven2/androidx/annotation/annotation-jvm/1.8.0/annotation-jvm-1.8.0.module to C:\Users\DENNISMUTUKU\.gradle\.tmp\gradle_download11706237617059747034bin
[   +1 ms] work action resolve classes.jar (project :path_provider_android) (Thread[#129,included builds,5,main]) started.
[+1846 ms] > Task :shared_preferences_android:compileDebugKotlin
[        ] Caching disabled for AarToClassTransform: C:\Users\DENNISMUTUKU\.gradle\caches\modules-2\files-2.1\androidx.preference\preference\1.2.1\f85542e0d2335b3cd4910ab29a942ebaeb0d5b39\preference-1.2.1.aar because:
[        ]   Build cache is disabled
[        ]   Caching not enabled.
[        ] Caching disabled for AarToClassTransform: C:\Users\DENNISMUTUKU\.gradle\caches\modules-2\files-2.1\androidx.appcompat\appcompat\1.1.0\351d3409fe51f3d862bd2b1bcc0f3b6ded29460e\appcompat-1.1.0.aar because:
[        ]   Build cache is disabled
[        ]   Caching not enabled.
[        ] Caching disabled for AarToClassTransform: C:\Users\DENNISMUTUKU\.gradle\caches\modules-2\files-2.1\androidx.fragment\fragment-ktx\1.7.1\8d2b3390a01789b8212f5126a78560746baf46bb\fragment-ktx-1.7.1.aar because:
[        ]   Build cache is disabled
[        ]   Caching not enabled.
[        ] Caching disabled for AarToClassTransform: C:\Users\DENNISMUTUKU\.gradle\caches\modules-2\files-2.1\androidx.recyclerview\recyclerview\1.0.0\ee3a2ad35bcfa91ab9eeebe991b0893ab40009cf\recyclerview-1.0.0.aar because:
[        ]   Build cache is disabled
[        ]   Caching not enabled.
[        ] Caching disabled for AarToClassTransform: C:\Users\DENNISMUTUKU\.gradle\caches\modules-2\files-2.1\androidx.activity\activity-ktx\1.8.1\2367fda01826526e5948ebb9fd5faae9213ac7bc\activity-ktx-1.8.1.aar because:
[        ]   Build cache is disabled
[        ]   Caching not enabled.
[        ] Caching disabled for AarToClassTransform: C:\Users\DENNISMUTUKU\.gradle\caches\modules-2\files-2.1\androidx.legacy\legacy-support-core-ui\1.0.0\61a264f996046e059f889914050fae1e75d3b702\legacy-support-core-ui-1.0.0.aar because:
[        ]   Build cache is disabled
[        ]   Caching not enabled.
[        ] Caching disabled for AarToClassTransform: C:\Users\DENNISMUTUKU\.gradle\caches\modules-2\files-2.1\androidx.legacy\legacy-support-core-utils\1.0.0\9b9570042115da8629519090dfeb71df75da59fc\legacy-support-core-utils-1.0.0.aar because:
[        ]   Build cache is disabled
[        ]   Caching not enabled.
[        ] Caching disabled for AarToClassTransform: C:\Users\DENNISMUTUKU\.gradle\caches\modules-2\files-2.1\androidx.lifecycle\lifecycle-viewmodel-ktx\2.7.0\421575b66dd75fa2a1bd425f9ab335461dd10721\lifecycle-viewmodel-ktx-2.7.0.aar because:
[        ]   Build cache is disabled
[        ]   Caching not enabled.
[        ] Caching disabled for AarToClassTransform: C:\Users\DENNISMUTUKU\.gradle\caches\modules-2\files-2.1\androidx.lifecycle\lifecycle-runtime-ktx\2.7.0\99b5608d5971ae4cb95dea85cd0a2bdb1519b89d\lifecycle-runtime-ktx-2.7.0.aar because:
[        ]   Build cache is disabled
[        ]   Caching not enabled.
[        ] Caching disabled for AarToClassTransform: C:\Users\DENNISMUTUKU\.gradle\caches\modules-2\files-2.1\androidx.appcompat\appcompat-resources\1.1.0\a573b2ab146d686244721ef1038d08043f18c67f\appcompat-resources-1.1.0.aar because:
[        ]   Build cache is disabled
[        ]   Caching not enabled.
[        ] Caching disabled for AarToClassTransform: C:\Users\DENNISMUTUKU\.gradle\caches\modules-2\files-2.1\androidx.drawerlayout\drawerlayout\1.0.0\dd02c7e207136e1272b33815cc61e57676ed13a2\drawerlayout-1.0.0.aar because:
[        ]   Build cache is disabled
[        ]   Caching not enabled.
[        ] Caching disabled for AarToClassTransform: C:\Users\DENNISMUTUKU\.gradle\caches\modules-2\files-2.1\androidx.slidingpanelayout\slidingpanelayout\1.2.0\5374897c7fd146ecadae4eeb96fb66c7795db0a7\slidingpanelayout-1.2.0.aar because:
[        ]   Build cache is disabled
[        ]   Caching not enabled.
[        ] Caching disabled for AarToClassTransform: C:\Users\DENNISMUTUKU\.gradle\caches\modules-2\files-2.1\androidx.coordinatorlayout\coordinatorlayout\1.0.0\7664385a7e39112b780baf8819ee880dcd3c4094\coordinatorlayout-1.0.0.aar because:
[        ]   Build cache is disabled
[        ]   Caching not enabled.
[        ] Caching disabled for AarToClassTransform: C:\Users\DENNISMUTUKU\.gradle\caches\modules-2\files-2.1\androidx.customview\customview\1.1.0\a030aaf64c5419a89f7d91a33755c4629a43471\customview-1.1.0.aar because:
[        ]   Build cache is disabled
[        ]   Caching not enabled.
[        ] Caching disabled for AarToClassTransform: C:\Users\DENNISMUTUKU\.gradle\caches\modules-2\files-2.1\androidx.swiperefreshlayout\swiperefreshlayout\1.0.0\4fd265b80a2b0fbeb062ab2bc4b1487521507762\swiperefreshlayout-1.0.0.aar because:
[        ]   Build cache is disabled
[        ]   Caching not enabled.
[   +1 ms] Caching disabled for AarToClassTransform: C:\Users\DENNISMUTUKU\.gradle\caches\modules-2\files-2.1\androidx.vectordrawable\vectordrawable\1.1.0\eac7a364fff534035a2a6cb17770a1288315f69f\vectordrawable-1.1.0.aar because:
[        ]   Build cache is disabled
[        ]   Caching not enabled.
[        ] Caching disabled for AarToClassTransform: C:\Users\DENNISMUTUKU\.gradle\caches\modules-2\files-2.1\androidx.vectordrawable\vectordrawable-animated\1.1.0\fcda1161354501471c30a4e077af6b5c4d4eddc6\vectordrawable-animated-1.1.0.aar because:
[        ]   Build cache is disabled
[        ]   Caching not enabled.
[        ] Caching disabled for AarToClassTransform: C:\Users\DENNISMUTUKU\.gradle\caches\modules-2\files-2.1\androidx.asynclayoutinflater\asynclayoutinflater\1.0.0\5ffa788d19a6863799f25cb50d4fdfb0ec649037\asynclayoutinflater-1.0.0.aar because:
[        ]   Build cache is disabled
[        ]   Caching not enabled.
[        ] Caching disabled for AarToClassTransform: C:\Users\DENNISMUTUKU\.gradle\caches\modules-2\files-2.1\androidx.datastore\datastore-preferences-core-android\1.1.7\cf1746c62f09840ecc48ce52d7d946464eb790af\datastore-preferences-core-release.aar because:
[        ]   Build cache is disabled
[        ]   Caching not enabled.
[        ] Caching disabled for AarToClassTransform: C:\Users\DENNISMUTUKU\.gradle\caches\modules-2\files-2.1\androidx.datastore\datastore-core-android\1.1.7\a9f2c979b8890eece47fadf583fe9647107c624a\datastore-core-release.aar because:
[        ]   Build cache is disabled
[        ]   Caching not enabled.
[        ] Caching disabled for AarToClassTransform: C:\Users\DENNISMUTUKU\.gradle\caches\modules-2\files-2.1\androidx.datastore\datastore-preferences-android\1.1.7\d6e8fe9a0acdc43bac566188694c9f5fdb72bca1\datastore-preferences-release.aar because:
[        ]   Build cache is disabled
[        ]   Caching not enabled.
[        ] Caching disabled for AarToClassTransform: C:\Users\DENNISMUTUKU\.gradle\caches\modules-2\files-2.1\androidx.datastore\datastore-android\1.1.7\4c12c47f19bc951e572ddd78fd7917630bae27f9\datastore-release.aar because:
[        ]   Build cache is disabled
[        ]   Caching not enabled.
[        ] Caching disabled for AarToClassTransform: C:\Users\DENNISMUTUKU\.gradle\caches\modules-2\files-2.1\androidx.savedstate\savedstate-ktx\1.2.1\b86d338d91b1c26193a42b1d87be9bb02123fa16\savedstate-ktx-1.2.1.aar because:
[        ]   Build cache is disabled
[        ]   Caching not enabled.
[        ] Caching disabled for AarToClassTransform: C:\Users\DENNISMUTUKU\.gradle\caches\modules-2\files-2.1\androidx.cursoradapter\cursoradapter\1.0.0\74014983a86b83cbce534dec4e7aa9312f5f5d82\cursoradapter-1.0.0.aar because:
[        ]   Build cache is disabled
[        ]   Caching not enabled.
[        ] Caching disabled for AarToClassTransform: C:\Users\DENNISMUTUKU\.gradle\caches\modules-2\files-2.1\androidx.interpolator\interpolator\1.0.0\8a01fa254a23b9388571eb6334b03707c7d122d7\interpolator-1.0.0.aar because:
[        ]   Build cache is disabled
[        ]   Caching not enabled.
[        ] Caching disabled for AarToClassTransform: C:\Users\DENNISMUTUKU\.gradle\caches\modules-2\files-2.1\androidx.documentfile\documentfile\1.0.0\66104345c90cd8c2fd5ad2d3aad692b280e10c32\documentfile-1.0.0.aar because:
[        ]   Build cache is disabled
[        ]   Caching not enabled.
[        ] Caching disabled for AarToClassTransform: C:\Users\DENNISMUTUKU\.gradle\caches\modules-2\files-2.1\androidx.localbroadcastmanager\localbroadcastmanager\1.0.0\2734f31c8321e83ce6b60570d14777fc33cc2ece\localbroadcastmanager-1.0.0.aar because:
[        ]   Build cache is disabled
[        ]   Caching not enabled.
[        ] Caching disabled for AarToClassTransform: C:\Users\DENNISMUTUKU\.gradle\caches\modules-2\files-2.1\androidx.print\print\1.0.0\7722094652c48ebe27acc94d74a55e759e4635ff\print-1.0.0.aar because:
[        ]   Build cache is disabled
[        ]   Caching not enabled.
[        ] Downloading https://repo.maven.apache.org/maven2/org/jetbrains/kotlinx/kotlinx-coroutines-android/1.7.3/kotlinx-coroutines-android-1.7.3.jar to C:\Users\DENNISMUTUKU\.gradle\.tmp\gradle_download11128734737224698088bin
[        ] Caching disabled for IdentityTransform: C:\Users\DENNISMUTUKU\.gradle\caches\modules-2\files-2.1\org.jetbrains.kotlinx\kotlinx-coroutines-android\1.7.3\38d9cad3a0b03a10453b56577984bdeb48edeed5\kotlinx-coroutines-android-1.7.3.jar because:
[        ]   Build cache is disabled
[        ]   Caching not enabled.
[        ] Downloading https://repo.maven.apache.org/maven2/org/jetbrains/kotlinx/kotlinx-coroutines-core-jvm/1.7.3/kotlinx-coroutines-core-jvm-1.7.3.jar to C:\Users\DENNISMUTUKU\.gradle\.tmp\gradle_download17564550916602617554bin
[        ] Downloading https://dl.google.com/dl/android/maven2/androidx/collection/collection-ktx/1.1.0/collection-ktx-1.1.0.jar to C:\Users\DENNISMUTUKU\.gradle\.tmp\gradle_download3504325000576609746bin
[        ] Caching disabled for IdentityTransform: C:\Users\DENNISMUTUKU\.gradle\caches\modules-2\files-2.1\androidx.collection\collection-ktx\1.1.0\f807b2f366f7b75142a67d2f3c10031065b5168\collection-ktx-1.1.0.jar because:
[        ]   Build cache is disabled
[        ]   Caching not enabled.
[        ] Downloading https://dl.google.com/dl/android/maven2/androidx/annotation/annotation-jvm/1.8.0/annotation-jvm-1.8.0.jar to C:\Users\DENNISMUTUKU\.gradle\.tmp\gradle_download6194281028998730589bin
[        ] Caching disabled for IdentityTransform: C:\Users\DENNISMUTUKU\.gradle\caches\modules-2\files-2.1\androidx.annotation\annotation-jvm\1.8.0\b8a16fe526014b7941c1debaccaf9c5153692dbb\annotation-jvm-1.8.0.jar because:
[        ]   Build cache is disabled
[        ]   Caching not enabled.
[        ] Downloading https://repo.maven.apache.org/maven2/com/squareup/okio/okio-jvm/3.4.0/okio-jvm-3.4.0.jar to C:\Users\DENNISMUTUKU\.gradle\.tmp\gradle_download12442258565731382765bin
[        ] Downloading https://repo.maven.apache.org/maven2/org/jetbrains/kotlin/kotlin-stdlib/2.2.20/kotlin-stdlib-2.2.20.jar to C:\Users\DENNISMUTUKU\.gradle\.tmp\gradle_download12569891865730668253bin
[        ] Caching disabled for IdentityTransform: C:\Users\DENNISMUTUKU\.gradle\caches\modules-2\files-2.1\org.jetbrains.kotlinx\kotlinx-coroutines-core-jvm\1.7.3\2b09627576f0989a436a00a4a54b55fa5026fb86\kotlinx-coroutines-core-jvm-1.7.3.jar because:
[        ]   Build cache is disabled
[        ]   Caching not enabled.
[ +267 ms] Caching disabled for IdentityTransform: C:\Users\DENNISMUTUKU\.gradle\caches\modules-2\files-2.1\com.squareup.okio\okio-jvm\3.4.0\4e8bd78a52ab935ce383d0092646922154295e54\okio-jvm-3.4.0.jar because:
[        ]   Build cache is disabled
[        ]   Caching not enabled.
[ +105 ms] Caching disabled for IdentityTransform: C:\Users\DENNISMUTUKU\.gradle\caches\modules-2\files-2.1\org.jetbrains.kotlin\kotlin-stdlib\2.2.20\5380b19fa1924399b62ce3a1faffebb2b4f82272\kotlin-stdlib-2.2.20.jar because:
[        ]   Build cache is disabled
[        ]   Caching not enabled.
[ +202 ms] Downloading https://dl.google.com/dl/android/maven2/androidx/datastore/datastore-core-okio-jvm/1.1.7/datastore-core-okio-jvm-1.1.7.jar to C:\Users\DENNISMUTUKU\.gradle\.tmp\gradle_download9212032016328509847bin
[  +93 ms] Caching disabled for IdentityTransform: C:\Users\DENNISMUTUKU\.gradle\caches\modules-2\files-2.1\androidx.datastore\datastore-core-okio-jvm\1.1.7\ce08f132812044a9778547b299fd812e34dbd602\datastore-core-okio-jvm-1.1.7.jar because:
[        ]   Build cache is disabled
[        ]   Caching not enabled.
[ +808 ms] Resource missing. [HTTP GET: https://dl.google.com/dl/android/maven2/org/jetbrains/kotlin/kotlin-build-tools-impl/2.2.20/kotlin-build-tools-impl-2.2.20.pom]
[ +299 ms] Downloading https://repo.maven.apache.org/maven2/org/jetbrains/kotlin/kotlin-build-tools-impl/2.2.20/kotlin-build-tools-impl-2.2.20.pom to C:\Users\DENNISMUTUKU\.gradle\.tmp\gradle_download4691504664701774321bin
[ +794 ms] Resource missing. [HTTP GET: https://dl.google.com/dl/android/maven2/org/jetbrains/kotlin/kotlin-scripting-compiler-embeddable/2.2.20/kotlin-scripting-compiler-embeddable-2.2.20.pom]
[ +105 ms] Resource missing. [HTTP GET: https://dl.google.com/dl/android/maven2/org/jetbrains/kotlin/kotlin-scripting-compiler-impl-embeddable/2.2.20/kotlin-scripting-compiler-impl-embeddable-2.2.20.pom]
[        ] Downloading https://repo.maven.apache.org/maven2/org/jetbrains/kotlin/kotlin-scripting-compiler-embeddable/2.2.20/kotlin-scripting-compiler-embeddable-2.2.20.pom to C:\Users\DENNISMUTUKU\.gradle\.tmp\gradle_download5503335911378255406bin
[ +397 ms] Downloading https://repo.maven.apache.org/maven2/org/jetbrains/kotlin/kotlin-scripting-compiler-impl-embeddable/2.2.20/kotlin-scripting-compiler-impl-embeddable-2.2.20.pom to C:\Users\DENNISMUTUKU\.gradle\.tmp\gradle_download2657260080125085127bin
[ +293 ms] Resource missing. [HTTP GET: https://dl.google.com/dl/android/maven2/org/jetbrains/kotlin/kotlin-compiler-embeddable/2.2.20/kotlin-compiler-embeddable-2.2.20.pom]
[ +199 ms] Downloading https://repo.maven.apache.org/maven2/org/jetbrains/kotlin/kotlin-compiler-embeddable/2.2.20/kotlin-compiler-embeddable-2.2.20.pom to C:\Users\DENNISMUTUKU\.gradle\.tmp\gradle_download7818029026357597976bin
[ +700 ms] Resource missing. [HTTP GET: https://dl.google.com/dl/android/maven2/org/jetbrains/kotlin/kotlin-daemon-embeddable/2.2.20/kotlin-daemon-embeddable-2.2.20.pom]
[ +203 ms] Downloading https://repo.maven.apache.org/maven2/org/jetbrains/kotlin/kotlin-daemon-embeddable/2.2.20/kotlin-daemon-embeddable-2.2.20.pom to C:\Users\DENNISMUTUKU\.gradle\.tmp\gradle_download14944375451511532160bin
[  +98 ms] Resource missing. [HTTP GET: https://dl.google.com/dl/android/maven2/org/jetbrains/kotlin/kotlin-script-runtime/2.2.20/kotlin-script-runtime-2.2.20.pom]
[ +106 ms] Downloading https://repo.maven.apache.org/maven2/org/jetbrains/kotlin/kotlin-script-runtime/2.2.20/kotlin-script-runtime-2.2.20.pom to C:\Users\DENNISMUTUKU\.gradle\.tmp\gradle_download7539221044293909359bin
[+1290 ms] Resource missing. [HTTP GET: https://dl.google.com/dl/android/maven2/org/jetbrains/kotlin/kotlin-scripting-common/2.2.20/kotlin-scripting-common-2.2.20.pom]
[ +204 ms] Downloading https://repo.maven.apache.org/maven2/org/jetbrains/kotlin/kotlin-scripting-common/2.2.20/kotlin-scripting-common-2.2.20.pom to C:\Users\DENNISMUTUKU\.gradle\.tmp\gradle_download11875756539444687661bin
[+1102 ms] Resource missing. [HTTP GET: https://dl.google.com/dl/android/maven2/org/jetbrains/kotlin/kotlin-scripting-jvm/2.2.20/kotlin-scripting-jvm-2.2.20.pom]
[  +99 ms] Downloading https://repo.maven.apache.org/maven2/org/jetbrains/kotlin/kotlin-scripting-jvm/2.2.20/kotlin-scripting-jvm-2.2.20.pom to C:\Users\DENNISMUTUKU\.gradle\.tmp\gradle_download16313778952243643190bin
[ +396 ms] Downloading https://repo.maven.apache.org/maven2/org/jetbrains/kotlin/kotlin-build-tools-impl/2.2.20/kotlin-build-tools-impl-2.2.20.jar to C:\Users\DENNISMUTUKU\.gradle\.tmp\gradle_download831578123111528677bin
[        ] Downloading https://repo.maven.apache.org/maven2/org/jetbrains/kotlin/kotlin-scripting-compiler-embeddable/2.2.20/kotlin-scripting-compiler-embeddable-2.2.20.jar to C:\Users\DENNISMUTUKU\.gradle\.tmp\gradle_download281488479725143810bin
[  +95 ms] Downloading https://repo.maven.apache.org/maven2/org/jetbrains/kotlin/kotlin-scripting-compiler-impl-embeddable/2.2.20/kotlin-scripting-compiler-impl-embeddable-2.2.20.jar to C:\Users\DENNISMUTUKU\.gradle\.tmp\gradle_download16731356820030664536bin
[ +108 ms] Downloading https://repo.maven.apache.org/maven2/org/jetbrains/kotlin/kotlin-compiler-embeddable/2.2.20/kotlin-compiler-embeddable-2.2.20.jar to C:\Users\DENNISMUTUKU\.gradle\.tmp\gradle_download659214280306073111bin
[        ] Downloading https://repo.maven.apache.org/maven2/org/jetbrains/kotlin/kotlin-scripting-jvm/2.2.20/kotlin-scripting-jvm-2.2.20.jar to C:\Users\DENNISMUTUKU\.gradle\.tmp\gradle_download15176865363477701090bin
[ +288 ms] Downloading https://repo.maven.apache.org/maven2/org/jetbrains/kotlin/kotlin-scripting-common/2.2.20/kotlin-scripting-common-2.2.20.jar to C:\Users\DENNISMUTUKU\.gradle\.tmp\gradle_download13938090227251047465bin
[ +212 ms] Downloading https://repo.maven.apache.org/maven2/org/jetbrains/kotlin/kotlin-script-runtime/2.2.20/kotlin-script-runtime-2.2.20.jar to C:\Users\DENNISMUTUKU\.gradle\.tmp\gradle_download3615298788146939076bin
[        ] Downloading https://repo.maven.apache.org/maven2/org/jetbrains/kotlin/kotlin-daemon-embeddable/2.2.20/kotlin-daemon-embeddable-2.2.20.jar to C:\Users\DENNISMUTUKU\.gradle\.tmp\gradle_download3827042416992540925bin
[+3703 ms] Adding -Xuse-inline-scopes-numbers Kotlin compiler flag for task :shared_preferences_android:compileDebugAndroidTestKotlin
[+3826 ms] Caching disabled for BuildToolsApiClasspathEntrySnapshotTransform: C:\Users\DENNISMUTUKU\AppData\Local\Android\sdk\platforms\android-36\android.jar because:
[        ]   Build cache is disabled
[        ] Caching disabled for BuildToolsApiClasspathEntrySnapshotTransform: C:\Users\DENNISMUTUKU\AppData\Local\Android\sdk\build-tools\35.0.0\core-lambda-stubs.jar because:
[        ]   Build cache is disabled
[        ] Caching disabled for BuildToolsApiClasspathEntrySnapshotTransform: C:\xampp\htdocs\pace.com\wispapp\build\shared_preferences_android\intermediates\compile_r_class_jar\debug\generateDebugRFile\R.jar because:
[        ]   Build cache is disabled
[  +69 ms] Caching disabled for BuildToolsApiClasspathEntrySnapshotTransform: C:\Users\DENNISMUTUKU\.gradle\caches\modules-2\files-2.1\io.flutter\flutter_embedding_debug\1.0.0-a5cb96369ef86c7e85abf5d662a1ca5d89775053\954b93b61c4a486cabd1196ff1afeb45711379c3\flutter_embedding_debug-1.0.0-a5cb96369ef86c7e85abf5d662a1ca5d89775053.jar because:
[        ]   Build cache is disabled
[ +418 ms] Caching disabled for BuildToolsApiClasspathEntrySnapshotTransform: C:\Users\DENNISMUTUKU\.gradle\caches\8.14\transforms\315e8cfcf59e5113034f827f371f3f75\transformed\appcompat-1.1.0-api.jar because:
[        ]   Build cache is disabled
[ +120 ms] Caching disabled for BuildToolsApiClasspathEntrySnapshotTransform: C:\Users\DENNISMUTUKU\.gradle\caches\8.14\transforms\a45b47453d1141c7eb3b4294b58f91a9\transformed\preference-1.2.1-api.jar because:
[        ]   Build cache is disabled
[ +445 ms] Caching disabled for BuildToolsApiClasspathEntrySnapshotTransform: C:\Users\DENNISMUTUKU\.gradle\caches\8.14\transforms\138143ce8e97c3a5ed0471605a688bbc\transformed\fragment-ktx-1.7.1-api.jar because:
[   +3 ms]   Build cache is disabled
[ +292 ms] Caching disabled for BuildToolsApiClasspathEntrySnapshotTransform: C:\Users\DENNISMUTUKU\.gradle\caches\8.14\transforms\62ace5eaef97ea8ba6bb013f0374d6a1\transformed\fragment-1.7.1-api.jar because:
[        ]   Build cache is disabled
[ +458 ms] Caching disabled for BuildToolsApiClasspathEntrySnapshotTransform: C:\Users\DENNISMUTUKU\.gradle\caches\8.14\transforms\ec612922d546846ae92aab237ed189a4\transformed\recyclerview-1.0.0-api.jar because:
[        ]   Build cache is disabled
[ +597 ms] Caching disabled for BuildToolsApiClasspathEntrySnapshotTransform: C:\Users\DENNISMUTUKU\.gradle\caches\8.14\transforms\a3d41d56f3a239ee2ba10a44128311b9\transformed\activity-ktx-1.8.1-api.jar because:
[        ]   Build cache is disabled
[        ] Caching disabled for BuildToolsApiClasspathEntrySnapshotTransform: C:\Users\DENNISMUTUKU\.gradle\caches\8.14\transforms\0bc3eb1ce6b4e54ae595ac3f559fe2c6\transformed\activity-1.8.1-api.jar because:
[        ]   Build cache is disabled
[ +167 ms] Caching disabled for BuildToolsApiClasspathEntrySnapshotTransform: C:\Users\DENNISMUTUKU\.gradle\caches\8.14\transforms\5f9bfdebf9a2bf561fac8d1d99f22e1e\transformed\legacy-support-core-utils-1.0.0-api.jar because:
[        ]   Build cache is disabled
[        ] Caching disabled for BuildToolsApiClasspathEntrySnapshotTransform: C:\Users\DENNISMUTUKU\.gradle\caches\8.14\transforms\728eb87e77fefc1c8427d8ffc4b7c916\transformed\legacy-support-core-ui-1.0.0-api.jar because:
[        ]   Build cache is disabled
[        ] Caching disabled for BuildToolsApiClasspathEntrySnapshotTransform: C:\Users\DENNISMUTUKU\.gradle\caches\8.14\transforms\b8841817615e52e57199391093c7d691\transformed\loader-1.0.0-api.jar because:
[        ]   Build cache is disabled
[ +183 ms] Caching disabled for BuildToolsApiClasspathEntrySnapshotTransform: C:\Users\DENNISMUTUKU\.gradle\caches\8.14\transforms\412e6a21547e54346de1c8ecef6b5721\transformed\lifecycle-livedata-2.7.0-api.jar because:
[        ]   Build cache is disabled
[        ] Caching disabled for BuildToolsApiClasspathEntrySnapshotTransform: C:\Users\DENNISMUTUKU\.gradle\caches\8.14\transforms\243afd18820d1bd7f72d8a5d204604fe\transformed\lifecycle-livedata-core-ktx-2.7.0-api.jar because:
[        ]   Build cache is disabled
[ +102 ms] Caching disabled for BuildToolsApiClasspathEntrySnapshotTransform: C:\Users\DENNISMUTUKU\.gradle\caches\8.14\transforms\03eed1567c05ae149b6ce8b17f0eca37\transformed\lifecycle-viewmodel-ktx-2.7.0-api.jar because:
[        ]   Build cache is disabled
[        ] Caching disabled for BuildToolsApiClasspathEntrySnapshotTransform: C:\Users\DENNISMUTUKU\.gradle\caches\8.14\transforms\85666833b51b9a910c77b68f40d84789\transformed\lifecycle-runtime-ktx-2.7.0-api.jar because:
[        ]   Build cache is disabled
[  +99 ms] Caching disabled for BuildToolsApiClasspathEntrySnapshotTransform: C:\Users\DENNISMUTUKU\.gradle\caches\8.14\transforms\752b2b6bca67ecdcbb918ad103bf557d\transformed\lifecycle-viewmodel-2.7.0-api.jar because:
[        ]   Build cache is disabled
[  +93 ms] Caching disabled for BuildToolsApiClasspathEntrySnapshotTransform: C:\Users\DENNISMUTUKU\.gradle\caches\8.14\transforms\9be4d4aa3cc2bb03d6e910f75ebb642a\transformed\lifecycle-livedata-core-2.7.0-api.jar because:
[        ]   Build cache is disabled
[        ] Caching disabled for BuildToolsApiClasspathEntrySnapshotTransform: C:\Users\DENNISMUTUKU\.gradle\caches\8.14\transforms\a57cd66cc345ee766f55c12be427cdc4\transformed\lifecycle-viewmodel-savedstate-2.7.0-api.jar because:
[        ]   Build cache is disabled
[ +105 ms] Caching disabled for BuildToolsApiClasspathEntrySnapshotTransform: C:\Users\DENNISMUTUKU\.gradle\caches\8.14\transforms\730b20dff55c2da56ff5bc5af1822b74\transformed\core-ktx-1.13.1-api.jar because:
[        ]   Build cache is disabled
[ +203 ms] Caching disabled for BuildToolsApiClasspathEntrySnapshotTransform: C:\Users\DENNISMUTUKU\.gradle\caches\8.14\transforms\b09b2b6aa43f94dd39a4d851e15b8c66\transformed\viewpager-1.0.0-api.jar because:
[        ]   Build cache is disabled
[        ] Caching disabled for BuildToolsApiClasspathEntrySnapshotTransform: C:\Users\DENNISMUTUKU\.gradle\caches\8.14\transforms\5870e982092baf9c5a1673fa0232650b\transformed\appcompat-resources-1.1.0-api.jar because:
[        ]   Build cache is disabled
[        ] Caching disabled for BuildToolsApiClasspathEntrySnapshotTransform: C:\Users\DENNISMUTUKU\.gradle\caches\8.14\transforms\c9897b627127583cacffcb4fdda224c4\transformed\drawerlayout-1.0.0-api.jar because:
[        ]   Build cache is disabled
[ +200 ms] Caching disabled for BuildToolsApiClasspathEntrySnapshotTransform: C:\Users\DENNISMUTUKU\.gradle\caches\8.14\transforms\a5348ac613cb4a343ef538708acfa9f4\transformed\slidingpanelayout-1.2.0-api.jar because:
[        ]   Build cache is disabled
[  +92 ms] Caching disabled for BuildToolsApiClasspathEntrySnapshotTransform: C:\Users\DENNISMUTUKU\.gradle\caches\8.14\transforms\ea876db824759f6d266195f46c301466\transformed\coordinatorlayout-1.0.0-api.jar because:
[        ]   Build cache is disabled
[        ] Caching disabled for BuildToolsApiClasspathEntrySnapshotTransform: C:\Users\DENNISMUTUKU\.gradle\caches\8.14\transforms\4d7457bde552b94c07fc6d161eaf6bf0\transformed\customview-1.1.0-api.jar because:
[        ]   Build cache is disabled
[  +92 ms] Caching disabled for BuildToolsApiClasspathEntrySnapshotTransform: C:\Users\DENNISMUTUKU\.gradle\caches\8.14\transforms\275ca4cf4d3438077b8d72691604bd62\transformed\vectordrawable-animated-1.1.0-api.jar because:
[        ]   Build cache is disabled
[        ] Caching disabled for BuildToolsApiClasspathEntrySnapshotTransform: C:\Users\DENNISMUTUKU\.gradle\caches\8.14\transforms\125f4244261d14b3aa1d8b63da5a8911\transformed\vectordrawable-1.1.0-api.jar because:
[        ]   Build cache is disabled
[        ] Caching disabled for BuildToolsApiClasspathEntrySnapshotTransform: C:\Users\DENNISMUTUKU\.gradle\caches\8.14\transforms\e04687417254074844923442f9839cf3\transformed\swiperefreshlayout-1.0.0-api.jar because:
[        ]   Build cache is disabled
[        ] Caching disabled for BuildToolsApiClasspathEntrySnapshotTransform: C:\Users\DENNISMUTUKU\.gradle\caches\8.14\transforms\9f76f6d1994320474ed2712a8a7a1dd9\transformed\asynclayoutinflater-1.0.0-api.jar because:
[        ]   Build cache is disabled
[ +105 ms] Caching disabled for BuildToolsApiClasspathEntrySnapshotTransform: C:\Users\DENNISMUTUKU\.gradle\caches\8.14\transforms\15f31eb4ad4bf81f25495238fe956022\transformed\core-1.13.1-api.jar because:
[        ]   Build cache is disabled
[        ] Caching disabled for BuildToolsApiClasspathEntrySnapshotTransform: C:\Users\DENNISMUTUKU\.gradle\caches\8.14\transforms\100edd88e4d6142b824e1e787d3b5da9\transformed\lifecycle-runtime-2.7.0-api.jar because:
[        ]   Build cache is disabled
[        ] Caching disabled for BuildToolsApiClasspathEntrySnapshotTransform: C:\Users\DENNISMUTUKU\.gradle\caches\8.14\transforms\5b09770c407639cf05be76b125422c2a\transformed\lifecycle-process-2.7.0-api.jar because:
[        ]   Build cache is disabled
[ +400 ms] Caching disabled for BuildToolsApiClasspathEntrySnapshotTransform: C:\Users\DENNISMUTUKU\.gradle\caches\modules-2\files-2.1\androidx.lifecycle\lifecycle-common-java8\2.7.0\2ad14aed781c4a73ed4dbb421966d408a0a06686\lifecycle-common-java8-2.7.0.jar because:
[        ]   Build cache is disabled
[        ] Caching disabled for BuildToolsApiClasspathEntrySnapshotTransform: C:\Users\DENNISMUTUKU\.gradle\caches\modules-2\files-2.1\androidx.lifecycle\lifecycle-common\2.7.0\85334205d65cca70ed0109c3acbd29e22a2d9cb1\lifecycle-common-2.7.0.jar because:
[        ]   Build cache is disabled
[ +493 ms] Caching disabled for BuildToolsApiClasspathEntrySnapshotTransform: C:\Users\DENNISMUTUKU\.gradle\caches\8.14\transforms\811ad33d015e7a51ef7f9a4cc7475887\transformed\window-1.2.0-api.jar because:
[        ]   Build cache is disabled
[ +495 ms] Caching disabled for BuildToolsApiClasspathEntrySnapshotTransform: C:\Users\DENNISMUTUKU\.gradle\caches\8.14\transforms\f0e8ad0c8e64a135cf2ad85f0d3f6ac5\transformed\window-java-1.2.0-api.jar because:
[        ]   Build cache is disabled
[ +313 ms] Caching disabled for BuildToolsApiClasspathEntrySnapshotTransform: C:\Users\DENNISMUTUKU\.gradle\caches\8.14\transforms\ccc5aff57033f2d72f3593662f5e5377\transformed\datastore-preferences-core-release-api.jar because:
[        ]   Build cache is disabled
[  +93 ms] Caching disabled for BuildToolsApiClasspathEntrySnapshotTransform: C:\Users\DENNISMUTUKU\.gradle\caches\modules-2\files-2.1\androidx.datastore\datastore-core-okio-jvm\1.1.7\ce08f132812044a9778547b299fd812e34dbd602\datastore-core-okio-jvm-1.1.7.jar because:
[        ]   Build cache is disabled
[        ] Caching disabled for BuildToolsApiClasspathEntrySnapshotTransform: C:\Users\DENNISMUTUKU\.gradle\caches\8.14\transforms\008f8018917faf483594e23e49e51723\transformed\datastore-core-release-api.jar because:
[        ]   Build cache is disabled
[        ] Caching disabled for BuildToolsApiClasspathEntrySnapshotTransform: C:\Users\DENNISMUTUKU\.gradle\caches\8.14\transforms\a4165c004e0d8cfef7239a1b4a062900\transformed\datastore-preferences-release-api.jar because:
[        ]   Build cache is disabled
[        ] Caching disabled for BuildToolsApiClasspathEntrySnapshotTransform: C:\Users\DENNISMUTUKU\.gradle\caches\8.14\transforms\812937dc6819450b976323937b916441\transformed\datastore-release-api.jar because:
[        ]   Build cache is disabled
[  +92 ms] Caching disabled for BuildToolsApiClasspathEntrySnapshotTransform: C:\Users\DENNISMUTUKU\.gradle\caches\8.14\transforms\4a3039ef4ff77fb2a046a0518ff7a8cb\transformed\annotation-experimental-1.4.0-api.jar because:
[        ]   Build cache is disabled
[ +105 ms] Caching disabled for BuildToolsApiClasspathEntrySnapshotTransform: C:\Users\DENNISMUTUKU\.gradle\caches\8.14\transforms\4851ec743eb0c9dc3ad8f19195c6a82e\transformed\savedstate-ktx-1.2.1-api.jar because:
[        ]   Build cache is disabled
[        ] Caching disabled for BuildToolsApiClasspathEntrySnapshotTransform: C:\Users\DENNISMUTUKU\.gradle\caches\8.14\transforms\c4979470996df406ebc456f9b13a0630\transformed\savedstate-1.2.1-api.jar because:
[        ]   Build cache is disabled
[        ] Caching disabled for BuildToolsApiClasspathEntrySnapshotTransform: C:\Users\DENNISMUTUKU\.gradle\caches\8.14\transforms\79f57d5150a61463b639590bfb15371c\transformed\core-runtime-2.2.0-api.jar because:
[        ]   Build cache is disabled
[ +200 ms] Caching disabled for BuildToolsApiClasspathEntrySnapshotTransform: C:\Users\DENNISMUTUKU\.gradle\caches\modules-2\files-2.1\androidx.collection\collection-ktx\1.1.0\f807b2f366f7b75142a67d2f3c10031065b5168\collection-ktx-1.1.0.jar because:
[        ]   Build cache is disabled
[  +91 ms] Caching disabled for BuildToolsApiClasspathEntrySnapshotTransform: C:\Users\DENNISMUTUKU\.gradle\caches\modules-2\files-2.1\androidx.arch.core\core-common\2.2.0\5e1b8b81dfd5f52c56a8d53b18ca759c19a301f3\core-common-2.2.0.jar because:
[        ]   Build cache is disabled
[        ] Caching disabled for BuildToolsApiClasspathEntrySnapshotTransform: C:\Users\DENNISMUTUKU\.gradle\caches\8.14\transforms\aac58aff4b0ca86cc7a1381d5f67fe17\transformed\versionedparcelable-1.1.1-api.jar because:
[        ]   Build cache is disabled
[        ] Caching disabled for BuildToolsApiClasspathEntrySnapshotTransform: C:\Users\DENNISMUTUKU\.gradle\caches\modules-2\files-2.1\androidx.collection\collection\1.1.0\1f27220b47669781457de0d600849a5de0e89909\collection-1.1.0.jar because:
[        ]   Build cache is disabled
[ +155 ms] Caching disabled for BuildToolsApiClasspathEntrySnapshotTransform: C:\Users\DENNISMUTUKU\.gradle\caches\8.14\transforms\9f654fee1345105c6986523b67d757d9\transformed\cursoradapter-1.0.0-api.jar because:
[        ]   Build cache is disabled
[ +153 ms] Caching disabled for BuildToolsApiClasspathEntrySnapshotTransform: C:\Users\DENNISMUTUKU\.gradle\caches\8.14\transforms\3cfb0f0d50eeb7004353208b71a49dcf\transformed\interpolator-1.0.0-api.jar because:
[        ]   Build cache is disabled
[ +494 ms] Caching disabled for BuildToolsApiClasspathEntrySnapshotTransform: C:\Users\DENNISMUTUKU\.gradle\caches\8.14\transforms\1c210294cda4af333c30b2ba03a30336\transformed\documentfile-1.0.0-api.jar because:
[        ]   Build cache is disabled
[        ] Caching disabled for BuildToolsApiClasspathEntrySnapshotTransform: C:\Users\DENNISMUTUKU\.gradle\caches\8.14\transforms\2d467c4428d3ca81a0b18501a23956f1\transformed\localbroadcastmanager-1.0.0-api.jar because:
[        ]   Build cache is disabled
[        ] Caching disabled for BuildToolsApiClasspathEntrySnapshotTransform: C:\Users\DENNISMUTUKU\.gradle\caches\8.14\transforms\e6cb25f028ef19225246e47b0722d88d\transformed\print-1.0.0-api.jar because:
[        ]   Build cache is disabled
[  +92 ms] Caching disabled for BuildToolsApiClasspathEntrySnapshotTransform: C:\Users\DENNISMUTUKU\.gradle\caches\modules-2\files-2.1\androidx.annotation\annotation-jvm\1.8.0\b8a16fe526014b7941c1debaccaf9c5153692dbb\annotation-jvm-1.8.0.jar because:
[        ]   Build cache is disabled
[        ] Caching disabled for BuildToolsApiClasspathEntrySnapshotTransform: C:\Users\DENNISMUTUKU\.gradle\caches\modules-2\files-2.1\org.jetbrains.kotlinx\kotlinx-coroutines-android\1.7.3\38d9cad3a0b03a10453b56577984bdeb48edeed5\kotlinx-coroutines-android-1.7.3.jar because:
[        ]   Build cache is disabled
[ +105 ms] Caching disabled for BuildToolsApiClasspathEntrySnapshotTransform: C:\Users\DENNISMUTUKU\.gradle\caches\modules-2\files-2.1\org.jetbrains.kotlin\kotlin-stdlib-jdk8\1.8.20\73576ddf378c5b4f1f6b449fe6b119b8183fc078\kotlin-stdlib-jdk8-1.8.20.jar because:
[        ]   Build cache is disabled
[        ] Caching disabled for BuildToolsApiClasspathEntrySnapshotTransform: C:\Users\DENNISMUTUKU\.gradle\caches\modules-2\files-2.1\com.squareup.okio\okio-jvm\3.4.0\4e8bd78a52ab935ce383d0092646922154295e54\okio-jvm-3.4.0.jar because:
[        ]   Build cache is disabled
[ +203 ms] Caching disabled for BuildToolsApiClasspathEntrySnapshotTransform: C:\Users\DENNISMUTUKU\.gradle\caches\modules-2\files-2.1\org.jetbrains.kotlin\kotlin-stdlib-jdk7\1.8.20\3aa51faf20aae8b31e1a4bc54f8370673d7b7df4\kotlin-stdlib-jdk7-1.8.20.jar because:
[        ]   Build cache is disabled
[        ] Caching disabled for BuildToolsApiClasspathEntrySnapshotTransform: C:\Users\DENNISMUTUKU\.gradle\caches\modules-2\files-2.1\org.jetbrains.kotlin\kotlin-stdlib\2.2.20\5380b19fa1924399b62ce3a1faffebb2b4f82272\kotlin-stdlib-2.2.20.jar because:
[        ]   Build cache is disabled
[        ] Caching disabled for BuildToolsApiClasspathEntrySnapshotTransform: C:\Users\DENNISMUTUKU\.gradle\caches\modules-2\files-2.1\org.jetbrains.kotlinx\kotlinx-coroutines-core-jvm\1.7.3\2b09627576f0989a436a00a4a54b55fa5026fb86\kotlinx-coroutines-core-jvm-1.7.3.jar because:
[        ]   Build cache is disabled
[ +157 ms] Caching disabled for BuildToolsApiClasspathEntrySnapshotTransform: C:\Users\DENNISMUTUKU\.gradle\caches\modules-2\files-2.1\org.jetbrains\annotations\23.0.0\8cc20c07506ec18e0834947b84a864bfc094484e\annotations-23.0.0.jar because:
[        ]   Build cache is disabled
[        ] Caching disabled for BuildToolsApiClasspathEntrySnapshotTransform: C:\Users\DENNISMUTUKU\.gradle\caches\8.14\transforms\66a55c9302b8dacfca4a88d55f2bb41c\transformed\startup-runtime-1.1.1-api.jar because:
[        ]   Build cache is disabled
[        ] Caching disabled for BuildToolsApiClasspathEntrySnapshotTransform: C:\Users\DENNISMUTUKU\.gradle\caches\8.14\transforms\0323f414d3b6f829989b737577ddbcb8\transformed\tracing-1.2.0-api.jar because:
[        ]   Build cache is disabled
[        ] Caching disabled for BuildToolsApiClasspathEntrySnapshotTransform: C:\Users\DENNISMUTUKU\.gradle\caches\8.14\transforms\b5ea8c96fd0431c40235788c8b3be10a\transformed\relinker-1.4.5-api.jar because:
[        ]   Build cache is disabled
[+5331 ms] Caching disabled for task ':shared_preferences_android:compileDebugKotlin' because:
[        ]   Build cache is disabled
[        ] Task ':shared_preferences_android:compileDebugKotlin' is not up-to-date because:
[        ]   No history is available.
[        ] The input changes require a full rebuild for incremental task ':shared_preferences_android:compileDebugKotlin'.
[ +107 ms] file or directory 'C:\Users\DENNISMUTUKU\AppData\Local\Pub\Cache\hosted\pub.dev\shared_preferences_android-2.4.21\android\src\debug\kotlin', not found
[        ] file or directory 'C:\Users\DENNISMUTUKU\AppData\Local\Pub\Cache\hosted\pub.dev\shared_preferences_android-2.4.21\android\src\debug\java', not found
[        ] file or directory 'C:\Users\DENNISMUTUKU\AppData\Local\Pub\Cache\hosted\pub.dev\shared_preferences_android-2.4.21\android\src\debug\kotlin', not found
[        ] file or directory 'C:\Users\DENNISMUTUKU\AppData\Local\Pub\Cache\hosted\pub.dev\shared_preferences_android-2.4.21\android\src\debug\kotlin', not found
[        ] file or directory 'C:\Users\DENNISMUTUKU\AppData\Local\Pub\Cache\hosted\pub.dev\shared_preferences_android-2.4.21\android\src\debug\java', not found
[        ] file or directory 'C:\Users\DENNISMUTUKU\AppData\Local\Pub\Cache\hosted\pub.dev\shared_preferences_android-2.4.21\android\src\debug\java', not found
[        ] file or directory 'C:\Users\DENNISMUTUKU\AppData\Local\Pub\Cache\hosted\pub.dev\shared_preferences_android-2.4.21\android\src\debug\kotlin', not found
[        ] file or directory 'C:\Users\DENNISMUTUKU\AppData\Local\Pub\Cache\hosted\pub.dev\shared_preferences_android-2.4.21\android\src\debug\java', not found
[        ] file or directory 'C:\Users\DENNISMUTUKU\AppData\Local\Pub\Cache\hosted\pub.dev\shared_preferences_android-2.4.21\android\src\debug\kotlin', not found
[        ] file or directory 'C:\Users\DENNISMUTUKU\AppData\Local\Pub\Cache\hosted\pub.dev\shared_preferences_android-2.4.21\android\src\debug\kotlin', not found
[        ] file or directory 'C:\Users\DENNISMUTUKU\AppData\Local\Pub\Cache\hosted\pub.dev\shared_preferences_android-2.4.21\android\src\debug\java', not found
[  +92 ms] file or directory 'C:\Users\DENNISMUTUKU\AppData\Local\Pub\Cache\hosted\pub.dev\shared_preferences_android-2.4.21\android\src\debug\kotlin', not found
[        ] file or directory 'C:\Users\DENNISMUTUKU\AppData\Local\Pub\Cache\hosted\pub.dev\shared_preferences_android-2.4.21\android\src\debug\java', not found
[        ] file or directory 'C:\Users\DENNISMUTUKU\AppData\Local\Pub\Cache\hosted\pub.dev\shared_preferences_android-2.4.21\android\src\debug\kotlin', not found
[        ] file or directory 'C:\Users\DENNISMUTUKU\AppData\Local\Pub\Cache\hosted\pub.dev\shared_preferences_android-2.4.21\android\src\debug\kotlin', not found
[        ] file or directory 'C:\Users\DENNISMUTUKU\AppData\Local\Pub\Cache\hosted\pub.dev\shared_preferences_android-2.4.21\android\src\debug\java', not found
[        ] file or directory 'C:\Users\DENNISMUTUKU\AppData\Local\Pub\Cache\hosted\pub.dev\shared_preferences_android-2.4.21\android\src\debug\java', not found
[        ] file or directory 'C:\Users\DENNISMUTUKU\AppData\Local\Pub\Cache\hosted\pub.dev\shared_preferences_android-2.4.21\android\src\debug\kotlin', not found
[        ] file or directory 'C:\Users\DENNISMUTUKU\AppData\Local\Pub\Cache\hosted\pub.dev\shared_preferences_android-2.4.21\android\src\debug\java', not found
[        ] file or directory 'C:\Users\DENNISMUTUKU\AppData\Local\Pub\Cache\hosted\pub.dev\shared_preferences_android-2.4.21\android\src\debug\kotlin', not found
[        ] file or directory 'C:\Users\DENNISMUTUKU\AppData\Local\Pub\Cache\hosted\pub.dev\shared_preferences_android-2.4.21\android\src\debug\kotlin', not found
[        ] file or directory 'C:\Users\DENNISMUTUKU\AppData\Local\Pub\Cache\hosted\pub.dev\shared_preferences_android-2.4.21\android\src\debug\java', not found
[ +106 ms] file or directory 'C:\Users\DENNISMUTUKU\AppData\Local\Pub\Cache\hosted\pub.dev\shared_preferences_android-2.4.21\android\src\debug\java', not found
[        ] file or directory 'C:\Users\DENNISMUTUKU\AppData\Local\Pub\Cache\hosted\pub.dev\shared_preferences_android-2.4.21\android\src\debug\kotlin', not found
[        ] file or directory 'C:\Users\DENNISMUTUKU\AppData\Local\Pub\Cache\hosted\pub.dev\shared_preferences_android-2.4.21\android\src\debug\java', not found
[        ] file or directory 'C:\Users\DENNISMUTUKU\AppData\Local\Pub\Cache\hosted\pub.dev\shared_preferences_android-2.4.21\android\src\debug\kotlin', not found
[        ] file or directory 'C:\Users\DENNISMUTUKU\AppData\Local\Pub\Cache\hosted\pub.dev\shared_preferences_android-2.4.21\android\src\debug\kotlin', not found
[        ] file or directory 'C:\Users\DENNISMUTUKU\AppData\Local\Pub\Cache\hosted\pub.dev\shared_preferences_android-2.4.21\android\src\debug\java', not found
[        ] file or directory 'C:\Users\DENNISMUTUKU\AppData\Local\Pub\Cache\hosted\pub.dev\shared_preferences_android-2.4.21\android\src\debug\java', not found
[        ] Kotlin source files: C:\Users\DENNISMUTUKU\AppData\Local\Pub\Cache\hosted\pub.dev\shared_preferences_android-2.4.21\android\src\main\kotlin\io\flutter\plugins\sharedpreferences\MessagesAsync.g.kt, C:\Users\DENNISMUTUKU\AppData\Local\Pub\Cache\hosted\pub.dev\shared_preferences_android-2.4.21\android\src\main\kotlin\io\flutter\plugins\sharedpreferences\SharedPreferencesPlugin.kt, C:\Users\DENNISMUTUKU\AppData\Local\Pub\Cache\hosted\pub.dev\shared_preferences_android-2.4.21\android\src\main\kotlin\io\flutter\plugins\sharedpreferences\StringListObjectInputStream.kt
[        ] Java source files: C:\Users\DENNISMUTUKU\AppData\Local\Pub\Cache\hosted\pub.dev\shared_preferences_android-2.4.21\android\src\main\java\io\flutter\plugins\sharedpreferences\LegacySharedPreferencesPlugin.java, C:\Users\DENNISMUTUKU\AppData\Local\Pub\Cache\hosted\pub.dev\shared_preferences_android-2.4.21\android\src\main\java\io\flutter\plugins\sharedpreferences\Messages.java, C:\Users\DENNISMUTUKU\AppData\Local\Pub\Cache\hosted\pub.dev\shared_preferences_android-2.4.21\android\src\main\java\io\flutter\plugins\sharedpreferences\SharedPreferencesListEncoder.java
[        ] Script source files: 
[        ] Script file extensions: 
[        ] Using Kotlin/JVM incremental compilation
[  +89 ms] [KOTLIN] Kotlin compilation 'jdkHome' argument: null
[ +606 ms] Resolve mutations for :path_provider_android:bundleLibRuntimeToJarDebug (Thread[#130,Execution worker,5,main]) started.
[        ] :path_provider_android:bundleLibRuntimeToJarDebug (Thread[#130,Execution worker,5,main]) started.
[        ] Resolve mutations for :path_provider_android:processDebugJavaRes (Thread[#129,included builds,5,main]) started.
[        ] :path_provider_android:processDebugJavaRes (Thread[#129,included builds,5,main]) started.
[        ] > Task :path_provider_android:processDebugJavaRes NO-SOURCE
[        ] file or directory 'C:\Users\DENNISMUTUKU\AppData\Local\Pub\Cache\hosted\pub.dev\path_provider_android-2.2.22\android\src\main\resources', not found
[        ] file or directory 'C:\Users\DENNISMUTUKU\AppData\Local\Pub\Cache\hosted\pub.dev\path_provider_android-2.2.22\android\src\debug\resources', not found
[        ] Skipping task ':path_provider_android:processDebugJavaRes' as it has no source files and no previous output files.
[        ] work action resolve out (project :path_provider_android) (Thread[#129,included builds,5,main]) started.
[   +1 ms] Resolve mutations for :app:checkDebugDuplicateClasses (Thread[#129,included builds,5,main]) started.
[        ] :app:checkDebugDuplicateClasses (Thread[#129,included builds,5,main]) started.
[        ] > Task :path_provider_android:bundleLibRuntimeToJarDebug
[        ] Caching disabled for task ':path_provider_android:bundleLibRuntimeToJarDebug' because:
[        ]   Build cache is disabled
[        ]   Simple merging task
[        ] Task ':path_provider_android:bundleLibRuntimeToJarDebug' is not up-to-date because:
[        ]   No history is available.
[+1982 ms] > Task :app:checkDebugDuplicateClasses
[        ] Caching disabled for EnumerateClassesTransform: C:\Users\DENNISMUTUKU\.gradle\caches\modules-2\files-2.1\io.flutter\flutter_embedding_debug\1.0.0-a5cb96369ef86c7e85abf5d662a1ca5d89775053\954b93b61c4a486cabd1196ff1afeb45711379c3\flutter_embedding_debug-1.0.0-a5cb96369ef86c7e85abf5d662a1ca5d89775053.jar because:
[        ]   Build cache is disabled
[        ] Caching disabled for EnumerateClassesTransform: C:\xampp\htdocs\pace.com\wispapp\build\app\intermediates\flutter\debug\libs.jar because:
[        ]   Build cache is disabled
[        ] Caching disabled for AarToClassTransform: C:\Users\DENNISMUTUKU\.gradle\caches\modules-2\files-2.1\androidx.preference\preference\1.2.1\f85542e0d2335b3cd4910ab29a942ebaeb0d5b39\preference-1.2.1.aar because:
[        ]   Build cache is disabled
[        ]   Caching not enabled.
[        ] Caching disabled for AarToClassTransform: C:\Users\DENNISMUTUKU\.gradle\caches\modules-2\files-2.1\androidx.fragment\fragment-ktx\1.7.1\8d2b3390a01789b8212f5126a78560746baf46bb\fragment-ktx-1.7.1.aar because:
[        ]   Build cache is disabled
[        ]   Caching not enabled.
[        ] Caching disabled for EnumerateClassesTransform: C:\Users\DENNISMUTUKU\.gradle\caches\8.14\transforms\2f00ba1311bd730395734f6024ca9cc1\transformed\preference-1.2.1-runtime.jar because:
[        ]   Build cache is disabled
[        ] Caching disabled for EnumerateClassesTransform: C:\Users\DENNISMUTUKU\.gradle\caches\8.14\transforms\5c4b3d5cd8b2d8a8c1ad2988d9279c40\transformed\fragment-ktx-1.7.1-runtime.jar because:
[        ]   Build cache is disabled
[        ] Caching disabled for AarToClassTransform: C:\Users\DENNISMUTUKU\.gradle\caches\modules-2\files-2.1\androidx.fragment\fragment\1.7.1\c7d4fcacda7c02f3b29e4d232f5f21cfa6aa7451\fragment-1.7.1.aar because:
[        ]   Build cache is disabled
[        ]   Caching not enabled.
[        ] Caching disabled for AarToClassTransform: C:\Users\DENNISMUTUKU\.gradle\caches\modules-2\files-2.1\androidx.recyclerview\recyclerview\1.0.0\ee3a2ad35bcfa91ab9eeebe991b0893ab40009cf\recyclerview-1.0.0.aar because:
[        ]   Build cache is disabled
[        ]   Caching not enabled.
[        ] Caching disabled for EnumerateClassesTransform: C:\Users\DENNISMUTUKU\.gradle\caches\8.14\transforms\7f91fbc98eb9dae1b101270c0d64a261\transformed\fragment-1.7.1-runtime.jar because:
[        ]   Build cache is disabled
[        ] Caching disabled for EnumerateClassesTransform: C:\Users\DENNISMUTUKU\.gradle\caches\8.14\transforms\402769cf101436ba116f86ede5b1a0e0\transformed\recyclerview-1.0.0-runtime.jar because:
[        ]   Build cache is disabled
[        ] Caching disabled for AarToClassTransform: C:\Users\DENNISMUTUKU\.gradle\caches\modules-2\files-2.1\androidx.legacy\legacy-support-core-ui\1.0.0\61a264f996046e059f889914050fae1e75d3b702\legacy-support-core-ui-1.0.0.aar because:
[        ]   Build cache is disabled
[        ]   Caching not enabled.
[        ] Caching disabled for AarToClassTransform: C:\Users\DENNISMUTUKU\.gradle\caches\modules-2\files-2.1\androidx.slidingpanelayout\slidingpanelayout\1.2.0\5374897c7fd146ecadae4eeb96fb66c7795db0a7\slidingpanelayout-1.2.0.aar because:
[        ]   Build cache is disabled
[        ]   Caching not enabled.
[        ] Caching disabled for EnumerateClassesTransform: C:\Users\DENNISMUTUKU\.gradle\caches\8.14\transforms\6da08ba1b29eb631a6a9d1ce482767fc\transformed\legacy-support-core-ui-1.0.0-runtime.jar because:
[        ]   Build cache is disabled
[        ] Caching disabled for EnumerateClassesTransform: C:\Users\DENNISMUTUKU\.gradle\caches\8.14\transforms\d7d4f44b78567bfa12c6fde9a02844d7\transformed\slidingpanelayout-1.2.0-runtime.jar because:
[        ]   Build cache is disabled
[        ] Caching disabled for AarToClassTransform: C:\Users\DENNISMUTUKU\.gradle\caches\modules-2\files-2.1\androidx.window\window\1.2.0\1d080d0a72684227bf6eb9af56264542708f8d16\window-1.2.0.aar because:
[        ]   Build cache is disabled
[        ]   Caching not enabled.
[        ] Caching disabled for AarToClassTransform: C:\Users\DENNISMUTUKU\.gradle\caches\modules-2\files-2.1\androidx.window\window-java\1.2.0\924d0a3ca93fac4acb32c6a972e9fa1e283f1f07\window-java-1.2.0.aar because:
[        ]   Build cache is disabled
[        ]   Caching not enabled.
[        ] Caching disabled for AarToClassTransform: C:\Users\DENNISMUTUKU\.gradle\caches\modules-2\files-2.1\androidx.activity\activity-ktx\1.8.1\2367fda01826526e5948ebb9fd5faae9213ac7bc\activity-ktx-1.8.1.aar because:
[        ]   Build cache is disabled
[        ]   Caching not enabled.
[        ] Caching disabled for EnumerateClassesTransform: C:\Users\DENNISMUTUKU\.gradle\caches\8.14\transforms\38b8150e3705feeb0043ac3625a00f12\transformed\window-java-1.2.0-runtime.jar because:
[        ]   Build cache is disabled
[        ] Caching disabled for EnumerateClassesTransform: C:\Users\DENNISMUTUKU\.gradle\caches\8.14\transforms\8d62124b988abc9cfb47902073b7a3d0\transformed\activity-ktx-1.8.1-runtime.jar because:
[        ]   Build cache is disabled
[        ] Caching disabled for AarToClassTransform: C:\Users\DENNISMUTUKU\.gradle\caches\modules-2\files-2.1\androidx.activity\activity\1.8.1\144ff894c8c32584ca9e99ebae0a2a28b294d371\activity-1.8.1.aar because:
[   +1 ms]   Build cache is disabled
[        ]   Caching not enabled.
[        ] Caching disabled for EnumerateClassesTransform: C:\Users\DENNISMUTUKU\.gradle\caches\8.14\transforms\1c74151fd71685243323e3ed58eae076\transformed\window-1.2.0-runtime.jar because:
[        ]   Build cache is disabled
[        ] Caching disabled for AarToClassTransform: C:\Users\DENNISMUTUKU\.gradle\caches\modules-2\files-2.1\androidx.legacy\legacy-support-core-utils\1.0.0\9b9570042115da8629519090dfeb71df75da59fc\legacy-support-core-utils-1.0.0.aar because:
[        ]   Build cache is disabled
[        ]   Caching not enabled.
[        ] Caching disabled for AarToClassTransform: C:\Users\DENNISMUTUKU\.gradle\caches\modules-2\files-2.1\androidx.loader\loader\1.0.0\8af8b6cec0da85c207d03e15840e0722cbc71e70\loader-1.0.0.aar because:
[        ]   Build cache is disabled
[        ]   Caching not enabled.
[        ] Caching disabled for EnumerateClassesTransform: C:\Users\DENNISMUTUKU\.gradle\caches\8.14\transforms\96b3bce0e354a446391f0ce76424945b\transformed\legacy-support-core-utils-1.0.0-runtime.jar because:
[        ]   Build cache is disabled
[        ] Caching disabled for EnumerateClassesTransform: C:\Users\DENNISMUTUKU\.gradle\caches\8.14\transforms\c2194d5b371b614c4dad59b243e97708\transformed\activity-1.8.1-runtime.jar because:
[        ]   Build cache is disabled
[        ] Caching disabled for AarToClassTransform: C:\Users\DENNISMUTUKU\.gradle\caches\modules-2\files-2.1\androidx.viewpager\viewpager\1.0.0\1f90e13820f96c2fb868f9674079a551678d68b2\viewpager-1.0.0.aar because:
[        ]   Build cache is disabled
[        ]   Caching not enabled.
[        ] Caching disabled for EnumerateClassesTransform: C:\Users\DENNISMUTUKU\.gradle\caches\8.14\transforms\6203b60e3dbb0a87a6d4d5c37b2e14fc\transformed\loader-1.0.0-runtime.jar because:
[        ]   Build cache is disabled
[        ] Caching disabled for EnumerateClassesTransform: C:\Users\DENNISMUTUKU\.gradle\caches\8.14\transforms\7bc591fe9c3b11b0622b0794e1d87f3c\transformed\viewpager-1.0.0-runtime.jar because:
[        ]   Build cache is disabled
[        ] Caching disabled for AarToClassTransform: C:\Users\DENNISMUTUKU\.gradle\caches\modules-2\files-2.1\androidx.lifecycle\lifecycle-runtime-ktx\2.7.0\99b5608d5971ae4cb95dea85cd0a2bdb1519b89d\lifecycle-runtime-ktx-2.7.0.aar because:
[        ]   Build cache is disabled
[        ]   Caching not enabled.
[        ] Caching disabled for EnumerateClassesTransform: C:\Users\DENNISMUTUKU\.gradle\caches\8.14\transforms\33ea240fdb5afc29a810fabb1ed10a10\transformed\lifecycle-runtime-ktx-2.7.0-runtime.jar because:
[        ]   Build cache is disabled
[        ] Caching disabled for AarToClassTransform: C:\Users\DENNISMUTUKU\.gradle\caches\modules-2\files-2.1\androidx.lifecycle\lifecycle-livedata\2.7.0\42ad14e1ee00719636e31a36e8cd50d7ce5c45c6\lifecycle-livedata-2.7.0.aar because:
[        ]   Build cache is disabled
[        ]   Caching not enabled.
[        ] Caching disabled for AarToClassTransform: C:\Users\DENNISMUTUKU\.gradle\caches\modules-2\files-2.1\androidx.lifecycle\lifecycle-livedata-core-ktx\2.7.0\746c75e5d0a819d11e255ad137083a51c746e953\lifecycle-livedata-core-ktx-2.7.0.aar because:
[        ]   Build cache is disabled
[        ]   Caching not enabled.
[        ] Caching disabled for AarToClassTransform: C:\Users\DENNISMUTUKU\.gradle\caches\modules-2\files-2.1\androidx.lifecycle\lifecycle-viewmodel-ktx\2.7.0\421575b66dd75fa2a1bd425f9ab335461dd10721\lifecycle-viewmodel-ktx-2.7.0.aar because:
[        ]   Build cache is disabled
[        ]   Caching not enabled.
[        ] Caching disabled for EnumerateClassesTransform: C:\Users\DENNISMUTUKU\.gradle\caches\8.14\transforms\c9b1541bb272584b0e2cafccd19b574a\transformed\lifecycle-livedata-core-ktx-2.7.0-runtime.jar because:
[        ]   Build cache is disabled
[        ] Caching disabled for EnumerateClassesTransform: C:\Users\DENNISMUTUKU\.gradle\caches\8.14\transforms\93e015d1646b042169fa3dc43d61ef8e\transformed\lifecycle-viewmodel-ktx-2.7.0-runtime.jar because:
[        ]   Build cache is disabled
[        ] Caching disabled for AarToClassTransform: C:\Users\DENNISMUTUKU\.gradle\caches\modules-2\files-2.1\androidx.lifecycle\lifecycle-viewmodel\2.7.0\ea64fb2e504d200f2b7f03c76f51edd7e9ef62a9\lifecycle-viewmodel-2.7.0.aar because:
[        ]   Build cache is disabled
[        ]   Caching not enabled.
[        ] Caching disabled for EnumerateClassesTransform: C:\Users\DENNISMUTUKU\.gradle\caches\8.14\transforms\623e431d83d2fa1df0d14b7ff6d8b79b\transformed\lifecycle-livedata-2.7.0-runtime.jar because:
[        ]   Build cache is disabled
[        ] Caching disabled for EnumerateClassesTransform: C:\Users\DENNISMUTUKU\.gradle\caches\8.14\transforms\3b15e0047d0530cdd6d057f6e9d9a371\transformed\lifecycle-viewmodel-2.7.0-runtime.jar because:
[        ]   Build cache is disabled
[        ] Caching disabled for AarToClassTransform: C:\Users\DENNISMUTUKU\.gradle\caches\modules-2\files-2.1\androidx.lifecycle\lifecycle-livedata-core\2.7.0\d95c9c0b74a6b9882c416c688f6cf201dc416bed\lifecycle-livedata-core-2.7.0.aar because:
[        ]   Build cache is disabled
[        ]   Caching not enabled.
[        ] Caching disabled for AarToClassTransform: C:\Users\DENNISMUTUKU\.gradle\caches\modules-2\files-2.1\androidx.lifecycle\lifecycle-viewmodel-savedstate\2.7.0\1fa14bde5efb3a96fa4fb8ced995f7fdfe99dfd\lifecycle-viewmodel-savedstate-2.7.0.aar because:
[        ]   Build cache is disabled
[        ]   Caching not enabled.
[        ] Caching disabled for EnumerateClassesTransform: C:\Users\DENNISMUTUKU\.gradle\caches\8.14\transforms\3194d59d442fc58b1e7526ee13065dd5\transformed\lifecycle-viewmodel-savedstate-2.7.0-runtime.jar because:
[        ]   Build cache is disabled
[        ] Caching disabled for AarToClassTransform: C:\Users\DENNISMUTUKU\.gradle\caches\modules-2\files-2.1\androidx.core\core-ktx\1.13.1\f595b8c10fad9099f71a3c1fc6ded1c9b5010190\core-ktx-1.13.1.aar because:
[        ]   Build cache is disabled
[        ]   Caching not enabled.
[        ] Caching disabled for EnumerateClassesTransform: C:\Users\DENNISMUTUKU\.gradle\caches\8.14\transforms\110465b5c40f1f1a065b8b4eca4908df\transformed\lifecycle-livedata-core-2.7.0-runtime.jar because:
[        ]   Build cache is disabled
[        ] Caching disabled for AarToClassTransform: C:\Users\DENNISMUTUKU\.gradle\caches\modules-2\files-2.1\androidx.appcompat\appcompat-resources\1.1.0\a573b2ab146d686244721ef1038d08043f18c67f\appcompat-resources-1.1.0.aar because:
[        ]   Build cache is disabled
[        ]   Caching not enabled.
[        ] Caching disabled for AarToClassTransform: C:\Users\DENNISMUTUKU\.gradle\caches\modules-2\files-2.1\androidx.drawerlayout\drawerlayout\1.0.0\dd02c7e207136e1272b33815cc61e57676ed13a2\drawerlayout-1.0.0.aar because:
[        ]   Build cache is disabled
[        ]   Caching not enabled.
[        ] Caching disabled for EnumerateClassesTransform: C:\Users\DENNISMUTUKU\.gradle\caches\8.14\transforms\d79b941ce3f2985b9a725a81e2815952\transformed\drawerlayout-1.0.0-runtime.jar because:
[        ]   Build cache is disabled
[        ] Caching disabled for AarToClassTransform: C:\Users\DENNISMUTUKU\.gradle\caches\modules-2\files-2.1\androidx.coordinatorlayout\coordinatorlayout\1.0.0\7664385a7e39112b780baf8819ee880dcd3c4094\coordinatorlayout-1.0.0.aar because:
[        ]   Build cache is disabled
[        ]   Caching not enabled.
[        ] Caching disabled for EnumerateClassesTransform: C:\Users\DENNISMUTUKU\.gradle\caches\8.14\transforms\28473993b96130f5d3c9b87e533fa4bf\transformed\appcompat-resources-1.1.0-runtime.jar because:
[        ]   Build cache is disabled
[        ] Caching disabled for EnumerateClassesTransform: C:\Users\DENNISMUTUKU\.gradle\caches\8.14\transforms\9058d232f32d1447eb1002d6b0ddd0be\transformed\coordinatorlayout-1.0.0-runtime.jar because:
[        ]   Build cache is disabled
[        ] Caching disabled for AarToClassTransform: C:\Users\DENNISMUTUKU\.gradle\caches\modules-2\files-2.1\androidx.customview\customview\1.1.0\a030aaf64c5419a89f7d91a33755c4629a43471\customview-1.1.0.aar because:
[        ]   Build cache is disabled
[        ]   Caching not enabled.
[        ] Caching disabled for EnumerateClassesTransform: C:\Users\DENNISMUTUKU\.gradle\caches\8.14\transforms\37d49a16f2f122e967ce6aa2aa4622f5\transformed\core-ktx-1.13.1-runtime.jar because:
[        ]   Build cache is disabled
[        ] Caching disabled for EnumerateClassesTransform: C:\Users\DENNISMUTUKU\.gradle\caches\8.14\transforms\c0071a3da87b39a4530c2df686a2c66e\transformed\customview-1.1.0-runtime.jar because:
[        ]   Build cache is disabled
[        ] Caching disabled for AarToClassTransform: C:\Users\DENNISMUTUKU\.gradle\caches\modules-2\files-2.1\androidx.vectordrawable\vectordrawable\1.1.0\eac7a364fff534035a2a6cb17770a1288315f69f\vectordrawable-1.1.0.aar because:
[        ]   Build cache is disabled
[        ]   Caching not enabled.
[        ] Caching disabled for AarToClassTransform: C:\Users\DENNISMUTUKU\.gradle\caches\modules-2\files-2.1\androidx.vectordrawable\vectordrawable-animated\1.1.0\fcda1161354501471c30a4e077af6b5c4d4eddc6\vectordrawable-animated-1.1.0.aar because:
[        ]   Build cache is disabled
[        ]   Caching not enabled.
[        ] Caching disabled for AarToClassTransform: C:\Users\DENNISMUTUKU\.gradle\caches\modules-2\files-2.1\androidx.transition\transition\1.4.1\703467fbdb3d06e51d338c4a3490b54d37c92a64\transition-1.4.1.aar because:
[        ]   Build cache is disabled
[        ]   Caching not enabled.
[        ] Caching disabled for EnumerateClassesTransform: C:\Users\DENNISMUTUKU\.gradle\caches\8.14\transforms\0b4cdff825fae660030e4524613ca20d\transformed\vectordrawable-animated-1.1.0-runtime.jar because:
[        ]   Build cache is disabled
[        ] Caching disabled for EnumerateClassesTransform: C:\Users\DENNISMUTUKU\.gradle\caches\8.14\transforms\441bc565df1737223efe8eaad83bf48d\transformed\vectordrawable-1.1.0-runtime.jar because:
[        ]   Build cache is disabled
[        ] Caching disabled for EnumerateClassesTransform: C:\Users\DENNISMUTUKU\.gradle\caches\8.14\transforms\6b6778caebf44b509921f456c1ac3ee2\transformed\transition-1.4.1-runtime.jar because:
[        ]   Build cache is disabled
[        ] Caching disabled for AarToClassTransform: C:\Users\DENNISMUTUKU\.gradle\caches\modules-2\files-2.1\androidx.swiperefreshlayout\swiperefreshlayout\1.0.0\4fd265b80a2b0fbeb062ab2bc4b1487521507762\swiperefreshlayout-1.0.0.aar because:
[        ]   Build cache is disabled
[        ]   Caching not enabled.
[   +1 ms] Caching disabled for AarToClassTransform: C:\Users\DENNISMUTUKU\.gradle\caches\modules-2\files-2.1\androidx.asynclayoutinflater\asynclayoutinflater\1.0.0\5ffa788d19a6863799f25cb50d4fdfb0ec649037\asynclayoutinflater-1.0.0.aar because:
[        ]   Build cache is disabled
[        ]   Caching not enabled.
[        ] Caching disabled for AarToClassTransform: C:\Users\DENNISMUTUKU\.gradle\caches\modules-2\files-2.1\androidx.core\core\1.13.1\4606d420282fe1e5c8d5c4e647ec188e1045b7be\core-1.13.1.aar because:
[        ]   Build cache is disabled
[        ]   Caching not enabled.
[        ] Caching disabled for EnumerateClassesTransform: C:\Users\DENNISMUTUKU\.gradle\caches\8.14\transforms\c349ab44dd0e661d0ee0cd6c66da5de9\transformed\swiperefreshlayout-1.0.0-runtime.jar because:
[        ]   Build cache is disabled
[        ] Caching disabled for EnumerateClassesTransform: C:\Users\DENNISMUTUKU\.gradle\caches\8.14\transforms\51eec3d63e252d6c1750fba47630dcf0\transformed\asynclayoutinflater-1.0.0-runtime.jar because:
[        ]   Build cache is disabled
[ +102 ms] Caching disabled for EnumerateClassesTransform: C:\Users\DENNISMUTUKU\.gradle\caches\8.14\transforms\92805240efca4a3152a00180f53bd1d1\transformed\core-1.13.1-runtime.jar because:
[        ]   Build cache is disabled
[        ] Caching disabled for AarToClassTransform: C:\Users\DENNISMUTUKU\.gradle\caches\modules-2\files-2.1\androidx.lifecycle\lifecycle-runtime\2.7.0\e46d7c73ab6cb3e288f51a0ad96bf372e90ceb31\lifecycle-runtime-2.7.0.aar because:
[        ]   Build cache is disabled
[        ]   Caching not enabled.
[        ] Caching disabled for EnumerateClassesTransform: C:\Users\DENNISMUTUKU\.gradle\caches\modules-2\files-2.1\androidx.lifecycle\lifecycle-common-java8\2.7.0\2ad14aed781c4a73ed4dbb421966d408a0a06686\lifecycle-common-java8-2.7.0.jar because:
[        ]   Build cache is disabled
[        ] Caching disabled for AarToClassTransform: C:\Users\DENNISMUTUKU\.gradle\caches\modules-2\files-2.1\androidx.lifecycle\lifecycle-process\2.7.0\10fc9ecc045a9931724c43e710c55680a772d96a\lifecycle-process-2.7.0.aar because:
[        ]   Build cache is disabled
[        ]   Caching not enabled.
[        ] Caching disabled for AarToClassTransform: C:\Users\DENNISMUTUKU\.gradle\caches\modules-2\files-2.1\androidx.savedstate\savedstate-ktx\1.2.1\b86d338d91b1c26193a42b1d87be9bb02123fa16\savedstate-ktx-1.2.1.aar because:
[        ]   Build cache is disabled
[        ]   Caching not enabled.
[        ] Caching disabled for EnumerateClassesTransform: C:\Users\DENNISMUTUKU\.gradle\caches\8.14\transforms\278d25167ecaaa4fe52ac55583daa0cb\transformed\lifecycle-runtime-2.7.0-runtime.jar because:
[        ]   Build cache is disabled
[        ] Caching disabled for EnumerateClassesTransform: C:\Users\DENNISMUTUKU\.gradle\caches\8.14\transforms\b3ca55148101b8af6e7dfeee94e9c86e\transformed\lifecycle-process-2.7.0-runtime.jar because:
[        ]   Build cache is disabled
[        ] Caching disabled for EnumerateClassesTransform: C:\Users\DENNISMUTUKU\.gradle\caches\8.14\transforms\0b947ad0652ca94be1127c7d9dfedd88\transformed\savedstate-ktx-1.2.1-runtime.jar because:
[        ]   Build cache is disabled
[        ] Caching disabled for AarToClassTransform: C:\Users\DENNISMUTUKU\.gradle\caches\modules-2\files-2.1\androidx.savedstate\savedstate\1.2.1\e364fc9dec32aa569d855f85864e50250318a093\savedstate-1.2.1.aar because:
[        ]   Build cache is disabled
[        ]   Caching not enabled.
[        ] Caching disabled for EnumerateClassesTransform: C:\Users\DENNISMUTUKU\.gradle\caches\modules-2\files-2.1\androidx.lifecycle\lifecycle-common\2.7.0\85334205d65cca70ed0109c3acbd29e22a2d9cb1\lifecycle-common-2.7.0.jar because:
[        ]   Build cache is disabled
[        ] Caching disabled for AarToClassTransform: C:\Users\DENNISMUTUKU\.gradle\caches\modules-2\files-2.1\androidx.profileinstaller\profileinstaller\1.3.1\c0bac819b4f88a648011542273373d1e5093e3a7\profileinstaller-1.3.1.aar because:
[        ]   Build cache is disabled
[        ]   Caching not enabled.
[        ] Caching disabled for EnumerateClassesTransform: C:\Users\DENNISMUTUKU\.gradle\caches\8.14\transforms\8ba67013a85acd726f68c9205814c1b4\transformed\savedstate-1.2.1-runtime.jar because:
[        ]   Build cache is disabled
[        ] Caching disabled for AarToClassTransform: C:\Users\DENNISMUTUKU\.gradle\caches\modules-2\files-2.1\androidx.startup\startup-runtime\1.1.1\9d4ba67056aff98b69eadc1477c19a1e67cb9470\startup-runtime-1.1.1.aar because:
[        ]   Build cache is disabled
[        ]   Caching not enabled.
[        ] Caching disabled for EnumerateClassesTransform: C:\Users\DENNISMUTUKU\.gradle\caches\8.14\transforms\697cd0aafab3205663df3a3700d4b04a\transformed\profileinstaller-1.3.1-runtime.jar because:
[        ]   Build cache is disabled
[        ] Caching disabled for AarToClassTransform: C:\Users\DENNISMUTUKU\.gradle\caches\modules-2\files-2.1\androidx.tracing\tracing\1.2.0\a6ac2cc501278fdc99c56b428548e0cd1e9300f7\tracing-1.2.0.aar because:
[        ]   Build cache is disabled
[        ]   Caching not enabled.
[        ] Caching disabled for EnumerateClassesTransform: C:\Users\DENNISMUTUKU\.gradle\caches\8.14\transforms\6a6d4254bc003faf803ca7fd2b1c73b5\transformed\startup-runtime-1.1.1-runtime.jar because:
[        ]   Build cache is disabled
[        ] Caching disabled for EnumerateClassesTransform: C:\Users\DENNISMUTUKU\.gradle\caches\8.14\transforms\4e63fd6b75fa543ba1d6a29411e28734\transformed\tracing-1.2.0-runtime.jar because:
[        ]   Build cache is disabled
[        ] Caching disabled for AarToClassTransform: C:\Users\DENNISMUTUKU\.gradle\caches\modules-2\files-2.1\androidx.datastore\datastore-preferences-core-android\1.1.7\cf1746c62f09840ecc48ce52d7d946464eb790af\datastore-preferences-core-release.aar because:
[        ]   Build cache is disabled
[        ]   Caching not enabled.
[        ] Caching disabled for EnumerateClassesTransform: C:\Users\DENNISMUTUKU\.gradle\caches\8.14\transforms\10ab8309fee88693e7b15f5ace393096\transformed\datastore-preferences-core-release-runtime.jar because:
[        ]   Build cache is disabled
[        ] Caching disabled for EnumerateClassesTransform: C:\Users\DENNISMUTUKU\.gradle\caches\modules-2\files-2.1\androidx.datastore\datastore-core-okio-jvm\1.1.7\ce08f132812044a9778547b299fd812e34dbd602\datastore-core-okio-jvm-1.1.7.jar because:
[        ]   Build cache is disabled
[        ] Caching disabled for AarToClassTransform: C:\Users\DENNISMUTUKU\.gradle\caches\modules-2\files-2.1\androidx.datastore\datastore-core-android\1.1.7\a9f2c979b8890eece47fadf583fe9647107c624a\datastore-core-release.aar because:
[        ]   Build cache is disabled
[        ]   Caching not enabled.
[        ] Caching disabled for EnumerateClassesTransform: C:\Users\DENNISMUTUKU\.gradle\caches\8.14\transforms\2bf1b90e74979e91225577ed6d1739da\transformed\datastore-core-release-runtime.jar because:
[        ]   Build cache is disabled
[  +56 ms] Caching disabled for AarToClassTransform: C:\Users\DENNISMUTUKU\.gradle\caches\modules-2\files-2.1\androidx.datastore\datastore-preferences-android\1.1.7\d6e8fe9a0acdc43bac566188694c9f5fdb72bca1\datastore-preferences-release.aar because:
[        ]   Build cache is disabled
[        ]   Caching not enabled.
[        ] Caching disabled for EnumerateClassesTransform: C:\Users\DENNISMUTUKU\.gradle\caches\8.14\transforms\7897bce7d5b3b88d35565805f4af09c7\transformed\datastore-preferences-release-runtime.jar because:
[        ]   Build cache is disabled
[        ] Caching disabled for AarToClassTransform: C:\Users\DENNISMUTUKU\.gradle\caches\modules-2\files-2.1\androidx.datastore\datastore-android\1.1.7\4c12c47f19bc951e572ddd78fd7917630bae27f9\datastore-release.aar because:
[        ]   Build cache is disabled
[        ]   Caching not enabled.
[        ] Caching disabled for EnumerateClassesTransform: C:\Users\DENNISMUTUKU\.gradle\caches\8.14\transforms\b6fe13122219a7cb5de0dfa14b8477f4\transformed\datastore-release-runtime.jar because:
[        ]   Build cache is disabled
[ +105 ms] Caching disabled for AarToClassTransform: C:\Users\DENNISMUTUKU\.gradle\caches\modules-2\files-2.1\androidx.arch.core\core-runtime\2.2.0\39705982680d78556b679ef9d5400d4f17509b0b\core-runtime-2.2.0.aar because:
[        ]   Build cache is disabled
[        ]   Caching not enabled.
[        ] Caching disabled for EnumerateClassesTransform: C:\Users\DENNISMUTUKU\.gradle\caches\8.14\transforms\2b07e4b33f4f3bd669269c4453eb435e\transformed\core-runtime-2.2.0-runtime.jar because:
[        ]   Build cache is disabled
[        ] Caching disabled for EnumerateClassesTransform: C:\Users\DENNISMUTUKU\.gradle\caches\modules-2\files-2.1\androidx.arch.core\core-common\2.2.0\5e1b8b81dfd5f52c56a8d53b18ca759c19a301f3\core-common-2.2.0.jar because:
[        ]   Build cache is disabled
[        ] Caching disabled for AarToClassTransform: C:\Users\DENNISMUTUKU\.gradle\caches\modules-2\files-2.1\androidx.versionedparcelable\versionedparcelable\1.1.1\18e18071e7715679e0593c570217edeb5ca48b9e\versionedparcelable-1.1.1.aar because:
[        ]   Build cache is disabled
[        ]   Caching not enabled.
[        ] Caching disabled for EnumerateClassesTransform: C:\Users\DENNISMUTUKU\.gradle\caches\8.14\transforms\1a23e0d789911f39cb81a75e65cc3b27\transformed\versionedparcelable-1.1.1-runtime.jar because:
[        ]   Build cache is disabled
[  +90 ms] Caching disabled for EnumerateClassesTransform: C:\Users\DENNISMUTUKU\.gradle\caches\modules-2\files-2.1\androidx.collection\collection-ktx\1.1.0\f807b2f366f7b75142a67d2f3c10031065b5168\collection-ktx-1.1.0.jar because:
[        ]   Build cache is disabled
[        ] Caching disabled for EnumerateClassesTransform: C:\Users\DENNISMUTUKU\.gradle\caches\modules-2\files-2.1\androidx.collection\collection\1.1.0\1f27220b47669781457de0d600849a5de0e89909\collection-1.1.0.jar because:
[        ]   Build cache is disabled
[        ] Caching disabled for AarToClassTransform: C:\Users\DENNISMUTUKU\.gradle\caches\modules-2\files-2.1\androidx.interpolator\interpolator\1.0.0\8a01fa254a23b9388571eb6334b03707c7d122d7\interpolator-1.0.0.aar because:
[        ]   Build cache is disabled
[        ]   Caching not enabled.
[ +108 ms] Caching disabled for EnumerateClassesTransform: C:\Users\DENNISMUTUKU\.gradle\caches\8.14\transforms\39e90520c1b59ea35753d421861693e0\transformed\interpolator-1.0.0-runtime.jar because:
[        ]   Build cache is disabled
[        ] Caching disabled for AarToClassTransform: C:\Users\DENNISMUTUKU\.gradle\caches\modules-2\files-2.1\androidx.cursoradapter\cursoradapter\1.0.0\74014983a86b83cbce534dec4e7aa9312f5f5d82\cursoradapter-1.0.0.aar because:
[        ]   Build cache is disabled
[        ]   Caching not enabled.
[        ] Caching disabled for EnumerateClassesTransform: C:\Users\DENNISMUTUKU\.gradle\caches\8.14\transforms\758d09cf4da6d0c886dc5603c0af26df\transformed\cursoradapter-1.0.0-runtime.jar because:
[        ]   Build cache is disabled
[ +293 ms] Downloading https://dl.google.com/dl/android/maven2/androidx/datastore/datastore-preferences-external-protobuf/1.1.7/datastore-preferences-external-protobuf-1.1.7.jar to C:\Users\DENNISMUTUKU\.gradle\.tmp\gradle_download17593833718950445891bin
[        ] Downloading https://dl.google.com/dl/android/maven2/androidx/datastore/datastore-preferences-proto/1.1.7/datastore-preferences-proto-1.1.7.jar to C:\Users\DENNISMUTUKU\.gradle\.tmp\gradle_download5993407489908957896bin
[        ] Caching disabled for IdentityTransform: C:\Users\DENNISMUTUKU\.gradle\caches\modules-2\files-2.1\androidx.datastore\datastore-preferences-proto\1.1.7\6d7430ed8d2b5f2b8675dad8d196ba5dd710921b\datastore-preferences-proto-1.1.7.jar because:
[        ]   Build cache is disabled
[        ]   Caching not enabled.
[        ] Caching disabled for EnumerateClassesTransform: C:\Users\DENNISMUTUKU\.gradle\caches\modules-2\files-2.1\androidx.datastore\datastore-preferences-proto\1.1.7\6d7430ed8d2b5f2b8675dad8d196ba5dd710921b\datastore-preferences-proto-1.1.7.jar because:
[        ]   Build cache is disabled
[        ] Caching disabled for AarToClassTransform: C:\Users\DENNISMUTUKU\.gradle\caches\modules-2\files-2.1\androidx.window.extensions.core\core\1.0.0\f755f474ef8f4ff78ba7f6cbd8146ab6a383a557\core-1.0.0.aar because:
[        ]   Build cache is disabled
[        ]   Caching not enabled.
[  +91 ms] Caching disabled for EnumerateClassesTransform: C:\Users\DENNISMUTUKU\.gradle\caches\8.14\transforms\d38933fa6fe515aff1769b137e19d4ae\transformed\core-1.0.0-runtime.jar because:
[        ]   Build cache is disabled
[        ] Caching disabled for AarToClassTransform: C:\Users\DENNISMUTUKU\.gradle\caches\modules-2\files-2.1\androidx.documentfile\documentfile\1.0.0\66104345c90cd8c2fd5ad2d3aad692b280e10c32\documentfile-1.0.0.aar because:
[        ]   Build cache is disabled
[        ]   Caching not enabled.
[        ] Caching disabled for EnumerateClassesTransform: C:\Users\DENNISMUTUKU\.gradle\caches\8.14\transforms\2e904efe852f0dbb6938bbe66e9b7424\transformed\documentfile-1.0.0-runtime.jar because:
[        ]   Build cache is disabled
[        ] Caching disabled for AarToClassTransform: C:\Users\DENNISMUTUKU\.gradle\caches\modules-2\files-2.1\androidx.localbroadcastmanager\localbroadcastmanager\1.0.0\2734f31c8321e83ce6b60570d14777fc33cc2ece\localbroadcastmanager-1.0.0.aar because:
[        ]   Build cache is disabled
[        ]   Caching not enabled.
[ +107 ms] Caching disabled for EnumerateClassesTransform: C:\Users\DENNISMUTUKU\.gradle\caches\8.14\transforms\6a22bee4a2deb6a337e6c96494b75db6\transformed\localbroadcastmanager-1.0.0-runtime.jar because:
[        ]   Build cache is disabled
[        ] Caching disabled for AarToClassTransform: C:\Users\DENNISMUTUKU\.gradle\caches\modules-2\files-2.1\androidx.print\print\1.0.0\7722094652c48ebe27acc94d74a55e759e4635ff\print-1.0.0.aar because:
[        ]   Build cache is disabled
[        ]   Caching not enabled.
[        ] Caching disabled for EnumerateClassesTransform: C:\Users\DENNISMUTUKU\.gradle\caches\8.14\transforms\b039ec172b662e4b930f4245193be18b\transformed\print-1.0.0-runtime.jar because:
[        ]   Build cache is disabled
[        ] Caching disabled for EnumerateClassesTransform: C:\Users\DENNISMUTUKU\.gradle\caches\modules-2\files-2.1\androidx.annotation\annotation-jvm\1.9.1\b17951747e38bf3986a24431b9ba0d039958aa5f\annotation-jvm-1.9.1.jar because:
[        ]   Build cache is disabled
[        ] Caching disabled for AarToClassTransform: C:\Users\DENNISMUTUKU\.gradle\caches\modules-2\files-2.1\androidx.annotation\annotation-experimental\1.4.0\c7a2038d831d0cfbfb9a440890b287c2e839ecf\annotation-experimental-1.4.0.aar because:
[        ]   Build cache is disabled
[        ]   Caching not enabled.
[  +91 ms] Caching disabled for EnumerateClassesTransform: C:\Users\DENNISMUTUKU\.gradle\caches\8.14\transforms\b997d98c3a8b6ca2e56e59d156f181e2\transformed\annotation-experimental-1.4.0-runtime.jar because:
[        ]   Build cache is disabled
[ +109 ms] Caching disabled for IdentityTransform: C:\Users\DENNISMUTUKU\.gradle\caches\modules-2\files-2.1\androidx.datastore\datastore-preferences-external-protobuf\1.1.7\ddd0a2d64e3c928359c993d1291e535d5d7fc9a3\datastore-preferences-external-protobuf-1.1.7.jar because:
[        ]   Build cache is disabled
[        ]   Caching not enabled.
[  +93 ms] Caching disabled for EnumerateClassesTransform: C:\Users\DENNISMUTUKU\.gradle\caches\modules-2\files-2.1\androidx.datastore\datastore-preferences-external-protobuf\1.1.7\ddd0a2d64e3c928359c993d1291e535d5d7fc9a3\datastore-preferences-external-protobuf-1.1.7.jar because:
[        ]   Build cache is disabled
[ +292 ms] Downloading https://repo.maven.apache.org/maven2/org/jetbrains/kotlin/kotlin-parcelize-runtime/1.9.22/kotlin-parcelize-runtime-1.9.22.jar to C:\Users\DENNISMUTUKU\.gradle\.tmp\gradle_download3674741353273418752bin
[        ] Caching disabled for IdentityTransform: C:\Users\DENNISMUTUKU\.gradle\caches\modules-2\files-2.1\org.jetbrains.kotlin\kotlin-parcelize-runtime\1.9.22\de4a21d6560cadd035c69ba3af3ad1afecc95299\kotlin-parcelize-runtime-1.9.22.jar because:
[        ]   Build cache is disabled
[        ]   Caching not enabled.
[        ] Caching disabled for EnumerateClassesTransform: C:\Users\DENNISMUTUKU\.gradle\caches\modules-2\files-2.1\org.jetbrains.kotlin\kotlin-parcelize-runtime\1.9.22\de4a21d6560cadd035c69ba3af3ad1afecc95299\kotlin-parcelize-runtime-1.9.22.jar because:
[        ]   Build cache is disabled
[ +108 ms] Downloading https://dl.google.com/dl/android/maven2/androidx/concurrent/concurrent-futures/1.1.0/concurrent-futures-1.1.0.jar to C:\Users\DENNISMUTUKU\.gradle\.tmp\gradle_download11679551150270550175bin
[        ] Caching disabled for EnumerateClassesTransform: C:\Users\DENNISMUTUKU\.gradle\caches\modules-2\files-2.1\com.squareup.okio\okio-jvm\3.4.0\4e8bd78a52ab935ce383d0092646922154295e54\okio-jvm-3.4.0.jar because:
[        ]   Build cache is disabled
[        ] Caching disabled for IdentityTransform: C:\Users\DENNISMUTUKU\.gradle\caches\modules-2\files-2.1\androidx.concurrent\concurrent-futures\1.1.0\50b7fb98350d5f42a4e49704b03278542293ba48\concurrent-futures-1.1.0.jar because:
[        ]   Build cache is disabled
[        ]   Caching not enabled.
[        ] Caching disabled for EnumerateClassesTransform: C:\Users\DENNISMUTUKU\.gradle\caches\modules-2\files-2.1\org.jetbrains.kotlinx\kotlinx-coroutines-core-jvm\1.7.3\2b09627576f0989a436a00a4a54b55fa5026fb86\kotlinx-coroutines-core-jvm-1.7.3.jar because:
[        ]   Build cache is disabled
[        ] Caching disabled for EnumerateClassesTransform: C:\Users\DENNISMUTUKU\.gradle\caches\modules-2\files-2.1\androidx.concurrent\concurrent-futures\1.1.0\50b7fb98350d5f42a4e49704b03278542293ba48\concurrent-futures-1.1.0.jar because:
[        ]   Build cache is disabled
[        ] Caching disabled for EnumerateClassesTransform: C:\Users\DENNISMUTUKU\.gradle\caches\modules-2\files-2.1\org.jetbrains.kotlinx\kotlinx-coroutines-android\1.7.3\38d9cad3a0b03a10453b56577984bdeb48edeed5\kotlinx-coroutines-android-1.7.3.jar because:
[        ]   Build cache is disabled
[        ] Caching disabled for EnumerateClassesTransform: C:\Users\DENNISMUTUKU\.gradle\caches\modules-2\files-2.1\org.jetbrains.kotlin\kotlin-stdlib-jdk8\1.8.20\73576ddf378c5b4f1f6b449fe6b119b8183fc078\kotlin-stdlib-jdk8-1.8.20.jar because:
[        ]   Build cache is disabled
[        ] Caching disabled for EnumerateClassesTransform: C:\Users\DENNISMUTUKU\.gradle\caches\modules-2\files-2.1\org.jetbrains.kotlin\kotlin-stdlib-jdk7\1.8.20\3aa51faf20aae8b31e1a4bc54f8370673d7b7df4\kotlin-stdlib-jdk7-1.8.20.jar because:
[        ]   Build cache is disabled
[        ] Caching disabled for EnumerateClassesTransform: C:\Users\DENNISMUTUKU\.gradle\caches\modules-2\files-2.1\org.jetbrains.kotlin\kotlin-stdlib\2.2.20\5380b19fa1924399b62ce3a1faffebb2b4f82272\kotlin-stdlib-2.2.20.jar because:
[        ]   Build cache is disabled
[        ] Caching disabled for EnumerateClassesTransform: C:\Users\DENNISMUTUKU\.gradle\caches\modules-2\files-2.1\org.jetbrains\annotations\23.0.0\8cc20c07506ec18e0834947b84a864bfc094484e\annotations-23.0.0.jar because:
[        ]   Build cache is disabled
[  +90 ms] Caching disabled for AarToClassTransform: C:\Users\DENNISMUTUKU\.gradle\caches\modules-2\files-2.1\com.getkeepsafe.relinker\relinker\1.4.5\222d7b0624248da9336bbfccff8a129e3e280ce8\relinker-1.4.5.aar because:
[        ]   Build cache is disabled
[        ]   Caching not enabled.
[        ] Downloading https://repo.maven.apache.org/maven2/org/jetbrains/kotlin/kotlin-android-extensions-runtime/1.9.22/kotlin-android-extensions-runtime-1.9.22.jar to C:\Users\DENNISMUTUKU\.gradle\.tmp\gradle_download4821199678391605397bin
[        ] Caching disabled for EnumerateClassesTransform: C:\Users\DENNISMUTUKU\.gradle\caches\8.14\transforms\7ff76bf839419b98ec5a37680408ff13\transformed\relinker-1.4.5-runtime.jar because:
[        ]   Build cache is disabled
[        ] Caching disabled for IdentityTransform: C:\Users\DENNISMUTUKU\.gradle\caches\modules-2\files-2.1\org.jetbrains.kotlin\kotlin-android-extensions-runtime\1.9.22\ee3bc0c3b55cb516ac92d6a093e1b939166b86a2\kotlin-android-extensions-runtime-1.9.22.jar because:
[        ]   Build cache is disabled
[        ]   Caching not enabled.
[        ] Caching disabled for EnumerateClassesTransform: C:\Users\DENNISMUTUKU\.gradle\caches\modules-2\files-2.1\org.jetbrains.kotlin\kotlin-android-extensions-runtime\1.9.22\ee3bc0c3b55cb516ac92d6a093e1b939166b86a2\kotlin-android-extensions-runtime-1.9.22.jar because:
[        ]   Build cache is disabled
[        ] Caching disabled for AarToClassTransform: C:\Users\DENNISMUTUKU\.gradle\caches\modules-2\files-2.1\androidx.appcompat\appcompat\1.1.0\351d3409fe51f3d862bd2b1bcc0f3b6ded29460e\appcompat-1.1.0.aar because:
[        ]   Build cache is disabled
[        ]   Caching not enabled.
[ +106 ms] Caching disabled for EnumerateClassesTransform: C:\Users\DENNISMUTUKU\.gradle\caches\8.14\transforms\6415f13585c44a2bd10ad6352c559eba\transformed\appcompat-1.1.0-runtime.jar because:
[        ]   Build cache is disabled
[        ] Downloading https://repo.maven.apache.org/maven2/com/google/guava/listenablefuture/1.0/listenablefuture-1.0.jar to C:\Users\DENNISMUTUKU\.gradle\.tmp\gradle_download13316084488262929717bin
[        ] Caching disabled for IdentityTransform: C:\Users\DENNISMUTUKU\.gradle\caches\modules-2\files-2.1\com.google.guava\listenablefuture\1.0\c949a840a6acbc5268d088e47b04177bf90b3cad\listenablefuture-1.0.jar because:
[        ]   Build cache is disabled
[        ]   Caching not enabled.
[        ] Caching disabled for EnumerateClassesTransform: C:\Users\DENNISMUTUKU\.gradle\caches\modules-2\files-2.1\com.google.guava\listenablefuture\1.0\c949a840a6acbc5268d088e47b04177bf90b3cad\listenablefuture-1.0.jar because:
[        ]   Build cache is disabled
[ +291 ms] Downloading https://storage.googleapis.com/download.flutter.io/io/flutter/armeabi_v7a_debug/1.0.0-a5cb96369ef86c7e85abf5d662a1ca5d89775053/armeabi_v7a_debug-1.0.0-a5cb96369ef86c7e85abf5d662a1ca5d89775053.jar to C:\Users\DENNISMUTUKU\.gradle\.tmp\gradle_download4394298736622506146bin
[+9404 ms] Caching disabled for IdentityTransform: C:\Users\DENNISMUTUKU\.gradle\caches\modules-2\files-2.1\io.flutter\armeabi_v7a_debug\1.0.0-a5cb96369ef86c7e85abf5d662a1ca5d89775053\a6cd29839c4c0593bea3dec5654049e6903c9c24\armeabi_v7a_debug-1.0.0-a5cb96369ef86c7e85abf5d662a1ca5d89775053.jar because:
[        ]   Build cache is disabled
[        ]   Caching not enabled.
[+5247 ms] Invalidating in-memory cache of C:\Users\DENNISMUTUKU\.gradle\caches\8.14\fileHashes\fileHashes.bin
[        ] Invalidating in-memory cache of C:\Users\DENNISMUTUKU\.gradle\caches\8.14\fileHashes\resourceHashesCache.bin
[        ] Caching disabled for EnumerateClassesTransform: C:\Users\DENNISMUTUKU\.gradle\caches\modules-2\files-2.1\io.flutter\armeabi_v7a_debug\1.0.0-a5cb96369ef86c7e85abf5d662a1ca5d89775053\a6cd29839c4c0593bea3dec5654049e6903c9c24\armeabi_v7a_debug-1.0.0-a5cb96369ef86c7e85abf5d662a1ca5d89775053.jar because:
[        ]   Build cache is disabled
[        ] Caching disabled for task ':app:checkDebugDuplicateClasses' because:
[        ]   Build cache is disabled
[        ]   Caching has been disabled for the task
[  +87 ms] Task ':app:checkDebugDuplicateClasses' is not up-to-date because:
[        ]   No history is available.
[        ] work action resolve classes.jar (project :path_provider_android) (Thread[#130,Execution worker,5,main]) started.
[        ] IdentityTransform (Thread[#130,Execution worker,5,main]) started.
[        ] Resolve mutations for :path_provider_android:bundleLibRuntimeToDirDebug (Thread[#131,Execution worker Thread 2,5,main]) started.
[        ] :path_provider_android:bundleLibRuntimeToDirDebug (Thread[#131,Execution worker Thread 2,5,main]) started.
[        ] > Transform classes.jar (project :path_provider_android) with IdentityTransform
[        ] Invalidating in-memory cache of C:\Users\DENNISMUTUKU\.gradle\caches\journal-1\file-access.bin
[        ] Caching disabled for IdentityTransform: C:\xampp\htdocs\pace.com\wispapp\build\path_provider_android\intermediates\runtime_library_classes_jar\debug\bundleLibRuntimeToJarDebug\classes.jar because:
[        ]   Build cache is disabled
[        ]   Caching not enabled.
[        ] DexingNoClasspathTransform (Thread[#130,Execution worker,5,main]) started.
[  +81 ms] > Task :path_provider_android:bundleLibRuntimeToDirDebug
[        ] Caching disabled for task ':path_provider_android:bundleLibRuntimeToDirDebug' because:
[        ]   Build cache is disabled
[        ]   Simple merging task
[        ] Task ':path_provider_android:bundleLibRuntimeToDirDebug' is not up-to-date because:
[        ]   No history is available.
[        ] The input changes require a full rebuild for incremental task ':path_provider_android:bundleLibRuntimeToDirDebug'.
[        ] work action resolve bundleLibRuntimeToDirDebug (project :path_provider_android) (Thread[#131,Execution worker Thread 2,5,main]) started.
[        ] ClassesDirToClassesTransform (Thread[#131,Execution worker Thread 2,5,main]) started.
[        ] > Transform bundleLibRuntimeToDirDebug (project :path_provider_android) with ClassesDirToClassesTransform
[        ] Caching disabled for ClassesDirToClassesTransform: C:\xampp\htdocs\pace.com\wispapp\build\path_provider_android\intermediates\runtime_library_classes_dir\debug\bundleLibRuntimeToDirDebug because:
[        ]   Build cache is disabled
[        ]   Caching not enabled.
[        ] DexingNoClasspathTransform (Thread[#131,Execution worker Thread 2,5,main]) started.
[ +172 ms] Resolve mutations for :app:mergeExtDexDebug (Thread[#129,included builds,5,main]) started.
[        ] :app:mergeExtDexDebug (Thread[#129,included builds,5,main]) started.
[+1101 ms] > Task :shared_preferences_android:compileDebugKotlin
[   +1 ms] i: starting the daemon as: C:\Program Files\Android\Android Studio\jbr\bin\java -cp C:\Users\DENNISMUTUKU\.gradle\caches\modules-2\files-2.1\org.jetbrains.kotlin\kotlin-compiler-embeddable\2.2.20\bb8331b7585e36ea311825b01a1c06860c055fd1\kotlin-compiler-embeddable-2.2.20.jar;C:\Users\DENNISMUTUKU\.gradle\caches\modules-2\files-2.1\org.jetbrains.kotlin\kotlin-stdlib\2.2.20\5380b19fa1924399b62ce3a1faffebb2b4f82272\kotlin-stdlib-2.2.20.jar;C:\Users\DENNISMUTUKU\.gradle\caches\modules-2\files-2.1\org.jetbrains.kotlin\kotlin-script-runtime\2.2.20\4c679cbeac0bb583b75c3a080013da8eaf240807\kotlin-script-runtime-2.2.20.jar;C:\Users\DENNISMUTUKU\.gradle\caches\modules-2\files-2.1\org.jetbrains.kotlin\kotlin-reflect\1.6.10\1cbe9c92c12a94eea200d23c2bbaedaf3daf5132\kotlin-reflect-1.6.10.jar;C:\Users\DENNISMUTUKU\.gradle\caches\modules-2\files-2.1\org.jetbrains.kotlin\kotlin-daemon-embeddable\2.2.20\feff12d48d7f1eb628742b0a721395e16f8755bf\kotlin-daemon-embeddable-2.2.20.jar;C:\Users\DENNISMUTUKU\.gradle\caches\modules-2\files-2.1\org.jetbrains.kotlinx\kotlinx-coroutines-core-jvm\1.8.0\ac1dc37a30a93150b704022f8d895ee1bd3a36b3\kotlinx-coroutines-core-jvm-1.8.0.jar;C:\Users\DENNISMUTUKU\.gradle\caches\modules-2\files-2.1\org.jetbrains\annotations\13.0\919f0dfe192fb4e063e7dacadee7f8bb9a2672a9\annotations-13.0.jar -Djava.awt.headless=true -Djava.rmi.server.hostname=127.0.0.1 -Xmx8G -XX:MaxMetaspaceSize=4G -XX:ReservedCodeCacheSize=512m -Dkotlin.environment.keepalive -ea -XX:+UseCodeCacheFlushing -XX:+UseParallelGC -Dkotlin.daemon.initiator.marker.file=C:\Users\DENNIS~1\AppData\Local\Temp\kotlin-compiler-in-android-6873674910598174074.alive --add-exports java.base/sun.nio.ch=ALL-UNNAMED org.jetbrains.kotlin.daemon.KotlinCompileDaemon --daemon-runFilesPath C:\Users\DENNISMUTUKU\AppData\Local\kotlin\daemon --daemon-autoshutdownIdleSeconds=7200 --daemon-compilerClasspath C:\Users\DENNISMUTUKU\.gradle\caches\modules-2\files-2.1\org.jetbrains.kotlin\kotlin-compiler-embeddable\2.2.20\bb8331b7585e36ea311825b01a1c06860c055fd1\kotlin-compiler-embeddable-2.2.20.jar;C:\Users\DENNISMUTUKU\.gradle\caches\modules-2\files-2.1\org.jetbrains.kotlin\kotlin-stdlib\2.2.20\5380b19fa1924399b62ce3a1faffebb2b4f82272\kotlin-stdlib-2.2.20.jar;C:\Users\DENNISMUTUKU\.gradle\caches\modules-2\files-2.1\org.jetbrains.kotlin\kotlin-script-runtime\2.2.20\4c679cbeac0bb583b75c3a080013da8eaf240807\kotlin-script-runtime-2.2.20.jar;C:\Users\DENNISMUTUKU\.gradle\caches\modules-2\files-2.1\org.jetbrains.kotlin\kotlin-reflect\1.6.10\1cbe9c92c12a94eea200d23c2bbaedaf3daf5132\kotlin-reflect-1.6.10.jar;C:\Users\DENNISMUTUKU\.gradle\caches\modules-2\files-2.1\org.jetbrains.kotlin\kotlin-daemon-embeddable\2.2.20\feff12d48d7f1eb628742b0a721395e16f8755bf\kotlin-daemon-embeddable-2.2.20.jar;C:\Users\DENNISMUTUKU\.gradle\caches\modules-2\files-2.1\org.jetbrains.kotlinx\kotlinx-coroutines-core-jvm\1.8.0\ac1dc37a30a93150b704022f8d895ee1bd3a36b3\kotlinx-coroutines-core-jvm-1.8.0.jar;C:\Users\DENNISMUTUKU\.gradle\caches\modules-2\files-2.1\org.jetbrains\annotations\13.0\919f0dfe192fb4e063e7dacadee7f8bb9a2672a9\annotations-13.0.jar
[        ] i: #1 retrying connecting to the daemon 
[        ] Options for KOTLIN DAEMON: IncrementalCompilationOptions(super=CompilationOptions(compilerMode=INCREMENTAL_COMPILER, targetPlatform=JVM, reportCategories=[0, 3], reportSeverity=2, requestedCompilationResults=[0], kotlinScriptExtensions=[]), sourceChanges=org.jetbrains.kotlin.buildtools.api.SourcesChanges$Unknown@6471339f, classpathChanges=NotAvailableForNonIncrementalRun, workingDir=C:\xampp\htdocs\pace.com\wispapp\build\shared_preferences_android\kotlin\compileDebugKotlin\cacheable, multiModuleICSettings=MultiModuleICSettings(buildHistoryFile=C:\xampp\htdocs\pace.com\wispapp\build\shared_preferences_android\kotlin\compileDebugKotlin\local-state\build-history.bin, useModuleDetection=true), icFeatures=IncrementalCompilationFeatures(usePreciseJavaTracking=true, withAbiSnapshot=false, preciseCompilationResultsBackup=true, keepIncrementalCompilationCachesInMemory=true, enableUnsafeIncrementalCompilationForMultiplatform=false, enableMonotonousIncrementalCompileSetExpansion=true), outputFiles=[C:\xampp\htdocs\pace.com\wispapp\build\shared_preferences_android\tmp\kotlin-classes\debug, C:\xampp\htdocs\pace.com\wispapp\build\shared_preferences_android\kotlin\compileDebugKotlin\cacheable, C:\xampp\htdocs\pace.com\wispapp\build\shared_preferences_android\kotlin\compileDebugKotlin\local-state])
[+5122 ms] > Transform classes.jar (project :path_provider_android) with DexingNoClasspathTransform
[        ] Caching disabled for DexingNoClasspathTransform: C:\xampp\htdocs\pace.com\wispapp\build\path_provider_android\intermediates\runtime_library_classes_jar\debug\bundleLibRuntimeToJarDebug\classes.jar because:
[        ]   Build cache is disabled
[        ] DexingNoClasspathTransform: C:\xampp\htdocs\pace.com\wispapp\build\path_provider_android\intermediates\runtime_library_classes_jar\debug\bundleLibRuntimeToJarDebug\classes.jar is not up-to-date because:
[        ]   No history is available.
[        ] The input changes require a full rebuild for incremental DexingNoClasspathTransform: C:\xampp\htdocs\pace.com\wispapp\build\path_provider_android\intermediates\runtime_library_classes_jar\debug\bundleLibRuntimeToJarDebug\classes.jar.
[        ] Running dexing transform non-incrementally for 'C:\xampp\htdocs\pace.com\wispapp\build\path_provider_android\intermediates\runtime_library_classes_jar\debug\bundleLibRuntimeToJarDebug\classes.jar'
[        ] DexingOutputSplitTransform (Thread[#130,Execution worker,5,main]) started.
[        ] > Transform classes.jar (project :path_provider_android) with DexingOutputSplitTransform
[   +1 ms] Invalidating in-memory cache of C:\Users\DENNISMUTUKU\.gradle\caches\journal-1\file-access.bin
[        ] Caching disabled for DexingOutputSplitTransform: C:\xampp\htdocs\pace.com\wispapp\build\path_provider_android\.transforms\0a3c3ce1e7509b858e4230965d7b7085\transformed\classes because:
[        ]   Build cache is disabled
[        ]   Caching not enabled.
[        ] Invalidating in-memory cache of C:\Users\DENNISMUTUKU\.gradle\caches\8.14\fileHashes\fileHashes.bin
[        ] Invalidating in-memory cache of C:\Users\DENNISMUTUKU\.gradle\caches\8.14\fileHashes\resourceHashesCache.bin
[        ] > Transform bundleLibRuntimeToDirDebug (project :path_provider_android) with DexingNoClasspathTransform
[        ] Caching disabled for DexingNoClasspathTransform: C:\xampp\htdocs\pace.com\wispapp\build\path_provider_android\intermediates\runtime_library_classes_dir\debug\bundleLibRuntimeToDirDebug because:
[        ]   Build cache is disabled
[   +1 ms] DexingNoClasspathTransform: C:\xampp\htdocs\pace.com\wispapp\build\path_provider_android\intermediates\runtime_library_classes_dir\debug\bundleLibRuntimeToDirDebug is not up-to-date because:
[        ]   No history is available.
[   +1 ms] The input changes require a full rebuild for incremental DexingNoClasspathTransform: C:\xampp\htdocs\pace.com\wispapp\build\path_provider_android\intermediates\runtime_library_classes_dir\debug\bundleLibRuntimeToDirDebug.
[        ] Running dexing transform non-incrementally for 'C:\xampp\htdocs\pace.com\wispapp\build\path_provider_android\intermediates\runtime_library_classes_dir\debug\bundleLibRuntimeToDirDebug'
[ +161 ms] DexingOutputSplitTransform (Thread[#131,Execution worker Thread 2,5,main]) started.
[        ] > Transform bundleLibRuntimeToDirDebug (project :path_provider_android) with DexingOutputSplitTransform
[        ] Caching disabled for DexingOutputSplitTransform: C:\xampp\htdocs\pace.com\wispapp\build\path_provider_android\.transforms\4b71f36479ad6d09c7efa2d2cf9befd2\transformed\bundleLibRuntimeToDirDebug because:
[        ]   Build cache is disabled
[        ]   Caching not enabled.
[        ] > Task :app:mergeExtDexDebug
[        ] Caching disabled for IdentityTransform: C:\Users\DENNISMUTUKU\.gradle\caches\8.14\transforms\5c4b3d5cd8b2d8a8c1ad2988d9279c40\transformed\fragment-ktx-1.7.1-runtime.jar because:
[        ]   Build cache is disabled
[        ]   Caching not enabled.
[        ] Caching disabled for DexingNoClasspathTransform: C:\Users\DENNISMUTUKU\.gradle\caches\8.14\transforms\5c4b3d5cd8b2d8a8c1ad2988d9279c40\transformed\fragment-ktx-1.7.1-runtime.jar because:
[        ]   Build cache is disabled
[        ] Running dexing transform non-incrementally for 'C:\Users\DENNISMUTUKU\.gradle\caches\8.14\transforms\5c4b3d5cd8b2d8a8c1ad2988d9279c40\transformed\fragment-ktx-1.7.1-runtime.jar'
[        ] Caching disabled for DexingNoClasspathTransform: C:\Users\DENNISMUTUKU\.gradle\caches\modules-2\files-2.1\io.flutter\flutter_embedding_debug\1.0.0-a5cb96369ef86c7e85abf5d662a1ca5d89775053\954b93b61c4a486cabd1196ff1afeb45711379c3\flutter_embedding_debug-1.0.0-a5cb96369ef86c7e85abf5d662a1ca5d89775053.jar because:
[        ]   Build cache is disabled
[        ] Running dexing transform non-incrementally for 'C:\Users\DENNISMUTUKU\.gradle\caches\modules-2\files-2.1\io.flutter\flutter_embedding_debug\1.0.0-a5cb96369ef86c7e85abf5d662a1ca5d89775053\954b93b61c4a486cabd1196ff1afeb45711379c3\flutter_embedding_debug-1.0.0-a5cb96369ef86c7e85abf5d662a1ca5d89775053.jar'
[        ] Caching disabled for DexingOutputSplitTransform: C:\Users\DENNISMUTUKU\.gradle\caches\8.14\transforms\666b1eeaa4499fd84c5e4c7d35ecaac7\transformed\fragment-ktx-1.7.1-runtime because:
[        ]   Build cache is disabled
[        ]   Caching not enabled.
[        ] Caching disabled for IdentityTransform: C:\Users\DENNISMUTUKU\.gradle\caches\8.14\transforms\6415f13585c44a2bd10ad6352c559eba\transformed\appcompat-1.1.0-runtime.jar because:
[        ]   Build cache is disabled
[        ]   Caching not enabled.
[        ] Caching disabled for IdentityTransform: C:\Users\DENNISMUTUKU\.gradle\caches\8.14\transforms\7f91fbc98eb9dae1b101270c0d64a261\transformed\fragment-1.7.1-runtime.jar because:
[        ]   Build cache is disabled
[        ]   Caching not enabled.
[        ] Caching disabled for DexingNoClasspathTransform: C:\Users\DENNISMUTUKU\.gradle\caches\8.14\transforms\6415f13585c44a2bd10ad6352c559eba\transformed\appcompat-1.1.0-runtime.jar because:
[        ]   Build cache is disabled
[        ] Running dexing transform non-incrementally for 'C:\Users\DENNISMUTUKU\.gradle\caches\8.14\transforms\6415f13585c44a2bd10ad6352c559eba\transformed\appcompat-1.1.0-runtime.jar'
[        ] Caching disabled for DexingNoClasspathTransform: C:\Users\DENNISMUTUKU\.gradle\caches\8.14\transforms\7f91fbc98eb9dae1b101270c0d64a261\transformed\fragment-1.7.1-runtime.jar because:
[        ]   Build cache is disabled
[        ] Running dexing transform non-incrementally for 'C:\Users\DENNISMUTUKU\.gradle\caches\8.14\transforms\7f91fbc98eb9dae1b101270c0d64a261\transformed\fragment-1.7.1-runtime.jar'
[+12499 ms] Caching disabled for DexingOutputSplitTransform: C:\Users\DENNISMUTUKU\.gradle\caches\8.14\transforms\f3da74049a0a50e2798ba159383b8b81\transformed\fragment-1.7.1-runtime because:
[        ]   Build cache is disabled
[        ]   Caching not enabled.
[        ] Caching disabled for IdentityTransform: C:\Users\DENNISMUTUKU\.gradle\caches\8.14\transforms\402769cf101436ba116f86ede5b1a0e0\transformed\recyclerview-1.0.0-runtime.jar because:
[        ]   Build cache is disabled
[        ]   Caching not enabled.
[        ] Caching disabled for DexingNoClasspathTransform: C:\Users\DENNISMUTUKU\.gradle\caches\8.14\transforms\402769cf101436ba116f86ede5b1a0e0\transformed\recyclerview-1.0.0-runtime.jar because:
[        ]   Build cache is disabled
[        ] Running dexing transform non-incrementally for 'C:\Users\DENNISMUTUKU\.gradle\caches\8.14\transforms\402769cf101436ba116f86ede5b1a0e0\transformed\recyclerview-1.0.0-runtime.jar'
[+10690 ms] Invalidating in-memory cache of C:\Users\DENNISMUTUKU\.gradle\caches\8.14\fileHashes\fileHashes.bin
[        ] Invalidating in-memory cache of C:\Users\DENNISMUTUKU\.gradle\caches\8.14\fileHashes\resourceHashesCache.bin
[        ] Invalidating in-memory cache of C:\Users\DENNISMUTUKU\.gradle\caches\journal-1\file-access.bin
[        ] Caching disabled for DexingOutputSplitTransform: C:\Users\DENNISMUTUKU\.gradle\caches\8.14\transforms\305d7748a14cfc426d739ed98cb0502b\transformed\flutter_embedding_debug-1.0.0-a5cb96369ef86c7e85abf5d662a1ca5d89775053 because:
[        ]   Build cache is disabled
[        ]   Caching not enabled.
[ +107 ms] Caching disabled for IdentityTransform: C:\Users\DENNISMUTUKU\.gradle\caches\8.14\transforms\6da08ba1b29eb631a6a9d1ce482767fc\transformed\legacy-support-core-ui-1.0.0-runtime.jar because:
[        ]   Build cache is disabled
[        ]   Caching not enabled.
[        ] Caching disabled for DexingNoClasspathTransform: C:\Users\DENNISMUTUKU\.gradle\caches\8.14\transforms\6da08ba1b29eb631a6a9d1ce482767fc\transformed\legacy-support-core-ui-1.0.0-runtime.jar because:
[        ]   Build cache is disabled
[        ] Running dexing transform non-incrementally for 'C:\Users\DENNISMUTUKU\.gradle\caches\8.14\transforms\6da08ba1b29eb631a6a9d1ce482767fc\transformed\legacy-support-core-ui-1.0.0-runtime.jar'
[ +700 ms] Caching disabled for DexingOutputSplitTransform: C:\Users\DENNISMUTUKU\.gradle\caches\8.14\transforms\af25dc0a0aadccc77d30867cb724f838\transformed\legacy-support-core-ui-1.0.0-runtime because:
[        ]   Build cache is disabled
[        ]   Caching not enabled.
[        ] Caching disabled for IdentityTransform: C:\Users\DENNISMUTUKU\.gradle\caches\8.14\transforms\d7d4f44b78567bfa12c6fde9a02844d7\transformed\slidingpanelayout-1.2.0-runtime.jar because:
[        ]   Build cache is disabled
[        ]   Caching not enabled.
[ +104 ms] Caching disabled for DexingNoClasspathTransform: C:\Users\DENNISMUTUKU\.gradle\caches\8.14\transforms\d7d4f44b78567bfa12c6fde9a02844d7\transformed\slidingpanelayout-1.2.0-runtime.jar because:
[        ]   Build cache is disabled
[  +97 ms] Running dexing transform non-incrementally for 'C:\Users\DENNISMUTUKU\.gradle\caches\8.14\transforms\d7d4f44b78567bfa12c6fde9a02844d7\transformed\slidingpanelayout-1.2.0-runtime.jar'
[ +598 ms] Caching disabled for DexingOutputSplitTransform: C:\Users\DENNISMUTUKU\.gradle\caches\8.14\transforms\6cf270279d226900a33e2fc7171f82a7\transformed\appcompat-1.1.0-runtime because:
[        ]   Build cache is disabled
[        ]   Caching not enabled.
[ +402 ms] Caching disabled for DexingOutputSplitTransform: C:\Users\DENNISMUTUKU\.gradle\caches\8.14\transforms\a79de061a7527504468405c4fddbd0c2\transformed\slidingpanelayout-1.2.0-runtime because:
[        ]   Build cache is disabled
[        ]   Caching not enabled.
[        ] Caching disabled for IdentityTransform: C:\Users\DENNISMUTUKU\.gradle\caches\8.14\transforms\38b8150e3705feeb0043ac3625a00f12\transformed\window-java-1.2.0-runtime.jar because:
[        ]   Build cache is disabled
[        ]   Caching not enabled.
[        ] Caching disabled for IdentityTransform: C:\Users\DENNISMUTUKU\.gradle\caches\8.14\transforms\1c74151fd71685243323e3ed58eae076\transformed\window-1.2.0-runtime.jar because:
[        ]   Build cache is disabled
[        ]   Caching not enabled.
[        ] Caching disabled for DexingNoClasspathTransform: C:\Users\DENNISMUTUKU\.gradle\caches\8.14\transforms\38b8150e3705feeb0043ac3625a00f12\transformed\window-java-1.2.0-runtime.jar because:
[        ]   Build cache is disabled
[        ] Running dexing transform non-incrementally for 'C:\Users\DENNISMUTUKU\.gradle\caches\8.14\transforms\38b8150e3705feeb0043ac3625a00f12\transformed\window-java-1.2.0-runtime.jar'
[ +203 ms] Caching disabled for DexingOutputSplitTransform: C:\Users\DENNISMUTUKU\.gradle\caches\8.14\transforms\363b89c1a5d01411b38d5c99167f98ef\transformed\window-java-1.2.0-runtime because:
[        ]   Build cache is disabled
[        ]   Caching not enabled.
[  +89 ms] Caching disabled for IdentityTransform: C:\Users\DENNISMUTUKU\.gradle\caches\8.14\transforms\8d62124b988abc9cfb47902073b7a3d0\transformed\activity-ktx-1.8.1-runtime.jar because:
[        ]   Build cache is disabled
[        ]   Caching not enabled.
[        ] Caching disabled for DexingNoClasspathTransform: C:\Users\DENNISMUTUKU\.gradle\caches\8.14\transforms\1c74151fd71685243323e3ed58eae076\transformed\window-1.2.0-runtime.jar because:
[        ]   Build cache is disabled
[        ] Running dexing transform non-incrementally for 'C:\Users\DENNISMUTUKU\.gradle\caches\8.14\transforms\1c74151fd71685243323e3ed58eae076\transformed\window-1.2.0-runtime.jar'
[ +110 ms] Caching disabled for DexingNoClasspathTransform: C:\Users\DENNISMUTUKU\.gradle\caches\8.14\transforms\8d62124b988abc9cfb47902073b7a3d0\transformed\activity-ktx-1.8.1-runtime.jar because:
[        ]   Build cache is disabled
[        ] Running dexing transform non-incrementally for 'C:\Users\DENNISMUTUKU\.gradle\caches\8.14\transforms\8d62124b988abc9cfb47902073b7a3d0\transformed\activity-ktx-1.8.1-runtime.jar'
[ +489 ms] Caching disabled for DexingOutputSplitTransform: C:\Users\DENNISMUTUKU\.gradle\caches\8.14\transforms\ad2a2ce1b8e318dc5fecfd15d9d6b6e4\transformed\activity-ktx-1.8.1-runtime because:
[        ]   Build cache is disabled
[        ]   Caching not enabled.
[ +319 ms] Caching disabled for IdentityTransform: C:\Users\DENNISMUTUKU\.gradle\caches\8.14\transforms\c2194d5b371b614c4dad59b243e97708\transformed\activity-1.8.1-runtime.jar because:
[        ]   Build cache is disabled
[        ]   Caching not enabled.
[  +74 ms] Caching disabled for DexingNoClasspathTransform: C:\Users\DENNISMUTUKU\.gradle\caches\8.14\transforms\c2194d5b371b614c4dad59b243e97708\transformed\activity-1.8.1-runtime.jar because:
[        ]   Build cache is disabled
[        ] Running dexing transform non-incrementally for 'C:\Users\DENNISMUTUKU\.gradle\caches\8.14\transforms\c2194d5b371b614c4dad59b243e97708\transformed\activity-1.8.1-runtime.jar'
[+2299 ms] Caching disabled for DexingOutputSplitTransform: C:\Users\DENNISMUTUKU\.gradle\caches\8.14\transforms\946d802e2eefd588cfbb7182eafe4c9f\transformed\recyclerview-1.0.0-runtime because:
[        ]   Build cache is disabled
[        ]   Caching not enabled.
[        ] Caching disabled for IdentityTransform: C:\Users\DENNISMUTUKU\.gradle\caches\8.14\transforms\96b3bce0e354a446391f0ce76424945b\transformed\legacy-support-core-utils-1.0.0-runtime.jar because:
[        ]   Build cache is disabled
[        ]   Caching not enabled.
[  +95 ms] Caching disabled for DexingNoClasspathTransform: C:\Users\DENNISMUTUKU\.gradle\caches\8.14\transforms\96b3bce0e354a446391f0ce76424945b\transformed\legacy-support-core-utils-1.0.0-runtime.jar because:
[        ]   Build cache is disabled
[        ] Running dexing transform non-incrementally for 'C:\Users\DENNISMUTUKU\.gradle\caches\8.14\transforms\96b3bce0e354a446391f0ce76424945b\transformed\legacy-support-core-utils-1.0.0-runtime.jar'
[        ] Caching disabled for DexingOutputSplitTransform: C:\Users\DENNISMUTUKU\.gradle\caches\8.14\transforms\d6fe0f41aaeda3a9c6ace2ca9c51c102\transformed\legacy-support-core-utils-1.0.0-runtime because:
[        ]   Build cache is disabled
[        ]   Caching not enabled.
[ +202 ms] Caching disabled for IdentityTransform: C:\Users\DENNISMUTUKU\.gradle\caches\8.14\transforms\6203b60e3dbb0a87a6d4d5c37b2e14fc\transformed\loader-1.0.0-runtime.jar because:
[        ]   Build cache is disabled
[        ]   Caching not enabled.
[ +104 ms] Caching disabled for DexingNoClasspathTransform: C:\Users\DENNISMUTUKU\.gradle\caches\8.14\transforms\6203b60e3dbb0a87a6d4d5c37b2e14fc\transformed\loader-1.0.0-runtime.jar because:
[        ]   Build cache is disabled
[        ] Running dexing transform non-incrementally for 'C:\Users\DENNISMUTUKU\.gradle\caches\8.14\transforms\6203b60e3dbb0a87a6d4d5c37b2e14fc\transformed\loader-1.0.0-runtime.jar'
[ +497 ms] Caching disabled for DexingOutputSplitTransform: C:\Users\DENNISMUTUKU\.gradle\caches\8.14\transforms\16ef9c6a4414cc852240d42a6416233c\transformed\loader-1.0.0-runtime because:
[        ]   Build cache is disabled
[        ]   Caching not enabled.
[        ] Caching disabled for IdentityTransform: C:\Users\DENNISMUTUKU\.gradle\caches\8.14\transforms\7bc591fe9c3b11b0622b0794e1d87f3c\transformed\viewpager-1.0.0-runtime.jar because:
[        ]   Build cache is disabled
[        ]   Caching not enabled.
[        ] Caching disabled for DexingNoClasspathTransform: C:\Users\DENNISMUTUKU\.gradle\caches\8.14\transforms\7bc591fe9c3b11b0622b0794e1d87f3c\transformed\viewpager-1.0.0-runtime.jar because:
[        ]   Build cache is disabled
[  +95 ms] Caching disabled for DexingOutputSplitTransform: C:\Users\DENNISMUTUKU\.gradle\caches\8.14\transforms\0f828c6f7895623dd9249db8be68b5c3\transformed\activity-1.8.1-runtime because:
[        ]   Build cache is disabled
[        ]   Caching not enabled.
[        ] Running dexing transform non-incrementally for 'C:\Users\DENNISMUTUKU\.gradle\caches\8.14\transforms\7bc591fe9c3b11b0622b0794e1d87f3c\transformed\viewpager-1.0.0-runtime.jar'
[+1305 ms] INFO: D8: Stripped invalid locals information from 1 method.
[        ] INFO: C:\Users\DENNISMUTUKU\.gradle\caches\8.14\transforms\7bc591fe9c3b11b0622b0794e1d87f3c\transformed\viewpager-1.0.0-runtime.jar: D8: Methods with invalid locals information:
[        ]   void androidx.viewpager.widget.PagerTitleStrip.updateTextPositions(int, float, boolean)
[        ]   Information in locals-table is invalid with respect to the stack map table. Local refers to non-present stack map type for register: 37 with constraint INT.
[        ] INFO: D8: Some warnings are typically a sign of using an outdated Java toolchain. To fix, recompile the source with an updated toolchain.
[  +92 ms] Caching disabled for DexingOutputSplitTransform: C:\Users\DENNISMUTUKU\.gradle\caches\8.14\transforms\f3475db2ad241993497130bca23deb1a\transformed\viewpager-1.0.0-runtime because:
[        ]   Build cache is disabled
[        ]   Caching not enabled.
[  +93 ms] Caching disabled for IdentityTransform: C:\Users\DENNISMUTUKU\.gradle\caches\8.14\transforms\33ea240fdb5afc29a810fabb1ed10a10\transformed\lifecycle-runtime-ktx-2.7.0-runtime.jar because:
[        ]   Build cache is disabled
[        ]   Caching not enabled.
[        ] Caching disabled for DexingNoClasspathTransform: C:\Users\DENNISMUTUKU\.gradle\caches\8.14\transforms\33ea240fdb5afc29a810fabb1ed10a10\transformed\lifecycle-runtime-ktx-2.7.0-runtime.jar because:
[        ]   Build cache is disabled
[        ] Running dexing transform non-incrementally for 'C:\Users\DENNISMUTUKU\.gradle\caches\8.14\transforms\33ea240fdb5afc29a810fabb1ed10a10\transformed\lifecycle-runtime-ktx-2.7.0-runtime.jar'
[        ] Caching disabled for IdentityTransform: C:\Users\DENNISMUTUKU\.gradle\caches\8.14\transforms\623e431d83d2fa1df0d14b7ff6d8b79b\transformed\lifecycle-livedata-2.7.0-runtime.jar because:
[        ]   Build cache is disabled
[        ]   Caching not enabled.
[ +165 ms] Caching disabled for DexingNoClasspathTransform: C:\Users\DENNISMUTUKU\.gradle\caches\8.14\transforms\623e431d83d2fa1df0d14b7ff6d8b79b\transformed\lifecycle-livedata-2.7.0-runtime.jar because:
[        ]   Build cache is disabled
[        ] Running dexing transform non-incrementally for 'C:\Users\DENNISMUTUKU\.gradle\caches\8.14\transforms\623e431d83d2fa1df0d14b7ff6d8b79b\transformed\lifecycle-livedata-2.7.0-runtime.jar'
[ +330 ms] Caching disabled for DexingOutputSplitTransform: C:\Users\DENNISMUTUKU\.gradle\caches\8.14\transforms\14f29a3a42e8ab03dbc9cb6c60ab11d5\transformed\window-1.2.0-runtime because:
[        ]   Build cache is disabled
[        ]   Caching not enabled.
[ +112 ms] Caching disabled for IdentityTransform: C:\Users\DENNISMUTUKU\.gradle\caches\8.14\transforms\c9b1541bb272584b0e2cafccd19b574a\transformed\lifecycle-livedata-core-ktx-2.7.0-runtime.jar because:
[        ]   Build cache is disabled
[        ]   Caching not enabled.
[        ] Caching disabled for DexingNoClasspathTransform: C:\Users\DENNISMUTUKU\.gradle\caches\8.14\transforms\c9b1541bb272584b0e2cafccd19b574a\transformed\lifecycle-livedata-core-ktx-2.7.0-runtime.jar because:
[        ]   Build cache is disabled
[        ] Running dexing transform non-incrementally for 'C:\Users\DENNISMUTUKU\.gradle\caches\8.14\transforms\c9b1541bb272584b0e2cafccd19b574a\transformed\lifecycle-livedata-core-ktx-2.7.0-runtime.jar'
[        ] Caching disabled for DexingOutputSplitTransform: C:\Users\DENNISMUTUKU\.gradle\caches\8.14\transforms\29dad8fab0f8097488c3f31542c1da20\transformed\lifecycle-livedata-core-ktx-2.7.0-runtime because:
[        ]   Build cache is disabled
[        ]   Caching not enabled.
[ +197 ms] Caching disabled for IdentityTransform: C:\Users\DENNISMUTUKU\.gradle\caches\8.14\transforms\93e015d1646b042169fa3dc43d61ef8e\transformed\lifecycle-viewmodel-ktx-2.7.0-runtime.jar because:
[        ]   Build cache is disabled
[        ]   Caching not enabled.
[        ] Caching disabled for DexingNoClasspathTransform: C:\Users\DENNISMUTUKU\.gradle\caches\8.14\transforms\93e015d1646b042169fa3dc43d61ef8e\transformed\lifecycle-viewmodel-ktx-2.7.0-runtime.jar because:
[        ]   Build cache is disabled
[        ] Running dexing transform non-incrementally for 'C:\Users\DENNISMUTUKU\.gradle\caches\8.14\transforms\93e015d1646b042169fa3dc43d61ef8e\transformed\lifecycle-viewmodel-ktx-2.7.0-runtime.jar'
[        ] Caching disabled for DexingOutputSplitTransform: C:\Users\DENNISMUTUKU\.gradle\caches\8.14\transforms\6d176264c3b75d24ae05acafb1d772f1\transformed\lifecycle-livedata-2.7.0-runtime because:
[        ]   Build cache is disabled
[        ]   Caching not enabled.
[        ] Caching disabled for IdentityTransform: C:\Users\DENNISMUTUKU\.gradle\caches\8.14\transforms\3b15e0047d0530cdd6d057f6e9d9a371\transformed\lifecycle-viewmodel-2.7.0-runtime.jar because:
[        ]   Build cache is disabled
[        ]   Caching not enabled.
[  +90 ms] Caching disabled for DexingOutputSplitTransform: C:\Users\DENNISMUTUKU\.gradle\caches\8.14\transforms\44986294a4356886a4d28212c8ce2810\transformed\lifecycle-viewmodel-ktx-2.7.0-runtime because:
[        ]   Build cache is disabled
[        ]   Caching not enabled.
[        ] Caching disabled for DexingOutputSplitTransform: C:\Users\DENNISMUTUKU\.gradle\caches\8.14\transforms\ec0d14c2db933b342bf8c35a90e74d79\transformed\lifecycle-runtime-ktx-2.7.0-runtime because:
[        ]   Build cache is disabled
[        ]   Caching not enabled.
[        ] Caching disabled for DexingNoClasspathTransform: C:\Users\DENNISMUTUKU\.gradle\caches\8.14\transforms\3b15e0047d0530cdd6d057f6e9d9a371\transformed\lifecycle-viewmodel-2.7.0-runtime.jar because:
[        ]   Build cache is disabled
[        ] Running dexing transform non-incrementally for 'C:\Users\DENNISMUTUKU\.gradle\caches\8.14\transforms\3b15e0047d0530cdd6d057f6e9d9a371\transformed\lifecycle-viewmodel-2.7.0-runtime.jar'
[        ] Caching disabled for IdentityTransform: C:\Users\DENNISMUTUKU\.gradle\caches\8.14\transforms\110465b5c40f1f1a065b8b4eca4908df\transformed\lifecycle-livedata-core-2.7.0-runtime.jar because:
[        ]   Build cache is disabled
[        ]   Caching not enabled.
[ +105 ms] Caching disabled for DexingNoClasspathTransform: C:\Users\DENNISMUTUKU\.gradle\caches\8.14\transforms\110465b5c40f1f1a065b8b4eca4908df\transformed\lifecycle-livedata-core-2.7.0-runtime.jar because:
[        ]   Build cache is disabled
[        ] Running dexing transform non-incrementally for 'C:\Users\DENNISMUTUKU\.gradle\caches\8.14\transforms\110465b5c40f1f1a065b8b4eca4908df\transformed\lifecycle-livedata-core-2.7.0-runtime.jar'
[  +98 ms] Caching disabled for DexingOutputSplitTransform: C:\Users\DENNISMUTUKU\.gradle\caches\8.14\transforms\54b655e240720e498f405950b3d5891d\transformed\lifecycle-livedata-core-2.7.0-runtime because:
[        ]   Build cache is disabled
[        ]   Caching not enabled.
[        ] Caching disabled for IdentityTransform: C:\Users\DENNISMUTUKU\.gradle\caches\8.14\transforms\3194d59d442fc58b1e7526ee13065dd5\transformed\lifecycle-viewmodel-savedstate-2.7.0-runtime.jar because:
[        ]   Build cache is disabled
[        ]   Caching not enabled.
[        ] Caching disabled for DexingNoClasspathTransform: C:\Users\DENNISMUTUKU\.gradle\caches\8.14\transforms\3194d59d442fc58b1e7526ee13065dd5\transformed\lifecycle-viewmodel-savedstate-2.7.0-runtime.jar because:
[        ]   Build cache is disabled
[        ] Running dexing transform non-incrementally for 'C:\Users\DENNISMUTUKU\.gradle\caches\8.14\transforms\3194d59d442fc58b1e7526ee13065dd5\transformed\lifecycle-viewmodel-savedstate-2.7.0-runtime.jar'
[  +86 ms] Caching disabled for DexingOutputSplitTransform: C:\Users\DENNISMUTUKU\.gradle\caches\8.14\transforms\f7c6336640cc52902e5b95cfada9565b\transformed\lifecycle-viewmodel-2.7.0-runtime because:
[        ]   Build cache is disabled
[        ]   Caching not enabled.
[        ] Caching disabled for IdentityTransform: C:\Users\DENNISMUTUKU\.gradle\caches\8.14\transforms\37d49a16f2f122e967ce6aa2aa4622f5\transformed\core-ktx-1.13.1-runtime.jar because:
[        ]   Build cache is disabled
[        ]   Caching not enabled.
[        ] Caching disabled for DexingNoClasspathTransform: C:\Users\DENNISMUTUKU\.gradle\caches\8.14\transforms\37d49a16f2f122e967ce6aa2aa4622f5\transformed\core-ktx-1.13.1-runtime.jar because:
[        ]   Build cache is disabled
[        ] Running dexing transform non-incrementally for 'C:\Users\DENNISMUTUKU\.gradle\caches\8.14\transforms\37d49a16f2f122e967ce6aa2aa4622f5\transformed\core-ktx-1.13.1-runtime.jar'
[        ] Caching disabled for IdentityTransform: C:\Users\DENNISMUTUKU\.gradle\caches\8.14\transforms\28473993b96130f5d3c9b87e533fa4bf\transformed\appcompat-resources-1.1.0-runtime.jar because:
[        ]   Build cache is disabled
[        ]   Caching not enabled.
[ +105 ms] Caching disabled for DexingNoClasspathTransform: C:\Users\DENNISMUTUKU\.gradle\caches\8.14\transforms\28473993b96130f5d3c9b87e533fa4bf\transformed\appcompat-resources-1.1.0-runtime.jar because:
[        ]   Build cache is disabled
[        ] Running dexing transform non-incrementally for 'C:\Users\DENNISMUTUKU\.gradle\caches\8.14\transforms\28473993b96130f5d3c9b87e533fa4bf\transformed\appcompat-resources-1.1.0-runtime.jar'
[ +207 ms] Caching disabled for DexingOutputSplitTransform: C:\Users\DENNISMUTUKU\.gradle\caches\8.14\transforms\c58dce1c4a3497893ebfebf3185ec822\transformed\lifecycle-viewmodel-savedstate-2.7.0-runtime because:
[        ]   Build cache is disabled
[        ]   Caching not enabled.
[  +90 ms] Caching disabled for IdentityTransform: C:\Users\DENNISMUTUKU\.gradle\caches\8.14\transforms\d79b941ce3f2985b9a725a81e2815952\transformed\drawerlayout-1.0.0-runtime.jar because:
[        ]   Build cache is disabled
[        ]   Caching not enabled.
[        ] Caching disabled for DexingNoClasspathTransform: C:\Users\DENNISMUTUKU\.gradle\caches\8.14\transforms\d79b941ce3f2985b9a725a81e2815952\transformed\drawerlayout-1.0.0-runtime.jar because:
[        ]   Build cache is disabled
[        ] Running dexing transform non-incrementally for 'C:\Users\DENNISMUTUKU\.gradle\caches\8.14\transforms\d79b941ce3f2985b9a725a81e2815952\transformed\drawerlayout-1.0.0-runtime.jar'
[ +896 ms] Invalidating in-memory cache of C:\Users\DENNISMUTUKU\.gradle\caches\journal-1\file-access.bin
[        ] Caching disabled for DexingOutputSplitTransform: C:\Users\DENNISMUTUKU\.gradle\caches\8.14\transforms\0982b6ba048613617864039b31548b1e\transformed\drawerlayout-1.0.0-runtime because:
[        ]   Build cache is disabled
[        ]   Caching not enabled.
[  +93 ms] Caching disabled for IdentityTransform: C:\Users\DENNISMUTUKU\.gradle\caches\8.14\transforms\9058d232f32d1447eb1002d6b0ddd0be\transformed\coordinatorlayout-1.0.0-runtime.jar because:
[        ]   Build cache is disabled
[        ]   Caching not enabled.
[        ] Caching disabled for DexingNoClasspathTransform: C:\Users\DENNISMUTUKU\.gradle\caches\8.14\transforms\9058d232f32d1447eb1002d6b0ddd0be\transformed\coordinatorlayout-1.0.0-runtime.jar because:
[        ]   Build cache is disabled
[        ] Running dexing transform non-incrementally for 'C:\Users\DENNISMUTUKU\.gradle\caches\8.14\transforms\9058d232f32d1447eb1002d6b0ddd0be\transformed\coordinatorlayout-1.0.0-runtime.jar'
[+2715 ms] Invalidating in-memory cache of C:\Users\DENNISMUTUKU\.gradle\caches\8.14\fileHashes\fileHashes.bin
[   +2 ms] Invalidating in-memory cache of C:\Users\DENNISMUTUKU\.gradle\caches\8.14\fileHashes\resourceHashesCache.bin
[        ] Invalidating in-memory cache of C:\Users\DENNISMUTUKU\.gradle\caches\journal-1\file-access.bin
[        ] Caching disabled for DexingOutputSplitTransform: C:\Users\DENNISMUTUKU\.gradle\caches\8.14\transforms\88478cd4f213b932a55d5a31a144ecd0\transformed\appcompat-resources-1.1.0-runtime because:
[        ]   Build cache is disabled
[        ]   Caching not enabled.
[  +86 ms] Caching disabled for DexingOutputSplitTransform: C:\Users\DENNISMUTUKU\.gradle\caches\8.14\transforms\87f177d1ecb68c7d75c71526418776e3\transformed\core-ktx-1.13.1-runtime because:
[        ]   Build cache is disabled
[        ]   Caching not enabled.
[        ] Caching disabled for IdentityTransform: C:\Users\DENNISMUTUKU\.gradle\caches\8.14\transforms\c0071a3da87b39a4530c2df686a2c66e\transformed\customview-1.1.0-runtime.jar because:
[        ]   Build cache is disabled
[        ]   Caching not enabled.
[        ] Caching disabled for DexingNoClasspathTransform: C:\Users\DENNISMUTUKU\.gradle\caches\8.14\transforms\c0071a3da87b39a4530c2df686a2c66e\transformed\customview-1.1.0-runtime.jar because:
[        ]   Build cache is disabled
[        ] Running dexing transform non-incrementally for 'C:\Users\DENNISMUTUKU\.gradle\caches\8.14\transforms\c0071a3da87b39a4530c2df686a2c66e\transformed\customview-1.1.0-runtime.jar'
[  +92 ms] Caching disabled for DexingOutputSplitTransform: C:\Users\DENNISMUTUKU\.gradle\caches\8.14\transforms\1e6bea90837a9957f50897f7664edb33\transformed\coordinatorlayout-1.0.0-runtime because:
[        ]   Build cache is disabled
[        ]   Caching not enabled.
[+1194 ms] Invalidating in-memory cache of C:\Users\DENNISMUTUKU\.gradle\caches\8.14\fileHashes\fileHashes.bin
[        ] Invalidating in-memory cache of C:\Users\DENNISMUTUKU\.gradle\caches\8.14\fileHashes\resourceHashesCache.bin
[        ] Invalidating in-memory cache of C:\Users\DENNISMUTUKU\.gradle\caches\journal-1\file-access.bin
[        ] Caching disabled for DexingOutputSplitTransform: C:\Users\DENNISMUTUKU\.gradle\caches\8.14\transforms\2ef8f475d9d55a2fcdef67095e3018f0\transformed\customview-1.1.0-runtime because:
[        ]   Build cache is disabled
[        ]   Caching not enabled.
[        ] Caching disabled for IdentityTransform: C:\Users\DENNISMUTUKU\.gradle\caches\8.14\transforms\6b6778caebf44b509921f456c1ac3ee2\transformed\transition-1.4.1-runtime.jar because:
[        ]   Build cache is disabled
[        ]   Caching not enabled.
[        ] Caching disabled for IdentityTransform: C:\Users\DENNISMUTUKU\.gradle\caches\8.14\transforms\0b4cdff825fae660030e4524613ca20d\transformed\vectordrawable-animated-1.1.0-runtime.jar because:
[        ]   Build cache is disabled
[        ]   Caching not enabled.
[        ] Caching disabled for IdentityTransform: C:\Users\DENNISMUTUKU\.gradle\caches\8.14\transforms\441bc565df1737223efe8eaad83bf48d\transformed\vectordrawable-1.1.0-runtime.jar because:
[        ]   Build cache is disabled
[        ]   Caching not enabled.
[  +17 ms] Caching disabled for DexingNoClasspathTransform: C:\Users\DENNISMUTUKU\.gradle\caches\8.14\transforms\6b6778caebf44b509921f456c1ac3ee2\transformed\transition-1.4.1-runtime.jar because:
[        ]   Build cache is disabled
[        ] Running dexing transform non-incrementally for 'C:\Users\DENNISMUTUKU\.gradle\caches\8.14\transforms\6b6778caebf44b509921f456c1ac3ee2\transformed\transition-1.4.1-runtime.jar'
[  +91 ms] Caching disabled for DexingNoClasspathTransform: C:\Users\DENNISMUTUKU\.gradle\caches\8.14\transforms\441bc565df1737223efe8eaad83bf48d\transformed\vectordrawable-1.1.0-runtime.jar because:
[        ]   Build cache is disabled
[        ] Caching disabled for DexingNoClasspathTransform: C:\Users\DENNISMUTUKU\.gradle\caches\8.14\transforms\0b4cdff825fae660030e4524613ca20d\transformed\vectordrawable-animated-1.1.0-runtime.jar because:
[        ]   Build cache is disabled
[        ] Running dexing transform non-incrementally for 'C:\Users\DENNISMUTUKU\.gradle\caches\8.14\transforms\441bc565df1737223efe8eaad83bf48d\transformed\vectordrawable-1.1.0-runtime.jar'
[        ] Running dexing transform non-incrementally for 'C:\Users\DENNISMUTUKU\.gradle\caches\8.14\transforms\0b4cdff825fae660030e4524613ca20d\transformed\vectordrawable-animated-1.1.0-runtime.jar'
[+1599 ms] Caching disabled for DexingOutputSplitTransform: C:\Users\DENNISMUTUKU\.gradle\caches\8.14\transforms\2ffa45bc5dd49ec223554b8b2fc41c9c\transformed\vectordrawable-1.1.0-runtime because:
[        ]   Build cache is disabled
[        ]   Caching not enabled.
[ +124 ms] Caching disabled for IdentityTransform: C:\Users\DENNISMUTUKU\.gradle\caches\8.14\transforms\c349ab44dd0e661d0ee0cd6c66da5de9\transformed\swiperefreshlayout-1.0.0-runtime.jar because:
[        ]   Build cache is disabled
[        ]   Caching not enabled.
[        ] Caching disabled for DexingOutputSplitTransform: C:\Users\DENNISMUTUKU\.gradle\caches\8.14\transforms\33b7737784f98a89666e7a46f2f1319f\transformed\vectordrawable-animated-1.1.0-runtime because:
[        ]   Build cache is disabled
[        ]   Caching not enabled.
[ +122 ms] Caching disabled for DexingNoClasspathTransform: C:\Users\DENNISMUTUKU\.gradle\caches\8.14\transforms\c349ab44dd0e661d0ee0cd6c66da5de9\transformed\swiperefreshlayout-1.0.0-runtime.jar because:
[        ]   Build cache is disabled
[        ] Running dexing transform non-incrementally for 'C:\Users\DENNISMUTUKU\.gradle\caches\8.14\transforms\c349ab44dd0e661d0ee0cd6c66da5de9\transformed\swiperefreshlayout-1.0.0-runtime.jar'
[        ] Caching disabled for IdentityTransform: C:\Users\DENNISMUTUKU\.gradle\caches\8.14\transforms\51eec3d63e252d6c1750fba47630dcf0\transformed\asynclayoutinflater-1.0.0-runtime.jar because:
[        ]   Build cache is disabled
[        ]   Caching not enabled.
[  +98 ms] Caching disabled for DexingNoClasspathTransform: C:\Users\DENNISMUTUKU\.gradle\caches\8.14\transforms\51eec3d63e252d6c1750fba47630dcf0\transformed\asynclayoutinflater-1.0.0-runtime.jar because:
[        ]   Build cache is disabled
[        ] Running dexing transform non-incrementally for 'C:\Users\DENNISMUTUKU\.gradle\caches\8.14\transforms\51eec3d63e252d6c1750fba47630dcf0\transformed\asynclayoutinflater-1.0.0-runtime.jar'
[ +127 ms] Caching disabled for DexingOutputSplitTransform: C:\Users\DENNISMUTUKU\.gradle\caches\8.14\transforms\03642a51e6cbd9d2c5bc81b51b2fce79\transformed\asynclayoutinflater-1.0.0-runtime because:
[        ]   Build cache is disabled
[        ]   Caching not enabled.
[        ] Caching disabled for IdentityTransform: C:\Users\DENNISMUTUKU\.gradle\caches\8.14\transforms\92805240efca4a3152a00180f53bd1d1\transformed\core-1.13.1-runtime.jar because:
[        ]   Build cache is disabled
[        ]   Caching not enabled.
[        ] Caching disabled for DexingNoClasspathTransform: C:\Users\DENNISMUTUKU\.gradle\caches\8.14\transforms\92805240efca4a3152a00180f53bd1d1\transformed\core-1.13.1-runtime.jar because:
[        ]   Build cache is disabled
[        ] Running dexing transform non-incrementally for 'C:\Users\DENNISMUTUKU\.gradle\caches\8.14\transforms\92805240efca4a3152a00180f53bd1d1\transformed\core-1.13.1-runtime.jar'
[  +87 ms] Caching disabled for DexingOutputSplitTransform: C:\Users\DENNISMUTUKU\.gradle\caches\8.14\transforms\48375866fdfa0eae2dcb54b83c77bd07\transformed\swiperefreshlayout-1.0.0-runtime because:
[        ]   Build cache is disabled
[        ]   Caching not enabled.
[+2188 ms] Caching disabled for DexingOutputSplitTransform: C:\Users\DENNISMUTUKU\.gradle\caches\8.14\transforms\7093efd3076ab7b7f690ddb171f92855\transformed\transition-1.4.1-runtime because:
[        ]   Build cache is disabled
[        ]   Caching not enabled.
[+15938 ms] Invalidating in-memory cache of C:\Users\DENNISMUTUKU\.gradle\caches\8.14\fileHashes\fileHashes.bin
[        ] Invalidating in-memory cache of C:\Users\DENNISMUTUKU\.gradle\caches\8.14\fileHashes\resourceHashesCache.bin
[ +108 ms] Invalidating in-memory cache of C:\Users\DENNISMUTUKU\.gradle\caches\journal-1\file-access.bin
[        ] Caching disabled for DexingOutputSplitTransform: C:\Users\DENNISMUTUKU\.gradle\caches\8.14\transforms\a32848eba72cc3c4e67b5018f2f85fe4\transformed\core-1.13.1-runtime because:
[        ]   Build cache is disabled
[        ]   Caching not enabled.
[        ] Caching disabled for IdentityTransform: C:\Users\DENNISMUTUKU\.gradle\caches\8.14\transforms\278d25167ecaaa4fe52ac55583daa0cb\transformed\lifecycle-runtime-2.7.0-runtime.jar because:
[        ]   Build cache is disabled
[        ]   Caching not enabled.
[        ] Caching disabled for IdentityTransform: C:\Users\DENNISMUTUKU\.gradle\caches\8.14\transforms\b3ca55148101b8af6e7dfeee94e9c86e\transformed\lifecycle-process-2.7.0-runtime.jar because:
[        ]   Build cache is disabled
[        ]   Caching not enabled.
[        ] Caching disabled for DexingNoClasspathTransform: C:\Users\DENNISMUTUKU\.gradle\caches\modules-2\files-2.1\androidx.lifecycle\lifecycle-common-java8\2.7.0\2ad14aed781c4a73ed4dbb421966d408a0a06686\lifecycle-common-java8-2.7.0.jar because:
[        ]   Build cache is disabled
[        ] Running dexing transform non-incrementally for 'C:\Users\DENNISMUTUKU\.gradle\caches\modules-2\files-2.1\androidx.lifecycle\lifecycle-common-java8\2.7.0\2ad14aed781c4a73ed4dbb421966d408a0a06686\lifecycle-common-java8-2.7.0.jar'
[        ] Caching disabled for DexingNoClasspathTransform: C:\Users\DENNISMUTUKU\.gradle\caches\8.14\transforms\278d25167ecaaa4fe52ac55583daa0cb\transformed\lifecycle-runtime-2.7.0-runtime.jar because:
[        ]   Build cache is disabled
[        ] Caching disabled for DexingNoClasspathTransform: C:\Users\DENNISMUTUKU\.gradle\caches\8.14\transforms\b3ca55148101b8af6e7dfeee94e9c86e\transformed\lifecycle-process-2.7.0-runtime.jar because:
[        ]   Build cache is disabled
[        ] Running dexing transform non-incrementally for 'C:\Users\DENNISMUTUKU\.gradle\caches\8.14\transforms\278d25167ecaaa4fe52ac55583daa0cb\transformed\lifecycle-runtime-2.7.0-runtime.jar'
[        ] Running dexing transform non-incrementally for 'C:\Users\DENNISMUTUKU\.gradle\caches\8.14\transforms\b3ca55148101b8af6e7dfeee94e9c86e\transformed\lifecycle-process-2.7.0-runtime.jar'
[        ] Caching disabled for DexingOutputSplitTransform: C:\Users\DENNISMUTUKU\.gradle\caches\8.14\transforms\fb989ddc7caefa08644cd506233e1e49\transformed\lifecycle-common-java8-2.7.0 because:
[        ]   Build cache is disabled
[        ]   Caching not enabled.
[        ] Caching disabled for IdentityTransform: C:\Users\DENNISMUTUKU\.gradle\caches\8.14\transforms\0b947ad0652ca94be1127c7d9dfedd88\transformed\savedstate-ktx-1.2.1-runtime.jar because:
[        ]   Build cache is disabled
[        ]   Caching not enabled.
[        ] Caching disabled for DexingNoClasspathTransform: C:\Users\DENNISMUTUKU\.gradle\caches\8.14\transforms\0b947ad0652ca94be1127c7d9dfedd88\transformed\savedstate-ktx-1.2.1-runtime.jar because:
[        ]   Build cache is disabled
[  +90 ms] Running dexing transform non-incrementally for 'C:\Users\DENNISMUTUKU\.gradle\caches\8.14\transforms\0b947ad0652ca94be1127c7d9dfedd88\transformed\savedstate-ktx-1.2.1-runtime.jar'
[ +109 ms] Caching disabled for DexingOutputSplitTransform: C:\Users\DENNISMUTUKU\.gradle\caches\8.14\transforms\bdefe46fb34abeea789f3da1aaae4597\transformed\lifecycle-process-2.7.0-runtime because:
[        ]   Build cache is disabled
[        ]   Caching not enabled.
[        ] Caching disabled for IdentityTransform: C:\Users\DENNISMUTUKU\.gradle\caches\8.14\transforms\8ba67013a85acd726f68c9205814c1b4\transformed\savedstate-1.2.1-runtime.jar because:
[        ]   Build cache is disabled
[        ]   Caching not enabled.
[        ] Caching disabled for DexingOutputSplitTransform: C:\Users\DENNISMUTUKU\.gradle\caches\8.14\transforms\f671a20bbf1e3a04fabd3025ba859596\transformed\savedstate-ktx-1.2.1-runtime because:
[        ]   Build cache is disabled
[        ]   Caching not enabled.
[        ] Caching disabled for DexingNoClasspathTransform: C:\Users\DENNISMUTUKU\.gradle\caches\modules-2\files-2.1\androidx.lifecycle\lifecycle-common\2.7.0\85334205d65cca70ed0109c3acbd29e22a2d9cb1\lifecycle-common-2.7.0.jar because:
[        ]   Build cache is disabled
[        ] Running dexing transform non-incrementally for 'C:\Users\DENNISMUTUKU\.gradle\caches\modules-2\files-2.1\androidx.lifecycle\lifecycle-common\2.7.0\85334205d65cca70ed0109c3acbd29e22a2d9cb1\lifecycle-common-2.7.0.jar'
[        ] Caching disabled for DexingNoClasspathTransform: C:\Users\DENNISMUTUKU\.gradle\caches\8.14\transforms\8ba67013a85acd726f68c9205814c1b4\transformed\savedstate-1.2.1-runtime.jar because:
[        ]   Build cache is disabled
[        ] Running dexing transform non-incrementally for 'C:\Users\DENNISMUTUKU\.gradle\caches\8.14\transforms\8ba67013a85acd726f68c9205814c1b4\transformed\savedstate-1.2.1-runtime.jar'
[        ] Caching disabled for DexingOutputSplitTransform: C:\Users\DENNISMUTUKU\.gradle\caches\8.14\transforms\11cc5e27ca772d099e97b739c643dbd9\transformed\lifecycle-runtime-2.7.0-runtime because:
[        ]   Build cache is disabled
[        ]   Caching not enabled.
[  +85 ms] Caching disabled for IdentityTransform: C:\Users\DENNISMUTUKU\.gradle\caches\8.14\transforms\697cd0aafab3205663df3a3700d4b04a\transformed\profileinstaller-1.3.1-runtime.jar because:
[        ]   Build cache is disabled
[        ]   Caching not enabled.
[        ] Caching disabled for DexingNoClasspathTransform: C:\Users\DENNISMUTUKU\.gradle\caches\8.14\transforms\697cd0aafab3205663df3a3700d4b04a\transformed\profileinstaller-1.3.1-runtime.jar because:
[        ]   Build cache is disabled
[        ] Running dexing transform non-incrementally for 'C:\Users\DENNISMUTUKU\.gradle\caches\8.14\transforms\697cd0aafab3205663df3a3700d4b04a\transformed\profileinstaller-1.3.1-runtime.jar'
[ +301 ms] Caching disabled for DexingOutputSplitTransform: C:\Users\DENNISMUTUKU\.gradle\caches\8.14\transforms\26d471f4cc998672ff625476524809ce\transformed\savedstate-1.2.1-runtime because:
[        ]   Build cache is disabled
[        ]   Caching not enabled.
[ +106 ms] Caching disabled for IdentityTransform: C:\Users\DENNISMUTUKU\.gradle\caches\8.14\transforms\6a6d4254bc003faf803ca7fd2b1c73b5\transformed\startup-runtime-1.1.1-runtime.jar because:
[        ]   Build cache is disabled
[        ]   Caching not enabled.
[        ] Caching disabled for DexingNoClasspathTransform: C:\Users\DENNISMUTUKU\.gradle\caches\8.14\transforms\6a6d4254bc003faf803ca7fd2b1c73b5\transformed\startup-runtime-1.1.1-runtime.jar because:
[        ]   Build cache is disabled
[        ] Running dexing transform non-incrementally for 'C:\Users\DENNISMUTUKU\.gradle\caches\8.14\transforms\6a6d4254bc003faf803ca7fd2b1c73b5\transformed\startup-runtime-1.1.1-runtime.jar'
[ +185 ms] Caching disabled for DexingOutputSplitTransform: C:\Users\DENNISMUTUKU\.gradle\caches\8.14\transforms\adb1274de169c2d2f2911bfae8955d57\transformed\lifecycle-common-2.7.0 because:
[        ]   Build cache is disabled
[        ]   Caching not enabled.
[ +112 ms] Caching disabled for IdentityTransform: C:\Users\DENNISMUTUKU\.gradle\caches\8.14\transforms\4e63fd6b75fa543ba1d6a29411e28734\transformed\tracing-1.2.0-runtime.jar because:
[        ]   Build cache is disabled
[        ]   Caching not enabled.
[        ] Caching disabled for DexingOutputSplitTransform: C:\Users\DENNISMUTUKU\.gradle\caches\8.14\transforms\74ccae718cff3d9df42dac4169111df7\transformed\profileinstaller-1.3.1-runtime because:
[        ]   Build cache is disabled
[        ]   Caching not enabled.
[  +97 ms] Caching disabled for DexingNoClasspathTransform: C:\Users\DENNISMUTUKU\.gradle\caches\8.14\transforms\4e63fd6b75fa543ba1d6a29411e28734\transformed\tracing-1.2.0-runtime.jar because:
[        ]   Build cache is disabled
[        ] Running dexing transform non-incrementally for 'C:\Users\DENNISMUTUKU\.gradle\caches\8.14\transforms\4e63fd6b75fa543ba1d6a29411e28734\transformed\tracing-1.2.0-runtime.jar'
[        ] Caching disabled for DexingOutputSplitTransform: C:\Users\DENNISMUTUKU\.gradle\caches\8.14\transforms\4bf740b1cc1c4ab5a07ad87309254814\transformed\startup-runtime-1.1.1-runtime because:
[        ]   Build cache is disabled
[        ]   Caching not enabled.
[        ] Caching disabled for DexingNoClasspathTransform: C:\Users\DENNISMUTUKU\.gradle\caches\modules-2\files-2.1\androidx.datastore\datastore-preferences-external-protobuf\1.1.7\ddd0a2d64e3c928359c993d1291e535d5d7fc9a3\datastore-preferences-external-protobuf-1.1.7.jar because:
[        ]   Build cache is disabled
[        ] Running dexing transform non-incrementally for 'C:\Users\DENNISMUTUKU\.gradle\caches\modules-2\files-2.1\androidx.datastore\datastore-preferences-external-protobuf\1.1.7\ddd0a2d64e3c928359c993d1291e535d5d7fc9a3\datastore-preferences-external-protobuf-1.1.7.jar'
[        ] Caching disabled for DexingNoClasspathTransform: C:\Users\DENNISMUTUKU\.gradle\caches\modules-2\files-2.1\androidx.datastore\datastore-preferences-proto\1.1.7\6d7430ed8d2b5f2b8675dad8d196ba5dd710921b\datastore-preferences-proto-1.1.7.jar because:
[        ]   Build cache is disabled
[        ] Running dexing transform non-incrementally for 'C:\Users\DENNISMUTUKU\.gradle\caches\modules-2\files-2.1\androidx.datastore\datastore-preferences-proto\1.1.7\6d7430ed8d2b5f2b8675dad8d196ba5dd710921b\datastore-preferences-proto-1.1.7.jar'
[  +95 ms] Caching disabled for DexingOutputSplitTransform: C:\Users\DENNISMUTUKU\.gradle\caches\8.14\transforms\7504e64ead8fe20dc7bce67c69294ab8\transformed\tracing-1.2.0-runtime because:
[        ]   Build cache is disabled
[        ]   Caching not enabled.
[        ] Caching disabled for IdentityTransform: C:\Users\DENNISMUTUKU\.gradle\caches\8.14\transforms\10ab8309fee88693e7b15f5ace393096\transformed\datastore-preferences-core-release-runtime.jar because:
[        ]   Build cache is disabled
[        ]   Caching not enabled.
[  +92 ms] Caching disabled for DexingNoClasspathTransform: C:\Users\DENNISMUTUKU\.gradle\caches\8.14\transforms\10ab8309fee88693e7b15f5ace393096\transformed\datastore-preferences-core-release-runtime.jar because:
[        ]   Build cache is disabled
[        ] Running dexing transform non-incrementally for 'C:\Users\DENNISMUTUKU\.gradle\caches\8.14\transforms\10ab8309fee88693e7b15f5ace393096\transformed\datastore-preferences-core-release-runtime.jar'
[ +107 ms] Caching disabled for DexingOutputSplitTransform: C:\Users\DENNISMUTUKU\.gradle\caches\8.14\transforms\ae6dd15d0f9495526452eda1902aed17\transformed\datastore-preferences-proto-1.1.7 because:
[        ]   Build cache is disabled
[        ]   Caching not enabled.
[        ] Caching disabled for DexingNoClasspathTransform: C:\Users\DENNISMUTUKU\.gradle\caches\modules-2\files-2.1\androidx.datastore\datastore-core-okio-jvm\1.1.7\ce08f132812044a9778547b299fd812e34dbd602\datastore-core-okio-jvm-1.1.7.jar because:
[        ]   Build cache is disabled
[        ] Running dexing transform non-incrementally for 'C:\Users\DENNISMUTUKU\.gradle\caches\modules-2\files-2.1\androidx.datastore\datastore-core-okio-jvm\1.1.7\ce08f132812044a9778547b299fd812e34dbd602\datastore-core-okio-jvm-1.1.7.jar'
[  +92 ms] Caching disabled for DexingOutputSplitTransform: C:\Users\DENNISMUTUKU\.gradle\caches\8.14\transforms\10ead2be7b74f1bf3ffd153a45bd0550\transformed\datastore-preferences-core-release-runtime because:
[        ]   Build cache is disabled
[        ]   Caching not enabled.
[        ] Caching disabled for IdentityTransform: C:\Users\DENNISMUTUKU\.gradle\caches\8.14\transforms\2bf1b90e74979e91225577ed6d1739da\transformed\datastore-core-release-runtime.jar because:
[        ]   Build cache is disabled
[        ]   Caching not enabled.
[        ] Caching disabled for DexingNoClasspathTransform: C:\Users\DENNISMUTUKU\.gradle\caches\8.14\transforms\2bf1b90e74979e91225577ed6d1739da\transformed\datastore-core-release-runtime.jar because:
[        ]   Build cache is disabled
[        ] Running dexing transform non-incrementally for 'C:\Users\DENNISMUTUKU\.gradle\caches\8.14\transforms\2bf1b90e74979e91225577ed6d1739da\transformed\datastore-core-release-runtime.jar'
[ +202 ms] Caching disabled for DexingOutputSplitTransform: C:\Users\DENNISMUTUKU\.gradle\caches\8.14\transforms\708bd103d0422f83a0ef0197888fb338\transformed\datastore-core-okio-jvm-1.1.7 because:
[        ]   Build cache is disabled
[        ]   Caching not enabled.
[  +91 ms] Caching disabled for IdentityTransform: C:\Users\DENNISMUTUKU\.gradle\caches\8.14\transforms\7897bce7d5b3b88d35565805f4af09c7\transformed\datastore-preferences-release-runtime.jar because:
[        ]   Build cache is disabled
[        ]   Caching not enabled.
[        ] Caching disabled for DexingNoClasspathTransform: C:\Users\DENNISMUTUKU\.gradle\caches\8.14\transforms\7897bce7d5b3b88d35565805f4af09c7\transformed\datastore-preferences-release-runtime.jar because:
[        ]   Build cache is disabled
[        ] Running dexing transform non-incrementally for 'C:\Users\DENNISMUTUKU\.gradle\caches\8.14\transforms\7897bce7d5b3b88d35565805f4af09c7\transformed\datastore-preferences-release-runtime.jar'
[ +202 ms] Caching disabled for DexingOutputSplitTransform: C:\Users\DENNISMUTUKU\.gradle\caches\8.14\transforms\08b42e8da825505035465f861aa8ceb2\transformed\datastore-preferences-release-runtime because:
[        ]   Build cache is disabled
[        ]   Caching not enabled.
[ +283 ms] Caching disabled for IdentityTransform: C:\Users\DENNISMUTUKU\.gradle\caches\8.14\transforms\b6fe13122219a7cb5de0dfa14b8477f4\transformed\datastore-release-runtime.jar because:
[        ]   Build cache is disabled
[        ]   Caching not enabled.
[ +139 ms] Caching disabled for DexingNoClasspathTransform: C:\Users\DENNISMUTUKU\.gradle\caches\8.14\transforms\b6fe13122219a7cb5de0dfa14b8477f4\transformed\datastore-release-runtime.jar because:
[        ]   Build cache is disabled
[        ] Running dexing transform non-incrementally for 'C:\Users\DENNISMUTUKU\.gradle\caches\8.14\transforms\b6fe13122219a7cb5de0dfa14b8477f4\transformed\datastore-release-runtime.jar'
[ +482 ms] Caching disabled for DexingOutputSplitTransform: C:\Users\DENNISMUTUKU\.gradle\caches\8.14\transforms\cef73a3927ffacddcb81dacdbd4a43a1\transformed\datastore-release-runtime because:
[        ]   Build cache is disabled
[        ]   Caching not enabled.
[  +94 ms] Caching disabled for IdentityTransform: C:\Users\DENNISMUTUKU\.gradle\caches\8.14\transforms\2b07e4b33f4f3bd669269c4453eb435e\transformed\core-runtime-2.2.0-runtime.jar because:
[        ]   Build cache is disabled
[        ]   Caching not enabled.
[        ] Caching disabled for DexingNoClasspathTransform: C:\Users\DENNISMUTUKU\.gradle\caches\8.14\transforms\2b07e4b33f4f3bd669269c4453eb435e\transformed\core-runtime-2.2.0-runtime.jar because:
[        ]   Build cache is disabled
[        ] Running dexing transform non-incrementally for 'C:\Users\DENNISMUTUKU\.gradle\caches\8.14\transforms\2b07e4b33f4f3bd669269c4453eb435e\transformed\core-runtime-2.2.0-runtime.jar'
[  +97 ms] Caching disabled for DexingOutputSplitTransform: C:\Users\DENNISMUTUKU\.gradle\caches\8.14\transforms\880b9c79d176e0240eff0fb8ea1693f3\transformed\core-runtime-2.2.0-runtime because:
[        ]   Build cache is disabled
[        ]   Caching not enabled.
[        ] Caching disabled for DexingNoClasspathTransform: C:\Users\DENNISMUTUKU\.gradle\caches\modules-2\files-2.1\androidx.arch.core\core-common\2.2.0\5e1b8b81dfd5f52c56a8d53b18ca759c19a301f3\core-common-2.2.0.jar because:
[        ]   Build cache is disabled
[        ] Running dexing transform non-incrementally for 'C:\Users\DENNISMUTUKU\.gradle\caches\modules-2\files-2.1\androidx.arch.core\core-common\2.2.0\5e1b8b81dfd5f52c56a8d53b18ca759c19a301f3\core-common-2.2.0.jar'
[ +197 ms] Caching disabled for DexingOutputSplitTransform: C:\Users\DENNISMUTUKU\.gradle\caches\8.14\transforms\37a980cb69a17e4c2f5d4be17fde2fd3\transformed\datastore-core-release-runtime because:
[        ]   Build cache is disabled
[        ]   Caching not enabled.
[  +93 ms] Caching disabled for DexingOutputSplitTransform: C:\Users\DENNISMUTUKU\.gradle\caches\8.14\transforms\0085a47f6bcf39d3112b089340f7a8e4\transformed\core-common-2.2.0 because:
[        ]   Build cache is disabled
[        ]   Caching not enabled.
[        ] Caching disabled for IdentityTransform: C:\Users\DENNISMUTUKU\.gradle\caches\8.14\transforms\1a23e0d789911f39cb81a75e65cc3b27\transformed\versionedparcelable-1.1.1-runtime.jar because:
[        ]   Build cache is disabled
[        ]   Caching not enabled.
[        ] Caching disabled for DexingNoClasspathTransform: C:\Users\DENNISMUTUKU\.gradle\caches\modules-2\files-2.1\androidx.collection\collection-ktx\1.1.0\f807b2f366f7b75142a67d2f3c10031065b5168\collection-ktx-1.1.0.jar because:
[        ]   Build cache is disabled
[        ] Caching disabled for DexingNoClasspathTransform: C:\Users\DENNISMUTUKU\.gradle\caches\8.14\transforms\1a23e0d789911f39cb81a75e65cc3b27\transformed\versionedparcelable-1.1.1-runtime.jar because:
[        ]   Build cache is disabled
[        ] Running dexing transform non-incrementally for 'C:\Users\DENNISMUTUKU\.gradle\caches\8.14\transforms\1a23e0d789911f39cb81a75e65cc3b27\transformed\versionedparcelable-1.1.1-runtime.jar'
[        ] Running dexing transform non-incrementally for 'C:\Users\DENNISMUTUKU\.gradle\caches\modules-2\files-2.1\androidx.collection\collection-ktx\1.1.0\f807b2f366f7b75142a67d2f3c10031065b5168\collection-ktx-1.1.0.jar'
[ +203 ms] Caching disabled for DexingOutputSplitTransform: C:\Users\DENNISMUTUKU\.gradle\caches\8.14\transforms\45324c3a2ef72d78940136b657de9eff\transformed\collection-ktx-1.1.0 because:
[        ]   Build cache is disabled
[        ]   Caching not enabled.
[        ] Caching disabled for DexingNoClasspathTransform: C:\Users\DENNISMUTUKU\.gradle\caches\modules-2\files-2.1\androidx.collection\collection\1.1.0\1f27220b47669781457de0d600849a5de0e89909\collection-1.1.0.jar because:
[        ]   Build cache is disabled
[        ] Running dexing transform non-incrementally for 'C:\Users\DENNISMUTUKU\.gradle\caches\modules-2\files-2.1\androidx.collection\collection\1.1.0\1f27220b47669781457de0d600849a5de0e89909\collection-1.1.0.jar'
[ +796 ms] Invalidating in-memory cache of C:\Users\DENNISMUTUKU\.gradle\caches\8.14\fileHashes\fileHashes.bin
[        ] Invalidating in-memory cache of C:\Users\DENNISMUTUKU\.gradle\caches\8.14\fileHashes\resourceHashesCache.bin
[        ] Invalidating in-memory cache of C:\Users\DENNISMUTUKU\.gradle\caches\journal-1\file-access.bin
[        ] Caching disabled for DexingOutputSplitTransform: C:\Users\DENNISMUTUKU\.gradle\caches\8.14\transforms\b25e0ce6f8cb3f3faf9df41653e9f8b5\transformed\versionedparcelable-1.1.1-runtime because:
[        ]   Build cache is disabled
[        ]   Caching not enabled.
[ +105 ms] Caching disabled for IdentityTransform: C:\Users\DENNISMUTUKU\.gradle\caches\8.14\transforms\39e90520c1b59ea35753d421861693e0\transformed\interpolator-1.0.0-runtime.jar because:
[        ]   Build cache is disabled
[        ]   Caching not enabled.
[  +93 ms] Caching disabled for DexingNoClasspathTransform: C:\Users\DENNISMUTUKU\.gradle\caches\8.14\transforms\39e90520c1b59ea35753d421861693e0\transformed\interpolator-1.0.0-runtime.jar because:
[        ]   Build cache is disabled
[        ] Running dexing transform non-incrementally for 'C:\Users\DENNISMUTUKU\.gradle\caches\8.14\transforms\39e90520c1b59ea35753d421861693e0\transformed\interpolator-1.0.0-runtime.jar'
[ +201 ms] Caching disabled for DexingOutputSplitTransform: C:\Users\DENNISMUTUKU\.gradle\caches\8.14\transforms\76609435d0cc527a33b34e0c9e783652\transformed\interpolator-1.0.0-runtime because:
[        ]   Build cache is disabled
[        ]   Caching not enabled.
[        ] Caching disabled for IdentityTransform: C:\Users\DENNISMUTUKU\.gradle\caches\8.14\transforms\758d09cf4da6d0c886dc5603c0af26df\transformed\cursoradapter-1.0.0-runtime.jar because:
[        ]   Build cache is disabled
[        ]   Caching not enabled.
[        ] Caching disabled for DexingNoClasspathTransform: C:\Users\DENNISMUTUKU\.gradle\caches\8.14\transforms\758d09cf4da6d0c886dc5603c0af26df\transformed\cursoradapter-1.0.0-runtime.jar because:
[        ]   Build cache is disabled
[        ] Running dexing transform non-incrementally for 'C:\Users\DENNISMUTUKU\.gradle\caches\8.14\transforms\758d09cf4da6d0c886dc5603c0af26df\transformed\cursoradapter-1.0.0-runtime.jar'
[ +106 ms] Caching disabled for DexingOutputSplitTransform: C:\Users\DENNISMUTUKU\.gradle\caches\8.14\transforms\62b659cc5f26716858b76692d817f504\transformed\collection-1.1.0 because:
[        ]   Build cache is disabled
[        ]   Caching not enabled.
[  +95 ms] Caching disabled for DexingOutputSplitTransform: C:\Users\DENNISMUTUKU\.gradle\caches\8.14\transforms\9edfbe90cda15b80b5b133287297094e\transformed\cursoradapter-1.0.0-runtime because:
[        ]   Build cache is disabled
[        ]   Caching not enabled.
[        ] Caching disabled for DexingNoClasspathTransform: C:\Users\DENNISMUTUKU\.gradle\caches\modules-2\files-2.1\androidx.concurrent\concurrent-futures\1.1.0\50b7fb98350d5f42a4e49704b03278542293ba48\concurrent-futures-1.1.0.jar because:
[        ]   Build cache is disabled
[        ] Running dexing transform non-incrementally for 'C:\Users\DENNISMUTUKU\.gradle\caches\modules-2\files-2.1\androidx.concurrent\concurrent-futures\1.1.0\50b7fb98350d5f42a4e49704b03278542293ba48\concurrent-futures-1.1.0.jar'
[        ] Caching disabled for IdentityTransform: C:\Users\DENNISMUTUKU\.gradle\caches\8.14\transforms\d38933fa6fe515aff1769b137e19d4ae\transformed\core-1.0.0-runtime.jar because:
[        ]   Build cache is disabled
[        ]   Caching not enabled.
[  +88 ms] Caching disabled for DexingNoClasspathTransform: C:\Users\DENNISMUTUKU\.gradle\caches\8.14\transforms\d38933fa6fe515aff1769b137e19d4ae\transformed\core-1.0.0-runtime.jar because:
[   +1 ms]   Build cache is disabled
[        ] Running dexing transform non-incrementally for 'C:\Users\DENNISMUTUKU\.gradle\caches\8.14\transforms\d38933fa6fe515aff1769b137e19d4ae\transformed\core-1.0.0-runtime.jar'
[        ] Caching disabled for DexingOutputSplitTransform: C:\Users\DENNISMUTUKU\.gradle\caches\8.14\transforms\a74912ec0e069c514db81774ac1b5d50\transformed\core-1.0.0-runtime because:
[        ]   Build cache is disabled
[        ]   Caching not enabled.
[        ] Caching disabled for IdentityTransform: C:\Users\DENNISMUTUKU\.gradle\caches\8.14\transforms\2e904efe852f0dbb6938bbe66e9b7424\transformed\documentfile-1.0.0-runtime.jar because:
[        ]   Build cache is disabled
[        ]   Caching not enabled.
[ +109 ms] Caching disabled for DexingNoClasspathTransform: C:\Users\DENNISMUTUKU\.gradle\caches\8.14\transforms\2e904efe852f0dbb6938bbe66e9b7424\transformed\documentfile-1.0.0-runtime.jar because:
[        ]   Build cache is disabled
[        ] Running dexing transform non-incrementally for 'C:\Users\DENNISMUTUKU\.gradle\caches\8.14\transforms\2e904efe852f0dbb6938bbe66e9b7424\transformed\documentfile-1.0.0-runtime.jar'
[ +198 ms] Caching disabled for DexingOutputSplitTransform: C:\Users\DENNISMUTUKU\.gradle\caches\8.14\transforms\7114c46f9583ad435253ef44c57cbd43\transformed\documentfile-1.0.0-runtime because:
[        ]   Build cache is disabled
[        ]   Caching not enabled.
[        ] Caching disabled for IdentityTransform: C:\Users\DENNISMUTUKU\.gradle\caches\8.14\transforms\6a22bee4a2deb6a337e6c96494b75db6\transformed\localbroadcastmanager-1.0.0-runtime.jar because:
[        ]   Build cache is disabled
[        ]   Caching not enabled.
[        ] Caching disabled for DexingNoClasspathTransform: C:\Users\DENNISMUTUKU\.gradle\caches\8.14\transforms\6a22bee4a2deb6a337e6c96494b75db6\transformed\localbroadcastmanager-1.0.0-runtime.jar because:
[        ]   Build cache is disabled
[        ] Running dexing transform non-incrementally for 'C:\Users\DENNISMUTUKU\.gradle\caches\8.14\transforms\6a22bee4a2deb6a337e6c96494b75db6\transformed\localbroadcastmanager-1.0.0-runtime.jar'
[  +93 ms] Caching disabled for DexingOutputSplitTransform: C:\Users\DENNISMUTUKU\.gradle\caches\8.14\transforms\618e1968d8d7a7605db3adbf6b93ddc0\transformed\concurrent-futures-1.1.0 because:
[        ]   Build cache is disabled
[        ]   Caching not enabled.
[        ] Caching disabled for DexingOutputSplitTransform: C:\Users\DENNISMUTUKU\.gradle\caches\8.14\transforms\327ebb7f4d605517bda459d0b3433139\transformed\localbroadcastmanager-1.0.0-runtime because:
[        ]   Build cache is disabled
[        ]   Caching not enabled.
[ +106 ms] Caching disabled for DexingNoClasspathTransform: C:\Users\DENNISMUTUKU\.gradle\caches\modules-2\files-2.1\androidx.annotation\annotation-jvm\1.9.1\b17951747e38bf3986a24431b9ba0d039958aa5f\annotation-jvm-1.9.1.jar because:
[        ]   Build cache is disabled
[        ] Caching disabled for IdentityTransform: C:\Users\DENNISMUTUKU\.gradle\caches\8.14\transforms\b039ec172b662e4b930f4245193be18b\transformed\print-1.0.0-runtime.jar because:
[        ]   Build cache is disabled
[        ]   Caching not enabled.
[        ] Running dexing transform non-incrementally for 'C:\Users\DENNISMUTUKU\.gradle\caches\modules-2\files-2.1\androidx.annotation\annotation-jvm\1.9.1\b17951747e38bf3986a24431b9ba0d039958aa5f\annotation-jvm-1.9.1.jar'
[        ] Caching disabled for DexingNoClasspathTransform: C:\Users\DENNISMUTUKU\.gradle\caches\8.14\transforms\b039ec172b662e4b930f4245193be18b\transformed\print-1.0.0-runtime.jar because:
[        ]   Build cache is disabled
[        ] Running dexing transform non-incrementally for 'C:\Users\DENNISMUTUKU\.gradle\caches\8.14\transforms\b039ec172b662e4b930f4245193be18b\transformed\print-1.0.0-runtime.jar'
[  +91 ms] Caching disabled for DexingOutputSplitTransform: C:\Users\DENNISMUTUKU\.gradle\caches\8.14\transforms\d6e182c0c4fab69d3a210116b618fcee\transformed\annotation-jvm-1.9.1 because:
[        ]   Build cache is disabled
[        ]   Caching not enabled.
[        ] Caching disabled for IdentityTransform: C:\Users\DENNISMUTUKU\.gradle\caches\8.14\transforms\b997d98c3a8b6ca2e56e59d156f181e2\transformed\annotation-experimental-1.4.0-runtime.jar because:
[        ]   Build cache is disabled
[        ]   Caching not enabled.
[ +110 ms] Caching disabled for DexingNoClasspathTransform: C:\Users\DENNISMUTUKU\.gradle\caches\8.14\transforms\b997d98c3a8b6ca2e56e59d156f181e2\transformed\annotation-experimental-1.4.0-runtime.jar because:
[        ]   Build cache is disabled
[        ] Running dexing transform non-incrementally for 'C:\Users\DENNISMUTUKU\.gradle\caches\8.14\transforms\b997d98c3a8b6ca2e56e59d156f181e2\transformed\annotation-experimental-1.4.0-runtime.jar'
[  +89 ms] INFO: D8: Stripped invalid locals information from 1 method.
[        ] INFO: C:\Users\DENNISMUTUKU\.gradle\caches\8.14\transforms\b039ec172b662e4b930f4245193be18b\transformed\print-1.0.0-runtime.jar: D8: Methods with invalid locals information:
[        ]   void androidx.print.PrintHelper$PrintUriAdapter$1.onPostExecute(android.graphics.Bitmap)
[        ]   Information in locals-table is invalid with respect to the stack map table. Local refers to non-present stack map type for register: 2 with constraint OBJECT.
[        ] INFO: D8: Some warnings are typically a sign of using an outdated Java toolchain. To fix, recompile the source with an updated toolchain.
[        ] Caching disabled for DexingOutputSplitTransform: C:\Users\DENNISMUTUKU\.gradle\caches\8.14\transforms\8c567c28b8c5b301e109b2969f0cbbc6\transformed\annotation-experimental-1.4.0-runtime because:
[        ]   Build cache is disabled
[        ]   Caching not enabled.
[        ] Caching disabled for DexingOutputSplitTransform: C:\Users\DENNISMUTUKU\.gradle\caches\8.14\transforms\488c6def4cbb7c44b6000e8da8414a11\transformed\print-1.0.0-runtime because:
[        ]   Build cache is disabled
[        ]   Caching not enabled.
[        ] Caching disabled for DexingNoClasspathTransform: C:\Users\DENNISMUTUKU\.gradle\caches\modules-2\files-2.1\org.jetbrains.kotlin\kotlin-parcelize-runtime\1.9.22\de4a21d6560cadd035c69ba3af3ad1afecc95299\kotlin-parcelize-runtime-1.9.22.jar because:
[        ]   Build cache is disabled
[        ] Caching disabled for DexingNoClasspathTransform: C:\Users\DENNISMUTUKU\.gradle\caches\modules-2\files-2.1\org.jetbrains.kotlin\kotlin-android-extensions-runtime\1.9.22\ee3bc0c3b55cb516ac92d6a093e1b939166b86a2\kotlin-android-extensions-runtime-1.9.22.jar because:
[        ]   Build cache is disabled
[        ] Running dexing transform non-incrementally for 'C:\Users\DENNISMUTUKU\.gradle\caches\modules-2\files-2.1\org.jetbrains.kotlin\kotlin-parcelize-runtime\1.9.22\de4a21d6560cadd035c69ba3af3ad1afecc95299\kotlin-parcelize-runtime-1.9.22.jar'
[        ] Running dexing transform non-incrementally for 'C:\Users\DENNISMUTUKU\.gradle\caches\modules-2\files-2.1\org.jetbrains.kotlin\kotlin-android-extensions-runtime\1.9.22\ee3bc0c3b55cb516ac92d6a093e1b939166b86a2\kotlin-android-extensions-runtime-1.9.22.jar'
[  +90 ms] Caching disabled for DexingOutputSplitTransform: C:\Users\DENNISMUTUKU\.gradle\caches\8.14\transforms\8c8e1768269cd49ef2fc877b145ddc24\transformed\kotlin-android-extensions-runtime-1.9.22 because:
[        ]   Build cache is disabled
[        ]   Caching not enabled.
[        ] Caching disabled for DexingNoClasspathTransform: C:\Users\DENNISMUTUKU\.gradle\caches\modules-2\files-2.1\com.squareup.okio\okio-jvm\3.4.0\4e8bd78a52ab935ce383d0092646922154295e54\okio-jvm-3.4.0.jar because:
[        ]   Build cache is disabled
[        ] Running dexing transform non-incrementally for 'C:\Users\DENNISMUTUKU\.gradle\caches\modules-2\files-2.1\com.squareup.okio\okio-jvm\3.4.0\4e8bd78a52ab935ce383d0092646922154295e54\okio-jvm-3.4.0.jar'
[ +109 ms] Caching disabled for DexingOutputSplitTransform: C:\Users\DENNISMUTUKU\.gradle\caches\8.14\transforms\900b5e29653a54aa9987456cec5a94c9\transformed\kotlin-parcelize-runtime-1.9.22 because:
[        ]   Build cache is disabled
[        ]   Caching not enabled.
[        ] Caching disabled for DexingNoClasspathTransform: C:\Users\DENNISMUTUKU\.gradle\caches\modules-2\files-2.1\org.jetbrains.kotlinx\kotlinx-coroutines-core-jvm\1.7.3\2b09627576f0989a436a00a4a54b55fa5026fb86\kotlinx-coroutines-core-jvm-1.7.3.jar because:
[        ]   Build cache is disabled
[        ] Running dexing transform non-incrementally for 'C:\Users\DENNISMUTUKU\.gradle\caches\modules-2\files-2.1\org.jetbrains.kotlinx\kotlinx-coroutines-core-jvm\1.7.3\2b09627576f0989a436a00a4a54b55fa5026fb86\kotlinx-coroutines-core-jvm-1.7.3.jar'
[+7487 ms] Invalidating in-memory cache of C:\Users\DENNISMUTUKU\.gradle\caches\8.14\fileHashes\fileHashes.bin
[        ] Invalidating in-memory cache of C:\Users\DENNISMUTUKU\.gradle\caches\8.14\fileHashes\resourceHashesCache.bin
[ +108 ms] Invalidating in-memory cache of C:\Users\DENNISMUTUKU\.gradle\caches\journal-1\file-access.bin
[        ] Caching disabled for DexingOutputSplitTransform: C:\Users\DENNISMUTUKU\.gradle\caches\8.14\transforms\fc431eb49ee76d5e0c588934c154db2b\transformed\okio-jvm-3.4.0 because:
[        ]   Build cache is disabled
[        ]   Caching not enabled.
[        ] Caching disabled for DexingNoClasspathTransform: C:\Users\DENNISMUTUKU\.gradle\caches\modules-2\files-2.1\org.jetbrains.kotlinx\kotlinx-coroutines-android\1.7.3\38d9cad3a0b03a10453b56577984bdeb48edeed5\kotlinx-coroutines-android-1.7.3.jar because:
[        ]   Build cache is disabled
[        ] Running dexing transform non-incrementally for 'C:\Users\DENNISMUTUKU\.gradle\caches\modules-2\files-2.1\org.jetbrains.kotlinx\kotlinx-coroutines-android\1.7.3\38d9cad3a0b03a10453b56577984bdeb48edeed5\kotlinx-coroutines-android-1.7.3.jar'
[ +200 ms] Caching disabled for DexingOutputSplitTransform: C:\Users\DENNISMUTUKU\.gradle\caches\8.14\transforms\57901ce858da459df9a89de890c7821f\transformed\kotlinx-coroutines-android-1.7.3 because:
[        ]   Build cache is disabled
[        ]   Caching not enabled.
[        ] Caching disabled for DexingNoClasspathTransform: C:\Users\DENNISMUTUKU\.gradle\caches\modules-2\files-2.1\org.jetbrains.kotlin\kotlin-stdlib-jdk8\1.8.20\73576ddf378c5b4f1f6b449fe6b119b8183fc078\kotlin-stdlib-jdk8-1.8.20.jar because:
[        ]   Build cache is disabled
[        ] Running dexing transform non-incrementally for 'C:\Users\DENNISMUTUKU\.gradle\caches\modules-2\files-2.1\org.jetbrains.kotlin\kotlin-stdlib-jdk8\1.8.20\73576ddf378c5b4f1f6b449fe6b119b8183fc078\kotlin-stdlib-jdk8-1.8.20.jar'
[        ] Caching disabled for DexingOutputSplitTransform: C:\Users\DENNISMUTUKU\.gradle\caches\8.14\transforms\cda11e593138350093b34b5c10f8f0e1\transformed\kotlin-stdlib-jdk8-1.8.20 because:
[        ]   Build cache is disabled
[        ]   Caching not enabled.
[        ] Caching disabled for DexingNoClasspathTransform: C:\Users\DENNISMUTUKU\.gradle\caches\modules-2\files-2.1\org.jetbrains.kotlin\kotlin-stdlib-jdk7\1.8.20\3aa51faf20aae8b31e1a4bc54f8370673d7b7df4\kotlin-stdlib-jdk7-1.8.20.jar because:
[        ]   Build cache is disabled
[        ] Running dexing transform non-incrementally for 'C:\Users\DENNISMUTUKU\.gradle\caches\modules-2\files-2.1\org.jetbrains.kotlin\kotlin-stdlib-jdk7\1.8.20\3aa51faf20aae8b31e1a4bc54f8370673d7b7df4\kotlin-stdlib-jdk7-1.8.20.jar'
[  +91 ms] Caching disabled for DexingOutputSplitTransform: C:\Users\DENNISMUTUKU\.gradle\caches\8.14\transforms\80db4d812edd81c57294c90226a6520b\transformed\kotlin-stdlib-jdk7-1.8.20 because:
[        ]   Build cache is disabled
[        ]   Caching not enabled.
[        ] Caching disabled for DexingNoClasspathTransform: C:\Users\DENNISMUTUKU\.gradle\caches\modules-2\files-2.1\org.jetbrains.kotlin\kotlin-stdlib\2.2.20\5380b19fa1924399b62ce3a1faffebb2b4f82272\kotlin-stdlib-2.2.20.jar because:
[        ]   Build cache is disabled
[        ] Running dexing transform non-incrementally for 'C:\Users\DENNISMUTUKU\.gradle\caches\modules-2\files-2.1\org.jetbrains.kotlin\kotlin-stdlib\2.2.20\5380b19fa1924399b62ce3a1faffebb2b4f82272\kotlin-stdlib-2.2.20.jar'
[+4901 ms] Caching disabled for DexingOutputSplitTransform: C:\Users\DENNISMUTUKU\.gradle\caches\8.14\transforms\72346d5145ee50d7833ac52fc67bd9ac\transformed\datastore-preferences-external-protobuf-1.1.7 because:
[        ]   Build cache is disabled
[        ]   Caching not enabled.
[  +96 ms] Caching disabled for DexingNoClasspathTransform: C:\Users\DENNISMUTUKU\.gradle\caches\modules-2\files-2.1\io.flutter\armeabi_v7a_debug\1.0.0-a5cb96369ef86c7e85abf5d662a1ca5d89775053\a6cd29839c4c0593bea3dec5654049e6903c9c24\armeabi_v7a_debug-1.0.0-a5cb96369ef86c7e85abf5d662a1ca5d89775053.jar because:
[        ]   Build cache is disabled
[        ] Running dexing transform non-incrementally for 'C:\Users\DENNISMUTUKU\.gradle\caches\modules-2\files-2.1\io.flutter\armeabi_v7a_debug\1.0.0-a5cb96369ef86c7e85abf5d662a1ca5d89775053\a6cd29839c4c0593bea3dec5654049e6903c9c24\armeabi_v7a_debug-1.0.0-a5cb96369ef86c7e85abf5d662a1ca5d89775053.jar'
[        ] Caching disabled for DexingOutputSplitTransform: C:\Users\DENNISMUTUKU\.gradle\caches\8.14\transforms\f78662e5048efa692ce4530a2498954a\transformed\armeabi_v7a_debug-1.0.0-a5cb96369ef86c7e85abf5d662a1ca5d89775053 because:
[        ]   Build cache is disabled
[        ]   Caching not enabled.
[        ] INFO: D8: Stripped invalid locals information from 2 methods.
[        ] INFO: C:\Users\DENNISMUTUKU\.gradle\caches\modules-2\files-2.1\org.jetbrains.kotlinx\kotlinx-coroutines-core-jvm\1.7.3\2b09627576f0989a436a00a4a54b55fa5026fb86\kotlinx-coroutines-core-jvm-1.7.3.jar: D8: Methods with invalid locals information:
[        ]   java.lang.Object kotlinx.coroutines.flow.FlowKt__BuildersKt$asFlow$$inlined$unsafeFlow$10.collect(kotlinx.coroutines.flow.FlowCollector, kotlin.coroutines.Continuation)
[        ]   Attempt to define local of type long as element$iv:java.lang.Object
[        ] INFO: C:\Users\DENNISMUTUKU\.gradle\caches\modules-2\files-2.1\org.jetbrains.kotlinx\kotlinx-coroutines-core-jvm\1.7.3\2b09627576f0989a436a00a4a54b55fa5026fb86\kotlinx-coroutines-core-jvm-1.7.3.jar: D8: Methods with invalid locals information:
[        ]   java.lang.Object kotlinx.coroutines.flow.FlowKt__BuildersKt$asFlow$$inlined$unsafeFlow$9.collect(kotlinx.coroutines.flow.FlowCollector, kotlin.coroutines.Continuation)
[        ]   Attempt to define local of type int as element$iv:java.lang.Object
[        ] INFO: D8: Some warnings are typically a sign of using an outdated Java toolchain. To fix, recompile the source with an updated toolchain.
[ +106 ms] Caching disabled for DexingNoClasspathTransform: C:\Users\DENNISMUTUKU\.gradle\caches\modules-2\files-2.1\org.jetbrains\annotations\23.0.0\8cc20c07506ec18e0834947b84a864bfc094484e\annotations-23.0.0.jar because:
[        ]   Build cache is disabled
[        ] Running dexing transform non-incrementally for 'C:\Users\DENNISMUTUKU\.gradle\caches\modules-2\files-2.1\org.jetbrains\annotations\23.0.0\8cc20c07506ec18e0834947b84a864bfc094484e\annotations-23.0.0.jar'
[        ] Caching disabled for DexingOutputSplitTransform: C:\Users\DENNISMUTUKU\.gradle\caches\8.14\transforms\d01f575eba9299a84ef3ca455e3be20f\transformed\kotlinx-coroutines-core-jvm-1.7.3 because:
[        ]   Build cache is disabled
[        ]   Caching not enabled.
[        ] Caching disabled for IdentityTransform: C:\Users\DENNISMUTUKU\.gradle\caches\8.14\transforms\7ff76bf839419b98ec5a37680408ff13\transformed\relinker-1.4.5-runtime.jar because:
[        ]   Build cache is disabled
[        ]   Caching not enabled.
[  +89 ms] Caching disabled for DexingNoClasspathTransform: C:\Users\DENNISMUTUKU\.gradle\caches\8.14\transforms\7ff76bf839419b98ec5a37680408ff13\transformed\relinker-1.4.5-runtime.jar because:
[        ]   Build cache is disabled
[        ] Running dexing transform non-incrementally for 'C:\Users\DENNISMUTUKU\.gradle\caches\8.14\transforms\7ff76bf839419b98ec5a37680408ff13\transformed\relinker-1.4.5-runtime.jar'
[ +107 ms] Caching disabled for DexingOutputSplitTransform: C:\Users\DENNISMUTUKU\.gradle\caches\8.14\transforms\59afc30b491cfd24fd92738ee6876021\transformed\annotations-23.0.0 because:
[        ]   Build cache is disabled
[        ]   Caching not enabled.
[        ] Caching disabled for DexingNoClasspathTransform: C:\Users\DENNISMUTUKU\.gradle\caches\modules-2\files-2.1\com.google.guava\listenablefuture\1.0\c949a840a6acbc5268d088e47b04177bf90b3cad\listenablefuture-1.0.jar because:
[        ]   Build cache is disabled
[        ] Running dexing transform non-incrementally for 'C:\Users\DENNISMUTUKU\.gradle\caches\modules-2\files-2.1\com.google.guava\listenablefuture\1.0\c949a840a6acbc5268d088e47b04177bf90b3cad\listenablefuture-1.0.jar'
[  +92 ms] Caching disabled for DexingOutputSplitTransform: C:\Users\DENNISMUTUKU\.gradle\caches\8.14\transforms\0b5d74d7dfaca25c0b2238b6a87ad1d0\transformed\listenablefuture-1.0 because:
[        ]   Build cache is disabled
[        ]   Caching not enabled.
[        ] Caching disabled for IdentityTransform: C:\Users\DENNISMUTUKU\.gradle\caches\8.14\transforms\2f00ba1311bd730395734f6024ca9cc1\transformed\preference-1.2.1-runtime.jar because:
[        ]   Build cache is disabled
[        ]   Caching not enabled.
[        ] Caching disabled for DexingNoClasspathTransform: C:\Users\DENNISMUTUKU\.gradle\caches\8.14\transforms\2f00ba1311bd730395734f6024ca9cc1\transformed\preference-1.2.1-runtime.jar because:
[        ]   Build cache is disabled
[        ] Running dexing transform non-incrementally for 'C:\Users\DENNISMUTUKU\.gradle\caches\8.14\transforms\2f00ba1311bd730395734f6024ca9cc1\transformed\preference-1.2.1-runtime.jar'
[ +113 ms] Caching disabled for DexingOutputSplitTransform: C:\Users\DENNISMUTUKU\.gradle\caches\8.14\transforms\893d524c749c3805478d8719663b9340\transformed\relinker-1.4.5-runtime because:
[        ]   Build cache is disabled
[        ]   Caching not enabled.
[ +978 ms] Caching disabled for DexingOutputSplitTransform: C:\Users\DENNISMUTUKU\.gradle\caches\8.14\transforms\2d9a83df7f277e1c16692afab1359ee4\transformed\preference-1.2.1-runtime because:
[        ]   Build cache is disabled
[        ]   Caching not enabled.
[+14840 ms] Invalidating in-memory cache of C:\Users\DENNISMUTUKU\.gradle\caches\8.14\fileHashes\fileHashes.bin
[        ] Invalidating in-memory cache of C:\Users\DENNISMUTUKU\.gradle\caches\8.14\fileHashes\resourceHashesCache.bin
[  +91 ms] Invalidating in-memory cache of C:\Users\DENNISMUTUKU\.gradle\caches\journal-1\file-access.bin
[        ] Caching disabled for DexingOutputSplitTransform: C:\Users\DENNISMUTUKU\.gradle\caches\8.14\transforms\9a124eff4b2b5cc2b95110842b964b91\transformed\kotlin-stdlib-2.2.20 because:
[        ]   Build cache is disabled
[        ]   Caching not enabled.
[        ] Caching disabled for task ':app:mergeExtDexDebug' because:
[        ]   Build cache is disabled
[        ] Task ':app:mergeExtDexDebug' is not up-to-date because:
[        ]   No history is available.
[        ] The input changes require a full rebuild for incremental task ':app:mergeExtDexDebug'.
[ +111 ms] Resolve mutations for :app:configureCMakeDebug[arm64-v8a] (Thread[#131,Execution worker Thread 2,5,main]) started.
[        ] :app:configureCMakeDebug[arm64-v8a] (Thread[#131,Execution worker Thread 2,5,main]) started.
[+1796 ms] > Task :app:mergeExtDexDebug
[   +3 ms] Merging to 'C:\xampp\htdocs\pace.com\wispapp\build\app\intermediates\dex\debug\mergeExtDexDebug' with D8 from all or a subset of dex files in C:\Users\DENNISMUTUKU\.gradle\caches\8.14\transforms\305d7748a14cfc426d739ed98cb0502b\transformed\flutter_embedding_debug-1.0.0-a5cb96369ef86c7e85abf5d662a1ca5d89775053\flutter_embedding_debug-1.0.0-a5cb96369ef86c7e85abf5d662a1ca5d89775053_dex, C:\Users\DENNISMUTUKU\.gradle\caches\8.14\transforms\2d9a83df7f277e1c16692afab1359ee4\transformed\preference-1.2.1-runtime\preference-1.2.1-runtime_dex, C:\Users\DENNISMUTUKU\.gradle\caches\8.14\transforms\6cf270279d226900a33e2fc7171f82a7\transformed\appcompat-1.1.0-runtime\appcompat-1.1.0-runtime_dex, C:\Users\DENNISMUTUKU\.gradle\caches\8.14\transforms\666b1eeaa4499fd84c5e4c7d35ecaac7\transformed\fragment-ktx-1.7.1-runtime\fragment-ktx-1.7.1-runtime_dex, C:\Users\DENNISMUTUKU\.gradle\caches\8.14\transforms\f3da74049a0a50e2798ba159383b8b81\transformed\fragment-1.7.1-runtime\fragment-1.7.1-runtime_dex, C:\Users\DENNISMUTUKU\.gradle\caches\8.14\transforms\946d802e2eefd588cfbb7182eafe4c9f\transformed\recyclerview-1.0.0-runtime\recyclerview-1.0.0-runtime_dex, C:\Users\DENNISMUTUKU\.gradle\caches\8.14\transforms\af25dc0a0aadccc77d30867cb724f838\transformed\legacy-support-core-ui-1.0.0-runtime\legacy-support-core-ui-1.0.0-runtime_dex, C:\Users\DENNISMUTUKU\.gradle\caches\8.14\transforms\a79de061a7527504468405c4fddbd0c2\transformed\slidingpanelayout-1.2.0-runtime\slidingpanelayout-1.2.0-runtime_dex, C:\Users\DENNISMUTUKU\.gradle\caches\8.14\transforms\14f29a3a42e8ab03dbc9cb6c60ab11d5\transformed\window-1.2.0-runtime\window-1.2.0-runtime_dex, C:\Users\DENNISMUTUKU\.gradle\caches\8.14\transforms\363b89c1a5d01411b38d5c99167f98ef\transformed\window-java-1.2.0-runtime\window-java-1.2.0-runtime_dex, C:\Users\DENNISMUTUKU\.gradle\caches\8.14\transforms\ad2a2ce1b8e318dc5fecfd15d9d6b6e4\transformed\activity-ktx-1.8.1-runtime\activity-ktx-1.8.1-runtime_dex, C:\Users\DENNISMUTUKU\.gradle\caches\8.14\transforms\0f828c6f7895623dd9249db8be68b5c3\transformed\activity-1.8.1-runtime\activity-1.8.1-runtime_dex, C:\Users\DENNISMUTUKU\.gradle\caches\8.14\transforms\d6fe0f41aaeda3a9c6ace2ca9c51c102\transformed\legacy-support-core-utils-1.0.0-runtime\legacy-support-core-utils-1.0.0-runtime_dex, C:\Users\DENNISMUTUKU\.gradle\caches\8.14\transforms\16ef9c6a4414cc852240d42a6416233c\transformed\loader-1.0.0-runtime\loader-1.0.0-runtime_dex, C:\Users\DENNISMUTUKU\.gradle\caches\8.14\transforms\f3475db2ad241993497130bca23deb1a\transformed\viewpager-1.0.0-runtime\viewpager-1.0.0-runtime_dex, C:\Users\DENNISMUTUKU\.gradle\caches\8.14\transforms\ec0d14c2db933b342bf8c35a90e74d79\transformed\lifecycle-runtime-ktx-2.7.0-runtime\lifecycle-runtime-ktx-2.7.0-runtime_dex, C:\Users\DENNISMUTUKU\.gradle\caches\8.14\transforms\6d176264c3b75d24ae05acafb1d772f1\transformed\lifecycle-livedata-2.7.0-runtime\lifecycle-livedata-2.7.0-runtime_dex, C:\Users\DENNISMUTUKU\.gradle\caches\8.14\transforms\29dad8fab0f8097488c3f31542c1da20\transformed\lifecycle-livedata-core-ktx-2.7.0-runtime\lifecycle-livedata-core-ktx-2.7.0-runtime_dex, C:\Users\DENNISMUTUKU\.gradle\caches\8.14\transforms\44986294a4356886a4d28212c8ce2810\transformed\lifecycle-viewmodel-ktx-2.7.0-runtime\lifecycle-viewmodel-ktx-2.7.0-runtime_dex, C:\Users\DENNISMUTUKU\.gradle\caches\8.14\transforms\f7c6336640cc52902e5b95cfada9565b\transformed\lifecycle-viewmodel-2.7.0-runtime\lifecycle-viewmodel-2.7.0-runtime_dex, C:\Users\DENNISMUTUKU\.gradle\caches\8.14\transforms\54b655e240720e498f405950b3d5891d\transformed\lifecycle-livedata-core-2.7.0-runtime\lifecycle-livedata-core-2.7.0-runtime_dex, C:\Users\DENNISMUTUKU\.gradle\caches\8.14\transforms\c58dce1c4a3497893ebfebf3185ec822\transformed\lifecycle-viewmodel-savedstate-2.7.0-runtime\lifecycle-viewmodel-savedstate-2.7.0-runtime_dex, C:\Users\DENNISMUTUKU\.gradle\caches\8.14\transforms\87f177d1ecb68c7d75c71526418776e3\transformed\core-ktx-1.13.1-runtime\core-ktx-1.13.1-runtime_dex, C:\Users\DENNISMUTUKU\.gradle\caches\8.14\transforms\88478cd4f213b932a55d5a31a144ecd0\transformed\appcompat-resources-1.1.0-runtime\appcompat-resources-1.1.0-runtime_dex, C:\Users\DENNISMUTUKU\.gradle\caches\8.14\transforms\0982b6ba048613617864039b31548b1e\transformed\drawerlayout-1.0.0-runtime\drawerlayout-1.0.0-runtime_dex, C:\Users\DENNISMUTUKU\.gradle\caches\8.14\transforms\1e6bea90837a9957f50897f7664edb33\transformed\coordinatorlayout-1.0.0-runtime\coordinatorlayout-1.0.0-runtime_dex, C:\Users\DENNISMUTUKU\.gradle\caches\8.14\transforms\2ef8f475d9d55a2fcdef67095e3018f0\transformed\customview-1.1.0-runtime\customview-1.1.0-runtime_dex, C:\Users\DENNISMUTUKU\.gradle\caches\8.14\transforms\7093efd3076ab7b7f690ddb171f92855\transformed\transition-1.4.1-runtime\transition-1.4.1-runtime_dex, C:\Users\DENNISMUTUKU\.gradle\caches\8.14\transforms\33b7737784f98a89666e7a46f2f1319f\transformed\vectordrawable-animated-1.1.0-runtime\vectordrawable-animated-1.1.0-runtime_dex, C:\Users\DENNISMUTUKU\.gradle\caches\8.14\transforms\2ffa45bc5dd49ec223554b8b2fc41c9c\transformed\vectordrawable-1.1.0-runtime\vectordrawable-1.1.0-runtime_dex, C:\Users\DENNISMUTUKU\.gradle\caches\8.14\transforms\48375866fdfa0eae2dcb54b83c77bd07\transformed\swiperefreshlayout-1.0.0-runtime\swiperefreshlayout-1.0.0-runtime_dex, C:\Users\DENNISMUTUKU\.gradle\caches\8.14\transforms\03642a51e6cbd9d2c5bc81b51b2fce79\transformed\asynclayoutinflater-1.0.0-runtime\asynclayoutinflater-1.0.0-runtime_dex, C:\Users\DENNISMUTUKU\.gradle\caches\8.14\transforms\a32848eba72cc3c4e67b5018f2f85fe4\transformed\core-1.13.1-runtime\core-1.13.1-runtime_dex, C:\Users\DENNISMUTUKU\.gradle\caches\8.14\transforms\11cc5e27ca772d099e97b739c643dbd9\transformed\lifecycle-runtime-2.7.0-runtime\lifecycle-runtime-2.7.0-runtime_dex, C:\Users\DENNISMUTUKU\.gradle\caches\8.14\transforms\bdefe46fb34abeea789f3da1aaae4597\transformed\lifecycle-process-2.7.0-runtime\lifecycle-process-2.7.0-runtime_dex, C:\Users\DENNISMUTUKU\.gradle\caches\8.14\transforms\f671a20bbf1e3a04fabd3025ba859596\transformed\savedstate-ktx-1.2.1-runtime\savedstate-ktx-1.2.1-runtime_dex, C:\Users\DENNISMUTUKU\.gradle\caches\8.14\transforms\26d471f4cc998672ff625476524809ce\transformed\savedstate-1.2.1-runtime\savedstate-1.2.1-runtime_dex, C:\Users\DENNISMUTUKU\.gradle\caches\8.14\transforms\adb1274de169c2d2f2911bfae8955d57\transformed\lifecycle-common-2.7.0\lifecycle-common-2.7.0_dex, C:\Users\DENNISMUTUKU\.gradle\caches\8.14\transforms\74ccae718cff3d9df42dac4169111df7\transformed\profileinstaller-1.3.1-runtime\profileinstaller-1.3.1-runtime_dex, C:\Users\DENNISMUTUKU\.gradle\caches\8.14\transforms\4bf740b1cc1c4ab5a07ad87309254814\transformed\startup-runtime-1.1.1-runtime\startup-runtime-1.1.1-runtime_dex, C:\Users\DENNISMUTUKU\.gradle\caches\8.14\transforms\7504e64ead8fe20dc7bce67c69294ab8\transformed\tracing-1.2.0-runtime\tracing-1.2.0-runtime_dex, C:\Users\DENNISMUTUKU\.gradle\caches\8.14\transforms\72346d5145ee50d7833ac52fc67bd9ac\transformed\datastore-preferences-external-protobuf-1.1.7\datastore-preferences-external-protobuf-1.1.7_dex, C:\Users\DENNISMUTUKU\.gradle\caches\8.14\transforms\ae6dd15d0f9495526452eda1902aed17\transformed\datastore-preferences-proto-1.1.7\datastore-preferences-proto-1.1.7_dex, C:\Users\DENNISMUTUKU\.gradle\caches\8.14\transforms\10ead2be7b74f1bf3ffd153a45bd0550\transformed\datastore-preferences-core-release-runtime\datastore-preferences-core-release-runtime_dex, C:\Users\DENNISMUTUKU\.gradle\caches\8.14\transforms\708bd103d0422f83a0ef0197888fb338\transformed\datastore-core-okio-jvm-1.1.7\datastore-core-okio-jvm-1.1.7_dex, C:\Users\DENNISMUTUKU\.gradle\caches\8.14\transforms\37a980cb69a17e4c2f5d4be17fde2fd3\transformed\datastore-core-release-runtime\datastore-core-release-runtime_dex, C:\Users\DENNISMUTUKU\.gradle\caches\8.14\transforms\08b42e8da825505035465f861aa8ceb2\transformed\datastore-preferences-release-runtime\datastore-preferences-release-runtime_dex, C:\Users\DENNISMUTUKU\.gradle\caches\8.14\transforms\cef73a3927ffacddcb81dacdbd4a43a1\transformed\datastore-release-runtime\datastore-release-runtime_dex, C:\Users\DENNISMUTUKU\.gradle\caches\8.14\transforms\880b9c79d176e0240eff0fb8ea1693f3\transformed\core-runtime-2.2.0-runtime\core-runtime-2.2.0-runtime_dex, C:\Users\DENNISMUTUKU\.gradle\caches\8.14\transforms\0085a47f6bcf39d3112b089340f7a8e4\transformed\core-common-2.2.0\core-common-2.2.0_dex, C:\Users\DENNISMUTUKU\.gradle\caches\8.14\transforms\b25e0ce6f8cb3f3faf9df41653e9f8b5\transformed\versionedparcelable-1.1.1-runtime\versionedparcelable-1.1.1-runtime_dex, C:\Users\DENNISMUTUKU\.gradle\caches\8.14\transforms\45324c3a2ef72d78940136b657de9eff\transformed\collection-ktx-1.1.0\collection-ktx-1.1.0_dex, C:\Users\DENNISMUTUKU\.gradle\caches\8.14\transforms\62b659cc5f26716858b76692d817f504\transformed\collection-1.1.0\collection-1.1.0_dex, C:\Users\DENNISMUTUKU\.gradle\caches\8.14\transforms\76609435d0cc527a33b34e0c9e783652\transformed\interpolator-1.0.0-runtime\interpolator-1.0.0-runtime_dex, C:\Users\DENNISMUTUKU\.gradle\caches\8.14\transforms\9edfbe90cda15b80b5b133287297094e\transformed\cursoradapter-1.0.0-runtime\cursoradapter-1.0.0-runtime_dex, C:\Users\DENNISMUTUKU\.gradle\caches\8.14\transforms\618e1968d8d7a7605db3adbf6b93ddc0\transformed\concurrent-futures-1.1.0\concurrent-futures-1.1.0_dex, C:\Users\DENNISMUTUKU\.gradle\caches\8.14\transforms\a74912ec0e069c514db81774ac1b5d50\transformed\core-1.0.0-runtime\core-1.0.0-runtime_dex, C:\Users\DENNISMUTUKU\.gradle\caches\8.14\transforms\7114c46f9583ad435253ef44c57cbd43\transformed\documentfile-1.0.0-runtime\documentfile-1.0.0-runtime_dex, C:\Users\DENNISMUTUKU\.gradle\caches\8.14\transforms\327ebb7f4d605517bda459d0b3433139\transformed\localbroadcastmanager-1.0.0-runtime\localbroadcastmanager-1.0.0-runtime_dex, C:\Users\DENNISMUTUKU\.gradle\caches\8.14\transforms\488c6def4cbb7c44b6000e8da8414a11\transformed\print-1.0.0-runtime\print-1.0.0-runtime_dex, C:\Users\DENNISMUTUKU\.gradle\caches\8.14\transforms\d6e182c0c4fab69d3a210116b618fcee\transformed\annotation-jvm-1.9.1\annotation-jvm-1.9.1_dex, C:\Users\DENNISMUTUKU\.gradle\caches\8.14\transforms\8c567c28b8c5b301e109b2969f0cbbc6\transformed\annotation-experimental-1.4.0-runtime\annotation-experimental-1.4.0-runtime_dex, C:\Users\DENNISMUTUKU\.gradle\caches\8.14\transforms\900b5e29653a54aa9987456cec5a94c9\transformed\kotlin-parcelize-runtime-1.9.22\kotlin-parcelize-runtime-1.9.22_dex, C:\Users\DENNISMUTUKU\.gradle\caches\8.14\transforms\8c8e1768269cd49ef2fc877b145ddc24\transformed\kotlin-android-extensions-runtime-1.9.22\kotlin-android-extensions-runtime-1.9.22_dex, C:\Users\DENNISMUTUKU\.gradle\caches\8.14\transforms\fc431eb49ee76d5e0c588934c154db2b\transformed\okio-jvm-3.4.0\okio-jvm-3.4.0_dex, C:\Users\DENNISMUTUKU\.gradle\caches\8.14\transforms\d01f575eba9299a84ef3ca455e3be20f\transformed\kotlinx-coroutines-core-jvm-1.7.3\kotlinx-coroutines-core-jvm-1.7.3_dex, C:\Users\DENNISMUTUKU\.gradle\caches\8.14\transforms\57901ce858da459df9a89de890c7821f\transformed\kotlinx-coroutines-android-1.7.3\kotlinx-coroutines-android-1.7.3_dex, C:\Users\DENNISMUTUKU\.gradle\caches\8.14\transforms\9a124eff4b2b5cc2b95110842b964b91\transformed\kotlin-stdlib-2.2.20\kotlin-stdlib-2.2.20_dex, C:\Users\DENNISMUTUKU\.gradle\caches\8.14\transforms\59afc30b491cfd24fd92738ee6876021\transformed\annotations-23.0.0\annotations-23.0.0_dex, C:\Users\DENNISMUTUKU\.gradle\caches\8.14\transforms\893d524c749c3805478d8719663b9340\transformed\relinker-1.4.5-runtime\relinker-1.4.5-runtime_dex, C:\Users\DENNISMUTUKU\.gradle\caches\8.14\transforms\0b5d74d7dfaca25c0b2238b6a87ad1d0\transformed\listenablefuture-1.0\listenablefuture-1.0_dex, and from all global synthetics files in 
[+7190 ms] > Task :shared_preferences_android:compileDebugKotlin
[        ] Finished executing kotlin compiler using DAEMON strategy
[        ] Invalidating in-memory cache of C:\xampp\htdocs\pace.com\wispapp\android\.gradle\8.14\fileHashes\fileHashes.bin
[        ] Invalidating in-memory cache of C:\xampp\htdocs\pace.com\wispapp\android\.gradle\8.14\fileHashes\resourceHashesCache.bin
[  +89 ms] Invalidating in-memory cache of C:\xampp\htdocs\pace.com\wispapp\android\.gradle\8.14\executionHistory\executionHistory.bin
[        ] Invalidating in-memory cache of C:\xampp\htdocs\pace.com\wispapp\android\.gradle\buildOutputCleanup\outputFiles.bin
[        ] > Task :app:configureCMakeDebug[arm64-v8a]
[        ] Caching disabled for task ':app:configureCMakeDebug[arm64-v8a]' because:
[  +19 ms]   Build cache is disabled
[        ]   Caching has been disabled for the task
[        ] Task ':app:configureCMakeDebug[arm64-v8a]' is not up-to-date because:
[        ]   Task.upToDateWhen is false.
[        ] C/C++: SDK Manager found the following installed packages: build-tools;34.0.0 build-tools;35.0.0 build-tools;36.1.0 cmake;3.22.1 cmdline-tools;latest emulator extras;google;Android_Emulator_Hypervisor_Driver ndk;27.0.12077973 ndk;28.2.13676358 ndk;29.0.14206865 platform-tools platforms;android-33 platforms;android-34 platforms;android-35 platforms;android-36 sources;android-36 system-images;android-36.1;google_apis_playstore;x86_64
[        ] C/C++: C:\Users\DENNISMUTUKU\Downloads\flutter_windows_3.38.4-stable\flutter\packages\flutter_tools\gradle\src\main\scripts\CMakeLists.txt debug|arm64-v8a : Start JSON generation. Platform version: 24 min SDK version: arm64-v8a
[        ] C/C++: C:\Users\DENNISMUTUKU\Downloads\flutter_windows_3.38.4-stable\flutter\packages\flutter_tools\gradle\src\main\scripts\CMakeLists.txt debug|arm64-v8a : rebuilding JSON C:\xampp\htdocs\pace.com\wispapp\build\.cxx\debug\5f6e4w4z\arm64-v8a\android_gradle_build.json due to:
[        ] C/C++: C:\Users\DENNISMUTUKU\Downloads\flutter_windows_3.38.4-stable\flutter\packages\flutter_tools\gradle\src\main\scripts\CMakeLists.txt debug|arm64-v8a : - no fingerprint file, will remove stale configuration folder
[        ] C/C++: C:\Users\DENNISMUTUKU\Downloads\flutter_windows_3.38.4-stable\flutter\packages\flutter_tools\gradle\src\main\scripts\CMakeLists.txt debug|arm64-v8a : removing stale contents from 'C:\xampp\htdocs\pace.com\wispapp\build\.cxx\debug\5f6e4w4z\arm64-v8a'
[        ] C/C++: C:\Users\DENNISMUTUKU\Downloads\flutter_windows_3.38.4-stable\flutter\packages\flutter_tools\gradle\src\main\scripts\CMakeLists.txt debug|arm64-v8a : created folder 'C:\xampp\htdocs\pace.com\wispapp\build\.cxx\debug\5f6e4w4z\arm64-v8a'
[        ] C/C++: C:\Users\DENNISMUTUKU\Downloads\flutter_windows_3.38.4-stable\flutter\packages\flutter_tools\gradle\src\main\scripts\CMakeLists.txt debug|arm64-v8a : executing cmake @echo off
[        ] "C:\\Users\\DENNISMUTUKU\\AppData\\Local\\Android\\Sdk\\cmake\\3.22.1\\bin\\cmake.exe" ^
[        ]   "-HC:\\Users\\DENNISMUTUKU\\Downloads\\flutter_windows_3.38.4-stable\\flutter\\packages\\flutter_tools\\gradle\\src\\main\\scripts" ^
[        ]   "-DCMAKE_SYSTEM_NAME=Android" ^
[        ]   "-DCMAKE_EXPORT_COMPILE_COMMANDS=ON" ^
[        ]   "-DCMAKE_SYSTEM_VERSION=24" ^
[        ]   "-DANDROID_PLATFORM=android-24" ^
[        ]   "-DANDROID_ABI=arm64-v8a" ^
[        ]   "-DCMAKE_ANDROID_ARCH_ABI=arm64-v8a" ^
[        ]   "-DANDROID_NDK=C:\\Users\\DENNISMUTUKU\\AppData\\Local\\Android\\sdk\\ndk\\28.2.13676358" ^
[        ]   "-DCMAKE_ANDROID_NDK=C:\\Users\\DENNISMUTUKU\\AppData\\Local\\Android\\sdk\\ndk\\28.2.13676358" ^
[        ]   "-DCMAKE_TOOLCHAIN_FILE=C:\\Users\\DENNISMUTUKU\\AppData\\Local\\Android\\sdk\\ndk\\28.2.13676358\\build\\cmake\\android.toolchain.cmake" ^
[        ]   "-DCMAKE_MAKE_PROGRAM=C:\\Users\\DENNISMUTUKU\\AppData\\Local\\Android\\Sdk\\cmake\\3.22.1\\bin\\ninja.exe" ^
[        ]   "-DCMAKE_LIBRARY_OUTPUT_DIRECTORY=C:\\xampp\\htdocs\\pace.com\\wispapp\\build\\app\\intermediates\\cxx\\debug\\5f6e4w4z\\obj\\arm64-v8a" ^
[        ]   "-DCMAKE_RUNTIME_OUTPUT_DIRECTORY=C:\\xampp\\htdocs\\pace.com\\wispapp\\build\\app\\intermediates\\cxx\\debug\\5f6e4w4z\\obj\\arm64-v8a" ^
[        ]   "-BC:\\xampp\\htdocs\\pace.com\\wispapp\\build\\.cxx\\debug\\5f6e4w4z\\arm64-v8a" ^
[        ]   -GNinja ^
[        ]   -Wno-dev ^
[        ]   --no-warn-unused-cli ^
[        ]   "-DCMAKE_BUILD_TYPE=debug"
[        ] C/C++: C:\Users\DENNISMUTUKU\Downloads\flutter_windows_3.38.4-stable\flutter\packages\flutter_tools\gradle\src\main\scripts\CMakeLists.txt debug|arm64-v8a : @echo off
[        ] "C:\\Users\\DENNISMUTUKU\\AppData\\Local\\Android\\Sdk\\cmake\\3.22.1\\bin\\cmake.exe" ^
[        ]   "-HC:\\Users\\DENNISMUTUKU\\Downloads\\flutter_windows_3.38.4-stable\\flutter\\packages\\flutter_tools\\gradle\\src\\main\\scripts" ^
[        ]   "-DCMAKE_SYSTEM_NAME=Android" ^
[        ]   "-DCMAKE_EXPORT_COMPILE_COMMANDS=ON" ^
[        ]   "-DCMAKE_SYSTEM_VERSION=24" ^
[        ]   "-DANDROID_PLATFORM=android-24" ^
[        ]   "-DANDROID_ABI=arm64-v8a" ^
[        ]   "-DCMAKE_ANDROID_ARCH_ABI=arm64-v8a" ^
[        ]   "-DANDROID_NDK=C:\\Users\\DENNISMUTUKU\\AppData\\Local\\Android\\sdk\\ndk\\28.2.13676358" ^
[        ]   "-DCMAKE_ANDROID_NDK=C:\\Users\\DENNISMUTUKU\\AppData\\Local\\Android\\sdk\\ndk\\28.2.13676358" ^
[        ]   "-DCMAKE_TOOLCHAIN_FILE=C:\\Users\\DENNISMUTUKU\\AppData\\Local\\Android\\sdk\\ndk\\28.2.13676358\\build\\cmake\\android.toolchain.cmake" ^
[        ]   "-DCMAKE_MAKE_PROGRAM=C:\\Users\\DENNISMUTUKU\\AppData\\Local\\Android\\Sdk\\cmake\\3.22.1\\bin\\ninja.exe" ^
[        ]   "-DCMAKE_LIBRARY_OUTPUT_DIRECTORY=C:\\xampp\\htdocs\\pace.com\\wispapp\\build\\app\\intermediates\\cxx\\debug\\5f6e4w4z\\obj\\arm64-v8a" ^
[        ]   "-DCMAKE_RUNTIME_OUTPUT_DIRECTORY=C:\\xampp\\htdocs\\pace.com\\wispapp\\build\\app\\intermediates\\cxx\\debug\\5f6e4w4z\\obj\\arm64-v8a" ^
[        ]   "-BC:\\xampp\\htdocs\\pace.com\\wispapp\\build\\.cxx\\debug\\5f6e4w4z\\arm64-v8a" ^
[        ]   -GNinja ^
[        ]   -Wno-dev ^
[        ]   --no-warn-unused-cli ^
[        ]   "-DCMAKE_BUILD_TYPE=debug"
[        ] Starting process 'command 'C:\Users\DENNISMUTUKU\AppData\Local\Android\Sdk\cmake\3.22.1\bin\cmake.exe''. Working directory: C:\xampp\htdocs\pace.com\wispapp\android\app Command: C:\Users\DENNISMUTUKU\AppData\Local\Android\Sdk\cmake\3.22.1\bin\cmake.exe -HC:\Users\DENNISMUTUKU\Downloads\flutter_windows_3.38.4-stable\flutter\packages\flutter_tools\gradle\src\main\scripts -DCMAKE_SYSTEM_NAME=Android -DCMAKE_EXPORT_COMPILE_COMMANDS=ON -DCMAKE_SYSTEM_VERSION=24 -DANDROID_PLATFORM=android-24 -DANDROID_ABI=arm64-v8a -DCMAKE_ANDROID_ARCH_ABI=arm64-v8a -DANDROID_NDK=C:\Users\DENNISMUTUKU\AppData\Local\Android\sdk\ndk\28.2.13676358 -DCMAKE_ANDROID_NDK=C:\Users\DENNISMUTUKU\AppData\Local\Android\sdk\ndk\28.2.13676358 -DCMAKE_TOOLCHAIN_FILE=C:\Users\DENNISMUTUKU\AppData\Local\Android\sdk\ndk\28.2.13676358\build\cmake\android.toolchain.cmake -DCMAKE_MAKE_PROGRAM=C:\Users\DENNISMUTUKU\AppData\Local\Android\Sdk\cmake\3.22.1\bin\ninja.exe -DCMAKE_LIBRARY_OUTPUT_DIRECTORY=C:\xampp\htdocs\pace.com\wispapp\build\app\intermediates\cxx\debug\5f6e4w4z\obj\arm64-v8a -DCMAKE_RUNTIME_OUTPUT_DIRECTORY=C:\xampp\htdocs\pace.com\wispapp\build\app\intermediates\cxx\debug\5f6e4w4z\obj\arm64-v8a -BC:\xampp\htdocs\pace.com\wispapp\build\.cxx\debug\5f6e4w4z\arm64-v8a -GNinja -Wno-dev --no-warn-unused-cli -DCMAKE_BUILD_TYPE=debug
[        ] Successfully started process 'command 'C:\Users\DENNISMUTUKU\AppData\Local\Android\Sdk\cmake\3.22.1\bin\cmake.exe''
[+6965 ms] C/C++: C:\Users\DENNISMUTUKU\Downloads\flutter_windows_3.38.4-stable\flutter\packages\flutter_tools\gradle\src\main\scripts\CMakeLists.txt debug|arm64-v8a : Received process result: 0
[ +119 ms] C/C++: C:\Users\DENNISMUTUKU\Downloads\flutter_windows_3.38.4-stable\flutter\packages\flutter_tools\gradle\src\main\scripts\CMakeLists.txt debug|arm64-v8a : C:\xampp\htdocs\pace.com\wispapp\build\.cxx\debug\5f6e4w4z\arm64-v8a\compile_commands.json.bin existed but not C:\xampp\htdocs\pace.com\wispapp\build\.cxx\debug\5f6e4w4z\arm64-v8a\compile_commands.json
[        ] C/C++: C:\Users\DENNISMUTUKU\Downloads\flutter_windows_3.38.4-stable\flutter\packages\flutter_tools\gradle\src\main\scripts\CMakeLists.txt debug|arm64-v8a : done executing cmake
[        ] C/C++: C:\Users\DENNISMUTUKU\Downloads\flutter_windows_3.38.4-stable\flutter\packages\flutter_tools\gradle\src\main\scripts\CMakeLists.txt debug|arm64-v8a : JSON generation completed without problems
[        ] C/C++: C:\Users\DENNISMUTUKU\Downloads\flutter_windows_3.38.4-stable\flutter\packages\flutter_tools\gradle\src\main\scripts\CMakeLists.txt debug|arm64-v8a : Writing build model to C:\xampp\htdocs\pace.com\wispapp\build\app\intermediates\cxx\debug\5f6e4w4z\logs\arm64-v8a\build_model.json
[        ] Resolve mutations for :shared_preferences_android:compileDebugJavaWithJavac (Thread[#131,Execution worker Thread 2,5,main]) started.
[        ] :shared_preferences_android:compileDebugJavaWithJavac (Thread[#131,Execution worker Thread 2,5,main]) started.
[+2088 ms] > Task :shared_preferences_android:compileDebugJavaWithJavac
[        ] Custom actions are attached to task ':shared_preferences_android:compileDebugJavaWithJavac'.
[        ] Caching disabled for task ':shared_preferences_android:compileDebugJavaWithJavac' because:
[        ]   Build cache is disabled
[        ] Task ':shared_preferences_android:compileDebugJavaWithJavac' is not up-to-date because:
[        ]   No history is available.
[        ] The input changes require a full rebuild for incremental task ':shared_preferences_android:compileDebugJavaWithJavac'.
[        ] Compilation mode: in-process compilation
[        ] Full recompilation is required because no incremental change information is available. This is usually caused by clean builds or changing compiler arguments.
[        ] Compiling with toolchain 'C:\Program Files\Android\Android Studio\jbr'.
[        ] file or directory 'C:\Users\DENNISMUTUKU\AppData\Local\Pub\Cache\hosted\pub.dev\shared_preferences_android-2.4.21\android\src\debug\java', not found
[        ] Compiling with JDK Java compiler API.
[ +481 ms] Class dependency analysis for incremental compilation took 0.013 secs.
[+1692 ms] Created classpath snapshot for incremental compilation in 1.738 secs.
[ +174 ms] Resolve mutations for :shared_preferences_android:bundleLibCompileToJarDebug (Thread[#131,Execution worker Thread 2,5,main]) started.
[        ] :shared_preferences_android:bundleLibCompileToJarDebug (Thread[#130,Execution worker,5,main]) started.
[        ] Resolve mutations for :shared_preferences_android:bundleLibRuntimeToJarDebug (Thread[#131,Execution worker Thread 2,5,main]) started.
[        ] :shared_preferences_android:bundleLibRuntimeToJarDebug (Thread[#131,Execution worker Thread 2,5,main]) started.
[        ] Resolve mutations for :shared_preferences_android:processDebugJavaRes (Thread[#129,included builds,5,main]) started.
[        ] :shared_preferences_android:processDebugJavaRes (Thread[#129,included builds,5,main]) started.
[        ] > Task :shared_preferences_android:bundleLibCompileToJarDebug
[        ] Caching disabled for task ':shared_preferences_android:bundleLibCompileToJarDebug' because:
[        ]   Build cache is disabled
[        ]   Simple merging task
[        ] Task ':shared_preferences_android:bundleLibCompileToJarDebug' is not up-to-date because:
[        ]   No history is available.
[        ] > Task :shared_preferences_android:processDebugJavaRes
[        ] file or directory 'C:\Users\DENNISMUTUKU\AppData\Local\Pub\Cache\hosted\pub.dev\shared_preferences_android-2.4.21\android\src\main\resources', not found
[        ] file or directory 'C:\Users\DENNISMUTUKU\AppData\Local\Pub\Cache\hosted\pub.dev\shared_preferences_android-2.4.21\android\src\debug\resources', not found
[        ] file or directory 'C:\Users\DENNISMUTUKU\AppData\Local\Pub\Cache\hosted\pub.dev\shared_preferences_android-2.4.21\android\src\main\resources', not found
[        ] file or directory 'C:\Users\DENNISMUTUKU\AppData\Local\Pub\Cache\hosted\pub.dev\shared_preferences_android-2.4.21\android\src\debug\resources', not found
[        ] Caching disabled for task ':shared_preferences_android:processDebugJavaRes' because:
[        ]   Build cache is disabled
[        ]   Caching has been disabled for the task
[        ] Task ':shared_preferences_android:processDebugJavaRes' is not up-to-date because:
[        ]   No history is available.
[        ] file or directory 'C:\Users\DENNISMUTUKU\AppData\Local\Pub\Cache\hosted\pub.dev\shared_preferences_android-2.4.21\android\src\main\resources', not found
[        ] file or directory 'C:\Users\DENNISMUTUKU\AppData\Local\Pub\Cache\hosted\pub.dev\shared_preferences_android-2.4.21\android\src\debug\resources', not found
[        ] file or directory 'C:\Users\DENNISMUTUKU\AppData\Local\Pub\Cache\hosted\pub.dev\shared_preferences_android-2.4.21\android\src\main\resources', not found
[        ] file or directory 'C:\Users\DENNISMUTUKU\AppData\Local\Pub\Cache\hosted\pub.dev\shared_preferences_android-2.4.21\android\src\debug\resources', not found
[        ] work action resolve classes.jar (project :shared_preferences_android) (Thread[#129,included builds,5,main]) started.
[        ] work action resolve out (project :shared_preferences_android) (Thread[#129,included builds,5,main]) started.
[        ] Resolve mutations for :app:compileDebugKotlin (Thread[#129,included builds,5,main]) started.
[        ] > Task :shared_preferences_android:bundleLibRuntimeToJarDebug
[        ] Caching disabled for task ':shared_preferences_android:bundleLibRuntimeToJarDebug' because:
[        ]   Build cache is disabled
[        ]   Simple merging task
[        ] Task ':shared_preferences_android:bundleLibRuntimeToJarDebug' is not up-to-date because:
[        ]   No history is available.
[  +11 ms] work action resolve classes.jar (project :shared_preferences_android) (Thread[#129,included builds,5,main]) started.
[        ] :app:compileDebugKotlin (Thread[#129,included builds,5,main]) started.
[        ] IdentityTransform (Thread[#131,Execution worker Thread 2,5,main]) started.
[  +94 ms] > Transform classes.jar (project :shared_preferences_android) with IdentityTransform
[        ] Caching disabled for IdentityTransform: C:\xampp\htdocs\pace.com\wispapp\build\shared_preferences_android\intermediates\runtime_library_classes_jar\debug\bundleLibRuntimeToJarDebug\classes.jar because:
[        ]   Build cache is disabled
[        ]   Caching not enabled.
[        ] DexingNoClasspathTransform (Thread[#131,Execution worker Thread 2,5,main]) started.
[ +681 ms] Resolve mutations for :shared_preferences_android:bundleLibRuntimeToDirDebug (Thread[#130,Execution worker,5,main]) started.
[        ] :shared_preferences_android:bundleLibRuntimeToDirDebug (Thread[#130,Execution worker,5,main]) started.
[        ] Resolve mutations for :app:buildCMakeDebug[arm64-v8a] (Thread[#132,Execution worker Thread 3,5,main]) started.
[        ] :app:buildCMakeDebug[arm64-v8a] (Thread[#132,Execution worker Thread 3,5,main]) started.
[        ] > Task :app:buildCMakeDebug[arm64-v8a]
[        ] Caching disabled for task ':app:buildCMakeDebug[arm64-v8a]' because:
[        ]   Build cache is disabled
[        ]   Caching has been disabled for the task
[        ] Task ':app:buildCMakeDebug[arm64-v8a]' is not up-to-date because:
[        ]   Task.upToDateWhen is false.
[        ] C/C++: starting build
[        ] C/C++: reading expected JSONs
[        ] C/C++: done reading expected JSONs
[        ] C/C++: executing build commands for targets that produce .so files or executables
[        ] C/C++: evaluate miniconfig
[        ] C/C++: no libraries
[        ] Resolve mutations for :app:configureCMakeDebug[armeabi-v7a] (Thread[#132,Execution worker Thread 3,5,main]) started.
[        ] :app:configureCMakeDebug[armeabi-v7a] (Thread[#132,Execution worker Thread 3,5,main]) started.
[  +60 ms] > Transform classes.jar (project :shared_preferences_android) with DexingNoClasspathTransform
[        ] Caching disabled for DexingNoClasspathTransform: C:\xampp\htdocs\pace.com\wispapp\build\shared_preferences_android\intermediates\runtime_library_classes_jar\debug\bundleLibRuntimeToJarDebug\classes.jar because:
[        ]   Build cache is disabled
[   +1 ms] DexingNoClasspathTransform: C:\xampp\htdocs\pace.com\wispapp\build\shared_preferences_android\intermediates\runtime_library_classes_jar\debug\bundleLibRuntimeToJarDebug\classes.jar is not up-to-date because:
[        ]   No history is available.
[        ] The input changes require a full rebuild for incremental DexingNoClasspathTransform: C:\xampp\htdocs\pace.com\wispapp\build\shared_preferences_android\intermediates\runtime_library_classes_jar\debug\bundleLibRuntimeToJarDebug\classes.jar.
[        ] Running dexing transform non-incrementally for 'C:\xampp\htdocs\pace.com\wispapp\build\shared_preferences_android\intermediates\runtime_library_classes_jar\debug\bundleLibRuntimeToJarDebug\classes.jar'
[        ] DexingOutputSplitTransform (Thread[#131,Execution worker Thread 2,5,main]) started.
[  +73 ms] > Transform classes.jar (project :shared_preferences_android) with DexingOutputSplitTransform
[        ] Caching disabled for DexingOutputSplitTransform: C:\xampp\htdocs\pace.com\wispapp\build\shared_preferences_android\.transforms\5d2ea54f975ff1b6cbb62f10294f102f\transformed\classes because:
[        ]   Build cache is disabled
[        ]   Caching not enabled.
[ +302 ms] > Task :shared_preferences_android:bundleLibRuntimeToDirDebug
[        ] Caching disabled for task ':shared_preferences_android:bundleLibRuntimeToDirDebug' because:
[        ]   Build cache is disabled
[        ]   Simple merging task
[        ] Task ':shared_preferences_android:bundleLibRuntimeToDirDebug' is not up-to-date because:
[        ]   No history is available.
[        ] The input changes require a full rebuild for incremental task ':shared_preferences_android:bundleLibRuntimeToDirDebug'.
[ +910 ms] > Task :app:compileDebugKotlin
[        ] Adding -Xuse-inline-scopes-numbers Kotlin compiler flag for task :app:compileDebugAndroidTestKotlin
[        ] Caching disabled for BuildToolsApiClasspathEntrySnapshotTransform: C:\xampp\htdocs\pace.com\wispapp\build\app\intermediates\flutter\debug\libs.jar because:
[        ]   Build cache is disabled
[        ] Caching disabled for BuildToolsApiClasspathEntrySnapshotTransform: C:\xampp\htdocs\pace.com\wispapp\build\shared_preferences_android\intermediates\compile_library_classes_jar\debug\bundleLibCompileToJarDebug\classes.jar because:
[        ]   Build cache is disabled
[        ] Caching disabled for BuildToolsApiClasspathEntrySnapshotTransform: C:\xampp\htdocs\pace.com\wispapp\build\app\intermediates\compile_and_runtime_not_namespaced_r_class_jar\debug\processDebugResources\R.jar because:
[        ]   Build cache is disabled
[        ] Caching disabled for BuildToolsApiClasspathEntrySnapshotTransform: C:\Users\DENNISMUTUKU\.gradle\caches\modules-2\files-2.1\androidx.annotation\annotation-jvm\1.9.1\b17951747e38bf3986a24431b9ba0d039958aa5f\annotation-jvm-1.9.1.jar because:
[        ]   Build cache is disabled
[        ] Caching disabled for BuildToolsApiClasspathEntrySnapshotTransform: C:\Users\DENNISMUTUKU\.gradle\caches\modules-2\files-2.1\io.flutter\armeabi_v7a_debug\1.0.0-a5cb96369ef86c7e85abf5d662a1ca5d89775053\a6cd29839c4c0593bea3dec5654049e6903c9c24\armeabi_v7a_debug-1.0.0-a5cb96369ef86c7e85abf5d662a1ca5d89775053.jar because:
[        ]   Build cache is disabled
[        ] Caching disabled for BuildToolsApiClasspathEntrySnapshotTransform: C:\xampp\htdocs\pace.com\wispapp\build\path_provider_android\intermediates\compile_library_classes_jar\debug\bundleLibCompileToJarDebug\classes.jar because:
[        ]   Build cache is disabled
[        ] Caching disabled for task ':app:compileDebugKotlin' because:
[        ]   Build cache is disabled
[        ] Task ':app:compileDebugKotlin' is not up-to-date because:
[        ]   No history is available.
[        ] The input changes require a full rebuild for incremental task ':app:compileDebugKotlin'.
[        ] file or directory 'C:\xampp\htdocs\pace.com\wispapp\android\app\src\debug\kotlin', not found
[        ] file or directory 'C:\xampp\htdocs\pace.com\wispapp\android\app\src\debug\java', not found
[        ] file or directory 'C:\xampp\htdocs\pace.com\wispapp\android\app\src\debug\kotlin', not found
[        ] file or directory 'C:\xampp\htdocs\pace.com\wispapp\android\app\src\debug\kotlin', not found
[        ] file or directory 'C:\xampp\htdocs\pace.com\wispapp\android\app\src\debug\java', not found
[        ] file or directory 'C:\xampp\htdocs\pace.com\wispapp\android\app\src\debug\java', not found
[        ] file or directory 'C:\xampp\htdocs\pace.com\wispapp\android\app\src\debug\kotlin', not found
[        ] file or directory 'C:\xampp\htdocs\pace.com\wispapp\android\app\src\debug\java', not found
[        ] file or directory 'C:\xampp\htdocs\pace.com\wispapp\android\app\src\debug\kotlin', not found
[        ] file or directory 'C:\xampp\htdocs\pace.com\wispapp\android\app\src\debug\kotlin', not found
[        ] file or directory 'C:\xampp\htdocs\pace.com\wispapp\android\app\src\debug\java', not found
[        ] file or directory 'C:\xampp\htdocs\pace.com\wispapp\android\app\src\debug\kotlin', not found
[        ] file or directory 'C:\xampp\htdocs\pace.com\wispapp\android\app\src\debug\java', not found
[        ] file or directory 'C:\xampp\htdocs\pace.com\wispapp\android\app\src\debug\kotlin', not found
[        ] file or directory 'C:\xampp\htdocs\pace.com\wispapp\android\app\src\debug\kotlin', not found
[        ] file or directory 'C:\xampp\htdocs\pace.com\wispapp\android\app\src\debug\java', not found
[        ] file or directory 'C:\xampp\htdocs\pace.com\wispapp\android\app\src\debug\java', not found
[        ] file or directory 'C:\xampp\htdocs\pace.com\wispapp\android\app\src\debug\kotlin', not found
[        ] file or directory 'C:\xampp\htdocs\pace.com\wispapp\android\app\src\debug\java', not found
[        ] file or directory 'C:\xampp\htdocs\pace.com\wispapp\android\app\src\debug\kotlin', not found
[        ] file or directory 'C:\xampp\htdocs\pace.com\wispapp\android\app\src\debug\kotlin', not found
[        ] file or directory 'C:\xampp\htdocs\pace.com\wispapp\android\app\src\debug\java', not found
[        ] file or directory 'C:\xampp\htdocs\pace.com\wispapp\android\app\src\debug\java', not found
[        ] file or directory 'C:\xampp\htdocs\pace.com\wispapp\android\app\src\debug\kotlin', not found
[        ] file or directory 'C:\xampp\htdocs\pace.com\wispapp\android\app\src\debug\java', not found
[        ] file or directory 'C:\xampp\htdocs\pace.com\wispapp\android\app\src\debug\kotlin', not found
[        ] file or directory 'C:\xampp\htdocs\pace.com\wispapp\android\app\src\debug\kotlin', not found
[        ] file or directory 'C:\xampp\htdocs\pace.com\wispapp\android\app\src\debug\java', not found
[        ] file or directory 'C:\xampp\htdocs\pace.com\wispapp\android\app\src\debug\java', not found
[        ] Kotlin source files: C:\xampp\htdocs\pace.com\wispapp\android\app\src\main\kotlin\com\pacewisp\pacewisp\MainActivity.kt
[        ] Java source files: C:\xampp\htdocs\pace.com\wispapp\android\app\src\main\java\io\flutter\plugins\GeneratedPluginRegistrant.java
[        ] Script source files: 
[        ] Script file extensions: 
[        ] Using Kotlin/JVM incremental compilation
[        ] [KOTLIN] Kotlin compilation 'jdkHome' argument: null
[        ] Options for KOTLIN DAEMON: IncrementalCompilationOptions(super=CompilationOptions(compilerMode=INCREMENTAL_COMPILER, targetPlatform=JVM, reportCategories=[0, 3], reportSeverity=2, requestedCompilationResults=[0], kotlinScriptExtensions=[]), sourceChanges=org.jetbrains.kotlin.buildtools.api.SourcesChanges$Unknown@6471339f, classpathChanges=NotAvailableForNonIncrementalRun, workingDir=C:\xampp\htdocs\pace.com\wispapp\build\app\kotlin\compileDebugKotlin\cacheable, multiModuleICSettings=MultiModuleICSettings(buildHistoryFile=C:\xampp\htdocs\pace.com\wispapp\build\app\kotlin\compileDebugKotlin\local-state\build-history.bin, useModuleDetection=true), icFeatures=IncrementalCompilationFeatures(usePreciseJavaTracking=true, withAbiSnapshot=false, preciseCompilationResultsBackup=true, keepIncrementalCompilationCachesInMemory=true, enableUnsafeIncrementalCompilationForMultiplatform=false, enableMonotonousIncrementalCompileSetExpansion=true), outputFiles=[C:\xampp\htdocs\pace.com\wispapp\build\app\tmp\kotlin-classes\debug, C:\xampp\htdocs\pace.com\wispapp\build\app\kotlin\compileDebugKotlin\cacheable, C:\xampp\htdocs\pace.com\wispapp\build\app\kotlin\compileDebugKotlin\local-state])
[+4066 ms] Finished executing kotlin compiler using DAEMON strategy
[        ] > Task :app:configureCMakeDebug[armeabi-v7a]
[        ] Caching disabled for task ':app:configureCMakeDebug[armeabi-v7a]' because:
[   +7 ms]   Build cache is disabled
[        ]   Caching has been disabled for the task
[        ] Task ':app:configureCMakeDebug[armeabi-v7a]' is not up-to-date because:
[        ]   Task.upToDateWhen is false.
[        ] C/C++: C:\Users\DENNISMUTUKU\Downloads\flutter_windows_3.38.4-stable\flutter\packages\flutter_tools\gradle\src\main\scripts\CMakeLists.txt debug|armeabi-v7a : Start JSON generation. Platform version: 24 min SDK version: armeabi-v7a
[        ] C/C++: C:\Users\DENNISMUTUKU\Downloads\flutter_windows_3.38.4-stable\flutter\packages\flutter_tools\gradle\src\main\scripts\CMakeLists.txt debug|armeabi-v7a : rebuilding JSON C:\xampp\htdocs\pace.com\wispapp\build\.cxx\debug\5f6e4w4z\armeabi-v7a\android_gradle_build.json due to:
[        ] C/C++: C:\Users\DENNISMUTUKU\Downloads\flutter_windows_3.38.4-stable\flutter\packages\flutter_tools\gradle\src\main\scripts\CMakeLists.txt debug|armeabi-v7a : - no fingerprint file, will remove stale configuration folder
[        ] C/C++: C:\Users\DENNISMUTUKU\Downloads\flutter_windows_3.38.4-stable\flutter\packages\flutter_tools\gradle\src\main\scripts\CMakeLists.txt debug|armeabi-v7a : removing stale contents from 'C:\xampp\htdocs\pace.com\wispapp\build\.cxx\debug\5f6e4w4z\armeabi-v7a'
[        ] C/C++: C:\Users\DENNISMUTUKU\Downloads\flutter_windows_3.38.4-stable\flutter\packages\flutter_tools\gradle\src\main\scripts\CMakeLists.txt debug|armeabi-v7a : created folder 'C:\xampp\htdocs\pace.com\wispapp\build\.cxx\debug\5f6e4w4z\armeabi-v7a'
[        ] C/C++: C:\Users\DENNISMUTUKU\Downloads\flutter_windows_3.38.4-stable\flutter\packages\flutter_tools\gradle\src\main\scripts\CMakeLists.txt debug|armeabi-v7a : executing cmake @echo off
[        ] "C:\\Users\\DENNISMUTUKU\\AppData\\Local\\Android\\Sdk\\cmake\\3.22.1\\bin\\cmake.exe" ^
[        ]   "-HC:\\Users\\DENNISMUTUKU\\Downloads\\flutter_windows_3.38.4-stable\\flutter\\packages\\flutter_tools\\gradle\\src\\main\\scripts" ^
[        ]   "-DCMAKE_SYSTEM_NAME=Android" ^
[        ]   "-DCMAKE_EXPORT_COMPILE_COMMANDS=ON" ^
[        ]   "-DCMAKE_SYSTEM_VERSION=24" ^
[        ]   "-DANDROID_PLATFORM=android-24" ^
[        ]   "-DANDROID_ABI=armeabi-v7a" ^
[        ]   "-DCMAKE_ANDROID_ARCH_ABI=armeabi-v7a" ^
[        ]   "-DANDROID_NDK=C:\\Users\\DENNISMUTUKU\\AppData\\Local\\Android\\sdk\\ndk\\28.2.13676358" ^
[        ]   "-DCMAKE_ANDROID_NDK=C:\\Users\\DENNISMUTUKU\\AppData\\Local\\Android\\sdk\\ndk\\28.2.13676358" ^
[        ]   "-DCMAKE_TOOLCHAIN_FILE=C:\\Users\\DENNISMUTUKU\\AppData\\Local\\Android\\sdk\\ndk\\28.2.13676358\\build\\cmake\\android.toolchain.cmake" ^
[        ]   "-DCMAKE_MAKE_PROGRAM=C:\\Users\\DENNISMUTUKU\\AppData\\Local\\Android\\Sdk\\cmake\\3.22.1\\bin\\ninja.exe" ^
[        ]   "-DCMAKE_LIBRARY_OUTPUT_DIRECTORY=C:\\xampp\\htdocs\\pace.com\\wispapp\\build\\app\\intermediates\\cxx\\debug\\5f6e4w4z\\obj\\armeabi-v7a" ^
[        ]   "-DCMAKE_RUNTIME_OUTPUT_DIRECTORY=C:\\xampp\\htdocs\\pace.com\\wispapp\\build\\app\\intermediates\\cxx\\debug\\5f6e4w4z\\obj\\armeabi-v7a" ^
[        ]   "-BC:\\xampp\\htdocs\\pace.com\\wispapp\\build\\.cxx\\debug\\5f6e4w4z\\armeabi-v7a" ^
[        ]   -GNinja ^
[        ]   -Wno-dev ^
[        ]   --no-warn-unused-cli ^
[        ]   "-DCMAKE_BUILD_TYPE=debug"
[        ] C/C++: C:\Users\DENNISMUTUKU\Downloads\flutter_windows_3.38.4-stable\flutter\packages\flutter_tools\gradle\src\main\scripts\CMakeLists.txt debug|armeabi-v7a : @echo off
[        ] "C:\\Users\\DENNISMUTUKU\\AppData\\Local\\Android\\Sdk\\cmake\\3.22.1\\bin\\cmake.exe" ^
[        ]   "-HC:\\Users\\DENNISMUTUKU\\Downloads\\flutter_windows_3.38.4-stable\\flutter\\packages\\flutter_tools\\gradle\\src\\main\\scripts" ^
[        ]   "-DCMAKE_SYSTEM_NAME=Android" ^
[        ]   "-DCMAKE_EXPORT_COMPILE_COMMANDS=ON" ^
[        ]   "-DCMAKE_SYSTEM_VERSION=24" ^
[        ]   "-DANDROID_PLATFORM=android-24" ^
[        ]   "-DANDROID_ABI=armeabi-v7a" ^
[        ]   "-DCMAKE_ANDROID_ARCH_ABI=armeabi-v7a" ^
[        ]   "-DANDROID_NDK=C:\\Users\\DENNISMUTUKU\\AppData\\Local\\Android\\sdk\\ndk\\28.2.13676358" ^
[        ]   "-DCMAKE_ANDROID_NDK=C:\\Users\\DENNISMUTUKU\\AppData\\Local\\Android\\sdk\\ndk\\28.2.13676358" ^
[        ]   "-DCMAKE_TOOLCHAIN_FILE=C:\\Users\\DENNISMUTUKU\\AppData\\Local\\Android\\sdk\\ndk\\28.2.13676358\\build\\cmake\\android.toolchain.cmake" ^
[        ]   "-DCMAKE_MAKE_PROGRAM=C:\\Users\\DENNISMUTUKU\\AppData\\Local\\Android\\Sdk\\cmake\\3.22.1\\bin\\ninja.exe" ^
[        ]   "-DCMAKE_LIBRARY_OUTPUT_DIRECTORY=C:\\xampp\\htdocs\\pace.com\\wispapp\\build\\app\\intermediates\\cxx\\debug\\5f6e4w4z\\obj\\armeabi-v7a" ^
[        ]   "-DCMAKE_RUNTIME_OUTPUT_DIRECTORY=C:\\xampp\\htdocs\\pace.com\\wispapp\\build\\app\\intermediates\\cxx\\debug\\5f6e4w4z\\obj\\armeabi-v7a" ^
[        ]   "-BC:\\xampp\\htdocs\\pace.com\\wispapp\\build\\.cxx\\debug\\5f6e4w4z\\armeabi-v7a" ^
[        ]   -GNinja ^
[        ]   -Wno-dev ^
[        ]   --no-warn-unused-cli ^
[        ]   "-DCMAKE_BUILD_TYPE=debug"
[        ] Starting process 'command 'C:\Users\DENNISMUTUKU\AppData\Local\Android\Sdk\cmake\3.22.1\bin\cmake.exe''. Working directory: C:\xampp\htdocs\pace.com\wispapp\android\app Command: C:\Users\DENNISMUTUKU\AppData\Local\Android\Sdk\cmake\3.22.1\bin\cmake.exe -HC:\Users\DENNISMUTUKU\Downloads\flutter_windows_3.38.4-stable\flutter\packages\flutter_tools\gradle\src\main\scripts -DCMAKE_SYSTEM_NAME=Android -DCMAKE_EXPORT_COMPILE_COMMANDS=ON -DCMAKE_SYSTEM_VERSION=24 -DANDROID_PLATFORM=android-24 -DANDROID_ABI=armeabi-v7a -DCMAKE_ANDROID_ARCH_ABI=armeabi-v7a -DANDROID_NDK=C:\Users\DENNISMUTUKU\AppData\Local\Android\sdk\ndk\28.2.13676358 -DCMAKE_ANDROID_NDK=C:\Users\DENNISMUTUKU\AppData\Local\Android\sdk\ndk\28.2.13676358 -DCMAKE_TOOLCHAIN_FILE=C:\Users\DENNISMUTUKU\AppData\Local\Android\sdk\ndk\28.2.13676358\build\cmake\android.toolchain.cmake -DCMAKE_MAKE_PROGRAM=C:\Users\DENNISMUTUKU\AppData\Local\Android\Sdk\cmake\3.22.1\bin\ninja.exe -DCMAKE_LIBRARY_OUTPUT_DIRECTORY=C:\xampp\htdocs\pace.com\wispapp\build\app\intermediates\cxx\debug\5f6e4w4z\obj\armeabi-v7a -DCMAKE_RUNTIME_OUTPUT_DIRECTORY=C:\xampp\htdocs\pace.com\wispapp\build\app\intermediates\cxx\debug\5f6e4w4z\obj\armeabi-v7a -BC:\xampp\htdocs\pace.com\wispapp\build\.cxx\debug\5f6e4w4z\armeabi-v7a -GNinja -Wno-dev --no-warn-unused-cli -DCMAKE_BUILD_TYPE=debug
[        ] Successfully started process 'command 'C:\Users\DENNISMUTUKU\AppData\Local\Android\Sdk\cmake\3.22.1\bin\cmake.exe''
[+2909 ms] C/C++: C:\Users\DENNISMUTUKU\Downloads\flutter_windows_3.38.4-stable\flutter\packages\flutter_tools\gradle\src\main\scripts\CMakeLists.txt debug|armeabi-v7a : Received process result: 0
[        ] C/C++: C:\Users\DENNISMUTUKU\Downloads\flutter_windows_3.38.4-stable\flutter\packages\flutter_tools\gradle\src\main\scripts\CMakeLists.txt debug|armeabi-v7a : C:\xampp\htdocs\pace.com\wispapp\build\.cxx\debug\5f6e4w4z\armeabi-v7a\compile_commands.json.bin existed but not C:\xampp\htdocs\pace.com\wispapp\build\.cxx\debug\5f6e4w4z\armeabi-v7a\compile_commands.json
[        ] C/C++: C:\Users\DENNISMUTUKU\Downloads\flutter_windows_3.38.4-stable\flutter\packages\flutter_tools\gradle\src\main\scripts\CMakeLists.txt debug|armeabi-v7a : done executing cmake
[        ] C/C++: C:\Users\DENNISMUTUKU\Downloads\flutter_windows_3.38.4-stable\flutter\packages\flutter_tools\gradle\src\main\scripts\CMakeLists.txt debug|armeabi-v7a : JSON generation completed without problems
[        ] C/C++: C:\Users\DENNISMUTUKU\Downloads\flutter_windows_3.38.4-stable\flutter\packages\flutter_tools\gradle\src\main\scripts\CMakeLists.txt debug|armeabi-v7a : Writing build model to C:\xampp\htdocs\pace.com\wispapp\build\app\intermediates\cxx\debug\5f6e4w4z\logs\armeabi-v7a\build_model.json
[  +52 ms] work action resolve bundleLibRuntimeToDirDebug (project :shared_preferences_android) (Thread[#132,Execution worker Thread 3,5,main]) started.
[        ] Resolve mutations for :app:compileDebugJavaWithJavac (Thread[#132,Execution worker Thread 3,5,main]) started.
[        ] ClassesDirToClassesTransform (Thread[#129,included builds,5,main]) started.
[        ] :app:compileDebugJavaWithJavac (Thread[#132,Execution worker Thread 3,5,main]) started.
[        ] > Transform bundleLibRuntimeToDirDebug (project :shared_preferences_android) with ClassesDirToClassesTransform
[        ] Caching disabled for ClassesDirToClassesTransform: C:\xampp\htdocs\pace.com\wispapp\build\shared_preferences_android\intermediates\runtime_library_classes_dir\debug\bundleLibRuntimeToDirDebug because:
[        ]   Build cache is disabled
[        ]   Caching not enabled.
[        ] DexingNoClasspathTransform (Thread[#131,Execution worker Thread 2,5,main]) started.
[ +924 ms] > Transform bundleLibRuntimeToDirDebug (project :shared_preferences_android) with DexingNoClasspathTransform
[        ] Caching disabled for DexingNoClasspathTransform: C:\xampp\htdocs\pace.com\wispapp\build\shared_preferences_android\intermediates\runtime_library_classes_dir\debug\bundleLibRuntimeToDirDebug because:
[        ]   Build cache is disabled
[        ] DexingNoClasspathTransform: C:\xampp\htdocs\pace.com\wispapp\build\shared_preferences_android\intermediates\runtime_library_classes_dir\debug\bundleLibRuntimeToDirDebug is not up-to-date because:
[        ]   No history is available.
[        ] The input changes require a full rebuild for incremental DexingNoClasspathTransform: C:\xampp\htdocs\pace.com\wispapp\build\shared_preferences_android\intermediates\runtime_library_classes_dir\debug\bundleLibRuntimeToDirDebug.
[        ] Running dexing transform non-incrementally for 'C:\xampp\htdocs\pace.com\wispapp\build\shared_preferences_android\intermediates\runtime_library_classes_dir\debug\bundleLibRuntimeToDirDebug'
[        ] DexingOutputSplitTransform (Thread[#131,Execution worker Thread 2,5,main]) started.
[        ] > Transform bundleLibRuntimeToDirDebug (project :shared_preferences_android) with DexingOutputSplitTransform
[        ] Caching disabled for DexingOutputSplitTransform: C:\xampp\htdocs\pace.com\wispapp\build\shared_preferences_android\.transforms\5fe32918ab3d56326e71265dee4b4fc1\transformed\bundleLibRuntimeToDirDebug because:
[        ]   Build cache is disabled
[        ]   Caching not enabled.
[ +287 ms] > Task :app:compileDebugJavaWithJavac
[        ] Custom actions are attached to task ':app:compileDebugJavaWithJavac'.
[        ] Caching disabled for task ':app:compileDebugJavaWithJavac' because:
[        ]   Build cache is disabled
[        ] Task ':app:compileDebugJavaWithJavac' is not up-to-date because:
[        ]   No history is available.
[        ] The input changes require a full rebuild for incremental task ':app:compileDebugJavaWithJavac'.
[        ] Compilation mode: in-process compilation
[        ] Full recompilation is required because no incremental change information is available. This is usually caused by clean builds or changing compiler arguments.
[        ] Compiling with toolchain 'C:\Program Files\Android\Android Studio\jbr'.
[        ] file or directory 'C:\xampp\htdocs\pace.com\wispapp\android\app\src\debug\java', not found
[        ] Compiling with JDK Java compiler API.
[        ] Class dependency analysis for incremental compilation took 0.003 secs.
[        ] Created classpath snapshot for incremental compilation in 0.117 secs.
[        ] Resolve mutations for :app:dexBuilderDebug (Thread[#132,Execution worker Thread 3,5,main]) started.
[        ] :app:dexBuilderDebug (Thread[#132,Execution worker Thread 3,5,main]) started.
[+1238 ms] > Task :app:dexBuilderDebug
[        ] Caching disabled for task ':app:dexBuilderDebug' because:
[        ]   Build cache is disabled
[        ] Task ':app:dexBuilderDebug' is not up-to-date because:
[        ]   No history is available.
[        ] The input changes require a full rebuild for incremental task ':app:dexBuilderDebug'.
[        ] Dex builder is incremental : false 
[        ] Processing input C:\xampp\htdocs\pace.com\wispapp\build\app\tmp\kotlin-classes\debug
[        ] Processing input C:\xampp\htdocs\pace.com\wispapp\build\app\intermediates\javac\debug\compileDebugJavaWithJavac\classes
[        ] Dexing C:\xampp\htdocs\pace.com\wispapp\build\app\tmp\kotlin-classes\debug
[        ] Dexing C:\xampp\htdocs\pace.com\wispapp\build\app\intermediates\javac\debug\compileDebugJavaWithJavac\classes
[        ] Processing input C:\xampp\htdocs\pace.com\wispapp\build\app\intermediates\compile_and_runtime_not_namespaced_r_class_jar\debug\processDebugResources\R.jar
[        ] Dexing C:\xampp\htdocs\pace.com\wispapp\build\app\intermediates\compile_and_runtime_not_namespaced_r_class_jar\debug\processDebugResources\R.jar
[        ] Dexing 'C:\xampp\htdocs\pace.com\wispapp\build\app\tmp\kotlin-classes\debug' to 'C:\xampp\htdocs\pace.com\wispapp\build\app\intermediates\project_dex_archive\debug\dexBuilderDebug\out'
[        ] Dexing 'C:\xampp\htdocs\pace.com\wispapp\build\app\intermediates\javac\debug\compileDebugJavaWithJavac\classes' to 'C:\xampp\htdocs\pace.com\wispapp\build\app\intermediates\project_dex_archive\debug\dexBuilderDebug\out'
[        ] Dexing 'C:\xampp\htdocs\pace.com\wispapp\build\app\tmp\kotlin-classes\debug' to 'C:\xampp\htdocs\pace.com\wispapp\build\app\intermediates\project_dex_archive\debug\dexBuilderDebug\out'
[        ] Dexing 'C:\xampp\htdocs\pace.com\wispapp\build\app\intermediates\javac\debug\compileDebugJavaWithJavac\classes' to 'C:\xampp\htdocs\pace.com\wispapp\build\app\intermediates\project_dex_archive\debug\dexBuilderDebug\out'
[        ] Dexing 'C:\xampp\htdocs\pace.com\wispapp\build\app\intermediates\compile_and_runtime_not_namespaced_r_class_jar\debug\processDebugResources\R.jar' to 'C:\xampp\htdocs\pace.com\wispapp\build\app\intermediates\project_dex_archive\debug\dexBuilderDebug\out\a3cb655c704c5c5e230ea576597dfa5a621fdf7e5a20a4c146b1bf08dc00cb9f_0.jar'
[        ] Dexing 'C:\xampp\htdocs\pace.com\wispapp\build\app\intermediates\compile_and_runtime_not_namespaced_r_class_jar\debug\processDebugResources\R.jar' to 'C:\xampp\htdocs\pace.com\wispapp\build\app\intermediates\project_dex_archive\debug\dexBuilderDebug\out\a3cb655c704c5c5e230ea576597dfa5a621fdf7e5a20a4c146b1bf08dc00cb9f_1.jar'
[        ] Done with all dex archive conversions
[        ] Invalidating in-memory cache of C:\xampp\htdocs\pace.com\wispapp\android\.gradle\8.14\fileHashes\fileHashes.bin
[        ] Invalidating in-memory cache of C:\xampp\htdocs\pace.com\wispapp\android\.gradle\8.14\fileHashes\resourceHashesCache.bin
[        ] Invalidating in-memory cache of C:\xampp\htdocs\pace.com\wispapp\android\.gradle\8.14\executionHistory\executionHistory.bin
[        ] Invalidating in-memory cache of C:\xampp\htdocs\pace.com\wispapp\android\.gradle\buildOutputCleanup\outputFiles.bin
[        ] Resolve mutations for :app:mergeDebugGlobalSynthetics (Thread[#132,Execution worker Thread 3,5,main]) started.
[        ] :app:mergeDebugGlobalSynthetics (Thread[#132,Execution worker Thread 3,5,main]) started.
[ +879 ms] Resolve mutations for :app:processDebugJavaRes (Thread[#129,included builds,5,main]) started.
[        ] :app:processDebugJavaRes (Thread[#129,included builds,5,main]) started.
[   +1 ms] > Task :app:mergeDebugGlobalSynthetics
[        ] Caching disabled for DexingOutputSplitTransform: C:\Users\DENNISMUTUKU\.gradle\caches\8.14\transforms\305d7748a14cfc426d739ed98cb0502b\transformed\flutter_embedding_debug-1.0.0-a5cb96369ef86c7e85abf5d662a1ca5d89775053 because:
[        ]   Build cache is disabled
[        ]   Caching not enabled.
[        ] Caching disabled for DexingOutputSplitTransform: C:\Users\DENNISMUTUKU\.gradle\caches\8.14\transforms\2d9a83df7f277e1c16692afab1359ee4\transformed\preference-1.2.1-runtime because:
[        ]   Build cache is disabled
[        ]   Caching not enabled.
[        ] Caching disabled for DexingOutputSplitTransform: C:\Users\DENNISMUTUKU\.gradle\caches\8.14\transforms\6cf270279d226900a33e2fc7171f82a7\transformed\appcompat-1.1.0-runtime because:
[        ]   Build cache is disabled
[        ]   Caching not enabled.
[        ] Caching disabled for DexingOutputSplitTransform: C:\Users\DENNISMUTUKU\.gradle\caches\8.14\transforms\666b1eeaa4499fd84c5e4c7d35ecaac7\transformed\fragment-ktx-1.7.1-runtime because:
[        ]   Build cache is disabled
[        ]   Caching not enabled.
[        ] Caching disabled for DexingOutputSplitTransform: C:\Users\DENNISMUTUKU\.gradle\caches\8.14\transforms\f3da74049a0a50e2798ba159383b8b81\transformed\fragment-1.7.1-runtime because:
[        ]   Build cache is disabled
[        ]   Caching not enabled.
[        ] Caching disabled for DexingOutputSplitTransform: C:\Users\DENNISMUTUKU\.gradle\caches\8.14\transforms\946d802e2eefd588cfbb7182eafe4c9f\transformed\recyclerview-1.0.0-runtime because:
[        ]   Build cache is disabled
[        ]   Caching not enabled.
[        ] Caching disabled for DexingOutputSplitTransform: C:\Users\DENNISMUTUKU\.gradle\caches\8.14\transforms\af25dc0a0aadccc77d30867cb724f838\transformed\legacy-support-core-ui-1.0.0-runtime because:
[        ]   Build cache is disabled
[        ]   Caching not enabled.
[        ] Caching disabled for DexingOutputSplitTransform: C:\Users\DENNISMUTUKU\.gradle\caches\8.14\transforms\a79de061a7527504468405c4fddbd0c2\transformed\slidingpanelayout-1.2.0-runtime because:
[        ]   Build cache is disabled
[        ]   Caching not enabled.
[        ] Caching disabled for DexingOutputSplitTransform: C:\Users\DENNISMUTUKU\.gradle\caches\8.14\transforms\14f29a3a42e8ab03dbc9cb6c60ab11d5\transformed\window-1.2.0-runtime because:
[        ]   Build cache is disabled
[        ]   Caching not enabled.
[        ] Caching disabled for DexingOutputSplitTransform: C:\Users\DENNISMUTUKU\.gradle\caches\8.14\transforms\363b89c1a5d01411b38d5c99167f98ef\transformed\window-java-1.2.0-runtime because:
[        ]   Build cache is disabled
[        ]   Caching not enabled.
[        ] Caching disabled for DexingOutputSplitTransform: C:\Users\DENNISMUTUKU\.gradle\caches\8.14\transforms\ad2a2ce1b8e318dc5fecfd15d9d6b6e4\transformed\activity-ktx-1.8.1-runtime because:
[        ]   Build cache is disabled
[        ]   Caching not enabled.
[        ] Caching disabled for DexingOutputSplitTransform: C:\Users\DENNISMUTUKU\.gradle\caches\8.14\transforms\0f828c6f7895623dd9249db8be68b5c3\transformed\activity-1.8.1-runtime because:
[        ]   Build cache is disabled
[        ]   Caching not enabled.
[        ] Caching disabled for DexingOutputSplitTransform: C:\Users\DENNISMUTUKU\.gradle\caches\8.14\transforms\d6fe0f41aaeda3a9c6ace2ca9c51c102\transformed\legacy-support-core-utils-1.0.0-runtime because:
[        ]   Build cache is disabled
[        ]   Caching not enabled.
[        ] Caching disabled for DexingOutputSplitTransform: C:\Users\DENNISMUTUKU\.gradle\caches\8.14\transforms\16ef9c6a4414cc852240d42a6416233c\transformed\loader-1.0.0-runtime because:
[        ]   Build cache is disabled
[        ]   Caching not enabled.
[        ] Caching disabled for DexingOutputSplitTransform: C:\Users\DENNISMUTUKU\.gradle\caches\8.14\transforms\f3475db2ad241993497130bca23deb1a\transformed\viewpager-1.0.0-runtime because:
[        ]   Build cache is disabled
[        ]   Caching not enabled.
[        ] Caching disabled for DexingOutputSplitTransform: C:\Users\DENNISMUTUKU\.gradle\caches\8.14\transforms\ec0d14c2db933b342bf8c35a90e74d79\transformed\lifecycle-runtime-ktx-2.7.0-runtime because:
[        ]   Build cache is disabled
[        ]   Caching not enabled.
[        ] Caching disabled for DexingOutputSplitTransform: C:\Users\DENNISMUTUKU\.gradle\caches\8.14\transforms\6d176264c3b75d24ae05acafb1d772f1\transformed\lifecycle-livedata-2.7.0-runtime because:
[        ]   Build cache is disabled
[        ]   Caching not enabled.
[        ] Caching disabled for DexingOutputSplitTransform: C:\Users\DENNISMUTUKU\.gradle\caches\8.14\transforms\29dad8fab0f8097488c3f31542c1da20\transformed\lifecycle-livedata-core-ktx-2.7.0-runtime because:
[        ]   Build cache is disabled
[        ]   Caching not enabled.
[        ] Caching disabled for DexingOutputSplitTransform: C:\Users\DENNISMUTUKU\.gradle\caches\8.14\transforms\44986294a4356886a4d28212c8ce2810\transformed\lifecycle-viewmodel-ktx-2.7.0-runtime because:
[        ]   Build cache is disabled
[        ]   Caching not enabled.
[        ] Caching disabled for DexingOutputSplitTransform: C:\Users\DENNISMUTUKU\.gradle\caches\8.14\transforms\f7c6336640cc52902e5b95cfada9565b\transformed\lifecycle-viewmodel-2.7.0-runtime because:
[        ]   Build cache is disabled
[        ]   Caching not enabled.
[        ] Caching disabled for DexingOutputSplitTransform: C:\Users\DENNISMUTUKU\.gradle\caches\8.14\transforms\54b655e240720e498f405950b3d5891d\transformed\lifecycle-livedata-core-2.7.0-runtime because:
[        ]   Build cache is disabled
[        ]   Caching not enabled.
[        ] Caching disabled for DexingOutputSplitTransform: C:\Users\DENNISMUTUKU\.gradle\caches\8.14\transforms\c58dce1c4a3497893ebfebf3185ec822\transformed\lifecycle-viewmodel-savedstate-2.7.0-runtime because:
[        ]   Build cache is disabled
[        ]   Caching not enabled.
[        ] Caching disabled for DexingOutputSplitTransform: C:\Users\DENNISMUTUKU\.gradle\caches\8.14\transforms\87f177d1ecb68c7d75c71526418776e3\transformed\core-ktx-1.13.1-runtime because:
[        ]   Build cache is disabled
[        ]   Caching not enabled.
[        ] Caching disabled for DexingOutputSplitTransform: C:\Users\DENNISMUTUKU\.gradle\caches\8.14\transforms\88478cd4f213b932a55d5a31a144ecd0\transformed\appcompat-resources-1.1.0-runtime because:
[        ]   Build cache is disabled
[        ]   Caching not enabled.
[        ] Caching disabled for DexingOutputSplitTransform: C:\Users\DENNISMUTUKU\.gradle\caches\8.14\transforms\0982b6ba048613617864039b31548b1e\transformed\drawerlayout-1.0.0-runtime because:
[        ]   Build cache is disabled
[        ]   Caching not enabled.
[        ] Caching disabled for DexingOutputSplitTransform: C:\Users\DENNISMUTUKU\.gradle\caches\8.14\transforms\1e6bea90837a9957f50897f7664edb33\transformed\coordinatorlayout-1.0.0-runtime because:
[        ]   Build cache is disabled
[        ]   Caching not enabled.
[        ] Caching disabled for DexingOutputSplitTransform: C:\Users\DENNISMUTUKU\.gradle\caches\8.14\transforms\2ef8f475d9d55a2fcdef67095e3018f0\transformed\customview-1.1.0-runtime because:
[        ]   Build cache is disabled
[        ]   Caching not enabled.
[        ] Caching disabled for DexingOutputSplitTransform: C:\Users\DENNISMUTUKU\.gradle\caches\8.14\transforms\7093efd3076ab7b7f690ddb171f92855\transformed\transition-1.4.1-runtime because:
[        ]   Build cache is disabled
[        ]   Caching not enabled.
[        ] Caching disabled for DexingOutputSplitTransform: C:\Users\DENNISMUTUKU\.gradle\caches\8.14\transforms\33b7737784f98a89666e7a46f2f1319f\transformed\vectordrawable-animated-1.1.0-runtime because:
[        ]   Build cache is disabled
[        ]   Caching not enabled.
[        ] Caching disabled for DexingOutputSplitTransform: C:\Users\DENNISMUTUKU\.gradle\caches\8.14\transforms\2ffa45bc5dd49ec223554b8b2fc41c9c\transformed\vectordrawable-1.1.0-runtime because:
[        ]   Build cache is disabled
[        ]   Caching not enabled.
[        ] Caching disabled for DexingOutputSplitTransform: C:\Users\DENNISMUTUKU\.gradle\caches\8.14\transforms\48375866fdfa0eae2dcb54b83c77bd07\transformed\swiperefreshlayout-1.0.0-runtime because:
[        ]   Build cache is disabled
[        ]   Caching not enabled.
[        ] Caching disabled for DexingOutputSplitTransform: C:\Users\DENNISMUTUKU\.gradle\caches\8.14\transforms\03642a51e6cbd9d2c5bc81b51b2fce79\transformed\asynclayoutinflater-1.0.0-runtime because:
[        ]   Build cache is disabled
[        ]   Caching not enabled.
[        ] Caching disabled for DexingOutputSplitTransform: C:\Users\DENNISMUTUKU\.gradle\caches\8.14\transforms\a32848eba72cc3c4e67b5018f2f85fe4\transformed\core-1.13.1-runtime because:
[        ]   Build cache is disabled
[        ]   Caching not enabled.
[        ] Caching disabled for DexingOutputSplitTransform: C:\Users\DENNISMUTUKU\.gradle\caches\8.14\transforms\11cc5e27ca772d099e97b739c643dbd9\transformed\lifecycle-runtime-2.7.0-runtime because:
[        ]   Build cache is disabled
[        ]   Caching not enabled.
[        ] Caching disabled for DexingOutputSplitTransform: C:\Users\DENNISMUTUKU\.gradle\caches\8.14\transforms\bdefe46fb34abeea789f3da1aaae4597\transformed\lifecycle-process-2.7.0-runtime because:
[        ]   Build cache is disabled
[        ]   Caching not enabled.
[        ] Caching disabled for DexingOutputSplitTransform: C:\Users\DENNISMUTUKU\.gradle\caches\8.14\transforms\fb989ddc7caefa08644cd506233e1e49\transformed\lifecycle-common-java8-2.7.0 because:
[        ]   Build cache is disabled
[        ]   Caching not enabled.
[        ] Caching disabled for DexingOutputSplitTransform: C:\Users\DENNISMUTUKU\.gradle\caches\8.14\transforms\f671a20bbf1e3a04fabd3025ba859596\transformed\savedstate-ktx-1.2.1-runtime because:
[        ]   Build cache is disabled
[        ]   Caching not enabled.
[        ] Caching disabled for DexingOutputSplitTransform: C:\Users\DENNISMUTUKU\.gradle\caches\8.14\transforms\26d471f4cc998672ff625476524809ce\transformed\savedstate-1.2.1-runtime because:
[        ]   Build cache is disabled
[        ]   Caching not enabled.
[        ] Caching disabled for DexingOutputSplitTransform: C:\Users\DENNISMUTUKU\.gradle\caches\8.14\transforms\adb1274de169c2d2f2911bfae8955d57\transformed\lifecycle-common-2.7.0 because:
[        ]   Build cache is disabled
[        ]   Caching not enabled.
[        ] Caching disabled for DexingOutputSplitTransform: C:\Users\DENNISMUTUKU\.gradle\caches\8.14\transforms\74ccae718cff3d9df42dac4169111df7\transformed\profileinstaller-1.3.1-runtime because:
[        ]   Build cache is disabled
[        ]   Caching not enabled.
[        ] Caching disabled for DexingOutputSplitTransform: C:\Users\DENNISMUTUKU\.gradle\caches\8.14\transforms\4bf740b1cc1c4ab5a07ad87309254814\transformed\startup-runtime-1.1.1-runtime because:
[        ]   Build cache is disabled
[        ]   Caching not enabled.
[        ] Caching disabled for DexingOutputSplitTransform: C:\Users\DENNISMUTUKU\.gradle\caches\8.14\transforms\7504e64ead8fe20dc7bce67c69294ab8\transformed\tracing-1.2.0-runtime because:
[        ]   Build cache is disabled
[        ]   Caching not enabled.
[        ] Caching disabled for DexingOutputSplitTransform: C:\Users\DENNISMUTUKU\.gradle\caches\8.14\transforms\72346d5145ee50d7833ac52fc67bd9ac\transformed\datastore-preferences-external-protobuf-1.1.7 because:
[        ]   Build cache is disabled
[   +1 ms]   Caching not enabled.
[        ] Caching disabled for DexingOutputSplitTransform: C:\Users\DENNISMUTUKU\.gradle\caches\8.14\transforms\ae6dd15d0f9495526452eda1902aed17\transformed\datastore-preferences-proto-1.1.7 because:
[        ]   Build cache is disabled
[        ]   Caching not enabled.
[        ] Caching disabled for DexingOutputSplitTransform: C:\Users\DENNISMUTUKU\.gradle\caches\8.14\transforms\10ead2be7b74f1bf3ffd153a45bd0550\transformed\datastore-preferences-core-release-runtime because:
[        ]   Build cache is disabled
[        ]   Caching not enabled.
[        ] Caching disabled for DexingOutputSplitTransform: C:\Users\DENNISMUTUKU\.gradle\caches\8.14\transforms\37a980cb69a17e4c2f5d4be17fde2fd3\transformed\datastore-core-release-runtime because:
[        ]   Build cache is disabled
[        ]   Caching not enabled.
[        ] Caching disabled for DexingOutputSplitTransform: C:\Users\DENNISMUTUKU\.gradle\caches\8.14\transforms\cef73a3927ffacddcb81dacdbd4a43a1\transformed\datastore-release-runtime because:
[        ]   Build cache is disabled
[        ]   Caching not enabled.
[        ] Caching disabled for DexingOutputSplitTransform: C:\Users\DENNISMUTUKU\.gradle\caches\8.14\transforms\708bd103d0422f83a0ef0197888fb338\transformed\datastore-core-okio-jvm-1.1.7 because:
[        ]   Build cache is disabled
[        ]   Caching not enabled.
[        ] Caching disabled for DexingOutputSplitTransform: C:\Users\DENNISMUTUKU\.gradle\caches\8.14\transforms\08b42e8da825505035465f861aa8ceb2\transformed\datastore-preferences-release-runtime because:
[        ]   Build cache is disabled
[        ]   Caching not enabled.
[        ] Caching disabled for DexingOutputSplitTransform: C:\Users\DENNISMUTUKU\.gradle\caches\8.14\transforms\880b9c79d176e0240eff0fb8ea1693f3\transformed\core-runtime-2.2.0-runtime because:
[        ]   Build cache is disabled
[        ]   Caching not enabled.
[        ] Caching disabled for DexingOutputSplitTransform: C:\Users\DENNISMUTUKU\.gradle\caches\8.14\transforms\0085a47f6bcf39d3112b089340f7a8e4\transformed\core-common-2.2.0 because:
[        ]   Build cache is disabled
[        ]   Caching not enabled.
[        ] Caching disabled for DexingOutputSplitTransform: C:\Users\DENNISMUTUKU\.gradle\caches\8.14\transforms\b25e0ce6f8cb3f3faf9df41653e9f8b5\transformed\versionedparcelable-1.1.1-runtime because:
[        ]   Build cache is disabled
[        ]   Caching not enabled.
[        ] Caching disabled for DexingOutputSplitTransform: C:\Users\DENNISMUTUKU\.gradle\caches\8.14\transforms\45324c3a2ef72d78940136b657de9eff\transformed\collection-ktx-1.1.0 because:
[        ]   Build cache is disabled
[        ]   Caching not enabled.
[        ] Caching disabled for DexingOutputSplitTransform: C:\Users\DENNISMUTUKU\.gradle\caches\8.14\transforms\62b659cc5f26716858b76692d817f504\transformed\collection-1.1.0 because:
[        ]   Build cache is disabled
[        ]   Caching not enabled.
[        ] Caching disabled for DexingOutputSplitTransform: C:\Users\DENNISMUTUKU\.gradle\caches\8.14\transforms\76609435d0cc527a33b34e0c9e783652\transformed\interpolator-1.0.0-runtime because:
[        ]   Build cache is disabled
[        ]   Caching not enabled.
[        ] Caching disabled for DexingOutputSplitTransform: C:\Users\DENNISMUTUKU\.gradle\caches\8.14\transforms\9edfbe90cda15b80b5b133287297094e\transformed\cursoradapter-1.0.0-runtime because:
[        ]   Build cache is disabled
[        ]   Caching not enabled.
[        ] Caching disabled for DexingOutputSplitTransform: C:\Users\DENNISMUTUKU\.gradle\caches\8.14\transforms\618e1968d8d7a7605db3adbf6b93ddc0\transformed\concurrent-futures-1.1.0 because:
[        ]   Build cache is disabled
[        ]   Caching not enabled.
[        ] Caching disabled for DexingOutputSplitTransform: C:\Users\DENNISMUTUKU\.gradle\caches\8.14\transforms\a74912ec0e069c514db81774ac1b5d50\transformed\core-1.0.0-runtime because:
[        ]   Build cache is disabled
[        ]   Caching not enabled.
[        ] Caching disabled for DexingOutputSplitTransform: C:\Users\DENNISMUTUKU\.gradle\caches\8.14\transforms\7114c46f9583ad435253ef44c57cbd43\transformed\documentfile-1.0.0-runtime because:
[        ]   Build cache is disabled
[        ]   Caching not enabled.
[        ] Caching disabled for DexingOutputSplitTransform: C:\Users\DENNISMUTUKU\.gradle\caches\8.14\transforms\327ebb7f4d605517bda459d0b3433139\transformed\localbroadcastmanager-1.0.0-runtime because:
[        ]   Build cache is disabled
[        ]   Caching not enabled.
[        ] Caching disabled for DexingOutputSplitTransform: C:\Users\DENNISMUTUKU\.gradle\caches\8.14\transforms\488c6def4cbb7c44b6000e8da8414a11\transformed\print-1.0.0-runtime because:
[        ]   Build cache is disabled
[        ]   Caching not enabled.
[        ] Caching disabled for DexingOutputSplitTransform: C:\Users\DENNISMUTUKU\.gradle\caches\8.14\transforms\d6e182c0c4fab69d3a210116b618fcee\transformed\annotation-jvm-1.9.1 because:
[        ]   Build cache is disabled
[        ]   Caching not enabled.
[        ] Caching disabled for DexingOutputSplitTransform: C:\Users\DENNISMUTUKU\.gradle\caches\8.14\transforms\8c567c28b8c5b301e109b2969f0cbbc6\transformed\annotation-experimental-1.4.0-runtime because:
[        ]   Build cache is disabled
[        ]   Caching not enabled.
[        ] Caching disabled for DexingOutputSplitTransform: C:\Users\DENNISMUTUKU\.gradle\caches\8.14\transforms\900b5e29653a54aa9987456cec5a94c9\transformed\kotlin-parcelize-runtime-1.9.22 because:
[        ]   Build cache is disabled
[        ]   Caching not enabled.
[        ] Caching disabled for DexingOutputSplitTransform: C:\Users\DENNISMUTUKU\.gradle\caches\8.14\transforms\8c8e1768269cd49ef2fc877b145ddc24\transformed\kotlin-android-extensions-runtime-1.9.22 because:
[        ]   Build cache is disabled
[        ]   Caching not enabled.
[        ] Caching disabled for DexingOutputSplitTransform: C:\Users\DENNISMUTUKU\.gradle\caches\8.14\transforms\fc431eb49ee76d5e0c588934c154db2b\transformed\okio-jvm-3.4.0 because:
[        ]   Build cache is disabled
[        ]   Caching not enabled.
[        ] Caching disabled for DexingOutputSplitTransform: C:\Users\DENNISMUTUKU\.gradle\caches\8.14\transforms\d01f575eba9299a84ef3ca455e3be20f\transformed\kotlinx-coroutines-core-jvm-1.7.3 because:
[        ]   Build cache is disabled
[        ]   Caching not enabled.
[        ] Caching disabled for DexingOutputSplitTransform: C:\Users\DENNISMUTUKU\.gradle\caches\8.14\transforms\57901ce858da459df9a89de890c7821f\transformed\kotlinx-coroutines-android-1.7.3 because:
[        ]   Build cache is disabled
[        ]   Caching not enabled.
[        ] Caching disabled for DexingOutputSplitTransform: C:\Users\DENNISMUTUKU\.gradle\caches\8.14\transforms\cda11e593138350093b34b5c10f8f0e1\transformed\kotlin-stdlib-jdk8-1.8.20 because:
[        ]   Build cache is disabled
[        ]   Caching not enabled.
[        ] Caching disabled for DexingOutputSplitTransform: C:\Users\DENNISMUTUKU\.gradle\caches\8.14\transforms\80db4d812edd81c57294c90226a6520b\transformed\kotlin-stdlib-jdk7-1.8.20 because:
[        ]   Build cache is disabled
[        ]   Caching not enabled.
[        ] Caching disabled for DexingOutputSplitTransform: C:\Users\DENNISMUTUKU\.gradle\caches\8.14\transforms\9a124eff4b2b5cc2b95110842b964b91\transformed\kotlin-stdlib-2.2.20 because:
[        ]   Build cache is disabled
[        ]   Caching not enabled.
[        ] Caching disabled for DexingOutputSplitTransform: C:\Users\DENNISMUTUKU\.gradle\caches\8.14\transforms\f78662e5048efa692ce4530a2498954a\transformed\armeabi_v7a_debug-1.0.0-a5cb96369ef86c7e85abf5d662a1ca5d89775053 because:
[        ]   Build cache is disabled
[        ]   Caching not enabled.
[  +43 ms] Caching disabled for DexingOutputSplitTransform: C:\Users\DENNISMUTUKU\.gradle\caches\8.14\transforms\59afc30b491cfd24fd92738ee6876021\transformed\annotations-23.0.0 because:
[        ]   Build cache is disabled
[        ]   Caching not enabled.
[        ] Caching disabled for DexingOutputSplitTransform: C:\Users\DENNISMUTUKU\.gradle\caches\8.14\transforms\893d524c749c3805478d8719663b9340\transformed\relinker-1.4.5-runtime because:
[        ]   Build cache is disabled
[        ]   Caching not enabled.
[        ] Caching disabled for DexingOutputSplitTransform: C:\Users\DENNISMUTUKU\.gradle\caches\8.14\transforms\0b5d74d7dfaca25c0b2238b6a87ad1d0\transformed\listenablefuture-1.0 because:
[        ]   Build cache is disabled
[        ]   Caching not enabled.
[        ] Caching disabled for task ':app:mergeDebugGlobalSynthetics' because:
[        ]   Build cache is disabled
[        ] Task ':app:mergeDebugGlobalSynthetics' is not up-to-date because:
[        ]   No history is available.
[        ] > Task :app:processDebugJavaRes
[        ] file or directory 'C:\xampp\htdocs\pace.com\wispapp\android\app\src\main\resources', not found
[        ] file or directory 'C:\xampp\htdocs\pace.com\wispapp\android\app\src\debug\resources', not found
[        ] file or directory 'C:\xampp\htdocs\pace.com\wispapp\android\app\src\main\resources', not found
[        ] file or directory 'C:\xampp\htdocs\pace.com\wispapp\android\app\src\debug\resources', not found
[        ] Caching disabled for task ':app:processDebugJavaRes' because:
[        ]   Build cache is disabled
[        ]   Caching has been disabled for the task
[        ] Task ':app:processDebugJavaRes' is not up-to-date because:
[        ]   No history is available.
[        ] file or directory 'C:\xampp\htdocs\pace.com\wispapp\android\app\src\main\resources', not found
[        ] file or directory 'C:\xampp\htdocs\pace.com\wispapp\android\app\src\debug\resources', not found
[        ] file or directory 'C:\xampp\htdocs\pace.com\wispapp\android\app\src\main\resources', not found
[        ] file or directory 'C:\xampp\htdocs\pace.com\wispapp\android\app\src\debug\resources', not found
[        ] Resolve mutations for :app:mergeDebugJavaResource (Thread[#129,included builds,5,main]) started.
[        ] :app:mergeDebugJavaResource (Thread[#129,included builds,5,main]) started.
[+1838 ms] > Task :app:mergeDebugJavaResource
[   +2 ms] Caching disabled for AarTransform: C:\Users\DENNISMUTUKU\.gradle\caches\8.14\transforms\20f0791ef06de9a52b6d96cbab664067\transformed\preference-1.2.1 because:
[        ]   Build cache is disabled
[  +51 ms]   Caching not enabled.
[        ] Caching disabled for AarTransform: C:\Users\DENNISMUTUKU\.gradle\caches\8.14\transforms\e1f8ccb572a82359af91314c017bd1f9\transformed\fragment-ktx-1.7.1 because:
[        ]   Build cache is disabled
[        ]   Caching not enabled.
[  +21 ms] Caching disabled for AarTransform: C:\Users\DENNISMUTUKU\.gradle\caches\8.14\transforms\da4a15fbcbc29fba99562eca51c29027\transformed\appcompat-1.1.0 because:
[        ]   Build cache is disabled
[   +1 ms]   Caching not enabled.
[        ] Caching disabled for AarTransform: C:\Users\DENNISMUTUKU\.gradle\caches\8.14\transforms\5fb50349239706e8a6594e22cd560397\transformed\fragment-1.7.1 because:
[        ]   Build cache is disabled
[        ]   Caching not enabled.
[        ] Caching disabled for AarTransform: C:\Users\DENNISMUTUKU\.gradle\caches\8.14\transforms\cee4f699ee102cd72037861d3fcdeceb\transformed\recyclerview-1.0.0 because:
[        ]   Build cache is disabled
[        ]   Caching not enabled.
[        ] Caching disabled for AarTransform: C:\Users\DENNISMUTUKU\.gradle\caches\8.14\transforms\667d45e2fbce9f096055a52553f53740\transformed\legacy-support-core-ui-1.0.0 because:
[        ]   Build cache is disabled
[        ]   Caching not enabled.
[        ] Caching disabled for AarTransform: C:\Users\DENNISMUTUKU\.gradle\caches\8.14\transforms\631c1f23d2ad502a14bcd486bb3a0369\transformed\slidingpanelayout-1.2.0 because:
[        ]   Build cache is disabled
[        ]   Caching not enabled.
[        ] Caching disabled for AarTransform: C:\Users\DENNISMUTUKU\.gradle\caches\8.14\transforms\684fec45a4a4620be950d54dccaf82cd\transformed\window-java-1.2.0 because:
[        ]   Build cache is disabled
[        ]   Caching not enabled.
[        ] Caching disabled for AarTransform: C:\Users\DENNISMUTUKU\.gradle\caches\8.14\transforms\7217e782825a2d4d49e286a23835439b\transformed\window-1.2.0 because:
[        ]   Build cache is disabled
[        ]   Caching not enabled.
[        ] Caching disabled for AarTransform: C:\Users\DENNISMUTUKU\.gradle\caches\8.14\transforms\34a2e94553db54bf67e7425810171014\transformed\activity-ktx-1.8.1 because:
[        ]   Build cache is disabled
[        ]   Caching not enabled.
[        ] Caching disabled for AarTransform: C:\Users\DENNISMUTUKU\.gradle\caches\8.14\transforms\1e42bd289ddf0f442a3fc01efb84d3ba\transformed\activity-1.8.1 because:
[        ]   Build cache is disabled
[        ]   Caching not enabled.
[        ] Caching disabled for AarTransform: C:\Users\DENNISMUTUKU\.gradle\caches\8.14\transforms\ea130cff24ffba33708d14df29a80af5\transformed\legacy-support-core-utils-1.0.0 because:
[        ]   Build cache is disabled
[        ]   Caching not enabled.
[        ] Caching disabled for AarTransform: C:\Users\DENNISMUTUKU\.gradle\caches\8.14\transforms\0b8c65722c66640cf120e60317d42362\transformed\loader-1.0.0 because:
[        ]   Build cache is disabled
[        ]   Caching not enabled.
[        ] Caching disabled for AarTransform: C:\Users\DENNISMUTUKU\.gradle\caches\8.14\transforms\7be6cf4f52d84b0f524b317232df5d4c\transformed\viewpager-1.0.0 because:
[        ]   Build cache is disabled
[        ]   Caching not enabled.
[        ] Caching disabled for AarTransform: C:\Users\DENNISMUTUKU\.gradle\caches\8.14\transforms\ee9028989d5df242a30968eb14819a13\transformed\lifecycle-livedata-2.7.0 because:
[        ]   Build cache is disabled
[        ]   Caching not enabled.
[        ] Caching disabled for AarTransform: C:\Users\DENNISMUTUKU\.gradle\caches\8.14\transforms\b9ef6a065b155aa9a3e13b9994ab4cbb\transformed\lifecycle-runtime-ktx-2.7.0 because:
[        ]   Build cache is disabled
[        ]   Caching not enabled.
[        ] Caching disabled for AarTransform: C:\Users\DENNISMUTUKU\.gradle\caches\8.14\transforms\95ee91d8a897d16eed1ef302f2de9371\transformed\lifecycle-livedata-core-ktx-2.7.0 because:
[        ]   Build cache is disabled
[        ]   Caching not enabled.
[        ] Caching disabled for AarTransform: C:\Users\DENNISMUTUKU\.gradle\caches\8.14\transforms\a5f0b265a897e69ca915ae7fa6ef7d22\transformed\lifecycle-viewmodel-ktx-2.7.0 because:
[        ]   Build cache is disabled
[        ]   Caching not enabled.
[        ] Caching disabled for AarTransform: C:\Users\DENNISMUTUKU\.gradle\caches\8.14\transforms\608dfc9e2582f51b81c1485fd62d55da\transformed\lifecycle-viewmodel-2.7.0 because:
[        ]   Build cache is disabled
[        ]   Caching not enabled.
[        ] Caching disabled for AarTransform: C:\Users\DENNISMUTUKU\.gradle\caches\8.14\transforms\57a4845aed7b5ba78f501c04d4c94c43\transformed\lifecycle-viewmodel-savedstate-2.7.0 because:
[        ]   Build cache is disabled
[        ]   Caching not enabled.
[        ] Caching disabled for AarTransform: C:\Users\DENNISMUTUKU\.gradle\caches\8.14\transforms\134d38681951a9cb59e105fa43ce6ab5\transformed\lifecycle-livedata-core-2.7.0 because:
[        ]   Build cache is disabled
[        ]   Caching not enabled.
[        ] Caching disabled for AarTransform: C:\Users\DENNISMUTUKU\.gradle\caches\8.14\transforms\bd7e8451c9c7af9c0727ed7672bd833e\transformed\core-ktx-1.13.1 because:
[        ]   Build cache is disabled
[        ]   Caching not enabled.
[        ] Caching disabled for AarTransform: C:\Users\DENNISMUTUKU\.gradle\caches\8.14\transforms\c36d51e17c94fd6d2ee8508febe52585\transformed\appcompat-resources-1.1.0 because:
[        ]   Build cache is disabled
[        ]   Caching not enabled.
[        ] Caching disabled for AarTransform: C:\Users\DENNISMUTUKU\.gradle\caches\8.14\transforms\f0599c5c471bb535981725fdd49cabbb\transformed\drawerlayout-1.0.0 because:
[        ]   Build cache is disabled
[        ]   Caching not enabled.
[        ] Caching disabled for AarTransform: C:\Users\DENNISMUTUKU\.gradle\caches\8.14\transforms\c044afd1082a0a46d8e1ae45510004de\transformed\coordinatorlayout-1.0.0 because:
[        ]   Build cache is disabled
[        ]   Caching not enabled.
[        ] Caching disabled for AarTransform: C:\Users\DENNISMUTUKU\.gradle\caches\8.14\transforms\38c13d54853ea3ced35ec2d6229fd2e6\transformed\customview-1.1.0 because:
[        ]   Build cache is disabled
[        ]   Caching not enabled.
[        ] Caching disabled for AarTransform: C:\Users\DENNISMUTUKU\.gradle\caches\8.14\transforms\1dd861f3eb721f8a05e16b90d98c57e1\transformed\vectordrawable-1.1.0 because:
[        ]   Build cache is disabled
[        ]   Caching not enabled.
[        ] Caching disabled for AarTransform: C:\Users\DENNISMUTUKU\.gradle\caches\8.14\transforms\fd9c0c018ac1b6d813c3385bd4b2b2d3\transformed\vectordrawable-animated-1.1.0 because:
[        ]   Build cache is disabled
[        ]   Caching not enabled.
[        ] Caching disabled for AarTransform: C:\Users\DENNISMUTUKU\.gradle\caches\8.14\transforms\33f4e0def5774c20cc99f97715e6a8a3\transformed\transition-1.4.1 because:
[        ]   Build cache is disabled
[        ]   Caching not enabled.
[        ] Caching disabled for AarTransform: C:\Users\DENNISMUTUKU\.gradle\caches\8.14\transforms\303d75da538f5bc55f11884bb8fd86cd\transformed\asynclayoutinflater-1.0.0 because:
[        ]   Build cache is disabled
[        ]   Caching not enabled.
[        ] Caching disabled for AarTransform: C:\Users\DENNISMUTUKU\.gradle\caches\8.14\transforms\30e9bb160a15691def72cffe8d83518e\transformed\swiperefreshlayout-1.0.0 because:
[        ]   Build cache is disabled
[        ]   Caching not enabled.
[        ] Caching disabled for AarTransform: C:\Users\DENNISMUTUKU\.gradle\caches\8.14\transforms\8cb437de8fdac72e2de918f9ee215ca3\transformed\core-1.13.1 because:
[        ]   Build cache is disabled
[        ]   Caching not enabled.
[        ] Caching disabled for AarTransform: C:\Users\DENNISMUTUKU\.gradle\caches\8.14\transforms\d148ff515f5aca379a93f0738fb87fa8\transformed\savedstate-ktx-1.2.1 because:
[        ]   Build cache is disabled
[        ]   Caching not enabled.
[        ] Caching disabled for AarTransform: C:\Users\DENNISMUTUKU\.gradle\caches\8.14\transforms\81bfdcaf88a095985faf642cd08a6310\transformed\lifecycle-runtime-2.7.0 because:
[        ]   Build cache is disabled
[        ]   Caching not enabled.
[        ] Caching disabled for AarTransform: C:\Users\DENNISMUTUKU\.gradle\caches\8.14\transforms\70c7f9c93d870d55aa75fb2befc1cc77\transformed\lifecycle-process-2.7.0 because:
[        ]   Build cache is disabled
[        ]   Caching not enabled.
[        ] Caching disabled for AarTransform: C:\Users\DENNISMUTUKU\.gradle\caches\8.14\transforms\a3c4bf2e80a7e6a2d3bfce7149bfaf69\transformed\savedstate-1.2.1 because:
[        ]   Build cache is disabled
[        ]   Caching not enabled.
[        ] Caching disabled for AarTransform: C:\Users\DENNISMUTUKU\.gradle\caches\8.14\transforms\df5ed31f6e2668fd0cb1284d2affc9c1\transformed\profileinstaller-1.3.1 because:
[        ]   Build cache is disabled
[        ]   Caching not enabled.
[        ] Caching disabled for AarTransform: C:\Users\DENNISMUTUKU\.gradle\caches\8.14\transforms\f33585d6fc1e1b2a34e4c1d736d386ca\transformed\tracing-1.2.0 because:
[        ]   Build cache is disabled
[        ]   Caching not enabled.
[        ] Caching disabled for AarTransform: C:\Users\DENNISMUTUKU\.gradle\caches\8.14\transforms\fac3bdbb065ba11aedd38e2ea2c0656c\transformed\startup-runtime-1.1.1 because:
[        ]   Build cache is disabled
[        ]   Caching not enabled.
[        ] Caching disabled for AarTransform: C:\Users\DENNISMUTUKU\.gradle\caches\8.14\transforms\f2b86e9c7312714eacb7763e5167c631\transformed\datastore-preferences-core-release because:
[        ]   Build cache is disabled
[        ]   Caching not enabled.
[        ] Caching disabled for AarTransform: C:\Users\DENNISMUTUKU\.gradle\caches\8.14\transforms\93c157b8fbb8b008a5b83470724eb4bd\transformed\datastore-core-release because:
[        ]   Build cache is disabled
[        ]   Caching not enabled.
[        ] Caching disabled for AarTransform: C:\Users\DENNISMUTUKU\.gradle\caches\8.14\transforms\62414a17cf0131c39753dba4695aafb1\transformed\datastore-preferences-release because:
[        ]   Build cache is disabled
[        ]   Caching not enabled.
[        ] Caching disabled for AarTransform: C:\Users\DENNISMUTUKU\.gradle\caches\8.14\transforms\43d340321be1a72ca103b8ccb695b392\transformed\datastore-release because:
[        ]   Build cache is disabled
[        ]   Caching not enabled.
[        ] Caching disabled for AarTransform: C:\Users\DENNISMUTUKU\.gradle\caches\8.14\transforms\95cdd7ca87255f13e4af9ad26a5e03dc\transformed\core-runtime-2.2.0 because:
[        ]   Build cache is disabled
[        ]   Caching not enabled.
[        ] Caching disabled for AarTransform: C:\Users\DENNISMUTUKU\.gradle\caches\8.14\transforms\75c850d93edffb1f0e79a2b1090091ce\transformed\versionedparcelable-1.1.1 because:
[        ]   Build cache is disabled
[        ]   Caching not enabled.
[        ] Caching disabled for AarTransform: C:\Users\DENNISMUTUKU\.gradle\caches\8.14\transforms\875ffbd89ac9c7dfd0a91922397ce327\transformed\interpolator-1.0.0 because:
[        ]   Build cache is disabled
[        ]   Caching not enabled.
[        ] Caching disabled for AarTransform: C:\Users\DENNISMUTUKU\.gradle\caches\8.14\transforms\2d0327b62ea36166e38eb124b816e651\transformed\cursoradapter-1.0.0 because:
[        ]   Build cache is disabled
[        ]   Caching not enabled.
[        ] Caching disabled for AarTransform: C:\Users\DENNISMUTUKU\.gradle\caches\8.14\transforms\8b553870adc7ac07c61aa64705ec7f72\transformed\core-1.0.0 because:
[        ]   Build cache is disabled
[        ]   Caching not enabled.
[        ] Caching disabled for AarTransform: C:\Users\DENNISMUTUKU\.gradle\caches\8.14\transforms\45aa20a8e5e8142607c49e5c21c65b2d\transformed\documentfile-1.0.0 because:
[        ]   Build cache is disabled
[        ]   Caching not enabled.
[        ] Caching disabled for AarTransform: C:\Users\DENNISMUTUKU\.gradle\caches\8.14\transforms\9ea5fb294ae16807016deb98f1fb4e50\transformed\localbroadcastmanager-1.0.0 because:
[        ]   Build cache is disabled
[        ]   Caching not enabled.
[        ] Caching disabled for AarTransform: C:\Users\DENNISMUTUKU\.gradle\caches\8.14\transforms\dbb8a6ef0d993a462b1eec6f87fba62f\transformed\print-1.0.0 because:
[        ]   Build cache is disabled
[        ]   Caching not enabled.
[        ] Caching disabled for AarTransform: C:\Users\DENNISMUTUKU\.gradle\caches\8.14\transforms\44f201f6ae2e842e99898292414fc732\transformed\annotation-experimental-1.4.0 because:
[        ]   Build cache is disabled
[        ]   Caching not enabled.
[        ] Caching disabled for AarTransform: C:\Users\DENNISMUTUKU\.gradle\caches\8.14\transforms\15a558128bbbec921e6710294f0a125f\transformed\relinker-1.4.5 because:
[        ]   Build cache is disabled
[        ]   Caching not enabled.
[+7653 ms] Invalidating in-memory cache of C:\Users\DENNISMUTUKU\.gradle\caches\8.14\fileHashes\fileHashes.bin
[        ] Invalidating in-memory cache of C:\Users\DENNISMUTUKU\.gradle\caches\8.14\fileHashes\resourceHashesCache.bin
[        ] Caching disabled for task ':app:mergeDebugJavaResource' because:
[        ]   Build cache is disabled
[        ]   Caching has been disabled for the task
[        ] Task ':app:mergeDebugJavaResource' is not up-to-date because:
[        ]   No history is available.
[        ] The input changes require a full rebuild for incremental task ':app:mergeDebugJavaResource'.
[        ] Resolve mutations for :app:mergeLibDexDebug (Thread[#131,Execution worker Thread 2,5,main]) started.
[        ] :app:mergeLibDexDebug (Thread[#131,Execution worker Thread 2,5,main]) started.
[ +113 ms] Resolve mutations for :app:mergeProjectDexDebug (Thread[#132,Execution worker Thread 3,5,main]) started.
[        ] :app:mergeProjectDexDebug (Thread[#132,Execution worker Thread 3,5,main]) started.
[        ] Resolve mutations for :app:buildCMakeDebug[armeabi-v7a] (Thread[#130,Execution worker,5,main]) started.
[        ] :app:buildCMakeDebug[armeabi-v7a] (Thread[#130,Execution worker,5,main]) started.
[        ] > Task :app:buildCMakeDebug[armeabi-v7a]
[        ] Caching disabled for task ':app:buildCMakeDebug[armeabi-v7a]' because:
[        ]   Build cache is disabled
[        ]   Caching has been disabled for the task
[        ] Task ':app:buildCMakeDebug[armeabi-v7a]' is not up-to-date because:
[        ]   Task.upToDateWhen is false.
[        ] C/C++: starting build
[        ] C/C++: reading expected JSONs
[        ] C/C++: done reading expected JSONs
[        ] C/C++: executing build commands for targets that produce .so files or executables
[        ] C/C++: evaluate miniconfig
[   +1 ms] C/C++: no libraries
[        ] Resolve mutations for :app:configureCMakeDebug[x86_64] (Thread[#130,Execution worker,5,main]) started.
[   +1 ms] :app:configureCMakeDebug[x86_64] (Thread[#130,Execution worker,5,main]) started.
[ +211 ms] > Task :app:mergeProjectDexDebug
[        ] Caching disabled for task ':app:mergeProjectDexDebug' because:
[        ]   Build cache is disabled
[        ] Task ':app:mergeProjectDexDebug' is not up-to-date because:
[        ]   No history is available.
[        ] The input changes require a full rebuild for incremental task ':app:mergeProjectDexDebug'.
[  +16 ms] Merging to 'C:\xampp\htdocs\pace.com\wispapp\build\app\intermediates\dex\debug\mergeProjectDexDebug\0' with D8 from all or a subset of dex files in C:\xampp\htdocs\pace.com\wispapp\build\app\intermediates\project_dex_archive\debug\dexBuilderDebug\out\a3cb655c704c5c5e230ea576597dfa5a621fdf7e5a20a4c146b1bf08dc00cb9f_0.jar, C:\xampp\htdocs\pace.com\wispapp\build\app\intermediates\project_dex_archive\debug\dexBuilderDebug\out\a3cb655c704c5c5e230ea576597dfa5a621fdf7e5a20a4c146b1bf08dc00cb9f_1.jar, and from all global synthetics files in 
[   +1 ms] Merging to 'C:\xampp\htdocs\pace.com\wispapp\build\app\intermediates\dex\debug\mergeProjectDexDebug\1' with D8 from all or a subset of dex files in C:\xampp\htdocs\pace.com\wispapp\build\app\intermediates\project_dex_archive\debug\dexBuilderDebug\out, and from all global synthetics files in 
[   +1 ms] Merging to 'C:\xampp\htdocs\pace.com\wispapp\build\app\intermediates\dex\debug\mergeProjectDexDebug\6' with D8 from all or a subset of dex files in C:\xampp\htdocs\pace.com\wispapp\build\app\intermediates\project_dex_archive\debug\dexBuilderDebug\out, and from all global synthetics files in 
[        ] Invalidating in-memory cache of C:\xampp\htdocs\pace.com\wispapp\android\.gradle\8.14\fileHashes\fileHashes.bin
[        ] Invalidating in-memory cache of C:\xampp\htdocs\pace.com\wispapp\android\.gradle\8.14\fileHashes\resourceHashesCache.bin
[  +47 ms] > Task :app:mergeLibDexDebug
[   +3 ms] Invalidating in-memory cache of C:\xampp\htdocs\pace.com\wispapp\android\.gradle\buildOutputCleanup\outputFiles.bin
[        ] Invalidating in-memory cache of C:\xampp\htdocs\pace.com\wispapp\android\.gradle\8.14\executionHistory\executionHistory.bin
[        ] Caching disabled for task ':app:mergeLibDexDebug' because:
[        ]   Build cache is disabled
[   +1 ms] Task ':app:mergeLibDexDebug' is not up-to-date because:
[   +5 ms]   No history is available.
[   +4 ms] The input changes require a full rebuild for incremental task ':app:mergeLibDexDebug'.
[   +7 ms] Merging to 'C:\xampp\htdocs\pace.com\wispapp\build\app\intermediates\dex\debug\mergeLibDexDebug\5' with D8 from all or a subset of dex files in C:\xampp\htdocs\pace.com\wispapp\build\shared_preferences_android\.transforms\5fe32918ab3d56326e71265dee4b4fc1\transformed\bundleLibRuntimeToDirDebug\bundleLibRuntimeToDirDebug_dex, C:\xampp\htdocs\pace.com\wispapp\build\shared_preferences_android\.transforms\5fe32918ab3d56326e71265dee4b4fc1\transformed\bundleLibRuntimeToDirDebug\bundleLibRuntimeToDirDebug_dex, C:\xampp\htdocs\pace.com\wispapp\build\shared_preferences_android\.transforms\5fe32918ab3d56326e71265dee4b4fc1\transformed\bundleLibRuntimeToDirDebug\bundleLibRuntimeToDirDebug_dex, C:\xampp\htdocs\pace.com\wispapp\build\shared_preferences_android\.transforms\5fe32918ab3d56326e71265dee4b4fc1\transformed\bundleLibRuntimeToDirDebug\bundleLibRuntimeToDirDebug_dex, C:\xampp\htdocs\pace.com\wispapp\build\shared_preferences_android\.transforms\5fe32918ab3d56326e71265dee4b4fc1\transformed\bundleLibRuntimeToDirDebug\bundleLibRuntimeToDirDebug_dex, C:\xampp\htdocs\pace.com\wispapp\build\shared_preferences_android\.transforms\5fe32918ab3d56326e71265dee4b4fc1\transformed\bundleLibRuntimeToDirDebug\bundleLibRuntimeToDirDebug_dex, C:\xampp\htdocs\pace.com\wispapp\build\shared_preferences_android\.transforms\5fe32918ab3d56326e71265dee4b4fc1\transformed\bundleLibRuntimeToDirDebug\bundleLibRuntimeToDirDebug_dex, C:\xampp\htdocs\pace.com\wispapp\build\shared_preferences_android\.transforms\5fe32918ab3d56326e71265dee4b4fc1\transformed\bundleLibRuntimeToDirDebug\bundleLibRuntimeToDirDebug_dex, C:\xampp\htdocs\pace.com\wispapp\build\shared_preferences_android\.transforms\5fe32918ab3d56326e71265dee4b4fc1\transformed\bundleLibRuntimeToDirDebug\bundleLibRuntimeToDirDebug_dex, C:\xampp\htdocs\pace.com\wispapp\build\shared_preferences_android\.transforms\5fe32918ab3d56326e71265dee4b4fc1\transformed\bundleLibRuntimeToDirDebug\bundleLibRuntimeToDirDebug_dex, C:\xampp\htdocs\pace.com\wispapp\build\shared_preferences_android\.transforms\5fe32918ab3d56326e71265dee4b4fc1\transformed\bundleLibRuntimeToDirDebug\bundleLibRuntimeToDirDebug_dex, C:\xampp\htdocs\pace.com\wispapp\build\shared_preferences_android\.transforms\5fe32918ab3d56326e71265dee4b4fc1\transformed\bundleLibRuntimeToDirDebug\bundleLibRuntimeToDirDebug_dex, C:\xampp\htdocs\pace.com\wispapp\build\shared_preferences_android\.transforms\5fe32918ab3d56326e71265dee4b4fc1\transformed\bundleLibRuntimeToDirDebug\bundleLibRuntimeToDirDebug_dex, C:\xampp\htdocs\pace.com\wispapp\build\shared_preferences_android\.transforms\5fe32918ab3d56326e71265dee4b4fc1\transformed\bundleLibRuntimeToDirDebug\bundleLibRuntimeToDirDebug_dex, C:\xampp\htdocs\pace.com\wispapp\build\shared_preferences_android\.transforms\5fe32918ab3d56326e71265dee4b4fc1\transformed\bundleLibRuntimeToDirDebug\bundleLibRuntimeToDirDebug_dex, C:\xampp\htdocs\pace.com\wispapp\build\shared_preferences_android\.transforms\5fe32918ab3d56326e71265dee4b4fc1\transformed\bundleLibRuntimeToDirDebug\bundleLibRuntimeToDirDebug_dex, C:\xampp\htdocs\pace.com\wispapp\build\shared_preferences_android\.transforms\5fe32918ab3d56326e71265dee4b4fc1\transformed\bundleLibRuntimeToDirDebug\bundleLibRuntimeToDirDebug_dex, C:\xampp\htdocs\pace.com\wispapp\build\shared_preferences_android\.transforms\5fe32918ab3d56326e71265dee4b4fc1\transformed\bundleLibRuntimeToDirDebug\bundleLibRuntimeToDirDebug_dex, C:\xampp\htdocs\pace.com\wispapp\build\shared_preferences_android\.transforms\5fe32918ab3d56326e71265dee4b4fc1\transformed\bundleLibRuntimeToDirDebug\bundleLibRuntimeToDirDebug_dex, C:\xampp\htdocs\pace.com\wispapp\build\shared_preferences_android\.transforms\5fe32918ab3d56326e71265dee4b4fc1\transformed\bundleLibRuntimeToDirDebug\bundleLibRuntimeToDirDebug_dex, C:\xampp\htdocs\pace.com\wispapp\build\shared_preferences_android\.transforms\5fe32918ab3d56326e71265dee4b4fc1\transformed\bundleLibRuntimeToDirDebug\bundleLibRuntimeToDirDebug_dex, C:\xampp\htdocs\pace.com\wispapp\build\shared_preferences_android\.transforms\5fe32918ab3d56326e71265dee4b4fc1\transformed\bundleLibRuntimeToDirDebug\bundleLibRuntimeToDirDebug_dex, C:\xampp\htdocs\pace.com\wispapp\build\shared_preferences_android\.transforms\5fe32918ab3d56326e71265dee4b4fc1\transformed\bundleLibRuntimeToDirDebug\bundleLibRuntimeToDirDebug_dex, C:\xampp\htdocs\pace.com\wispapp\build\shared_preferences_android\.transforms\5fe32918ab3d56326e71265dee4b4fc1\transformed\bundleLibRuntimeToDirDebug\bundleLibRuntimeToDirDebug_dex, C:\xampp\htdocs\pace.com\wispapp\build\shared_preferences_android\.transforms\5fe32918ab3d56326e71265dee4b4fc1\transformed\bundleLibRuntimeToDirDebug\bundleLibRuntimeToDirDebug_dex, C:\xampp\htdocs\pace.com\wispapp\build\shared_preferences_android\.transforms\5fe32918ab3d56326e71265dee4b4fc1\transformed\bundleLibRuntimeToDirDebug\bundleLibRuntimeToDirDebug_dex, C:\xampp\htdocs\pace.com\wispapp\build\shared_preferences_android\.transforms\5fe32918ab3d56326e71265dee4b4fc1\transformed\bundleLibRuntimeToDirDebug\bundleLibRuntimeToDirDebug_dex, C:\xampp\htdocs\pace.com\wispapp\build\shared_preferences_android\.transforms\5fe32918ab3d56326e71265dee4b4fc1\transformed\bundleLibRuntimeToDirDebug\bundleLibRuntimeToDirDebug_dex, C:\xampp\htdocs\pace.com\wispapp\build\shared_preferences_android\.transforms\5fe32918ab3d56326e71265dee4b4fc1\transformed\bundleLibRuntimeToDirDebug\bundleLibRuntimeToDirDebug_dex, C:\xampp\htdocs\pace.com\wispapp\build\shared_preferences_android\.transforms\5fe32918ab3d56326e71265dee4b4fc1\transformed\bundleLibRuntimeToDirDebug\bundleLibRuntimeToDirDebug_dex, C:\xampp\htdocs\pace.com\wispapp\build\shared_preferences_android\.transforms\5fe32918ab3d56326e71265dee4b4fc1\transformed\bundleLibRuntimeToDirDebug\bundleLibRuntimeToDirDebug_dex, C:\xampp\htdocs\pace.com\wispapp\build\shared_preferences_android\.transforms\5fe32918ab3d56326e71265dee4b4fc1\transformed\bundleLibRuntimeToDirDebug\bundleLibRuntimeToDirDebug_dex, C:\xampp\htdocs\pace.com\wispapp\build\shared_preferences_android\.transforms\5fe32918ab3d56326e71265dee4b4fc1\transformed\bundleLibRuntimeToDirDebug\bundleLibRuntimeToDirDebug_dex, C:\xampp\htdocs\pace.com\wispapp\build\shared_preferences_android\.transforms\5fe32918ab3d56326e71265dee4b4fc1\transformed\bundleLibRuntimeToDirDebug\bundleLibRuntimeToDirDebug_dex, C:\xampp\htdocs\pace.com\wispapp\build\shared_preferences_android\.transforms\5fe32918ab3d56326e71265dee4b4fc1\transformed\bundleLibRuntimeToDirDebug\bundleLibRuntimeToDirDebug_dex, C:\xampp\htdocs\pace.com\wispapp\build\shared_preferences_android\.transforms\5fe32918ab3d56326e71265dee4b4fc1\transformed\bundleLibRuntimeToDirDebug\bundleLibRuntimeToDirDebug_dex, C:\xampp\htdocs\pace.com\wispapp\build\shared_preferences_android\.transforms\5fe32918ab3d56326e71265dee4b4fc1\transformed\bundleLibRuntimeToDirDebug\bundleLibRuntimeToDirDebug_dex, C:\xampp\htdocs\pace.com\wispapp\build\shared_preferences_android\.transforms\5fe32918ab3d56326e71265dee4b4fc1\transformed\bundleLibRuntimeToDirDebug\bundleLibRuntimeToDirDebug_dex, C:\xampp\htdocs\pace.com\wispapp\build\shared_preferences_android\.transforms\5fe32918ab3d56326e71265dee4b4fc1\transformed\bundleLibRuntimeToDirDebug\bundleLibRuntimeToDirDebug_dex, C:\xampp\htdocs\pace.com\wispapp\build\shared_preferences_android\.transforms\5fe32918ab3d56326e71265dee4b4fc1\transformed\bundleLibRuntimeToDirDebug\bundleLibRuntimeToDirDebug_dex, C:\xampp\htdocs\pace.com\wispapp\build\shared_preferences_android\.transforms\5fe32918ab3d56326e71265dee4b4fc1\transformed\bundleLibRuntimeToDirDebug\bundleLibRuntimeToDirDebug_dex, C:\xampp\htdocs\pace.com\wispapp\build\shared_preferences_android\.transforms\5fe32918ab3d56326e71265dee4b4fc1\transformed\bundleLibRuntimeToDirDebug\bundleLibRuntimeToDirDebug_dex, C:\xampp\htdocs\pace.com\wispapp\build\shared_preferences_android\.transforms\5fe32918ab3d56326e71265dee4b4fc1\transformed\bundleLibRuntimeToDirDebug\bundleLibRuntimeToDirDebug_dex, C:\xampp\htdocs\pace.com\wispapp\build\shared_preferences_android\.transforms\5fe32918ab3d56326e71265dee4b4fc1\transformed\bundleLibRuntimeToDirDebug\bundleLibRuntimeToDirDebug_dex, C:\xampp\htdocs\pace.com\wispapp\build\shared_preferences_android\.transforms\5fe32918ab3d56326e71265dee4b4fc1\transformed\bundleLibRuntimeToDirDebug\bundleLibRuntimeToDirDebug_dex, C:\xampp\htdocs\pace.com\wispapp\build\shared_preferences_android\.transforms\5fe32918ab3d56326e71265dee4b4fc1\transformed\bundleLibRuntimeToDirDebug\bundleLibRuntimeToDirDebug_dex, C:\xampp\htdocs\pace.com\wispapp\build\shared_preferences_android\.transforms\5fe32918ab3d56326e71265dee4b4fc1\transformed\bundleLibRuntimeToDirDebug\bundleLibRuntimeToDirDebug_dex, C:\xampp\htdocs\pace.com\wispapp\build\shared_preferences_android\.transforms\5fe32918ab3d56326e71265dee4b4fc1\transformed\bundleLibRuntimeToDirDebug\bundleLibRuntimeToDirDebug_dex, C:\xampp\htdocs\pace.com\wispapp\build\shared_preferences_android\.transforms\5fe32918ab3d56326e71265dee4b4fc1\transformed\bundleLibRuntimeToDirDebug\bundleLibRuntimeToDirDebug_dex, C:\xampp\htdocs\pace.com\wispapp\build\shared_preferences_android\.transforms\5fe32918ab3d56326e71265dee4b4fc1\transformed\bundleLibRuntimeToDirDebug\bundleLibRuntimeToDirDebug_dex, C:\xampp\htdocs\pace.com\wispapp\build\shared_preferences_android\.transforms\5fe32918ab3d56326e71265dee4b4fc1\transformed\bundleLibRuntimeToDirDebug\bundleLibRuntimeToDirDebug_dex, C:\xampp\htdocs\pace.com\wispapp\build\shared_preferences_android\.transforms\5fe32918ab3d56326e71265dee4b4fc1\transformed\bundleLibRuntimeToDirDebug\bundleLibRuntimeToDirDebug_dex, C:\xampp\htdocs\pace.com\wispapp\build\shared_preferences_android\.transforms\5fe32918ab3d56326e71265dee4b4fc1\transformed\bundleLibRuntimeToDirDebug\bundleLibRuntimeToDirDebug_dex, C:\xampp\htdocs\pace.com\wispapp\build\shared_preferences_android\.transforms\5fe32918ab3d56326e71265dee4b4fc1\transformed\bundleLibRuntimeToDirDebug\bundleLibRuntimeToDirDebug_dex, C:\xampp\htdocs\pace.com\wispapp\build\shared_preferences_android\.transforms\5fe32918ab3d56326e71265dee4b4fc1\transformed\bundleLibRuntimeToDirDebug\bundleLibRuntimeToDirDebug_dex, C:\xampp\htdocs\pace.com\wispapp\build\shared_preferences_android\.transforms\5fe32918ab3d56326e71265dee4b4fc1\transformed\bundleLibRuntimeToDirDebug\bundleLibRuntimeToDirDebug_dex, C:\xampp\htdocs\pace.com\wispapp\build\shared_preferences_android\.transforms\5fe32918ab3d56326e71265dee4b4fc1\transformed\bundleLibRuntimeToDirDebug\bundleLibRuntimeToDirDebug_dex, C:\xampp\htdocs\pace.com\wispapp\build\shared_preferences_android\.transforms\5fe32918ab3d56326e71265dee4b4fc1\transformed\bundleLibRuntimeToDirDebug\bundleLibRuntimeToDirDebug_dex, C:\xampp\htdocs\pace.com\wispapp\build\shared_preferences_android\.transforms\5fe32918ab3d56326e71265dee4b4fc1\transformed\bundleLibRuntimeToDirDebug\bundleLibRuntimeToDirDebug_dex, C:\xampp\htdocs\pace.com\wispapp\build\shared_preferences_android\.transforms\5fe32918ab3d56326e71265dee4b4fc1\transformed\bundleLibRuntimeToDirDebug\bundleLibRuntimeToDirDebug_dex, and from all global synthetics files in 
[   +3 ms] Merging to 'C:\xampp\htdocs\pace.com\wispapp\build\app\intermediates\dex\debug\mergeLibDexDebug\15' with D8 from all or a subset of dex files in C:\xampp\htdocs\pace.com\wispapp\build\path_provider_android\.transforms\4b71f36479ad6d09c7efa2d2cf9befd2\transformed\bundleLibRuntimeToDirDebug\bundleLibRuntimeToDirDebug_dex, C:\xampp\htdocs\pace.com\wispapp\build\path_provider_android\.transforms\4b71f36479ad6d09c7efa2d2cf9befd2\transformed\bundleLibRuntimeToDirDebug\bundleLibRuntimeToDirDebug_dex, C:\xampp\htdocs\pace.com\wispapp\build\path_provider_android\.transforms\4b71f36479ad6d09c7efa2d2cf9befd2\transformed\bundleLibRuntimeToDirDebug\bundleLibRuntimeToDirDebug_dex, C:\xampp\htdocs\pace.com\wispapp\build\path_provider_android\.transforms\4b71f36479ad6d09c7efa2d2cf9befd2\transformed\bundleLibRuntimeToDirDebug\bundleLibRuntimeToDirDebug_dex, C:\xampp\htdocs\pace.com\wispapp\build\path_provider_android\.transforms\4b71f36479ad6d09c7efa2d2cf9befd2\transformed\bundleLibRuntimeToDirDebug\bundleLibRuntimeToDirDebug_dex, C:\xampp\htdocs\pace.com\wispapp\build\path_provider_android\.transforms\4b71f36479ad6d09c7efa2d2cf9befd2\transformed\bundleLibRuntimeToDirDebug\bundleLibRuntimeToDirDebug_dex, C:\xampp\htdocs\pace.com\wispapp\build\path_provider_android\.transforms\4b71f36479ad6d09c7efa2d2cf9befd2\transformed\bundleLibRuntimeToDirDebug\bundleLibRuntimeToDirDebug_dex, and from all global synthetics files in 
[+1567 ms] > Task :app:configureCMakeDebug[x86_64]
[        ] Caching disabled for task ':app:configureCMakeDebug[x86_64]' because:
[        ]   Build cache is disabled
[        ]   Caching has been disabled for the task
[        ] Task ':app:configureCMakeDebug[x86_64]' is not up-to-date because:
[        ]   Task.upToDateWhen is false.
[        ] C/C++: C:\Users\DENNISMUTUKU\Downloads\flutter_windows_3.38.4-stable\flutter\packages\flutter_tools\gradle\src\main\scripts\CMakeLists.txt debug|x86_64 : Start JSON generation. Platform version: 24 min SDK version: x86_64
[        ] C/C++: C:\Users\DENNISMUTUKU\Downloads\flutter_windows_3.38.4-stable\flutter\packages\flutter_tools\gradle\src\main\scripts\CMakeLists.txt debug|x86_64 : rebuilding JSON C:\xampp\htdocs\pace.com\wispapp\build\.cxx\debug\5f6e4w4z\x86_64\android_gradle_build.json due to:
[        ] C/C++: C:\Users\DENNISMUTUKU\Downloads\flutter_windows_3.38.4-stable\flutter\packages\flutter_tools\gradle\src\main\scripts\CMakeLists.txt debug|x86_64 : - no fingerprint file, will remove stale configuration folder
[        ] C/C++: C:\Users\DENNISMUTUKU\Downloads\flutter_windows_3.38.4-stable\flutter\packages\flutter_tools\gradle\src\main\scripts\CMakeLists.txt debug|x86_64 : removing stale contents from 'C:\xampp\htdocs\pace.com\wispapp\build\.cxx\debug\5f6e4w4z\x86_64'
[        ] C/C++: C:\Users\DENNISMUTUKU\Downloads\flutter_windows_3.38.4-stable\flutter\packages\flutter_tools\gradle\src\main\scripts\CMakeLists.txt debug|x86_64 : created folder 'C:\xampp\htdocs\pace.com\wispapp\build\.cxx\debug\5f6e4w4z\x86_64'
[        ] C/C++: C:\Users\DENNISMUTUKU\Downloads\flutter_windows_3.38.4-stable\flutter\packages\flutter_tools\gradle\src\main\scripts\CMakeLists.txt debug|x86_64 : executing cmake @echo off
[        ] "C:\\Users\\DENNISMUTUKU\\AppData\\Local\\Android\\Sdk\\cmake\\3.22.1\\bin\\cmake.exe" ^
[        ]   "-HC:\\Users\\DENNISMUTUKU\\Downloads\\flutter_windows_3.38.4-stable\\flutter\\packages\\flutter_tools\\gradle\\src\\main\\scripts" ^
[        ]   "-DCMAKE_SYSTEM_NAME=Android" ^
[        ]   "-DCMAKE_EXPORT_COMPILE_COMMANDS=ON" ^
[        ]   "-DCMAKE_SYSTEM_VERSION=24" ^
[        ]   "-DANDROID_PLATFORM=android-24" ^
[        ]   "-DANDROID_ABI=x86_64" ^
[        ]   "-DCMAKE_ANDROID_ARCH_ABI=x86_64" ^
[        ]   "-DANDROID_NDK=C:\\Users\\DENNISMUTUKU\\AppData\\Local\\Android\\sdk\\ndk\\28.2.13676358" ^
[        ]   "-DCMAKE_ANDROID_NDK=C:\\Users\\DENNISMUTUKU\\AppData\\Local\\Android\\sdk\\ndk\\28.2.13676358" ^
[        ]   "-DCMAKE_TOOLCHAIN_FILE=C:\\Users\\DENNISMUTUKU\\AppData\\Local\\Android\\sdk\\ndk\\28.2.13676358\\build\\cmake\\android.toolchain.cmake" ^
[        ]   "-DCMAKE_MAKE_PROGRAM=C:\\Users\\DENNISMUTUKU\\AppData\\Local\\Android\\Sdk\\cmake\\3.22.1\\bin\\ninja.exe" ^
[        ]   "-DCMAKE_LIBRARY_OUTPUT_DIRECTORY=C:\\xampp\\htdocs\\pace.com\\wispapp\\build\\app\\intermediates\\cxx\\debug\\5f6e4w4z\\obj\\x86_64" ^
[        ]   "-DCMAKE_RUNTIME_OUTPUT_DIRECTORY=C:\\xampp\\htdocs\\pace.com\\wispapp\\build\\app\\intermediates\\cxx\\debug\\5f6e4w4z\\obj\\x86_64" ^
[        ]   "-BC:\\xampp\\htdocs\\pace.com\\wispapp\\build\\.cxx\\debug\\5f6e4w4z\\x86_64" ^
[        ]   -GNinja ^
[        ]   -Wno-dev ^
[        ]   --no-warn-unused-cli ^
[        ]   "-DCMAKE_BUILD_TYPE=debug"
[        ] C/C++: C:\Users\DENNISMUTUKU\Downloads\flutter_windows_3.38.4-stable\flutter\packages\flutter_tools\gradle\src\main\scripts\CMakeLists.txt debug|x86_64 : @echo off
[        ] "C:\\Users\\DENNISMUTUKU\\AppData\\Local\\Android\\Sdk\\cmake\\3.22.1\\bin\\cmake.exe" ^
[        ]   "-HC:\\Users\\DENNISMUTUKU\\Downloads\\flutter_windows_3.38.4-stable\\flutter\\packages\\flutter_tools\\gradle\\src\\main\\scripts" ^
[        ]   "-DCMAKE_SYSTEM_NAME=Android" ^
[        ]   "-DCMAKE_EXPORT_COMPILE_COMMANDS=ON" ^
[        ]   "-DCMAKE_SYSTEM_VERSION=24" ^
[        ]   "-DANDROID_PLATFORM=android-24" ^
[        ]   "-DANDROID_ABI=x86_64" ^
[        ]   "-DCMAKE_ANDROID_ARCH_ABI=x86_64" ^
[        ]   "-DANDROID_NDK=C:\\Users\\DENNISMUTUKU\\AppData\\Local\\Android\\sdk\\ndk\\28.2.13676358" ^
[        ]   "-DCMAKE_ANDROID_NDK=C:\\Users\\DENNISMUTUKU\\AppData\\Local\\Android\\sdk\\ndk\\28.2.13676358" ^
[        ]   "-DCMAKE_TOOLCHAIN_FILE=C:\\Users\\DENNISMUTUKU\\AppData\\Local\\Android\\sdk\\ndk\\28.2.13676358\\build\\cmake\\android.toolchain.cmake" ^
[        ]   "-DCMAKE_MAKE_PROGRAM=C:\\Users\\DENNISMUTUKU\\AppData\\Local\\Android\\Sdk\\cmake\\3.22.1\\bin\\ninja.exe" ^
[        ]   "-DCMAKE_LIBRARY_OUTPUT_DIRECTORY=C:\\xampp\\htdocs\\pace.com\\wispapp\\build\\app\\intermediates\\cxx\\debug\\5f6e4w4z\\obj\\x86_64" ^
[        ]   "-DCMAKE_RUNTIME_OUTPUT_DIRECTORY=C:\\xampp\\htdocs\\pace.com\\wispapp\\build\\app\\intermediates\\cxx\\debug\\5f6e4w4z\\obj\\x86_64" ^
[        ]   "-BC:\\xampp\\htdocs\\pace.com\\wispapp\\build\\.cxx\\debug\\5f6e4w4z\\x86_64" ^
[        ]   -GNinja ^
[        ]   -Wno-dev ^
[        ]   --no-warn-unused-cli ^
[        ]   "-DCMAKE_BUILD_TYPE=debug"
[        ] Starting process 'command 'C:\Users\DENNISMUTUKU\AppData\Local\Android\Sdk\cmake\3.22.1\bin\cmake.exe''. Working directory: C:\xampp\htdocs\pace.com\wispapp\android\app Command: C:\Users\DENNISMUTUKU\AppData\Local\Android\Sdk\cmake\3.22.1\bin\cmake.exe -HC:\Users\DENNISMUTUKU\Downloads\flutter_windows_3.38.4-stable\flutter\packages\flutter_tools\gradle\src\main\scripts -DCMAKE_SYSTEM_NAME=Android -DCMAKE_EXPORT_COMPILE_COMMANDS=ON -DCMAKE_SYSTEM_VERSION=24 -DANDROID_PLATFORM=android-24 -DANDROID_ABI=x86_64 -DCMAKE_ANDROID_ARCH_ABI=x86_64 -DANDROID_NDK=C:\Users\DENNISMUTUKU\AppData\Local\Android\sdk\ndk\28.2.13676358 -DCMAKE_ANDROID_NDK=C:\Users\DENNISMUTUKU\AppData\Local\Android\sdk\ndk\28.2.13676358 -DCMAKE_TOOLCHAIN_FILE=C:\Users\DENNISMUTUKU\AppData\Local\Android\sdk\ndk\28.2.13676358\build\cmake\android.toolchain.cmake -DCMAKE_MAKE_PROGRAM=C:\Users\DENNISMUTUKU\AppData\Local\Android\Sdk\cmake\3.22.1\bin\ninja.exe -DCMAKE_LIBRARY_OUTPUT_DIRECTORY=C:\xampp\htdocs\pace.com\wispapp\build\app\intermediates\cxx\debug\5f6e4w4z\obj\x86_64 -DCMAKE_RUNTIME_OUTPUT_DIRECTORY=C:\xampp\htdocs\pace.com\wispapp\build\app\intermediates\cxx\debug\5f6e4w4z\obj\x86_64 -BC:\xampp\htdocs\pace.com\wispapp\build\.cxx\debug\5f6e4w4z\x86_64 -GNinja -Wno-dev --no-warn-unused-cli -DCMAKE_BUILD_TYPE=debug
[        ] Successfully started process 'command 'C:\Users\DENNISMUTUKU\AppData\Local\Android\Sdk\cmake\3.22.1\bin\cmake.exe''
[+6097 ms] C/C++: C:\Users\DENNISMUTUKU\Downloads\flutter_windows_3.38.4-stable\flutter\packages\flutter_tools\gradle\src\main\scripts\CMakeLists.txt debug|x86_64 : Received process result: 0
[   +2 ms] C/C++: C:\Users\DENNISMUTUKU\Downloads\flutter_windows_3.38.4-stable\flutter\packages\flutter_tools\gradle\src\main\scripts\CMakeLists.txt debug|x86_64 : C:\xampp\htdocs\pace.com\wispapp\build\.cxx\debug\5f6e4w4z\x86_64\compile_commands.json.bin existed but not C:\xampp\htdocs\pace.com\wispapp\build\.cxx\debug\5f6e4w4z\x86_64\compile_commands.json
[        ] C/C++: C:\Users\DENNISMUTUKU\Downloads\flutter_windows_3.38.4-stable\flutter\packages\flutter_tools\gradle\src\main\scripts\CMakeLists.txt debug|x86_64 : done executing cmake
[   +1 ms] C/C++: C:\Users\DENNISMUTUKU\Downloads\flutter_windows_3.38.4-stable\flutter\packages\flutter_tools\gradle\src\main\scripts\CMakeLists.txt debug|x86_64 : JSON generation completed without problems
[        ] C/C++: C:\Users\DENNISMUTUKU\Downloads\flutter_windows_3.38.4-stable\flutter\packages\flutter_tools\gradle\src\main\scripts\CMakeLists.txt debug|x86_64 : Writing build model to C:\xampp\htdocs\pace.com\wispapp\build\app\intermediates\cxx\debug\5f6e4w4z\logs\x86_64\build_model.json
[  +59 ms] Invalidating in-memory cache of C:\xampp\htdocs\pace.com\wispapp\android\.gradle\8.14\fileHashes\fileHashes.bin
[  +14 ms] Invalidating in-memory cache of C:\xampp\htdocs\pace.com\wispapp\android\.gradle\8.14\fileHashes\resourceHashesCache.bin
[        ] Invalidating in-memory cache of C:\xampp\htdocs\pace.com\wispapp\android\.gradle\8.14\executionHistory\executionHistory.bin
[        ] Invalidating in-memory cache of C:\xampp\htdocs\pace.com\wispapp\android\.gradle\buildOutputCleanup\outputFiles.bin
[        ] Resolve mutations for :app:buildCMakeDebug[x86_64] (Thread[#130,Execution worker,5,main]) started.
[   +4 ms] :app:buildCMakeDebug[x86_64] (Thread[#130,Execution worker,5,main]) started.
[        ] > Task :app:buildCMakeDebug[x86_64]
[        ] Caching disabled for task ':app:buildCMakeDebug[x86_64]' because:
[        ]   Build cache is disabled
[        ]   Caching has been disabled for the task
[        ] Task ':app:buildCMakeDebug[x86_64]' is not up-to-date because:
[        ]   Task.upToDateWhen is false.
[        ] C/C++: starting build
[        ] C/C++: reading expected JSONs
[        ] C/C++: done reading expected JSONs
[        ] C/C++: executing build commands for targets that produce .so files or executables
[        ] C/C++: evaluate miniconfig
[        ] C/C++: no libraries
[        ] Resolve mutations for :app:mergeDebugJniLibFolders (Thread[#130,Execution worker,5,main]) started.
[        ] :app:mergeDebugJniLibFolders (Thread[#130,Execution worker,5,main]) started.
[        ] > Task :app:mergeDebugJniLibFolders
[        ] Caching disabled for task ':app:mergeDebugJniLibFolders' because:
[        ]   Build cache is disabled
[        ]   Simple merging task
[        ] Task ':app:mergeDebugJniLibFolders' is not up-to-date because:
[        ]   No history is available.
[        ] The input changes require a full rebuild for incremental task ':app:mergeDebugJniLibFolders'.
[        ] Resolve mutations for :path_provider_android:mergeDebugJniLibFolders (Thread[#130,Execution worker,5,main]) started.
[        ] :path_provider_android:mergeDebugJniLibFolders (Thread[#130,Execution worker,5,main]) started.
[  +94 ms] > Task :path_provider_android:mergeDebugJniLibFolders
[        ] Caching disabled for task ':path_provider_android:mergeDebugJniLibFolders' because:
[        ]   Build cache is disabled
[        ]   Simple merging task
[        ] Task ':path_provider_android:mergeDebugJniLibFolders' is not up-to-date because:
[        ]   No history is available.
[        ] The input changes require a full rebuild for incremental task ':path_provider_android:mergeDebugJniLibFolders'.
[        ] Resolve mutations for :path_provider_android:mergeDebugNativeLibs (Thread[#130,Execution worker,5,main]) started.
[        ] :path_provider_android:mergeDebugNativeLibs (Thread[#130,Execution worker,5,main]) started.
[        ] > Task :path_provider_android:mergeDebugNativeLibs NO-SOURCE
[   +4 ms] Skipping task ':path_provider_android:mergeDebugNativeLibs' as it has no source files and no previous output files.
[        ] Resolve mutations for :path_provider_android:copyDebugJniLibsProjectOnly (Thread[#130,Execution worker,5,main]) started.
[        ] :path_provider_android:copyDebugJniLibsProjectOnly (Thread[#130,Execution worker,5,main]) started.
[        ] Resolve mutations for :shared_preferences_android:mergeDebugJniLibFolders (Thread[#129,included builds,5,main]) started.
[        ] :shared_preferences_android:mergeDebugJniLibFolders (Thread[#129,included builds,5,main]) started.
[        ] > Task :path_provider_android:copyDebugJniLibsProjectOnly
[        ] Caching disabled for task ':path_provider_android:copyDebugJniLibsProjectOnly' because:
[        ]   Build cache is disabled
[        ]   Caching has been disabled for the task
[        ] Task ':path_provider_android:copyDebugJniLibsProjectOnly' is not up-to-date because:
[        ]   No history is available.
[   +7 ms] > Task :shared_preferences_android:mergeDebugJniLibFolders
[        ] Caching disabled for task ':shared_preferences_android:mergeDebugJniLibFolders' because:
[        ]   Build cache is disabled
[        ]   Simple merging task
[        ] Task ':shared_preferences_android:mergeDebugJniLibFolders' is not up-to-date because:
[        ]   No history is available.
[        ] The input changes require a full rebuild for incremental task ':shared_preferences_android:mergeDebugJniLibFolders'.
[        ] work action resolve jni (project :path_provider_android) (Thread[#129,included builds,5,main]) started.
[        ] Resolve mutations for :shared_preferences_android:mergeDebugNativeLibs (Thread[#129,included builds,5,main]) started.
[        ] :shared_preferences_android:mergeDebugNativeLibs (Thread[#129,included builds,5,main]) started.
[        ] > Task :shared_preferences_android:mergeDebugNativeLibs NO-SOURCE
[        ] Skipping task ':shared_preferences_android:mergeDebugNativeLibs' as it has no source files and no previous output files.
[        ] Resolve mutations for :shared_preferences_android:copyDebugJniLibsProjectOnly (Thread[#129,included builds,5,main]) started.
[        ] :shared_preferences_android:copyDebugJniLibsProjectOnly (Thread[#129,included builds,5,main]) started.
[        ] Resolve mutations for :app:validateSigningDebug (Thread[#130,Execution worker,5,main]) started.
[        ] :app:validateSigningDebug (Thread[#130,Execution worker,5,main]) started.
[        ] > Task :shared_preferences_android:copyDebugJniLibsProjectOnly
[        ] Caching disabled for task ':shared_preferences_android:copyDebugJniLibsProjectOnly' because:
[        ]   Build cache is disabled
[        ]   Caching has been disabled for the task
[        ] Task ':shared_preferences_android:copyDebugJniLibsProjectOnly' is not up-to-date because:
[        ]   No history is available.
[+1983 ms] > Task :app:validateSigningDebug
[        ] Caching disabled for task ':app:validateSigningDebug' because:
[        ]   Build cache is disabled
[        ]   Caching has been disabled for the task
[        ] Task ':app:validateSigningDebug' is not up-to-date because:
[        ]   Task.upToDateWhen is false.
[        ] Creating default debug keystore at C:\Users\DENNISMUTUKU\.android\debug.keystore
[ +292 ms] Invalidating in-memory cache of C:\xampp\htdocs\pace.com\wispapp\android\.gradle\8.14\executionHistory\executionHistory.bin
[        ] Invalidating in-memory cache of C:\xampp\htdocs\pace.com\wispapp\android\.gradle\buildOutputCleanup\outputFiles.bin
[   +1 ms] work action resolve jni (project :shared_preferences_android) (Thread[#130,Execution worker,5,main]) started.
[   +1 ms] Resolve mutations for :app:mergeDebugNativeLibs (Thread[#130,Execution worker,5,main]) started.
[        ] :app:mergeDebugNativeLibs (Thread[#130,Execution worker,5,main]) started.
[+1992 ms] > Task :app:mergeDebugNativeLibs
[        ] Invalidating in-memory cache of C:\Users\DENNISMUTUKU\.gradle\caches\journal-1\file-access.bin
[        ] Invalidating in-memory cache of C:\xampp\htdocs\pace.com\wispapp\android\.gradle\8.14\fileHashes\fileHashes.bin
[        ] Invalidating in-memory cache of C:\xampp\htdocs\pace.com\wispapp\android\.gradle\8.14\fileHashes\resourceHashesCache.bin
[        ] Caching disabled for ExtractJniTransform: C:\xampp\htdocs\pace.com\wispapp\build\app\intermediates\flutter\debug\libs.jar because:
[        ]   Build cache is disabled
[        ] Invalidating in-memory cache of C:\Users\DENNISMUTUKU\.gradle\caches\8.14\fileHashes\fileHashes.bin
[        ] Invalidating in-memory cache of C:\Users\DENNISMUTUKU\.gradle\caches\8.14\fileHashes\resourceHashesCache.bin
[        ] Caching disabled for ExtractJniTransform: C:\Users\DENNISMUTUKU\.gradle\caches\modules-2\files-2.1\io.flutter\flutter_embedding_debug\1.0.0-a5cb96369ef86c7e85abf5d662a1ca5d89775053\954b93b61c4a486cabd1196ff1afeb45711379c3\flutter_embedding_debug-1.0.0-a5cb96369ef86c7e85abf5d662a1ca5d89775053.jar because:
[        ]   Build cache is disabled
[        ] Caching disabled for AarTransform: C:\Users\DENNISMUTUKU\.gradle\caches\8.14\transforms\20f0791ef06de9a52b6d96cbab664067\transformed\preference-1.2.1 because:
[        ]   Build cache is disabled
[        ]   Caching not enabled.
[        ] Caching disabled for AarTransform: C:\Users\DENNISMUTUKU\.gradle\caches\8.14\transforms\da4a15fbcbc29fba99562eca51c29027\transformed\appcompat-1.1.0 because:
[        ]   Build cache is disabled
[        ]   Caching not enabled.
[        ] Caching disabled for AarTransform: C:\Users\DENNISMUTUKU\.gradle\caches\8.14\transforms\e1f8ccb572a82359af91314c017bd1f9\transformed\fragment-ktx-1.7.1 because:
[        ]   Build cache is disabled
[        ]   Caching not enabled.
[        ] Caching disabled for AarTransform: C:\Users\DENNISMUTUKU\.gradle\caches\8.14\transforms\5fb50349239706e8a6594e22cd560397\transformed\fragment-1.7.1 because:
[        ]   Build cache is disabled
[        ]   Caching not enabled.
[        ] Caching disabled for AarTransform: C:\Users\DENNISMUTUKU\.gradle\caches\8.14\transforms\cee4f699ee102cd72037861d3fcdeceb\transformed\recyclerview-1.0.0 because:
[        ]   Build cache is disabled
[        ]   Caching not enabled.
[        ] Caching disabled for AarTransform: C:\Users\DENNISMUTUKU\.gradle\caches\8.14\transforms\667d45e2fbce9f096055a52553f53740\transformed\legacy-support-core-ui-1.0.0 because:
[        ]   Build cache is disabled
[        ]   Caching not enabled.
[        ] Caching disabled for AarTransform: C:\Users\DENNISMUTUKU\.gradle\caches\8.14\transforms\631c1f23d2ad502a14bcd486bb3a0369\transformed\slidingpanelayout-1.2.0 because:
[        ]   Build cache is disabled
[        ]   Caching not enabled.
[        ] Caching disabled for AarTransform: C:\Users\DENNISMUTUKU\.gradle\caches\8.14\transforms\7217e782825a2d4d49e286a23835439b\transformed\window-1.2.0 because:
[        ]   Build cache is disabled
[        ]   Caching not enabled.
[        ] Caching disabled for AarTransform: C:\Users\DENNISMUTUKU\.gradle\caches\8.14\transforms\34a2e94553db54bf67e7425810171014\transformed\activity-ktx-1.8.1 because:
[        ]   Build cache is disabled
[        ]   Caching not enabled.
[        ] Caching disabled for AarTransform: C:\Users\DENNISMUTUKU\.gradle\caches\8.14\transforms\684fec45a4a4620be950d54dccaf82cd\transformed\window-java-1.2.0 because:
[        ]   Build cache is disabled
[        ]   Caching not enabled.
[        ] Caching disabled for AarTransform: C:\Users\DENNISMUTUKU\.gradle\caches\8.14\transforms\ea130cff24ffba33708d14df29a80af5\transformed\legacy-support-core-utils-1.0.0 because:
[        ]   Build cache is disabled
[        ]   Caching not enabled.
[        ] Caching disabled for AarTransform: C:\Users\DENNISMUTUKU\.gradle\caches\8.14\transforms\0b8c65722c66640cf120e60317d42362\transformed\loader-1.0.0 because:
[        ]   Build cache is disabled
[        ]   Caching not enabled.
[        ] Caching disabled for AarTransform: C:\Users\DENNISMUTUKU\.gradle\caches\8.14\transforms\7be6cf4f52d84b0f524b317232df5d4c\transformed\viewpager-1.0.0 because:
[        ]   Build cache is disabled
[        ]   Caching not enabled.
[        ] Caching disabled for AarTransform: C:\Users\DENNISMUTUKU\.gradle\caches\8.14\transforms\b9ef6a065b155aa9a3e13b9994ab4cbb\transformed\lifecycle-runtime-ktx-2.7.0 because:
[        ]   Build cache is disabled
[        ]   Caching not enabled.
[        ] Caching disabled for AarTransform: C:\Users\DENNISMUTUKU\.gradle\caches\8.14\transforms\ee9028989d5df242a30968eb14819a13\transformed\lifecycle-livedata-2.7.0 because:
[        ]   Build cache is disabled
[        ]   Caching not enabled.
[        ] Caching disabled for AarTransform: C:\Users\DENNISMUTUKU\.gradle\caches\8.14\transforms\95ee91d8a897d16eed1ef302f2de9371\transformed\lifecycle-livedata-core-ktx-2.7.0 because:
[        ]   Build cache is disabled
[        ]   Caching not enabled.
[        ] Caching disabled for AarTransform: C:\Users\DENNISMUTUKU\.gradle\caches\8.14\transforms\a5f0b265a897e69ca915ae7fa6ef7d22\transformed\lifecycle-viewmodel-ktx-2.7.0 because:
[        ]   Build cache is disabled
[        ]   Caching not enabled.
[        ] Caching disabled for AarTransform: C:\Users\DENNISMUTUKU\.gradle\caches\8.14\transforms\1e42bd289ddf0f442a3fc01efb84d3ba\transformed\activity-1.8.1 because:
[        ]   Build cache is disabled
[        ]   Caching not enabled.
[        ] Caching disabled for AarTransform: C:\Users\DENNISMUTUKU\.gradle\caches\8.14\transforms\134d38681951a9cb59e105fa43ce6ab5\transformed\lifecycle-livedata-core-2.7.0 because:
[        ]   Build cache is disabled
[        ]   Caching not enabled.
[        ] Caching disabled for AarTransform: C:\Users\DENNISMUTUKU\.gradle\caches\8.14\transforms\608dfc9e2582f51b81c1485fd62d55da\transformed\lifecycle-viewmodel-2.7.0 because:
[        ]   Build cache is disabled
[        ]   Caching not enabled.
[        ] Caching disabled for AarTransform: C:\Users\DENNISMUTUKU\.gradle\caches\8.14\transforms\57a4845aed7b5ba78f501c04d4c94c43\transformed\lifecycle-viewmodel-savedstate-2.7.0 because:
[        ]   Build cache is disabled
[        ]   Caching not enabled.
[        ] Caching disabled for AarTransform: C:\Users\DENNISMUTUKU\.gradle\caches\8.14\transforms\bd7e8451c9c7af9c0727ed7672bd833e\transformed\core-ktx-1.13.1 because:
[        ]   Build cache is disabled
[        ]   Caching not enabled.
[        ] Caching disabled for AarTransform: C:\Users\DENNISMUTUKU\.gradle\caches\8.14\transforms\c36d51e17c94fd6d2ee8508febe52585\transformed\appcompat-resources-1.1.0 because:
[        ]   Build cache is disabled
[        ]   Caching not enabled.
[        ] Caching disabled for AarTransform: C:\Users\DENNISMUTUKU\.gradle\caches\8.14\transforms\f0599c5c471bb535981725fdd49cabbb\transformed\drawerlayout-1.0.0 because:
[        ]   Build cache is disabled
[        ]   Caching not enabled.
[        ] Caching disabled for AarTransform: C:\Users\DENNISMUTUKU\.gradle\caches\8.14\transforms\38c13d54853ea3ced35ec2d6229fd2e6\transformed\customview-1.1.0 because:
[        ]   Build cache is disabled
[        ]   Caching not enabled.
[        ] Caching disabled for AarTransform: C:\Users\DENNISMUTUKU\.gradle\caches\8.14\transforms\c044afd1082a0a46d8e1ae45510004de\transformed\coordinatorlayout-1.0.0 because:
[        ]   Build cache is disabled
[        ]   Caching not enabled.
[        ] Caching disabled for AarTransform: C:\Users\DENNISMUTUKU\.gradle\caches\8.14\transforms\fd9c0c018ac1b6d813c3385bd4b2b2d3\transformed\vectordrawable-animated-1.1.0 because:
[        ]   Build cache is disabled
[        ]   Caching not enabled.
[        ] Caching disabled for AarTransform: C:\Users\DENNISMUTUKU\.gradle\caches\8.14\transforms\33f4e0def5774c20cc99f97715e6a8a3\transformed\transition-1.4.1 because:
[        ]   Build cache is disabled
[        ]   Caching not enabled.
[   +3 ms] Caching disabled for AarTransform: C:\Users\DENNISMUTUKU\.gradle\caches\8.14\transforms\1dd861f3eb721f8a05e16b90d98c57e1\transformed\vectordrawable-1.1.0 because:
[        ]   Build cache is disabled
[        ]   Caching not enabled.
[        ] Caching disabled for AarTransform: C:\Users\DENNISMUTUKU\.gradle\caches\8.14\transforms\303d75da538f5bc55f11884bb8fd86cd\transformed\asynclayoutinflater-1.0.0 because:
[        ]   Build cache is disabled
[        ]   Caching not enabled.
[        ] Caching disabled for AarTransform: C:\Users\DENNISMUTUKU\.gradle\caches\8.14\transforms\30e9bb160a15691def72cffe8d83518e\transformed\swiperefreshlayout-1.0.0 because:
[        ]   Build cache is disabled
[        ]   Caching not enabled.
[        ] Caching disabled for AarTransform: C:\Users\DENNISMUTUKU\.gradle\caches\8.14\transforms\8cb437de8fdac72e2de918f9ee215ca3\transformed\core-1.13.1 because:
[        ]   Build cache is disabled
[        ]   Caching not enabled.
[        ] Caching disabled for AarTransform: C:\Users\DENNISMUTUKU\.gradle\caches\8.14\transforms\70c7f9c93d870d55aa75fb2befc1cc77\transformed\lifecycle-process-2.7.0 because:
[        ]   Build cache is disabled
[        ]   Caching not enabled.
[        ] Caching disabled for AarTransform: C:\Users\DENNISMUTUKU\.gradle\caches\8.14\transforms\81bfdcaf88a095985faf642cd08a6310\transformed\lifecycle-runtime-2.7.0 because:
[        ]   Build cache is disabled
[        ]   Caching not enabled.
[        ] Caching disabled for ExtractJniTransform: C:\Users\DENNISMUTUKU\.gradle\caches\modules-2\files-2.1\androidx.lifecycle\lifecycle-common-java8\2.7.0\2ad14aed781c4a73ed4dbb421966d408a0a06686\lifecycle-common-java8-2.7.0.jar because:
[        ]   Build cache is disabled
[        ] Caching disabled for AarTransform: C:\Users\DENNISMUTUKU\.gradle\caches\8.14\transforms\d148ff515f5aca379a93f0738fb87fa8\transformed\savedstate-ktx-1.2.1 because:
[        ]   Build cache is disabled
[        ]   Caching not enabled.
[        ] Caching disabled for AarTransform: C:\Users\DENNISMUTUKU\.gradle\caches\8.14\transforms\a3c4bf2e80a7e6a2d3bfce7149bfaf69\transformed\savedstate-1.2.1 because:
[        ]   Build cache is disabled
[        ]   Caching not enabled.
[        ] Caching disabled for ExtractJniTransform: C:\Users\DENNISMUTUKU\.gradle\caches\modules-2\files-2.1\androidx.lifecycle\lifecycle-common\2.7.0\85334205d65cca70ed0109c3acbd29e22a2d9cb1\lifecycle-common-2.7.0.jar because:
[        ]   Build cache is disabled
[        ] Caching disabled for AarTransform: C:\Users\DENNISMUTUKU\.gradle\caches\8.14\transforms\df5ed31f6e2668fd0cb1284d2affc9c1\transformed\profileinstaller-1.3.1 because:
[        ]   Build cache is disabled
[        ]   Caching not enabled.
[        ] Caching disabled for AarTransform: C:\Users\DENNISMUTUKU\.gradle\caches\8.14\transforms\fac3bdbb065ba11aedd38e2ea2c0656c\transformed\startup-runtime-1.1.1 because:
[        ]   Build cache is disabled
[        ]   Caching not enabled.
[        ] Caching disabled for AarTransform: C:\Users\DENNISMUTUKU\.gradle\caches\8.14\transforms\f33585d6fc1e1b2a34e4c1d736d386ca\transformed\tracing-1.2.0 because:
[        ]   Build cache is disabled
[        ]   Caching not enabled.
[        ] Caching disabled for ExtractJniTransform: C:\Users\DENNISMUTUKU\.gradle\caches\modules-2\files-2.1\androidx.datastore\datastore-preferences-external-protobuf\1.1.7\ddd0a2d64e3c928359c993d1291e535d5d7fc9a3\datastore-preferences-external-protobuf-1.1.7.jar because:
[        ]   Build cache is disabled
[        ] Caching disabled for ExtractJniTransform: C:\Users\DENNISMUTUKU\.gradle\caches\modules-2\files-2.1\androidx.datastore\datastore-preferences-proto\1.1.7\6d7430ed8d2b5f2b8675dad8d196ba5dd710921b\datastore-preferences-proto-1.1.7.jar because:
[        ]   Build cache is disabled
[        ] Caching disabled for AarTransform: C:\Users\DENNISMUTUKU\.gradle\caches\8.14\transforms\f2b86e9c7312714eacb7763e5167c631\transformed\datastore-preferences-core-release because:
[        ]   Build cache is disabled
[        ]   Caching not enabled.
[        ] Caching disabled for ExtractJniTransform: C:\Users\DENNISMUTUKU\.gradle\caches\modules-2\files-2.1\androidx.datastore\datastore-core-okio-jvm\1.1.7\ce08f132812044a9778547b299fd812e34dbd602\datastore-core-okio-jvm-1.1.7.jar because:
[        ]   Build cache is disabled
[        ] Caching disabled for AarTransform: C:\Users\DENNISMUTUKU\.gradle\caches\8.14\transforms\93c157b8fbb8b008a5b83470724eb4bd\transformed\datastore-core-release because:
[        ]   Build cache is disabled
[        ]   Caching not enabled.
[        ] Caching disabled for AarTransform: C:\Users\DENNISMUTUKU\.gradle\caches\8.14\transforms\62414a17cf0131c39753dba4695aafb1\transformed\datastore-preferences-release because:
[        ]   Build cache is disabled
[        ]   Caching not enabled.
[        ] Caching disabled for AarTransform: C:\Users\DENNISMUTUKU\.gradle\caches\8.14\transforms\43d340321be1a72ca103b8ccb695b392\transformed\datastore-release because:
[        ]   Build cache is disabled
[        ]   Caching not enabled.
[        ] Caching disabled for AarTransform: C:\Users\DENNISMUTUKU\.gradle\caches\8.14\transforms\95cdd7ca87255f13e4af9ad26a5e03dc\transformed\core-runtime-2.2.0 because:
[        ]   Build cache is disabled
[        ]   Caching not enabled.
[        ] Caching disabled for ExtractJniTransform: C:\Users\DENNISMUTUKU\.gradle\caches\modules-2\files-2.1\androidx.arch.core\core-common\2.2.0\5e1b8b81dfd5f52c56a8d53b18ca759c19a301f3\core-common-2.2.0.jar because:
[        ]   Build cache is disabled
[        ] Caching disabled for AarTransform: C:\Users\DENNISMUTUKU\.gradle\caches\8.14\transforms\75c850d93edffb1f0e79a2b1090091ce\transformed\versionedparcelable-1.1.1 because:
[        ]   Build cache is disabled
[        ]   Caching not enabled.
[        ] Caching disabled for ExtractJniTransform: C:\Users\DENNISMUTUKU\.gradle\caches\modules-2\files-2.1\androidx.collection\collection-ktx\1.1.0\f807b2f366f7b75142a67d2f3c10031065b5168\collection-ktx-1.1.0.jar because:
[        ]   Build cache is disabled
[        ] Caching disabled for ExtractJniTransform: C:\Users\DENNISMUTUKU\.gradle\caches\modules-2\files-2.1\androidx.collection\collection\1.1.0\1f27220b47669781457de0d600849a5de0e89909\collection-1.1.0.jar because:
[        ]   Build cache is disabled
[        ] Caching disabled for AarTransform: C:\Users\DENNISMUTUKU\.gradle\caches\8.14\transforms\875ffbd89ac9c7dfd0a91922397ce327\transformed\interpolator-1.0.0 because:
[        ]   Build cache is disabled
[        ]   Caching not enabled.
[        ] Caching disabled for ExtractJniTransform: C:\Users\DENNISMUTUKU\.gradle\caches\modules-2\files-2.1\androidx.concurrent\concurrent-futures\1.1.0\50b7fb98350d5f42a4e49704b03278542293ba48\concurrent-futures-1.1.0.jar because:
[        ]   Build cache is disabled
[        ] Caching disabled for AarTransform: C:\Users\DENNISMUTUKU\.gradle\caches\8.14\transforms\2d0327b62ea36166e38eb124b816e651\transformed\cursoradapter-1.0.0 because:
[        ]   Build cache is disabled
[        ]   Caching not enabled.
[        ] Caching disabled for AarTransform: C:\Users\DENNISMUTUKU\.gradle\caches\8.14\transforms\8b553870adc7ac07c61aa64705ec7f72\transformed\core-1.0.0 because:
[        ]   Build cache is disabled
[        ]   Caching not enabled.
[        ] Caching disabled for AarTransform: C:\Users\DENNISMUTUKU\.gradle\caches\8.14\transforms\45aa20a8e5e8142607c49e5c21c65b2d\transformed\documentfile-1.0.0 because:
[        ]   Build cache is disabled
[        ]   Caching not enabled.
[        ] Caching disabled for AarTransform: C:\Users\DENNISMUTUKU\.gradle\caches\8.14\transforms\9ea5fb294ae16807016deb98f1fb4e50\transformed\localbroadcastmanager-1.0.0 because:
[        ]   Build cache is disabled
[        ]   Caching not enabled.
[        ] Caching disabled for AarTransform: C:\Users\DENNISMUTUKU\.gradle\caches\8.14\transforms\dbb8a6ef0d993a462b1eec6f87fba62f\transformed\print-1.0.0 because:
[        ]   Build cache is disabled
[        ]   Caching not enabled.
[        ] Caching disabled for ExtractJniTransform: C:\Users\DENNISMUTUKU\.gradle\caches\modules-2\files-2.1\androidx.annotation\annotation-jvm\1.9.1\b17951747e38bf3986a24431b9ba0d039958aa5f\annotation-jvm-1.9.1.jar because:
[        ]   Build cache is disabled
[        ] Caching disabled for AarTransform: C:\Users\DENNISMUTUKU\.gradle\caches\8.14\transforms\44f201f6ae2e842e99898292414fc732\transformed\annotation-experimental-1.4.0 because:
[        ]   Build cache is disabled
[        ]   Caching not enabled.
[        ] Caching disabled for ExtractJniTransform: C:\Users\DENNISMUTUKU\.gradle\caches\modules-2\files-2.1\org.jetbrains.kotlin\kotlin-android-extensions-runtime\1.9.22\ee3bc0c3b55cb516ac92d6a093e1b939166b86a2\kotlin-android-extensions-runtime-1.9.22.jar because:
[        ]   Build cache is disabled
[        ] Caching disabled for ExtractJniTransform: C:\Users\DENNISMUTUKU\.gradle\caches\modules-2\files-2.1\com.squareup.okio\okio-jvm\3.4.0\4e8bd78a52ab935ce383d0092646922154295e54\okio-jvm-3.4.0.jar because:
[        ]   Build cache is disabled
[        ] Caching disabled for ExtractJniTransform: C:\Users\DENNISMUTUKU\.gradle\caches\modules-2\files-2.1\org.jetbrains.kotlin\kotlin-parcelize-runtime\1.9.22\de4a21d6560cadd035c69ba3af3ad1afecc95299\kotlin-parcelize-runtime-1.9.22.jar because:
[        ]   Build cache is disabled
[   +2 ms] Caching disabled for ExtractJniTransform: C:\Users\DENNISMUTUKU\.gradle\caches\modules-2\files-2.1\org.jetbrains.kotlinx\kotlinx-coroutines-core-jvm\1.7.3\2b09627576f0989a436a00a4a54b55fa5026fb86\kotlinx-coroutines-core-jvm-1.7.3.jar because:
[        ]   Build cache is disabled
[        ] Caching disabled for ExtractJniTransform: C:\Users\DENNISMUTUKU\.gradle\caches\modules-2\files-2.1\org.jetbrains.kotlinx\kotlinx-coroutines-android\1.7.3\38d9cad3a0b03a10453b56577984bdeb48edeed5\kotlinx-coroutines-android-1.7.3.jar because:
[        ]   Build cache is disabled
[        ] Caching disabled for ExtractJniTransform: C:\Users\DENNISMUTUKU\.gradle\caches\modules-2\files-2.1\org.jetbrains.kotlin\kotlin-stdlib-jdk8\1.8.20\73576ddf378c5b4f1f6b449fe6b119b8183fc078\kotlin-stdlib-jdk8-1.8.20.jar because:
[        ]   Build cache is disabled
[        ] Caching disabled for ExtractJniTransform: C:\Users\DENNISMUTUKU\.gradle\caches\modules-2\files-2.1\org.jetbrains.kotlin\kotlin-stdlib-jdk7\1.8.20\3aa51faf20aae8b31e1a4bc54f8370673d7b7df4\kotlin-stdlib-jdk7-1.8.20.jar because:
[        ]   Build cache is disabled
[        ] Caching disabled for ExtractJniTransform: C:\Users\DENNISMUTUKU\.gradle\caches\modules-2\files-2.1\org.jetbrains.kotlin\kotlin-stdlib\2.2.20\5380b19fa1924399b62ce3a1faffebb2b4f82272\kotlin-stdlib-2.2.20.jar because:
[        ]   Build cache is disabled
[        ] Caching disabled for ExtractJniTransform: C:\Users\DENNISMUTUKU\.gradle\caches\modules-2\files-2.1\io.flutter\armeabi_v7a_debug\1.0.0-a5cb96369ef86c7e85abf5d662a1ca5d89775053\a6cd29839c4c0593bea3dec5654049e6903c9c24\armeabi_v7a_debug-1.0.0-a5cb96369ef86c7e85abf5d662a1ca5d89775053.jar because:
[        ]   Build cache is disabled
[        ] Caching disabled for ExtractJniTransform: C:\Users\DENNISMUTUKU\.gradle\caches\modules-2\files-2.1\org.jetbrains\annotations\23.0.0\8cc20c07506ec18e0834947b84a864bfc094484e\annotations-23.0.0.jar because:
[        ]   Build cache is disabled
[        ] Caching disabled for AarTransform: C:\Users\DENNISMUTUKU\.gradle\caches\8.14\transforms\15a558128bbbec921e6710294f0a125f\transformed\relinker-1.4.5 because:
[        ]   Build cache is disabled
[        ]   Caching not enabled.
[        ] Caching disabled for ExtractJniTransform: C:\Users\DENNISMUTUKU\.gradle\caches\modules-2\files-2.1\com.google.guava\listenablefuture\1.0\c949a840a6acbc5268d088e47b04177bf90b3cad\listenablefuture-1.0.jar because:
[        ]   Build cache is disabled
[+4558 ms] Caching disabled for task ':app:mergeDebugNativeLibs' because:
[        ]   Build cache is disabled
[        ]   Caching has been disabled for the task
[        ] Task ':app:mergeDebugNativeLibs' is not up-to-date because:
[        ]   No history is available.
[ +198 ms] Resolve mutations for :app:writeDebugAppMetadata (Thread[#129,included builds,5,main]) started.
[        ] :app:writeDebugAppMetadata (Thread[#129,included builds,5,main]) started.
[        ] > Task :app:writeDebugAppMetadata
[        ] Caching disabled for task ':app:writeDebugAppMetadata' because:
[        ]   Build cache is disabled
[        ]   Caching has been disabled for the task
[        ] Task ':app:writeDebugAppMetadata' is not up-to-date because:
[        ]   No history is available.
[        ] Resolve mutations for :app:writeDebugSigningConfigVersions (Thread[#129,included builds,5,main]) started.
[        ] :app:writeDebugSigningConfigVersions (Thread[#129,included builds,5,main]) started.
[ +203 ms] > Task :app:writeDebugSigningConfigVersions
[        ] Caching disabled for task ':app:writeDebugSigningConfigVersions' because:
[        ]   Build cache is disabled
[        ]   Caching has been disabled for the task
[        ] Task ':app:writeDebugSigningConfigVersions' is not up-to-date because:
[        ]   No history is available.
[        ] Resolve mutations for :path_provider_android:stripDebugDebugSymbols (Thread[#132,Execution worker Thread 3,5,main]) started.
[        ] :path_provider_android:stripDebugDebugSymbols (Thread[#132,Execution worker Thread 3,5,main]) started.
[        ] > Task :path_provider_android:stripDebugDebugSymbols NO-SOURCE
[        ] Skipping task ':path_provider_android:stripDebugDebugSymbols' as it has no source files and no previous output files.
[        ] Resolve mutations for :path_provider_android:copyDebugJniLibsProjectAndLocalJars (Thread[#129,included builds,5,main]) started.
[        ] :path_provider_android:copyDebugJniLibsProjectAndLocalJars (Thread[#129,included builds,5,main]) started.
[        ] Resolve mutations for :path_provider_android:extractDebugAnnotations (Thread[#132,Execution worker Thread 3,5,main]) started.
[        ] :path_provider_android:extractDebugAnnotations (Thread[#132,Execution worker Thread 3,5,main]) started.
[        ] > Task :path_provider_android:copyDebugJniLibsProjectAndLocalJars
[        ] Caching disabled for task ':path_provider_android:copyDebugJniLibsProjectAndLocalJars' because:
[        ]   Build cache is disabled
[        ]   Caching has been disabled for the task
[        ] Task ':path_provider_android:copyDebugJniLibsProjectAndLocalJars' is not up-to-date because:
[        ]   No history is available.
[+1982 ms] > Task :path_provider_android:extractDebugAnnotations
[        ] Downloading https://dl.google.com/dl/android/maven2/com/android/tools/lint/lint-gradle/31.11.1/lint-gradle-31.11.1.pom to C:\Users\DENNISMUTUKU\.gradle\.tmp\gradle_download5284783906444818021bin
[        ] Downloading https://dl.google.com/dl/android/maven2/com/android/tools/external/com-intellij/kotlin-compiler/31.11.1/kotlin-compiler-31.11.1.pom to C:\Users\DENNISMUTUKU\.gradle\.tmp\gradle_download12758392079149816655bin
[        ] Downloading https://dl.google.com/dl/android/maven2/com/android/tools/external/com-intellij/intellij-core/31.11.1/intellij-core-31.11.1.pom to C:\Users\DENNISMUTUKU\.gradle\.tmp\gradle_download5780361582468758915bin
[ +806 ms] Downloading https://dl.google.com/dl/android/maven2/com/android/tools/external/org-jetbrains/uast/31.11.1/uast-31.11.1.pom to C:\Users\DENNISMUTUKU\.gradle\.tmp\gradle_download5530609406551620789bin
[ +789 ms] Downloading https://dl.google.com/dl/android/maven2/com/android/tools/lint/lint/31.11.1/lint-31.11.1.pom to C:\Users\DENNISMUTUKU\.gradle\.tmp\gradle_download8007459352988410737bin
[        ] Resource missing. [HTTP GET: https://dl.google.com/dl/android/maven2/org/codehaus/groovy/groovy/3.0.22/groovy-3.0.22.pom]
[ +509 ms] Downloading https://repo.maven.apache.org/maven2/org/codehaus/groovy/groovy/3.0.22/groovy-3.0.22.pom to C:\Users\DENNISMUTUKU\.gradle\.tmp\gradle_download7689809666806113001bin
[ +497 ms] Downloading https://dl.google.com/dl/android/maven2/com/android/tools/lint/lint-api/31.11.1/lint-api-31.11.1.pom to C:\Users\DENNISMUTUKU\.gradle\.tmp\gradle_download4388022842503729010bin
[        ] Resource missing. [HTTP GET: https://dl.google.com/dl/android/maven2/org/jetbrains/kotlin/kotlin-reflect/2.1.20/kotlin-reflect-2.1.20.pom]
[  +92 ms] Downloading https://dl.google.com/dl/android/maven2/com/android/tools/lint/lint-checks/31.11.1/lint-checks-31.11.1.pom to C:\Users\DENNISMUTUKU\.gradle\.tmp\gradle_download17080124780084204185bin
[ +107 ms] Downloading https://repo.maven.apache.org/maven2/org/jetbrains/kotlin/kotlin-reflect/2.1.20/kotlin-reflect-2.1.20.pom to C:\Users\DENNISMUTUKU\.gradle\.tmp\gradle_download10441804692291629124bin
[+1805 ms] Resource missing. [HTTP GET: https://dl.google.com/dl/android/maven2/com/google/errorprone/error_prone_annotations/2.28.0/error_prone_annotations-2.28.0.pom]
[  +95 ms] Downloading https://repo.maven.apache.org/maven2/com/google/errorprone/error_prone_annotations/2.28.0/error_prone_annotations-2.28.0.pom to C:\Users\DENNISMUTUKU\.gradle\.tmp\gradle_download16807949380535316746bin
[ +495 ms] Resource missing. [HTTP GET: https://dl.google.com/dl/android/maven2/com/google/errorprone/error_prone_parent/2.28.0/error_prone_parent-2.28.0.pom]
[ +203 ms] Downloading https://repo.maven.apache.org/maven2/com/google/errorprone/error_prone_parent/2.28.0/error_prone_parent-2.28.0.pom to C:\Users\DENNISMUTUKU\.gradle\.tmp\gradle_download13969483752008741785bin
[+1805 ms] Resource missing. [HTTP GET: https://dl.google.com/dl/android/maven2/org/jetbrains/kotlin/kotlin-stdlib/2.1.20/kotlin-stdlib-2.1.20.pom]
[  +94 ms] Downloading https://repo.maven.apache.org/maven2/org/jetbrains/kotlin/kotlin-stdlib/2.1.20/kotlin-stdlib-2.1.20.pom to C:\Users\DENNISMUTUKU\.gradle\.tmp\gradle_download12514941965150389666bin
[ +206 ms] Downloading https://repo.maven.apache.org/maven2/org/jetbrains/kotlin/kotlin-stdlib/2.1.20/kotlin-stdlib-2.1.20.module to C:\Users\DENNISMUTUKU\.gradle\.tmp\gradle_download17558415360961716830bin
[ +493 ms] Downloading https://dl.google.com/dl/android/maven2/com/android/tools/play-sdk-proto/31.11.1/play-sdk-proto-31.11.1.pom to C:\Users\DENNISMUTUKU\.gradle\.tmp\gradle_download18051484989374681732bin
[+2001 ms] Resource missing. [HTTP GET: https://dl.google.com/dl/android/maven2/org/apache/httpcomponents/httpclient/4.5.6/httpclient-4.5.6.pom]
[  +97 ms] Downloading https://repo.maven.apache.org/maven2/org/apache/httpcomponents/httpclient/4.5.6/httpclient-4.5.6.pom to C:\Users\DENNISMUTUKU\.gradle\.tmp\gradle_download6848219349214685953bin
[ +504 ms] Resource missing. [HTTP GET: https://dl.google.com/dl/android/maven2/commons-codec/commons-codec/1.10/commons-codec-1.10.pom]
[ +201 ms] Downloading https://repo.maven.apache.org/maven2/commons-codec/commons-codec/1.10/commons-codec-1.10.pom to C:\Users\DENNISMUTUKU\.gradle\.tmp\gradle_download4458179747560812447bin
[+1792 ms] Resource missing. [HTTP GET: https://dl.google.com/dl/android/maven2/org/apache/commons/commons-parent/35/commons-parent-35.pom]
[ +201 ms] Downloading https://repo.maven.apache.org/maven2/org/apache/commons/commons-parent/35/commons-parent-35.pom to C:\Users\DENNISMUTUKU\.gradle\.tmp\gradle_download4065122483138982993bin
[ +405 ms] Resource missing. [HTTP GET: https://dl.google.com/dl/android/maven2/org/apache/apache/15/apache-15.pom]
[ +214 ms] Downloading https://repo.maven.apache.org/maven2/org/apache/apache/15/apache-15.pom to C:\Users\DENNISMUTUKU\.gradle\.tmp\gradle_download5701721047862300517bin
[ +781 ms] Downloading https://dl.google.com/dl/android/maven2/com/android/tools/lint/lint-gradle/31.11.1/lint-gradle-31.11.1.jar to C:\Users\DENNISMUTUKU\.gradle\.tmp\gradle_download3865659066407762584bin
[  +94 ms] Downloading https://dl.google.com/dl/android/maven2/com/android/tools/lint/lint-api/31.11.1/lint-api-31.11.1.jar to C:\Users\DENNISMUTUKU\.gradle\.tmp\gradle_download7211275259134549491bin
[        ] Downloading https://dl.google.com/dl/android/maven2/com/android/tools/lint/lint-checks/31.11.1/lint-checks-31.11.1.jar to C:\Users\DENNISMUTUKU\.gradle\.tmp\gradle_download13532648054383307044bin
[+1603 ms] Downloading https://dl.google.com/dl/android/maven2/com/android/tools/lint/lint/31.11.1/lint-31.11.1.jar to C:\Users\DENNISMUTUKU\.gradle\.tmp\gradle_download6053147456595829452bin
[ +333 ms] Downloading https://dl.google.com/dl/android/maven2/com/android/tools/external/com-intellij/intellij-core/31.11.1/intellij-core-31.11.1.jar to C:\Users\DENNISMUTUKU\.gradle\.tmp\gradle_download3563079858688566216bin
[        ] Downloading https://dl.google.com/dl/android/maven2/com/android/tools/external/com-intellij/kotlin-compiler/31.11.1/kotlin-compiler-31.11.1.jar to C:\Users\DENNISMUTUKU\.gradle\.tmp\gradle_download15278382888144194317bin
[        ] Downloading https://dl.google.com/dl/android/maven2/com/android/tools/external/org-jetbrains/uast/31.11.1/uast-31.11.1.jar to C:\Users\DENNISMUTUKU\.gradle\.tmp\gradle_download7886723395930424427bin
[ +869 ms] Downloading https://repo.maven.apache.org/maven2/org/codehaus/groovy/groovy/3.0.22/groovy-3.0.22.jar to C:\Users\DENNISMUTUKU\.gradle\.tmp\gradle_download3984089413995882916bin
[ +195 ms] Downloading https://repo.maven.apache.org/maven2/org/jetbrains/kotlin/kotlin-reflect/2.1.20/kotlin-reflect-2.1.20.jar to C:\Users\DENNISMUTUKU\.gradle\.tmp\gradle_download3473935798586688424bin
[ +314 ms] AAPT2 aapt2-8.11.1-12782657-windows Daemon #0: shutdown
[ +191 ms] AAPT2 aapt2-8.11.1-12782657-windows Daemon #1: shutdown
[+1407 ms] > Task :path_provider_android:extractDebugAnnotations
[        ] Downloading https://repo.maven.apache.org/maven2/org/jetbrains/kotlin/kotlin-stdlib/2.1.20/kotlin-stdlib-2.1.20.jar to C:\Users\DENNISMUTUKU\.gradle\.tmp\gradle_download16435248965276700422bin
[        ] Downloading https://repo.maven.apache.org/maven2/com/google/errorprone/error_prone_annotations/2.28.0/error_prone_annotations-2.28.0.jar to C:\Users\DENNISMUTUKU\.gradle\.tmp\gradle_download1028366655085771811bin
[  +88 ms] Downloading https://repo.maven.apache.org/maven2/org/apache/httpcomponents/httpclient/4.5.6/httpclient-4.5.6.jar to C:\Users\DENNISMUTUKU\.gradle\.tmp\gradle_download11145931022457319719bin
[ +196 ms] Downloading https://repo.maven.apache.org/maven2/commons-codec/commons-codec/1.10/commons-codec-1.10.jar to C:\Users\DENNISMUTUKU\.gradle\.tmp\gradle_download14251351829938762571bin
[ +107 ms] Downloading https://dl.google.com/dl/android/maven2/com/android/tools/play-sdk-proto/31.11.1/play-sdk-proto-31.11.1.jar to C:\Users\DENNISMUTUKU\.gradle\.tmp\gradle_download16055458647260533455bin
[+8198 ms] Caching disabled for task ':path_provider_android:extractDebugAnnotations' because:
[        ]   Build cache is disabled
[        ] Task ':path_provider_android:extractDebugAnnotations' is not up-to-date because:
[        ]   No history is available.
[        ] file or directory 'C:\Users\DENNISMUTUKU\AppData\Local\Pub\Cache\hosted\pub.dev\path_provider_android-2.2.22\android\src\debug\java', not found
[        ] Resolve mutations for :app:stripDebugDebugSymbols (Thread[#132,Execution worker Thread 3,5,main]) started.
[        ] :app:stripDebugDebugSymbols (Thread[#132,Execution worker Thread 3,5,main]) started.
[ +100 ms] Resolve mutations for :path_provider_android:extractDeepLinksForAarDebug (Thread[#129,included builds,5,main]) started.
[        ] :path_provider_android:extractDeepLinksForAarDebug (Thread[#129,included builds,5,main]) started.
[   +9 ms] > Task :path_provider_android:extractDeepLinksForAarDebug
[        ] Caching disabled for task ':path_provider_android:extractDeepLinksForAarDebug' because:
[        ]   Build cache is disabled
[        ] Task ':path_provider_android:extractDeepLinksForAarDebug' is not up-to-date because:
[        ]   No history is available.
[        ] Resolve mutations for :path_provider_android:mergeDebugGeneratedProguardFiles (Thread[#129,included builds,5,main]) started.
[        ] :path_provider_android:mergeDebugGeneratedProguardFiles (Thread[#129,included builds,5,main]) started.
[   +2 ms] > Task :path_provider_android:mergeDebugGeneratedProguardFiles
[   +1 ms] Caching disabled for task ':path_provider_android:mergeDebugGeneratedProguardFiles' because:
[   +1 ms]   Build cache is disabled
[   +9 ms]   Simple merging task
[        ] Task ':path_provider_android:mergeDebugGeneratedProguardFiles' is not up-to-date because:
[        ]   No history is available.
[        ] Resolve mutations for :path_provider_android:mergeDebugConsumerProguardFiles (Thread[#129,included builds,5,main]) started.
[        ] :path_provider_android:mergeDebugConsumerProguardFiles (Thread[#129,included builds,5,main]) started.
[        ] > Task :path_provider_android:mergeDebugConsumerProguardFiles
[        ] Caching disabled for task ':path_provider_android:mergeDebugConsumerProguardFiles' because:
[        ]   Build cache is disabled
[        ]   Simple merging task
[        ] Task ':path_provider_android:mergeDebugConsumerProguardFiles' is not up-to-date because:
[        ]   No history is available.
[        ] Resolve mutations for :path_provider_android:prepareDebugArtProfile (Thread[#129,included builds,5,main]) started.
[        ] :path_provider_android:prepareDebugArtProfile (Thread[#129,included builds,5,main]) started.
[        ] > Task :path_provider_android:prepareDebugArtProfile
[        ] Caching disabled for task ':path_provider_android:prepareDebugArtProfile' because:
[        ]   Build cache is disabled
[        ]   Caching has been disabled for the task
[        ] Task ':path_provider_android:prepareDebugArtProfile' is not up-to-date because:
[        ]   No history is available.
[   +8 ms] Resolve mutations for :path_provider_android:prepareLintJarForPublish (Thread[#129,included builds,5,main]) started.
[        ] :path_provider_android:prepareLintJarForPublish (Thread[#129,included builds,5,main]) started.
[  +61 ms] Resolve mutations for :path_provider_android:mergeDebugJavaResource (Thread[#130,Execution worker,5,main]) started.
[        ] :path_provider_android:mergeDebugJavaResource (Thread[#130,Execution worker,5,main]) started.
[ +410 ms] Resolve mutations for :shared_preferences_android:stripDebugDebugSymbols (Thread[#131,Execution worker Thread 2,5,main]) started.
[        ] :shared_preferences_android:stripDebugDebugSymbols (Thread[#131,Execution worker Thread 2,5,main]) started.
[        ] > Task :shared_preferences_android:stripDebugDebugSymbols NO-SOURCE
[        ] Skipping task ':shared_preferences_android:stripDebugDebugSymbols' as it has no source files and no previous output files.
[        ] Resolve mutations for :shared_preferences_android:copyDebugJniLibsProjectAndLocalJars (Thread[#131,Execution worker Thread 2,5,main]) started.
[        ] :shared_preferences_android:copyDebugJniLibsProjectAndLocalJars (Thread[#131,Execution worker Thread 2,5,main]) started.
[        ] > Task :path_provider_android:prepareLintJarForPublish
[        ] Caching disabled for task ':path_provider_android:prepareLintJarForPublish' because:
[        ]   Build cache is disabled
[        ]   Caching has been disabled for the task
[        ] Task ':path_provider_android:prepareLintJarForPublish' is not up-to-date because:
[        ]   No history is available.
[        ] > Task :path_provider_android:mergeDebugJavaResource
[        ] Caching disabled for task ':path_provider_android:mergeDebugJavaResource' because:
[        ]   Build cache is disabled
[        ]   Caching has been disabled for the task
[        ] Task ':path_provider_android:mergeDebugJavaResource' is not up-to-date because:
[        ]   No history is available.
[        ] The input changes require a full rebuild for incremental task ':path_provider_android:mergeDebugJavaResource'.
[  +21 ms] Resolve mutations for :path_provider_android:syncDebugLibJars (Thread[#130,Execution worker,5,main]) started.
[        ] :path_provider_android:syncDebugLibJars (Thread[#130,Execution worker,5,main]) started.
[        ] > Task :shared_preferences_android:copyDebugJniLibsProjectAndLocalJars
[        ] Caching disabled for task ':shared_preferences_android:copyDebugJniLibsProjectAndLocalJars' because:
[        ]   Build cache is disabled
[        ]   Caching has been disabled for the task
[        ] Task ':shared_preferences_android:copyDebugJniLibsProjectAndLocalJars' is not up-to-date because:
[        ]   No history is available.
[        ] > Task :path_provider_android:syncDebugLibJars
[        ] Caching disabled for task ':path_provider_android:syncDebugLibJars' because:
[        ]   Build cache is disabled
[        ] Task ':path_provider_android:syncDebugLibJars' is not up-to-date because:
[        ]   No history is available.
[        ] Resolve mutations for :path_provider_android:bundleDebugAar (Thread[#130,Execution worker,5,main]) started.
[        ] :path_provider_android:bundleDebugAar (Thread[#130,Execution worker,5,main]) started.
[  +57 ms] > Task :path_provider_android:bundleDebugAar
[        ] Caching disabled for task ':path_provider_android:bundleDebugAar' because:
[        ]   Build cache is disabled
[        ]   Caching has been disabled for the task
[        ] Task ':path_provider_android:bundleDebugAar' is not up-to-date because:
[        ]   No history is available.
[        ] file or directory 'C:\xampp\htdocs\pace.com\wispapp\build\path_provider_android\intermediates\public_res\debug\packageDebugResources\public.txt', not found
[        ] file or directory 'C:\xampp\htdocs\pace.com\wispapp\build\path_provider_android\intermediates\navigation_json_for_aar\debug\extractDeepLinksForAarDebug\navigation.json', not found
[        ] file or directory 'C:\xampp\htdocs\pace.com\wispapp\build\path_provider_android\intermediates\annotations_zip\debug\extractDebugAnnotations\annotations.zip', not found
[        ] file or directory 'C:\xampp\htdocs\pace.com\wispapp\build\path_provider_android\intermediates\merged_consumer_proguard_file\debug\mergeDebugConsumerProguardFiles\proguard.txt', not found
[        ] file or directory 'C:\xampp\htdocs\pace.com\wispapp\build\path_provider_android\intermediates\lint_publish_jar\global\prepareLintJarForPublish\lint.jar', not found
[        ] file or directory 'C:\xampp\htdocs\pace.com\wispapp\build\path_provider_android\intermediates\library_art_profile\debug\prepareDebugArtProfile\baseline-prof.txt', not found
[        ] Resolve mutations for :path_provider_android:assembleDebug (Thread[#130,Execution worker,5,main]) started.
[        ] :path_provider_android:assembleDebug (Thread[#130,Execution worker,5,main]) started.
[        ] > Task :path_provider_android:assembleDebug
[        ] Skipping task ':path_provider_android:assembleDebug' as it has no actions.
[        ] Resolve mutations for :shared_preferences_android:extractDebugAnnotations (Thread[#130,Execution worker,5,main]) started.
[        ] :shared_preferences_android:extractDebugAnnotations (Thread[#130,Execution worker,5,main]) started.
[ +101 ms] > Task :shared_preferences_android:extractDebugAnnotations
[        ] Caching disabled for task ':shared_preferences_android:extractDebugAnnotations' because:
[        ]   Build cache is disabled
[        ] Task ':shared_preferences_android:extractDebugAnnotations' is not up-to-date because:
[        ]   No history is available.
[        ] file or directory 'C:\Users\DENNISMUTUKU\AppData\Local\Pub\Cache\hosted\pub.dev\shared_preferences_android-2.4.21\android\src\debug\java', not found
[        ] Resolve mutations for :shared_preferences_android:extractDeepLinksForAarDebug (Thread[#130,Execution worker,5,main]) started.
[        ] :shared_preferences_android:extractDeepLinksForAarDebug (Thread[#130,Execution worker,5,main]) started.
[        ] > Task :shared_preferences_android:extractDeepLinksForAarDebug
[        ] Caching disabled for task ':shared_preferences_android:extractDeepLinksForAarDebug' because:
[        ]   Build cache is disabled
[        ] Task ':shared_preferences_android:extractDeepLinksForAarDebug' is not up-to-date because:
[        ]   No history is available.
[        ] Resolve mutations for :shared_preferences_android:mergeDebugGeneratedProguardFiles (Thread[#130,Execution worker,5,main]) started.
[        ] :shared_preferences_android:mergeDebugGeneratedProguardFiles (Thread[#129,included builds,5,main]) started.
[        ] > Task :shared_preferences_android:mergeDebugGeneratedProguardFiles
[        ] Caching disabled for task ':shared_preferences_android:mergeDebugGeneratedProguardFiles' because:
[        ]   Build cache is disabled
[        ]   Simple merging task
[        ] Task ':shared_preferences_android:mergeDebugGeneratedProguardFiles' is not up-to-date because:
[        ]   No history is available.
[        ] Resolve mutations for :shared_preferences_android:mergeDebugConsumerProguardFiles (Thread[#129,included builds,5,main]) started.
[        ] :shared_preferences_android:mergeDebugConsumerProguardFiles (Thread[#129,included builds,5,main]) started.
[        ] > Task :shared_preferences_android:mergeDebugConsumerProguardFiles
[        ] Caching disabled for task ':shared_preferences_android:mergeDebugConsumerProguardFiles' because:
[        ]   Build cache is disabled
[        ]   Simple merging task
[        ] Task ':shared_preferences_android:mergeDebugConsumerProguardFiles' is not up-to-date because:
[        ]   No history is available.
[        ] Resolve mutations for :shared_preferences_android:prepareDebugArtProfile (Thread[#129,included builds,5,main]) started.
[        ] :shared_preferences_android:prepareDebugArtProfile (Thread[#129,included builds,5,main]) started.
[  +85 ms] > Task :shared_preferences_android:prepareDebugArtProfile
[        ] Caching disabled for task ':shared_preferences_android:prepareDebugArtProfile' because:
[        ]   Build cache is disabled
[        ]   Caching has been disabled for the task
[        ] Task ':shared_preferences_android:prepareDebugArtProfile' is not up-to-date because:
[        ]   No history is available.
[        ] Resolve mutations for :shared_preferences_android:prepareLintJarForPublish (Thread[#129,included builds,5,main]) started.
[        ] :shared_preferences_android:prepareLintJarForPublish (Thread[#129,included builds,5,main]) started.
[        ] Resolve mutations for :shared_preferences_android:mergeDebugJavaResource (Thread[#130,Execution worker,5,main]) started.
[        ] > Task :shared_preferences_android:prepareLintJarForPublish
[        ] Caching disabled for task ':shared_preferences_android:prepareLintJarForPublish' because:
[        ]   Build cache is disabled
[        ]   Caching has been disabled for the task
[        ] Task ':shared_preferences_android:prepareLintJarForPublish' is not up-to-date because:
[        ]   No history is available.
[        ] :shared_preferences_android:mergeDebugJavaResource (Thread[#130,Execution worker,5,main]) started.
[  +90 ms] > Task :shared_preferences_android:mergeDebugJavaResource
[        ] Caching disabled for task ':shared_preferences_android:mergeDebugJavaResource' because:
[   +1 ms]   Build cache is disabled
[        ]   Caching has been disabled for the task
[        ] Task ':shared_preferences_android:mergeDebugJavaResource' is not up-to-date because:
[        ]   No history is available.
[        ] The input changes require a full rebuild for incremental task ':shared_preferences_android:mergeDebugJavaResource'.
[        ] Resolve mutations for :shared_preferences_android:syncDebugLibJars (Thread[#130,Execution worker,5,main]) started.
[        ] :shared_preferences_android:syncDebugLibJars (Thread[#130,Execution worker,5,main]) started.
[ +308 ms] > Task :shared_preferences_android:syncDebugLibJars
[        ] Caching disabled for task ':shared_preferences_android:syncDebugLibJars' because:
[        ]   Build cache is disabled
[        ] Task ':shared_preferences_android:syncDebugLibJars' is not up-to-date because:
[        ]   No history is available.
[        ] Resolve mutations for :shared_preferences_android:bundleDebugAar (Thread[#130,Execution worker,5,main]) started.
[        ] :shared_preferences_android:bundleDebugAar (Thread[#130,Execution worker,5,main]) started.
[        ] > Task :shared_preferences_android:bundleDebugAar
[        ] Caching disabled for task ':shared_preferences_android:bundleDebugAar' because:
[        ]   Build cache is disabled
[        ]   Caching has been disabled for the task
[        ] Task ':shared_preferences_android:bundleDebugAar' is not up-to-date because:
[        ]   No history is available.
[        ] file or directory 'C:\xampp\htdocs\pace.com\wispapp\build\shared_preferences_android\intermediates\public_res\debug\packageDebugResources\public.txt', not found
[        ] file or directory 'C:\xampp\htdocs\pace.com\wispapp\build\shared_preferences_android\intermediates\navigation_json_for_aar\debug\extractDeepLinksForAarDebug\navigation.json', not found
[        ] file or directory 'C:\xampp\htdocs\pace.com\wispapp\build\shared_preferences_android\intermediates\annotations_zip\debug\extractDebugAnnotations\annotations.zip', not found
[        ] file or directory 'C:\xampp\htdocs\pace.com\wispapp\build\shared_preferences_android\intermediates\merged_consumer_proguard_file\debug\mergeDebugConsumerProguardFiles\proguard.txt', not found
[        ] file or directory 'C:\xampp\htdocs\pace.com\wispapp\build\shared_preferences_android\intermediates\lint_publish_jar\global\prepareLintJarForPublish\lint.jar', not found
[        ] file or directory 'C:\xampp\htdocs\pace.com\wispapp\build\shared_preferences_android\intermediates\library_art_profile\debug\prepareDebugArtProfile\baseline-prof.txt', not found
[        ] Resolve mutations for :shared_preferences_android:assembleDebug (Thread[#130,Execution worker,5,main]) started.
[        ] :shared_preferences_android:assembleDebug (Thread[#130,Execution worker,5,main]) started.
[        ] > Task :shared_preferences_android:assembleDebug
[        ] Skipping task ':shared_preferences_android:assembleDebug' as it has no actions.
[  +89 ms] > Task :app:stripDebugDebugSymbols
[        ] Caching disabled for task ':app:stripDebugDebugSymbols' because:
[        ]   Build cache is disabled
[        ]   Caching has been disabled for the task
[        ] Task ':app:stripDebugDebugSymbols' is not up-to-date because:
[        ]   No history is available.
[        ] The input changes require a full rebuild for incremental task ':app:stripDebugDebugSymbols'.
[        ] C/C++: android.ndkVersion from module build.gradle is [28.2.13676358]
[        ] C/C++: android.ndkVersion from module build.gradle is [28.2.13676358]
[        ] C/C++: android.ndkPath from module build.gradle is not set
[        ] C/C++: ndk.dir in local.properties is not set
[        ] C/C++: android.ndkVersion from module build.gradle is [28.2.13676358]
[        ] C/C++: android.ndkPath from module build.gradle is not set
[        ] C/C++: Not considering ANDROID_NDK_HOME because support was removed after deprecation period.
[        ] C/C++: sdkFolder is C:\Users\DENNISMUTUKU\AppData\Local\Android\sdk
[        ] C/C++: android.ndkPath from module build.gradle is not set
[        ] C/C++: ndk.dir in local.properties is not set
[        ] C/C++: Not considering ANDROID_NDK_HOME because support was removed after deprecation period.
[        ] C/C++: sdkFolder is C:\Users\DENNISMUTUKU\AppData\Local\Android\sdk
[        ] C/C++: ndk.dir in local.properties is not set
[        ] C/C++: Not considering ANDROID_NDK_HOME because support was removed after deprecation period.
[        ] C/C++: sdkFolder is C:\Users\DENNISMUTUKU\AppData\Local\Android\sdk
[        ] Starting process 'command 'C:\Users\DENNISMUTUKU\AppData\Local\Android\sdk\ndk\28.2.13676358\toolchains\llvm\prebuilt\windows-x86_64\bin\llvm-strip''. Working directory: C:\xampp\htdocs\pace.com\wispapp\android\app Command: C:\Users\DENNISMUTUKU\AppData\Local\Android\sdk\ndk\28.2.13676358\toolchains\llvm\prebuilt\windows-x86_64\bin\llvm-strip --strip-unneeded -o C:\xampp\htdocs\pace.com\wispapp\build\app\intermediates\stripped_native_libs\debug\stripDebugDebugSymbols\out\lib\arm64-v8a\libdatastore_shared_counter.so C:\xampp\htdocs\pace.com\wispapp\build\app\intermediates\merged_native_libs\debug\mergeDebugNativeLibs\out\lib\arm64-v8a\libdatastore_shared_counter.so
[        ] Starting process 'command 'C:\Users\DENNISMUTUKU\AppData\Local\Android\sdk\ndk\28.2.13676358\toolchains\llvm\prebuilt\windows-x86_64\bin\llvm-strip''. Working directory: C:\xampp\htdocs\pace.com\wispapp\android\app Command: C:\Users\DENNISMUTUKU\AppData\Local\Android\sdk\ndk\28.2.13676358\toolchains\llvm\prebuilt\windows-x86_64\bin\llvm-strip --strip-unneeded -o C:\xampp\htdocs\pace.com\wispapp\build\app\intermediates\stripped_native_libs\debug\stripDebugDebugSymbols\out\lib\armeabi-v7a\libdatastore_shared_counter.so C:\xampp\htdocs\pace.com\wispapp\build\app\intermediates\merged_native_libs\debug\mergeDebugNativeLibs\out\lib\armeabi-v7a\libdatastore_shared_counter.so
[        ] Starting process 'command 'C:\Users\DENNISMUTUKU\AppData\Local\Android\sdk\ndk\28.2.13676358\toolchains\llvm\prebuilt\windows-x86_64\bin\llvm-strip''. Working directory: C:\xampp\htdocs\pace.com\wispapp\android\app Command: C:\Users\DENNISMUTUKU\AppData\Local\Android\sdk\ndk\28.2.13676358\toolchains\llvm\prebuilt\windows-x86_64\bin\llvm-strip --strip-unneeded -o C:\xampp\htdocs\pace.com\wispapp\build\app\intermediates\stripped_native_libs\debug\stripDebugDebugSymbols\out\lib\armeabi-v7a\libflutter.so C:\xampp\htdocs\pace.com\wispapp\build\app\intermediates\merged_native_libs\debug\mergeDebugNativeLibs\out\lib\armeabi-v7a\libflutter.so
[        ] C/C++: android.ndkVersion from module build.gradle is [28.2.13676358]
[        ] C/C++: android.ndkPath from module build.gradle is not set
[        ] C/C++: ndk.dir in local.properties is not set
[        ] C/C++: Not considering ANDROID_NDK_HOME because support was removed after deprecation period.
[        ] C/C++: sdkFolder is C:\Users\DENNISMUTUKU\AppData\Local\Android\sdk
[        ] Starting process 'command 'C:\Users\DENNISMUTUKU\AppData\Local\Android\sdk\ndk\28.2.13676358\toolchains\llvm\prebuilt\windows-x86_64\bin\llvm-strip''. Working directory: C:\xampp\htdocs\pace.com\wispapp\android\app Command: C:\Users\DENNISMUTUKU\AppData\Local\Android\sdk\ndk\28.2.13676358\toolchains\llvm\prebuilt\windows-x86_64\bin\llvm-strip --strip-unneeded -o C:\xampp\htdocs\pace.com\wispapp\build\app\intermediates\stripped_native_libs\debug\stripDebugDebugSymbols\out\lib\x86\libdatastore_shared_counter.so C:\xampp\htdocs\pace.com\wispapp\build\app\intermediates\merged_native_libs\debug\mergeDebugNativeLibs\out\lib\x86\libdatastore_shared_counter.so
[        ] Successfully started process 'command 'C:\Users\DENNISMUTUKU\AppData\Local\Android\sdk\ndk\28.2.13676358\toolchains\llvm\prebuilt\windows-x86_64\bin\llvm-strip''
[        ] Successfully started process 'command 'C:\Users\DENNISMUTUKU\AppData\Local\Android\sdk\ndk\28.2.13676358\toolchains\llvm\prebuilt\windows-x86_64\bin\llvm-strip''
[        ] Successfully started process 'command 'C:\Users\DENNISMUTUKU\AppData\Local\Android\sdk\ndk\28.2.13676358\toolchains\llvm\prebuilt\windows-x86_64\bin\llvm-strip''
[        ] Successfully started process 'command 'C:\Users\DENNISMUTUKU\AppData\Local\Android\sdk\ndk\28.2.13676358\toolchains\llvm\prebuilt\windows-x86_64\bin\llvm-strip''
[        ] C/C++: android.ndkVersion from module build.gradle is [28.2.13676358]
[        ] C/C++: android.ndkPath from module build.gradle is not set
[        ] C/C++: ndk.dir in local.properties is not set
[        ] C/C++: Not considering ANDROID_NDK_HOME because support was removed after deprecation period.
[        ] C/C++: sdkFolder is C:\Users\DENNISMUTUKU\AppData\Local\Android\sdk
[        ] Starting process 'command 'C:\Users\DENNISMUTUKU\AppData\Local\Android\sdk\ndk\28.2.13676358\toolchains\llvm\prebuilt\windows-x86_64\bin\llvm-strip''. Working directory: C:\xampp\htdocs\pace.com\wispapp\android\app Command: C:\Users\DENNISMUTUKU\AppData\Local\Android\sdk\ndk\28.2.13676358\toolchains\llvm\prebuilt\windows-x86_64\bin\llvm-strip --strip-unneeded -o C:\xampp\htdocs\pace.com\wispapp\build\app\intermediates\stripped_native_libs\debug\stripDebugDebugSymbols\out\lib\x86_64\libdatastore_shared_counter.so C:\xampp\htdocs\pace.com\wispapp\build\app\intermediates\merged_native_libs\debug\mergeDebugNativeLibs\out\lib\x86_64\libdatastore_shared_counter.so
[        ] Successfully started process 'command 'C:\Users\DENNISMUTUKU\AppData\Local\Android\sdk\ndk\28.2.13676358\toolchains\llvm\prebuilt\windows-x86_64\bin\llvm-strip''
[        ] Resolve mutations for :app:packageDebug (Thread[#132,Execution worker Thread 3,5,main]) started.
[        ] :app:packageDebug (Thread[#132,Execution worker Thread 3,5,main]) started.
[+1586 ms] > Task :app:packageDebug
[        ] Custom actions are attached to task ':app:packageDebug'.
[        ] Caching disabled for task ':app:packageDebug' because:
[        ]   Build cache is disabled
[        ]   Caching has been disabled for the task
[        ] Task ':app:packageDebug' is not up-to-date because:
[        ]   No history is available.
[        ] The input changes require a full rebuild for incremental task ':app:packageDebug'.
[        ] Resolve mutations for :app:createDebugApkListingFileRedirect (Thread[#130,Execution worker,5,main]) started.
[ +106 ms] :app:createDebugApkListingFileRedirect (Thread[#130,Execution worker,5,main]) started.
[        ] > Task :app:createDebugApkListingFileRedirect
[        ] Caching disabled for task ':app:createDebugApkListingFileRedirect' because:
[        ]   Build cache is disabled
[        ]   Caching has been disabled for the task
[        ] Task ':app:createDebugApkListingFileRedirect' is not up-to-date because:
[        ]   No history is available.
[        ] Resolve mutations for :app:assembleDebug (Thread[#130,Execution worker,5,main]) started.
[        ] :app:assembleDebug (Thread[#130,Execution worker,5,main]) started.
[ +202 ms] > Task :app:assembleDebug
[        ] Caching disabled for task ':app:assembleDebug' because:
[        ]   Build cache is disabled
[        ] Task ':app:assembleDebug' is not up-to-date because:
[        ]   Task has not declared any outputs despite executing actions.
[        ] Build 525df29d-5396-4373-b11c-742347f93edb is closed
[        ] [Incubating] Problems report is available at: file:///C:/xampp/htdocs/pace.com/wispapp/build/reports/problems/problems-report.html
[        ] Deprecated Gradle features were used in this build, making it incompatible with Gradle 9.0.
[        ] You can use '--warning-mode all' to show the individual deprecation warnings and determine if they come from your own scripts or plugins.
[        ] For more on this, please refer to https://docs.gradle.org/8.14/userguide/command_line_interface.html#sec:command_line_warnings in the Gradle documentation.
[        ] BUILD SUCCESSFUL in 5m 38s
[        ] 111 actionable tasks: 105 executed, 6 up-to-date
[        ] Watched directory hierarchies: [C:\Users\DENNISMUTUKU\Downloads\flutter_windows_3.38.4-stable\flutter\packages\flutter_tools\gradle, C:\xampp\htdocs\pace.com\wispapp\android]
[ +221 ms] Running Gradle task 'assembleDebug'... (completed in 339.3s)
[  +76 ms] Calculate SHA1: LocalDirectory: 'C:\xampp\htdocs\pace.com\wispapp\build\app\outputs\flutter-apk'/app-debug.apk
[+1282 ms] ΓêÜ Built build\app\outputs\flutter-apk\app-debug.apk
[  +26 ms] executing: C:\Users\DENNISMUTUKU\AppData\Local\Android\sdk\build-tools\36.1.0\aapt dump xmltree C:\xampp\htdocs\pace.com\wispapp\build\app\outputs\flutter-apk\app-debug.apk AndroidManifest.xml
[ +660 ms] Exit code 0 from: C:\Users\DENNISMUTUKU\AppData\Local\Android\sdk\build-tools\36.1.0\aapt dump xmltree C:\xampp\htdocs\pace.com\wispapp\build\app\outputs\flutter-apk\app-debug.apk AndroidManifest.xml
[        ] N: android=http://schemas.android.com/apk/res/android
             E: manifest (line=2)
               A: android:versionCode(0x0101021b)=(type 0x10)0x1
               A: android:versionName(0x0101021c)="1.0.0" (Raw: "1.0.0")
               A: android:compileSdkVersion(0x01010572)=(type 0x10)0x24
               A: android:compileSdkVersionCodename(0x01010573)="16" (Raw: "16")
               A: package="com.pacewisp.pacewisp" (Raw: "com.pacewisp.pacewisp")
               A: platformBuildVersionCode=(type 0x10)0x24
               A: platformBuildVersionName=(type 0x10)0x10
               E: uses-sdk (line=7)
                 A: android:minSdkVersion(0x0101020c)=(type 0x10)0x18
                 A: android:targetSdkVersion(0x01010270)=(type 0x10)0x24
               E: uses-permission (line=15)
                 A: android:name(0x01010003)="android.permission.INTERNET" (Raw: "android.permission.INTERNET")
               E: queries (line=23)
                 E: intent (line=24)
                   E: action (line=25)
                     A: android:name(0x01010003)="android.intent.action.PROCESS_TEXT" (Raw: "android.intent.action.PROCESS_TEXT")
                   E: data (line=27)
                     A: android:mimeType(0x01010026)="text/plain" (Raw: "text/plain")
               E: permission (line=31)
                 A: android:name(0x01010003)="com.pacewisp.pacewisp.DYNAMIC_RECEIVER_NOT_EXPORTED_PERMISSION" (Raw: "com.pacewisp.pacewisp.DYNAMIC_RECEIVER_NOT_EXPORTED_PERMISSION")
                 A: android:protectionLevel(0x01010009)=(type 0x11)0x2
               E: uses-permission (line=35)
                 A: android:name(0x01010003)="com.pacewisp.pacewisp.DYNAMIC_RECEIVER_NOT_EXPORTED_PERMISSION" (Raw: "com.pacewisp.pacewisp.DYNAMIC_RECEIVER_NOT_EXPORTED_PERMISSION")
               E: application (line=37)
                 A: android:label(0x01010001)="pacewisp" (Raw: "pacewisp")
                 A: android:icon(0x01010002)=@0x7f0c0000
                 A: android:name(0x01010003)="android.app.Application" (Raw: "android.app.Application")
                 A: android:debuggable(0x0101000f)=(type 0x12)0xffffffff
                 A: android:extractNativeLibs(0x010104ea)=(type 0x12)0x0
                 A: android:appComponentFactory(0x0101057a)="androidx.core.app.CoreComponentFactory" (Raw: "androidx.core.app.CoreComponentFactory")
                 E: activity (line=44)
                   A: android:theme(0x01010000)=@0x7f0e00a2
                   A: android:name(0x01010003)="com.pacewisp.pacewisp.MainActivity" (Raw: "com.pacewisp.pacewisp.MainActivity")
                   A: android:exported(0x01010010)=(type 0x12)0xffffffff
                   A: android:taskAffinity(0x01010012)="" (Raw: "")
                   A: android:launchMode(0x0101001d)=(type 0x10)0x1
                   A: android:configChanges(0x0101001f)=(type 0x11)0x40003fb4
                   A: android:windowSoftInputMode(0x0101022b)=(type 0x11)0x10
                   A: android:hardwareAccelerated(0x010102d3)=(type 0x12)0xffffffff
                   E: meta-data (line=60)
                     A: android:name(0x01010003)="io.flutter.embedding.android.NormalTheme" (Raw: "io.flutter.embedding.android.NormalTheme")
                     A: android:resource(0x01010025)=@0x7f0e00a3
                   E: intent-filter (line=64)
                     E: action (line=65)
                       A: android:name(0x01010003)="android.intent.action.MAIN" (Raw: "android.intent.action.MAIN")
                     E: category (line=67)
                       A: android:name(0x01010003)="android.intent.category.LAUNCHER" (Raw: "android.intent.category.LAUNCHER")
                 E: meta-data (line=74)
                   A: android:name(0x01010003)="flutterEmbedding" (Raw: "flutterEmbedding")
                   A: android:value(0x01010024)=(type 0x10)0x2
                 E: uses-library (line=78)
                   A: android:name(0x01010003)="androidx.window.extensions" (Raw: "androidx.window.extensions")
                   A: android:required(0x0101028e)=(type 0x12)0x0
                 E: uses-library (line=81)
                   A: android:name(0x01010003)="androidx.window.sidecar" (Raw: "androidx.window.sidecar")
                   A: android:required(0x0101028e)=(type 0x12)0x0
                 E: provider (line=85)
                   A: android:name(0x01010003)="androidx.startup.InitializationProvider" (Raw: "androidx.startup.InitializationProvider")
                   A: android:exported(0x01010010)=(type 0x12)0x0
                   A: android:authorities(0x01010018)="com.pacewisp.pacewisp.androidx-startup" (Raw: "com.pacewisp.pacewisp.androidx-startup")
                   E: meta-data (line=89)
                     A: android:name(0x01010003)="androidx.lifecycle.ProcessLifecycleInitializer" (Raw: "androidx.lifecycle.ProcessLifecycleInitializer")
                     A: android:value(0x01010024)="androidx.startup" (Raw: "androidx.startup")
                   E: meta-data (line=92)
                     A: android:name(0x01010003)="androidx.profileinstaller.ProfileInstallerInitializer" (Raw: "androidx.profileinstaller.ProfileInstallerInitializer")
                     A: android:value(0x01010024)="androidx.startup" (Raw: "androidx.startup")
                 E: receiver (line=97)
                   A: android:name(0x01010003)="androidx.profileinstaller.ProfileInstallReceiver" (Raw: "androidx.profileinstaller.ProfileInstallReceiver")
                   A: android:permission(0x01010006)="android.permission.DUMP" (Raw: "android.permission.DUMP")
                   A: android:enabled(0x0101000e)=(type 0x12)0xffffffff
                   A: android:exported(0x01010010)=(type 0x12)0xffffffff
                   A: android:directBootAware(0x01010505)=(type 0x12)0x0
                   E: intent-filter (line=103)
                     E: action (line=104)
                       A: android:name(0x01010003)="androidx.profileinstaller.action.INSTALL_PROFILE" (Raw: "androidx.profileinstaller.action.INSTALL_PROFILE")
                   E: intent-filter (line=106)
                     E: action (line=107)
                       A: android:name(0x01010003)="androidx.profileinstaller.action.SKIP_FILE" (Raw: "androidx.profileinstaller.action.SKIP_FILE")
                   E: intent-filter (line=109)
                     E: action (line=110)
                       A: android:name(0x01010003)="androidx.profileinstaller.action.SAVE_PROFILE" (Raw: "androidx.profileinstaller.action.SAVE_PROFILE")
                   E: intent-filter (line=112)
                     E: action (line=113)
                       A: android:name(0x01010003)="androidx.profileinstaller.action.BENCHMARK_OPERATION" (Raw: "androidx.profileinstaller.action.BENCHMARK_OPERATION")
[   +7 ms] Stopping app 'app-debug.apk' on SM A135M.
[        ] executing: C:\Users\DENNISMUTUKU\AppData\Local\Android\sdk\platform-tools\adb.exe -s R58T60KXS7J shell am force-stop com.pacewisp.pacewisp
flutter : [ +313 ms] adb.exe: device 'R58T60KXS7J' not found
At line:1 char:1
+ flutter run -d R58T60KXS7J -v > build_output.txt 2>&1
+ ~~~~~~~~~~~~~~~~~~~~~~~~~~~~~~~~~~~~~~~~~~~~~~~~~~~~~
    + CategoryInfo          : NotSpecified: ([ +313 ms] adb....XS7J' not found:String) [], RemoteException
    + FullyQualifiedErrorId : NativeCommandError
 
[  +42 ms] Installing APK.
[   +1 ms] Installing build\app\outputs\flutter-apk\app-debug.apk...
[        ] executing: C:\Users\DENNISMUTUKU\AppData\Local\Android\sdk\platform-tools\adb.exe -s R58T60KXS7J install -t -r C:\xampp\htdocs\pace.com\wispapp\build\app\outputs\flutter-apk\app-debug.apk
[ +139 ms] adb.exe: device 'R58T60KXS7J' not found
[   +1 ms] Installing build\app\outputs\flutter-apk\app-debug.apk... (completed in 140ms)
[   +1 ms] Error: ADB exited with exit code 1
[        ] adb.exe: device 'R58T60KXS7J' not found
[        ] Warning: Failed to install APK.
[        ] executing: C:\Users\DENNISMUTUKU\AppData\Local\Android\sdk\platform-tools\adb.exe -s R58T60KXS7J shell pm list packages com.pacewisp.pacewisp
[  +70 ms] adb.exe: device 'R58T60KXS7J' not found
[   +1 ms] ProcessException: Process exited abnormally with exit code 1:
           adb.exe: device 'R58T60KXS7J' not found
             Command: C:\Users\DENNISMUTUKU\AppData\Local\Android\sdk\platform-tools\adb.exe -s R58T60KXS7J shell pm list packages com.pacewisp.pacewisp
[        ] Error launching application on SM A135M.
[   +1 ms] "flutter run" took 346,328ms.
[ +132 ms] 
           #0      throwToolExit (package:flutter_tools/src/base/common.dart:34:3)
           #1      RunCommand.runCommand (package:flutter_tools/src/commands/run.dart:897:9)
           <asynchronous suspension>
           #2      FlutterCommand.run.<anonymous closure> 
(package:flutter_tools/src/runner/flutter_command.dart:1559:27)
           <asynchronous suspension>
           #3      AppContext.run.<anonymous closure> (package:flutter_tools/src/base/context.dart:154:19)
           <asynchronous suspension>
           #4      CommandRunner.runCommand (package:args/command_runner.dart:212:13)
           <asynchronous suspension>
           #5      FlutterCommandRunner.runCommand.<anonymous closure> 
(package:flutter_tools/src/runner/flutter_command_runner.dart:487:9)
           <asynchronous suspension>
           #6      AppContext.run.<anonymous closure> (package:flutter_tools/src/base/context.dart:154:19)
           <asynchronous suspension>
           #7      FlutterCommandRunner.runCommand (package:flutter_tools/src/runner/flutter_command_runner.dart:422:5)
           <asynchronous suspension>
           #8      run.<anonymous closure>.<anonymous closure> (package:flutter_tools/runner.dart:104:11)
           <asynchronous suspension>
           #9      AppContext.run.<anonymous closure> (package:flutter_tools/src/base/context.dart:154:19)
           <asynchronous suspension>
           #10     main (package:flutter_tools/executable.dart:103:3)
           <asynchronous suspension>


[        ] Running 3 shutdown hooks
[  +37 ms] Shutdown hooks complete
[ +269 ms] exiting with code 1
